15:24:51 **** Build of configuration Debug for project Lab3 ****
make -j16 all 
arm-none-eabi-gcc "C:/Users/honho/STM32Cube/Repository/STM32Cube_FW_F7_V1.17.1/Drivers/STM32F7xx_HAL_Driver/Src/stm32f7xx_hal.c" -mcpu=cortex-m7 -std=gnu11 -g3 -DDEBUG -DUSE_HAL_DRIVER -DSTM32F767xx -c -I../Core/Inc -IC:/Users/honho/STM32Cube/Repository/STM32Cube_FW_F7_V1.17.1/Drivers/STM32F7xx_HAL_Driver/Inc -IC:/Users/honho/STM32Cube/Repository/STM32Cube_FW_F7_V1.17.1/Drivers/STM32F7xx_HAL_Driver/Inc/Legacy -IC:/Users/honho/STM32Cube/Repository/STM32Cube_FW_F7_V1.17.1/Drivers/CMSIS/Device/ST/STM32F7xx/Include -IC:/Users/honho/STM32Cube/Repository/STM32Cube_FW_F7_V1.17.1/Drivers/CMSIS/Include -O0 -ffunction-sections -fdata-sections -Wall -fstack-usage -fcyclomatic-complexity -MMD -MP -MF"Drivers/STM32F7xx_HAL_Driver/stm32f7xx_hal.d" -MT"Drivers/STM32F7xx_HAL_Driver/stm32f7xx_hal.o" --specs=nano.specs -mfpu=fpv5-d16 -mfloat-abi=hard -mthumb -o "Drivers/STM32F7xx_HAL_Driver/stm32f7xx_hal.o"
arm-none-eabi-gcc "C:/Users/honho/STM32Cube/Repository/STM32Cube_FW_F7_V1.17.1/Drivers/STM32F7xx_HAL_Driver/Src/stm32f7xx_hal_cortex.c" -mcpu=cortex-m7 -std=gnu11 -g3 -DDEBUG -DUSE_HAL_DRIVER -DSTM32F767xx -c -I../Core/Inc -IC:/Users/honho/STM32Cube/Repository/STM32Cube_FW_F7_V1.17.1/Drivers/STM32F7xx_HAL_Driver/Inc -IC:/Users/honho/STM32Cube/Repository/STM32Cube_FW_F7_V1.17.1/Drivers/STM32F7xx_HAL_Driver/Inc/Legacy -IC:/Users/honho/STM32Cube/Repository/STM32Cube_FW_F7_V1.17.1/Drivers/CMSIS/Device/ST/STM32F7xx/Include -IC:/Users/honho/STM32Cube/Repository/STM32Cube_FW_F7_V1.17.1/Drivers/CMSIS/Include -O0 -ffunction-sections -fdata-sections -Wall -fstack-usage -fcyclomatic-complexity -MMD -MP -MF"Drivers/STM32F7xx_HAL_Driver/stm32f7xx_hal_cortex.d" -MT"Drivers/STM32F7xx_HAL_Driver/stm32f7xx_hal_cortex.o" --specs=nano.specs -mfpu=fpv5-d16 -mfloat-abi=hard -mthumb -o "Drivers/STM32F7xx_HAL_Driver/stm32f7xx_hal_cortex.o"
arm-none-eabi-gcc "C:/Users/honho/STM32Cube/Repository/STM32Cube_FW_F7_V1.17.1/Drivers/STM32F7xx_HAL_Driver/Src/stm32f7xx_hal_dma.c" -mcpu=cortex-m7 -std=gnu11 -g3 -DDEBUG -DUSE_HAL_DRIVER -DSTM32F767xx -c -I../Core/Inc -IC:/Users/honho/STM32Cube/Repository/STM32Cube_FW_F7_V1.17.1/Drivers/STM32F7xx_HAL_Driver/Inc -IC:/Users/honho/STM32Cube/Repository/STM32Cube_FW_F7_V1.17.1/Drivers/STM32F7xx_HAL_Driver/Inc/Legacy -IC:/Users/honho/STM32Cube/Repository/STM32Cube_FW_F7_V1.17.1/Drivers/CMSIS/Device/ST/STM32F7xx/Include -IC:/Users/honho/STM32Cube/Repository/STM32Cube_FW_F7_V1.17.1/Drivers/CMSIS/Include -O0 -ffunction-sections -fdata-sections -Wall -fstack-usage -fcyclomatic-complexity -MMD -MP -MF"Drivers/STM32F7xx_HAL_Driver/stm32f7xx_hal_dma.d" -MT"Drivers/STM32F7xx_HAL_Driver/stm32f7xx_hal_dma.o" --specs=nano.specs -mfpu=fpv5-d16 -mfloat-abi=hard -mthumb -o "Drivers/STM32F7xx_HAL_Driver/stm32f7xx_hal_dma.o"
arm-none-eabi-gcc "C:/Users/honho/STM32Cube/Repository/STM32Cube_FW_F7_V1.17.1/Drivers/STM32F7xx_HAL_Driver/Src/stm32f7xx_hal_dma_ex.c" -mcpu=cortex-m7 -std=gnu11 -g3 -DDEBUG -DUSE_HAL_DRIVER -DSTM32F767xx -c -I../Core/Inc -IC:/Users/honho/STM32Cube/Repository/STM32Cube_FW_F7_V1.17.1/Drivers/STM32F7xx_HAL_Driver/Inc -IC:/Users/honho/STM32Cube/Repository/STM32Cube_FW_F7_V1.17.1/Drivers/STM32F7xx_HAL_Driver/Inc/Legacy -IC:/Users/honho/STM32Cube/Repository/STM32Cube_FW_F7_V1.17.1/Drivers/CMSIS/Device/ST/STM32F7xx/Include -IC:/Users/honho/STM32Cube/Repository/STM32Cube_FW_F7_V1.17.1/Drivers/CMSIS/Include -O0 -ffunction-sections -fdata-sections -Wall -fstack-usage -fcyclomatic-complexity -MMD -MP -MF"Drivers/STM32F7xx_HAL_Driver/stm32f7xx_hal_dma_ex.d" -MT"Drivers/STM32F7xx_HAL_Driver/stm32f7xx_hal_dma_ex.o" --specs=nano.specs -mfpu=fpv5-d16 -mfloat-abi=hard -mthumb -o "Drivers/STM32F7xx_HAL_Driver/stm32f7xx_hal_dma_ex.o"
arm-none-eabi-gcc "C:/Users/honho/STM32Cube/Repository/STM32Cube_FW_F7_V1.17.1/Drivers/STM32F7xx_HAL_Driver/Src/stm32f7xx_hal_exti.c" -mcpu=cortex-m7 -std=gnu11 -g3 -DDEBUG -DUSE_HAL_DRIVER -DSTM32F767xx -c -I../Core/Inc -IC:/Users/honho/STM32Cube/Repository/STM32Cube_FW_F7_V1.17.1/Drivers/STM32F7xx_HAL_Driver/Inc -IC:/Users/honho/STM32Cube/Repository/STM32Cube_FW_F7_V1.17.1/Drivers/STM32F7xx_HAL_Driver/Inc/Legacy -IC:/Users/honho/STM32Cube/Repository/STM32Cube_FW_F7_V1.17.1/Drivers/CMSIS/Device/ST/STM32F7xx/Include -IC:/Users/honho/STM32Cube/Repository/STM32Cube_FW_F7_V1.17.1/Drivers/CMSIS/Include -O0 -ffunction-sections -fdata-sections -Wall -fstack-usage -fcyclomatic-complexity -MMD -MP -MF"Drivers/STM32F7xx_HAL_Driver/stm32f7xx_hal_exti.d" -MT"Drivers/STM32F7xx_HAL_Driver/stm32f7xx_hal_exti.o" --specs=nano.specs -mfpu=fpv5-d16 -mfloat-abi=hard -mthumb -o "Drivers/STM32F7xx_HAL_Driver/stm32f7xx_hal_exti.o"
arm-none-eabi-gcc "C:/Users/honho/STM32Cube/Repository/STM32Cube_FW_F7_V1.17.1/Drivers/STM32F7xx_HAL_Driver/Src/stm32f7xx_hal_flash.c" -mcpu=cortex-m7 -std=gnu11 -g3 -DDEBUG -DUSE_HAL_DRIVER -DSTM32F767xx -c -I../Core/Inc -IC:/Users/honho/STM32Cube/Repository/STM32Cube_FW_F7_V1.17.1/Drivers/STM32F7xx_HAL_Driver/Inc -IC:/Users/honho/STM32Cube/Repository/STM32Cube_FW_F7_V1.17.1/Drivers/STM32F7xx_HAL_Driver/Inc/Legacy -IC:/Users/honho/STM32Cube/Repository/STM32Cube_FW_F7_V1.17.1/Drivers/CMSIS/Device/ST/STM32F7xx/Include -IC:/Users/honho/STM32Cube/Repository/STM32Cube_FW_F7_V1.17.1/Drivers/CMSIS/Include -O0 -ffunction-sections -fdata-sections -Wall -fstack-usage -fcyclomatic-complexity -MMD -MP -MF"Drivers/STM32F7xx_HAL_Driver/stm32f7xx_hal_flash.d" -MT"Drivers/STM32F7xx_HAL_Driver/stm32f7xx_hal_flash.o" --specs=nano.specs -mfpu=fpv5-d16 -mfloat-abi=hard -mthumb -o "Drivers/STM32F7xx_HAL_Driver/stm32f7xx_hal_flash.o"
arm-none-eabi-gcc "C:/Users/honho/STM32Cube/Repository/STM32Cube_FW_F7_V1.17.1/Drivers/STM32F7xx_HAL_Driver/Src/stm32f7xx_hal_flash_ex.c" -mcpu=cortex-m7 -std=gnu11 -g3 -DDEBUG -DUSE_HAL_DRIVER -DSTM32F767xx -c -I../Core/Inc -IC:/Users/honho/STM32Cube/Repository/STM32Cube_FW_F7_V1.17.1/Drivers/STM32F7xx_HAL_Driver/Inc -IC:/Users/honho/STM32Cube/Repository/STM32Cube_FW_F7_V1.17.1/Drivers/STM32F7xx_HAL_Driver/Inc/Legacy -IC:/Users/honho/STM32Cube/Repository/STM32Cube_FW_F7_V1.17.1/Drivers/CMSIS/Device/ST/STM32F7xx/Include -IC:/Users/honho/STM32Cube/Repository/STM32Cube_FW_F7_V1.17.1/Drivers/CMSIS/Include -O0 -ffunction-sections -fdata-sections -Wall -fstack-usage -fcyclomatic-complexity -MMD -MP -MF"Drivers/STM32F7xx_HAL_Driver/stm32f7xx_hal_flash_ex.d" -MT"Drivers/STM32F7xx_HAL_Driver/stm32f7xx_hal_flash_ex.o" --specs=nano.specs -mfpu=fpv5-d16 -mfloat-abi=hard -mthumb -o "Drivers/STM32F7xx_HAL_Driver/stm32f7xx_hal_flash_ex.o"
arm-none-eabi-gcc "C:/Users/honho/STM32Cube/Repository/STM32Cube_FW_F7_V1.17.1/Drivers/STM32F7xx_HAL_Driver/Src/stm32f7xx_hal_gpio.c" -mcpu=cortex-m7 -std=gnu11 -g3 -DDEBUG -DUSE_HAL_DRIVER -DSTM32F767xx -c -I../Core/Inc -IC:/Users/honho/STM32Cube/Repository/STM32Cube_FW_F7_V1.17.1/Drivers/STM32F7xx_HAL_Driver/Inc -IC:/Users/honho/STM32Cube/Repository/STM32Cube_FW_F7_V1.17.1/Drivers/STM32F7xx_HAL_Driver/Inc/Legacy -IC:/Users/honho/STM32Cube/Repository/STM32Cube_FW_F7_V1.17.1/Drivers/CMSIS/Device/ST/STM32F7xx/Include -IC:/Users/honho/STM32Cube/Repository/STM32Cube_FW_F7_V1.17.1/Drivers/CMSIS/Include -O0 -ffunction-sections -fdata-sections -Wall -fstack-usage -fcyclomatic-complexity -MMD -MP -MF"Drivers/STM32F7xx_HAL_Driver/stm32f7xx_hal_gpio.d" -MT"Drivers/STM32F7xx_HAL_Driver/stm32f7xx_hal_gpio.o" --specs=nano.specs -mfpu=fpv5-d16 -mfloat-abi=hard -mthumb -o "Drivers/STM32F7xx_HAL_Driver/stm32f7xx_hal_gpio.o"
arm-none-eabi-gcc "C:/Users/honho/STM32Cube/Repository/STM32Cube_FW_F7_V1.17.1/Drivers/STM32F7xx_HAL_Driver/Src/stm32f7xx_hal_i2c.c" -mcpu=cortex-m7 -std=gnu11 -g3 -DDEBUG -DUSE_HAL_DRIVER -DSTM32F767xx -c -I../Core/Inc -IC:/Users/honho/STM32Cube/Repository/STM32Cube_FW_F7_V1.17.1/Drivers/STM32F7xx_HAL_Driver/Inc -IC:/Users/honho/STM32Cube/Repository/STM32Cube_FW_F7_V1.17.1/Drivers/STM32F7xx_HAL_Driver/Inc/Legacy -IC:/Users/honho/STM32Cube/Repository/STM32Cube_FW_F7_V1.17.1/Drivers/CMSIS/Device/ST/STM32F7xx/Include -IC:/Users/honho/STM32Cube/Repository/STM32Cube_FW_F7_V1.17.1/Drivers/CMSIS/Include -O0 -ffunction-sections -fdata-sections -Wall -fstack-usage -fcyclomatic-complexity -MMD -MP -MF"Drivers/STM32F7xx_HAL_Driver/stm32f7xx_hal_i2c.d" -MT"Drivers/STM32F7xx_HAL_Driver/stm32f7xx_hal_i2c.o" --specs=nano.specs -mfpu=fpv5-d16 -mfloat-abi=hard -mthumb -o "Drivers/STM32F7xx_HAL_Driver/stm32f7xx_hal_i2c.o"
arm-none-eabi-gcc "C:/Users/honho/STM32Cube/Repository/STM32Cube_FW_F7_V1.17.1/Drivers/STM32F7xx_HAL_Driver/Src/stm32f7xx_hal_i2c_ex.c" -mcpu=cortex-m7 -std=gnu11 -g3 -DDEBUG -DUSE_HAL_DRIVER -DSTM32F767xx -c -I../Core/Inc -IC:/Users/honho/STM32Cube/Repository/STM32Cube_FW_F7_V1.17.1/Drivers/STM32F7xx_HAL_Driver/Inc -IC:/Users/honho/STM32Cube/Repository/STM32Cube_FW_F7_V1.17.1/Drivers/STM32F7xx_HAL_Driver/Inc/Legacy -IC:/Users/honho/STM32Cube/Repository/STM32Cube_FW_F7_V1.17.1/Drivers/CMSIS/Device/ST/STM32F7xx/Include -IC:/Users/honho/STM32Cube/Repository/STM32Cube_FW_F7_V1.17.1/Drivers/CMSIS/Include -O0 -ffunction-sections -fdata-sections -Wall -fstack-usage -fcyclomatic-complexity -MMD -MP -MF"Drivers/STM32F7xx_HAL_Driver/stm32f7xx_hal_i2c_ex.d" -MT"Drivers/STM32F7xx_HAL_Driver/stm32f7xx_hal_i2c_ex.o" --specs=nano.specs -mfpu=fpv5-d16 -mfloat-abi=hard -mthumb -o "Drivers/STM32F7xx_HAL_Driver/stm32f7xx_hal_i2c_ex.o"
arm-none-eabi-gcc "C:/Users/honho/STM32Cube/Repository/STM32Cube_FW_F7_V1.17.1/Drivers/STM32F7xx_HAL_Driver/Src/stm32f7xx_hal_pwr.c" -mcpu=cortex-m7 -std=gnu11 -g3 -DDEBUG -DUSE_HAL_DRIVER -DSTM32F767xx -c -I../Core/Inc -IC:/Users/honho/STM32Cube/Repository/STM32Cube_FW_F7_V1.17.1/Drivers/STM32F7xx_HAL_Driver/Inc -IC:/Users/honho/STM32Cube/Repository/STM32Cube_FW_F7_V1.17.1/Drivers/STM32F7xx_HAL_Driver/Inc/Legacy -IC:/Users/honho/STM32Cube/Repository/STM32Cube_FW_F7_V1.17.1/Drivers/CMSIS/Device/ST/STM32F7xx/Include -IC:/Users/honho/STM32Cube/Repository/STM32Cube_FW_F7_V1.17.1/Drivers/CMSIS/Include -O0 -ffunction-sections -fdata-sections -Wall -fstack-usage -fcyclomatic-complexity -MMD -MP -MF"Drivers/STM32F7xx_HAL_Driver/stm32f7xx_hal_pwr.d" -MT"Drivers/STM32F7xx_HAL_Driver/stm32f7xx_hal_pwr.o" --specs=nano.specs -mfpu=fpv5-d16 -mfloat-abi=hard -mthumb -o "Drivers/STM32F7xx_HAL_Driver/stm32f7xx_hal_pwr.o"
arm-none-eabi-gcc "C:/Users/honho/STM32Cube/Repository/STM32Cube_FW_F7_V1.17.1/Drivers/STM32F7xx_HAL_Driver/Src/stm32f7xx_hal_pwr_ex.c" -mcpu=cortex-m7 -std=gnu11 -g3 -DDEBUG -DUSE_HAL_DRIVER -DSTM32F767xx -c -I../Core/Inc -IC:/Users/honho/STM32Cube/Repository/STM32Cube_FW_F7_V1.17.1/Drivers/STM32F7xx_HAL_Driver/Inc -IC:/Users/honho/STM32Cube/Repository/STM32Cube_FW_F7_V1.17.1/Drivers/STM32F7xx_HAL_Driver/Inc/Legacy -IC:/Users/honho/STM32Cube/Repository/STM32Cube_FW_F7_V1.17.1/Drivers/CMSIS/Device/ST/STM32F7xx/Include -IC:/Users/honho/STM32Cube/Repository/STM32Cube_FW_F7_V1.17.1/Drivers/CMSIS/Include -O0 -ffunction-sections -fdata-sections -Wall -fstack-usage -fcyclomatic-complexity -MMD -MP -MF"Drivers/STM32F7xx_HAL_Driver/stm32f7xx_hal_pwr_ex.d" -MT"Drivers/STM32F7xx_HAL_Driver/stm32f7xx_hal_pwr_ex.o" --specs=nano.specs -mfpu=fpv5-d16 -mfloat-abi=hard -mthumb -o "Drivers/STM32F7xx_HAL_Driver/stm32f7xx_hal_pwr_ex.o"
arm-none-eabi-gcc "C:/Users/honho/STM32Cube/Repository/STM32Cube_FW_F7_V1.17.1/Drivers/STM32F7xx_HAL_Driver/Src/stm32f7xx_hal_rcc.c" -mcpu=cortex-m7 -std=gnu11 -g3 -DDEBUG -DUSE_HAL_DRIVER -DSTM32F767xx -c -I../Core/Inc -IC:/Users/honho/STM32Cube/Repository/STM32Cube_FW_F7_V1.17.1/Drivers/STM32F7xx_HAL_Driver/Inc -IC:/Users/honho/STM32Cube/Repository/STM32Cube_FW_F7_V1.17.1/Drivers/STM32F7xx_HAL_Driver/Inc/Legacy -IC:/Users/honho/STM32Cube/Repository/STM32Cube_FW_F7_V1.17.1/Drivers/CMSIS/Device/ST/STM32F7xx/Include -IC:/Users/honho/STM32Cube/Repository/STM32Cube_FW_F7_V1.17.1/Drivers/CMSIS/Include -O0 -ffunction-sections -fdata-sections -Wall -fstack-usage -fcyclomatic-complexity -MMD -MP -MF"Drivers/STM32F7xx_HAL_Driver/stm32f7xx_hal_rcc.d" -MT"Drivers/STM32F7xx_HAL_Driver/stm32f7xx_hal_rcc.o" --specs=nano.specs -mfpu=fpv5-d16 -mfloat-abi=hard -mthumb -o "Drivers/STM32F7xx_HAL_Driver/stm32f7xx_hal_rcc.o"
arm-none-eabi-gcc "C:/Users/honho/STM32Cube/Repository/STM32Cube_FW_F7_V1.17.1/Drivers/STM32F7xx_HAL_Driver/Src/stm32f7xx_hal_rcc_ex.c" -mcpu=cortex-m7 -std=gnu11 -g3 -DDEBUG -DUSE_HAL_DRIVER -DSTM32F767xx -c -I../Core/Inc -IC:/Users/honho/STM32Cube/Repository/STM32Cube_FW_F7_V1.17.1/Drivers/STM32F7xx_HAL_Driver/Inc -IC:/Users/honho/STM32Cube/Repository/STM32Cube_FW_F7_V1.17.1/Drivers/STM32F7xx_HAL_Driver/Inc/Legacy -IC:/Users/honho/STM32Cube/Repository/STM32Cube_FW_F7_V1.17.1/Drivers/CMSIS/Device/ST/STM32F7xx/Include -IC:/Users/honho/STM32Cube/Repository/STM32Cube_FW_F7_V1.17.1/Drivers/CMSIS/Include -O0 -ffunction-sections -fdata-sections -Wall -fstack-usage -fcyclomatic-complexity -MMD -MP -MF"Drivers/STM32F7xx_HAL_Driver/stm32f7xx_hal_rcc_ex.d" -MT"Drivers/STM32F7xx_HAL_Driver/stm32f7xx_hal_rcc_ex.o" --specs=nano.specs -mfpu=fpv5-d16 -mfloat-abi=hard -mthumb -o "Drivers/STM32F7xx_HAL_Driver/stm32f7xx_hal_rcc_ex.o"
arm-none-eabi-gcc "C:/Users/honho/STM32Cube/Repository/STM32Cube_FW_F7_V1.17.1/Drivers/STM32F7xx_HAL_Driver/Src/stm32f7xx_hal_uart.c" -mcpu=cortex-m7 -std=gnu11 -g3 -DDEBUG -DUSE_HAL_DRIVER -DSTM32F767xx -c -I../Core/Inc -IC:/Users/honho/STM32Cube/Repository/STM32Cube_FW_F7_V1.17.1/Drivers/STM32F7xx_HAL_Driver/Inc -IC:/Users/honho/STM32Cube/Repository/STM32Cube_FW_F7_V1.17.1/Drivers/STM32F7xx_HAL_Driver/Inc/Legacy -IC:/Users/honho/STM32Cube/Repository/STM32Cube_FW_F7_V1.17.1/Drivers/CMSIS/Device/ST/STM32F7xx/Include -IC:/Users/honho/STM32Cube/Repository/STM32Cube_FW_F7_V1.17.1/Drivers/CMSIS/Include -O0 -ffunction-sections -fdata-sections -Wall -fstack-usage -fcyclomatic-complexity -MMD -MP -MF"Drivers/STM32F7xx_HAL_Driver/stm32f7xx_hal_uart.d" -MT"Drivers/STM32F7xx_HAL_Driver/stm32f7xx_hal_uart.o" --specs=nano.specs -mfpu=fpv5-d16 -mfloat-abi=hard -mthumb -o "Drivers/STM32F7xx_HAL_Driver/stm32f7xx_hal_uart.o"
arm-none-eabi-gcc "C:/Users/honho/STM32Cube/Repository/STM32Cube_FW_F7_V1.17.1/Drivers/STM32F7xx_HAL_Driver/Src/stm32f7xx_hal_uart_ex.c" -mcpu=cortex-m7 -std=gnu11 -g3 -DDEBUG -DUSE_HAL_DRIVER -DSTM32F767xx -c -I../Core/Inc -IC:/Users/honho/STM32Cube/Repository/STM32Cube_FW_F7_V1.17.1/Drivers/STM32F7xx_HAL_Driver/Inc -IC:/Users/honho/STM32Cube/Repository/STM32Cube_FW_F7_V1.17.1/Drivers/STM32F7xx_HAL_Driver/Inc/Legacy -IC:/Users/honho/STM32Cube/Repository/STM32Cube_FW_F7_V1.17.1/Drivers/CMSIS/Device/ST/STM32F7xx/Include -IC:/Users/honho/STM32Cube/Repository/STM32Cube_FW_F7_V1.17.1/Drivers/CMSIS/Include -O0 -ffunction-sections -fdata-sections -Wall -fstack-usage -fcyclomatic-complexity -MMD -MP -MF"Drivers/STM32F7xx_HAL_Driver/stm32f7xx_hal_uart_ex.d" -MT"Drivers/STM32F7xx_HAL_Driver/stm32f7xx_hal_uart_ex.o" --specs=nano.specs -mfpu=fpv5-d16 -mfloat-abi=hard -mthumb -o "Drivers/STM32F7xx_HAL_Driver/stm32f7xx_hal_uart_ex.o"
arm-none-eabi-gcc -mcpu=cortex-m7 -g3 -DDEBUG -c -x assembler-with-cpp -MMD -MP -MF"Core/Startup/startup_stm32f767zitx.d" -MT"Core/Startup/startup_stm32f767zitx.o" --specs=nano.specs -mfpu=fpv5-d16 -mfloat-abi=hard -mthumb -o "Core/Startup/startup_stm32f767zitx.o" "../Core/Startup/startup_stm32f767zitx.s"
arm-none-eabi-gcc "../Core/Src/gpio.c" -mcpu=cortex-m7 -std=gnu11 -g3 -DDEBUG -DUSE_HAL_DRIVER -DSTM32F767xx -c -I../Core/Inc -IC:/Users/honho/STM32Cube/Repository/STM32Cube_FW_F7_V1.17.1/Drivers/STM32F7xx_HAL_Driver/Inc -IC:/Users/honho/STM32Cube/Repository/STM32Cube_FW_F7_V1.17.1/Drivers/STM32F7xx_HAL_Driver/Inc/Legacy -IC:/Users/honho/STM32Cube/Repository/STM32Cube_FW_F7_V1.17.1/Drivers/CMSIS/Device/ST/STM32F7xx/Include -IC:/Users/honho/STM32Cube/Repository/STM32Cube_FW_F7_V1.17.1/Drivers/CMSIS/Include -O0 -ffunction-sections -fdata-sections -Wall -fstack-usage -fcyclomatic-complexity -MMD -MP -MF"Core/Src/gpio.d" -MT"Core/Src/gpio.o" --specs=nano.specs -mfpu=fpv5-d16 -mfloat-abi=hard -mthumb -o "Core/Src/gpio.o"
arm-none-eabi-gcc "../Core/Src/main.c" -mcpu=cortex-m7 -std=gnu11 -g3 -DDEBUG -DUSE_HAL_DRIVER -DSTM32F767xx -c -I../Core/Inc -IC:/Users/honho/STM32Cube/Repository/STM32Cube_FW_F7_V1.17.1/Drivers/STM32F7xx_HAL_Driver/Inc -IC:/Users/honho/STM32Cube/Repository/STM32Cube_FW_F7_V1.17.1/Drivers/STM32F7xx_HAL_Driver/Inc/Legacy -IC:/Users/honho/STM32Cube/Repository/STM32Cube_FW_F7_V1.17.1/Drivers/CMSIS/Device/ST/STM32F7xx/Include -IC:/Users/honho/STM32Cube/Repository/STM32Cube_FW_F7_V1.17.1/Drivers/CMSIS/Include -O0 -ffunction-sections -fdata-sections -Wall -fstack-usage -fcyclomatic-complexity -MMD -MP -MF"Core/Src/main.d" -MT"Core/Src/main.o" --specs=nano.specs -mfpu=fpv5-d16 -mfloat-abi=hard -mthumb -o "Core/Src/main.o"
arm-none-eabi-gcc "../Core/Src/stm32f7xx_hal_msp.c" -mcpu=cortex-m7 -std=gnu11 -g3 -DDEBUG -DUSE_HAL_DRIVER -DSTM32F767xx -c -I../Core/Inc -IC:/Users/honho/STM32Cube/Repository/STM32Cube_FW_F7_V1.17.1/Drivers/STM32F7xx_HAL_Driver/Inc -IC:/Users/honho/STM32Cube/Repository/STM32Cube_FW_F7_V1.17.1/Drivers/STM32F7xx_HAL_Driver/Inc/Legacy -IC:/Users/honho/STM32Cube/Repository/STM32Cube_FW_F7_V1.17.1/Drivers/CMSIS/Device/ST/STM32F7xx/Include -IC:/Users/honho/STM32Cube/Repository/STM32Cube_FW_F7_V1.17.1/Drivers/CMSIS/Include -O0 -ffunction-sections -fdata-sections -Wall -fstack-usage -fcyclomatic-complexity -MMD -MP -MF"Core/Src/stm32f7xx_hal_msp.d" -MT"Core/Src/stm32f7xx_hal_msp.o" --specs=nano.specs -mfpu=fpv5-d16 -mfloat-abi=hard -mthumb -o "Core/Src/stm32f7xx_hal_msp.o"
arm-none-eabi-gcc "../Core/Src/stm32f7xx_it.c" -mcpu=cortex-m7 -std=gnu11 -g3 -DDEBUG -DUSE_HAL_DRIVER -DSTM32F767xx -c -I../Core/Inc -IC:/Users/honho/STM32Cube/Repository/STM32Cube_FW_F7_V1.17.1/Drivers/STM32F7xx_HAL_Driver/Inc -IC:/Users/honho/STM32Cube/Repository/STM32Cube_FW_F7_V1.17.1/Drivers/STM32F7xx_HAL_Driver/Inc/Legacy -IC:/Users/honho/STM32Cube/Repository/STM32Cube_FW_F7_V1.17.1/Drivers/CMSIS/Device/ST/STM32F7xx/Include -IC:/Users/honho/STM32Cube/Repository/STM32Cube_FW_F7_V1.17.1/Drivers/CMSIS/Include -O0 -ffunction-sections -fdata-sections -Wall -fstack-usage -fcyclomatic-complexity -MMD -MP -MF"Core/Src/stm32f7xx_it.d" -MT"Core/Src/stm32f7xx_it.o" --specs=nano.specs -mfpu=fpv5-d16 -mfloat-abi=hard -mthumb -o "Core/Src/stm32f7xx_it.o"
arm-none-eabi-gcc "../Core/Src/syscalls.c" -mcpu=cortex-m7 -std=gnu11 -g3 -DDEBUG -DUSE_HAL_DRIVER -DSTM32F767xx -c -I../Core/Inc -IC:/Users/honho/STM32Cube/Repository/STM32Cube_FW_F7_V1.17.1/Drivers/STM32F7xx_HAL_Driver/Inc -IC:/Users/honho/STM32Cube/Repository/STM32Cube_FW_F7_V1.17.1/Drivers/STM32F7xx_HAL_Driver/Inc/Legacy -IC:/Users/honho/STM32Cube/Repository/STM32Cube_FW_F7_V1.17.1/Drivers/CMSIS/Device/ST/STM32F7xx/Include -IC:/Users/honho/STM32Cube/Repository/STM32Cube_FW_F7_V1.17.1/Drivers/CMSIS/Include -O0 -ffunction-sections -fdata-sections -Wall -fstack-usage -fcyclomatic-complexity -MMD -MP -MF"Core/Src/syscalls.d" -MT"Core/Src/syscalls.o" --specs=nano.specs -mfpu=fpv5-d16 -mfloat-abi=hard -mthumb -o "Core/Src/syscalls.o"
arm-none-eabi-gcc "../Core/Src/sysmem.c" -mcpu=cortex-m7 -std=gnu11 -g3 -DDEBUG -DUSE_HAL_DRIVER -DSTM32F767xx -c -I../Core/Inc -IC:/Users/honho/STM32Cube/Repository/STM32Cube_FW_F7_V1.17.1/Drivers/STM32F7xx_HAL_Driver/Inc -IC:/Users/honho/STM32Cube/Repository/STM32Cube_FW_F7_V1.17.1/Drivers/STM32F7xx_HAL_Driver/Inc/Legacy -IC:/Users/honho/STM32Cube/Repository/STM32Cube_FW_F7_V1.17.1/Drivers/CMSIS/Device/ST/STM32F7xx/Include -IC:/Users/honho/STM32Cube/Repository/STM32Cube_FW_F7_V1.17.1/Drivers/CMSIS/Include -O0 -ffunction-sections -fdata-sections -Wall -fstack-usage -fcyclomatic-complexity -MMD -MP -MF"Core/Src/sysmem.d" -MT"Core/Src/sysmem.o" --specs=nano.specs -mfpu=fpv5-d16 -mfloat-abi=hard -mthumb -o "Core/Src/sysmem.o"
arm-none-eabi-gcc "../Core/Src/system_stm32f7xx.c" -mcpu=cortex-m7 -std=gnu11 -g3 -DDEBUG -DUSE_HAL_DRIVER -DSTM32F767xx -c -I../Core/Inc -IC:/Users/honho/STM32Cube/Repository/STM32Cube_FW_F7_V1.17.1/Drivers/STM32F7xx_HAL_Driver/Inc -IC:/Users/honho/STM32Cube/Repository/STM32Cube_FW_F7_V1.17.1/Drivers/STM32F7xx_HAL_Driver/Inc/Legacy -IC:/Users/honho/STM32Cube/Repository/STM32Cube_FW_F7_V1.17.1/Drivers/CMSIS/Device/ST/STM32F7xx/Include -IC:/Users/honho/STM32Cube/Repository/STM32Cube_FW_F7_V1.17.1/Drivers/CMSIS/Include -O0 -ffunction-sections -fdata-sections -Wall -fstack-usage -fcyclomatic-complexity -MMD -MP -MF"Core/Src/system_stm32f7xx.d" -MT"Core/Src/system_stm32f7xx.o" --specs=nano.specs -mfpu=fpv5-d16 -mfloat-abi=hard -mthumb -o "Core/Src/system_stm32f7xx.o"
arm-none-eabi-gcc "../Core/Src/usart.c" -mcpu=cortex-m7 -std=gnu11 -g3 -DDEBUG -DUSE_HAL_DRIVER -DSTM32F767xx -c -I../Core/Inc -IC:/Users/honho/STM32Cube/Repository/STM32Cube_FW_F7_V1.17.1/Drivers/STM32F7xx_HAL_Driver/Inc -IC:/Users/honho/STM32Cube/Repository/STM32Cube_FW_F7_V1.17.1/Drivers/STM32F7xx_HAL_Driver/Inc/Legacy -IC:/Users/honho/STM32Cube/Repository/STM32Cube_FW_F7_V1.17.1/Drivers/CMSIS/Device/ST/STM32F7xx/Include -IC:/Users/honho/STM32Cube/Repository/STM32Cube_FW_F7_V1.17.1/Drivers/CMSIS/Include -O0 -ffunction-sections -fdata-sections -Wall -fstack-usage -fcyclomatic-complexity -MMD -MP -MF"Core/Src/usart.d" -MT"Core/Src/usart.o" --specs=nano.specs -mfpu=fpv5-d16 -mfloat-abi=hard -mthumb -o "Core/Src/usart.o"
../Core/Src/main.c: In function 'main':
../Core/Src/main.c:106:48: warning: implicit declaration of function 'strlen' [-Wimplicit-function-declaration]
  106 |    HAL_UART_Transmit(&huart3, (uint8_t*) init, strlen(init),1000);
      |                                                ^~~~~~
../Core/Src/main.c:23:1: note: include '<string.h>' or provide a declaration of 'strlen'
   22 | #include "gpio.h"
  +++ |+#include <string.h>
   23 | 
../Core/Src/main.c:106:48: warning: incompatible implicit declaration of built-in function 'strlen' [-Wbuiltin-declaration-mismatch]
  106 |    HAL_UART_Transmit(&huart3, (uint8_t*) init, strlen(init),1000);
      |                                                ^~~~~~
../Core/Src/main.c:106:48: note: include '<string.h>' or provide a declaration of 'strlen'
../Core/Src/main.c:291:1: error: expected declaration or statement at end of input
  291 | }
      | ^
../Core/Src/main.c: At top level:
../Core/Src/main.c:61:13: warning: 'MPU_Initialize' declared 'static' but never defined [-Wunused-function]
   61 | static void MPU_Initialize(void);
      |             ^~~~~~~~~~~~~~
../Core/Src/main.c:62:13: warning: 'MPU_Config' used but never defined
   62 | static void MPU_Config(void);
      |             ^~~~~~~~~~
../Core/Src/main.c:282:6: warning: 'Error_Handler' defined but not used [-Wunused-function]
  282 | void Error_Handler(void)
      |      ^~~~~~~~~~~~~
../Core/Src/main.c:251:6: warning: 'MPU_Config' defined but not used [-Wunused-function]
  251 | void MPU_Config(void)
      |      ^~~~~~~~~~
../Core/Src/main.c:195:6: warning: 'SystemClock_Config' defined but not used [-Wunused-function]
  195 | void SystemClock_Config(void)
      |      ^~~~~~~~~~~~~~~~~~
make: *** [Core/Src/subdir.mk:40: Core/Src/main.o] Error 1
make: *** Waiting for unfinished jobs....
"make -j16 all" terminated with exit code 2. Build might be incomplete.
15:25:38 **** Incremental Build of configuration Debug for project Lab3 ****
make -j16 all 
arm-none-eabi-gcc "../Core/Src/main.c" -mcpu=cortex-m7 -std=gnu11 -g3 -DDEBUG -DUSE_HAL_DRIVER -DSTM32F767xx -c -I../Core/Inc -IC:/Users/honho/STM32Cube/Repository/STM32Cube_FW_F7_V1.17.1/Drivers/STM32F7xx_HAL_Driver/Inc -IC:/Users/honho/STM32Cube/Repository/STM32Cube_FW_F7_V1.17.1/Drivers/STM32F7xx_HAL_Driver/Inc/Legacy -IC:/Users/honho/STM32Cube/Repository/STM32Cube_FW_F7_V1.17.1/Drivers/CMSIS/Device/ST/STM32F7xx/Include -IC:/Users/honho/STM32Cube/Repository/STM32Cube_FW_F7_V1.17.1/Drivers/CMSIS/Include -O0 -ffunction-sections -fdata-sections -Wall -fstack-usage -fcyclomatic-complexity -MMD -MP -MF"Core/Src/main.d" -MT"Core/Src/main.o" --specs=nano.specs -mfpu=fpv5-d16 -mfloat-abi=hard -mthumb -o "Core/Src/main.o"
../Core/Src/main.c: In function 'main':
../Core/Src/main.c:106:48: warning: implicit declaration of function 'strlen' [-Wimplicit-function-declaration]
  106 |    HAL_UART_Transmit(&huart3, (uint8_t*) init, strlen(init),1000);
      |                                                ^~~~~~
../Core/Src/main.c:23:1: note: include '<string.h>' or provide a declaration of 'strlen'
   22 | #include "gpio.h"
  +++ |+#include <string.h>
   23 | 
../Core/Src/main.c:106:48: warning: incompatible implicit declaration of built-in function 'strlen' [-Wbuiltin-declaration-mismatch]
  106 |    HAL_UART_Transmit(&huart3, (uint8_t*) init, strlen(init),1000);
      |                                                ^~~~~~
../Core/Src/main.c:106:48: note: include '<string.h>' or provide a declaration of 'strlen'
../Core/Src/main.c:291:1: error: expected declaration or statement at end of input
  291 | }
      | ^
../Core/Src/main.c: At top level:
../Core/Src/main.c:61:13: warning: 'MPU_Initialize' declared 'static' but never defined [-Wunused-function]
   61 | static void MPU_Initialize(void);
      |             ^~~~~~~~~~~~~~
../Core/Src/main.c:62:13: warning: 'MPU_Config' used but never defined
   62 | static void MPU_Config(void);
      |             ^~~~~~~~~~
../Core/Src/main.c:282:6: warning: 'Error_Handler' defined but not used [-Wunused-function]
  282 | void Error_Handler(void)
      |      ^~~~~~~~~~~~~
../Core/Src/main.c:251:6: warning: 'MPU_Config' defined but not used [-Wunused-function]
  251 | void MPU_Config(void)
      |      ^~~~~~~~~~
../Core/Src/main.c:195:6: warning: 'SystemClock_Config' defined but not used [-Wunused-function]
  195 | void SystemClock_Config(void)
      |      ^~~~~~~~~~~~~~~~~~
make: *** [Core/Src/subdir.mk:40: Core/Src/main.o] Error 1
"make -j16 all" terminated with exit code 2. Build might be incomplete.
15:25:56 **** Incremental Build of configuration Debug for project Lab3 ****
make -j16 all 
arm-none-eabi-gcc "../Core/Src/main.c" -mcpu=cortex-m7 -std=gnu11 -g3 -DDEBUG -DUSE_HAL_DRIVER -DSTM32F767xx -c -I../Core/Inc -IC:/Users/honho/STM32Cube/Repository/STM32Cube_FW_F7_V1.17.1/Drivers/STM32F7xx_HAL_Driver/Inc -IC:/Users/honho/STM32Cube/Repository/STM32Cube_FW_F7_V1.17.1/Drivers/STM32F7xx_HAL_Driver/Inc/Legacy -IC:/Users/honho/STM32Cube/Repository/STM32Cube_FW_F7_V1.17.1/Drivers/CMSIS/Device/ST/STM32F7xx/Include -IC:/Users/honho/STM32Cube/Repository/STM32Cube_FW_F7_V1.17.1/Drivers/CMSIS/Include -O0 -ffunction-sections -fdata-sections -Wall -fstack-usage -fcyclomatic-complexity -MMD -MP -MF"Core/Src/main.d" -MT"Core/Src/main.o" --specs=nano.specs -mfpu=fpv5-d16 -mfloat-abi=hard -mthumb -o "Core/Src/main.o"
../Core/Src/main.c: In function 'main':
../Core/Src/main.c:106:48: warning: implicit declaration of function 'strlen' [-Wimplicit-function-declaration]
  106 |    HAL_UART_Transmit(&huart3, (uint8_t*) init, strlen(init),1000);
      |                                                ^~~~~~
../Core/Src/main.c:23:1: note: include '<string.h>' or provide a declaration of 'strlen'
   22 | #include "gpio.h"
  +++ |+#include <string.h>
   23 | 
../Core/Src/main.c:106:48: warning: incompatible implicit declaration of built-in function 'strlen' [-Wbuiltin-declaration-mismatch]
  106 |    HAL_UART_Transmit(&huart3, (uint8_t*) init, strlen(init),1000);
      |                                                ^~~~~~
../Core/Src/main.c:106:48: note: include '<string.h>' or provide a declaration of 'strlen'
../Core/Src/main.c:273:1: error: expected declaration or statement at end of input
  273 | }
      | ^
../Core/Src/main.c: At top level:
../Core/Src/main.c:61:13: warning: 'MPU_Initialize' declared 'static' but never defined [-Wunused-function]
   61 | static void MPU_Initialize(void);
      |             ^~~~~~~~~~~~~~
../Core/Src/main.c:62:13: warning: 'MPU_Config' used but never defined
   62 | static void MPU_Config(void);
      |             ^~~~~~~~~~
../Core/Src/main.c:264:6: warning: 'Error_Handler' defined but not used [-Wunused-function]
  264 | void Error_Handler(void)
      |      ^~~~~~~~~~~~~
../Core/Src/main.c:233:6: warning: 'MPU_Config' defined but not used [-Wunused-function]
  233 | void MPU_Config(void)
      |      ^~~~~~~~~~
../Core/Src/main.c:177:6: warning: 'SystemClock_Config' defined but not used [-Wunused-function]
  177 | void SystemClock_Config(void)
      |      ^~~~~~~~~~~~~~~~~~
make: *** [Core/Src/subdir.mk:40: Core/Src/main.o] Error 1
"make -j16 all" terminated with exit code 2. Build might be incomplete.
15:27:18 **** Incremental Build of configuration Debug for project Lab3 ****
make -j16 all 
arm-none-eabi-gcc "../Core/Src/main.c" -mcpu=cortex-m7 -std=gnu11 -g3 -DDEBUG -DUSE_HAL_DRIVER -DSTM32F767xx -c -I../Core/Inc -IC:/Users/honho/STM32Cube/Repository/STM32Cube_FW_F7_V1.17.1/Drivers/STM32F7xx_HAL_Driver/Inc -IC:/Users/honho/STM32Cube/Repository/STM32Cube_FW_F7_V1.17.1/Drivers/STM32F7xx_HAL_Driver/Inc/Legacy -IC:/Users/honho/STM32Cube/Repository/STM32Cube_FW_F7_V1.17.1/Drivers/CMSIS/Device/ST/STM32F7xx/Include -IC:/Users/honho/STM32Cube/Repository/STM32Cube_FW_F7_V1.17.1/Drivers/CMSIS/Include -O0 -ffunction-sections -fdata-sections -Wall -fstack-usage -fcyclomatic-complexity -MMD -MP -MF"Core/Src/main.d" -MT"Core/Src/main.o" --specs=nano.specs -mfpu=fpv5-d16 -mfloat-abi=hard -mthumb -o "Core/Src/main.o"
../Core/Src/main.c: In function 'main':
../Core/Src/main.c:106:48: warning: implicit declaration of function 'strlen' [-Wimplicit-function-declaration]
  106 |    HAL_UART_Transmit(&huart3, (uint8_t*) init, strlen(init),1000);
      |                                                ^~~~~~
../Core/Src/main.c:23:1: note: include '<string.h>' or provide a declaration of 'strlen'
   22 | #include "gpio.h"
  +++ |+#include <string.h>
   23 | 
../Core/Src/main.c:106:48: warning: incompatible implicit declaration of built-in function 'strlen' [-Wbuiltin-declaration-mismatch]
  106 |    HAL_UART_Transmit(&huart3, (uint8_t*) init, strlen(init),1000);
      |                                                ^~~~~~
../Core/Src/main.c:106:48: note: include '<string.h>' or provide a declaration of 'strlen'
../Core/Src/main.c: At top level:
../Core/Src/main.c:61:13: warning: 'MPU_Initialize' declared 'static' but never defined [-Wunused-function]
   61 | static void MPU_Initialize(void);
      |             ^~~~~~~~~~~~~~
arm-none-eabi-gcc -o "Lab3.elf" @"objects.list"   -mcpu=cortex-m7 -T"C:\Users\honho\STM32CubeIDE\MAD_Lab\Lab3\Lab3\STM32F767ZITX_FLASH.ld" --specs=nosys.specs -Wl,-Map="Lab3.map" -Wl,--gc-sections -static --specs=nano.specs -mfpu=fpv5-d16 -mfloat-abi=hard -mthumb -Wl,--start-group -lc -lm -Wl,--end-group
Finished building target: Lab3.elf
 
arm-none-eabi-size   Lab3.elf 
arm-none-eabi-objdump -h -S  Lab3.elf  > "Lab3.list"
   text	   data	    bss	    dec	    hex	filename
  12468	    240	   1712	  14420	   3854	Lab3.elf
Finished building: default.size.stdout
 
Finished building: Lab3.list
 
