12:34:43 **** Build of configuration Debug for project Lab05 ****
make -j16 all 
arm-none-eabi-gcc "C:/Users/honho/STM32Cube/Repository/STM32Cube_FW_F7_V1.17.1/Drivers/STM32F7xx_HAL_Driver/Src/stm32f7xx_hal.c" -mcpu=cortex-m7 -std=gnu11 -g3 -DDEBUG -DUSE_HAL_DRIVER -DSTM32F767xx -c -I../Core/Inc -IC:/Users/honho/STM32Cube/Repository/STM32Cube_FW_F7_V1.17.1/Drivers/STM32F7xx_HAL_Driver/Inc -IC:/Users/honho/STM32Cube/Repository/STM32Cube_FW_F7_V1.17.1/Drivers/STM32F7xx_HAL_Driver/Inc/Legacy -IC:/Users/honho/STM32Cube/Repository/STM32Cube_FW_F7_V1.17.1/Drivers/CMSIS/Device/ST/STM32F7xx/Include -IC:/Users/honho/STM32Cube/Repository/STM32Cube_FW_F7_V1.17.1/Drivers/CMSIS/Include -O0 -ffunction-sections -fdata-sections -Wall -fstack-usage -fcyclomatic-complexity -MMD -MP -MF"Drivers/STM32F7xx_HAL_Driver/stm32f7xx_hal.d" -MT"Drivers/STM32F7xx_HAL_Driver/stm32f7xx_hal.o" --specs=nano.specs -mfpu=fpv5-d16 -mfloat-abi=hard -mthumb -o "Drivers/STM32F7xx_HAL_Driver/stm32f7xx_hal.o"
arm-none-eabi-gcc "C:/Users/honho/STM32Cube/Repository/STM32Cube_FW_F7_V1.17.1/Drivers/STM32F7xx_HAL_Driver/Src/stm32f7xx_hal_adc.c" -mcpu=cortex-m7 -std=gnu11 -g3 -DDEBUG -DUSE_HAL_DRIVER -DSTM32F767xx -c -I../Core/Inc -IC:/Users/honho/STM32Cube/Repository/STM32Cube_FW_F7_V1.17.1/Drivers/STM32F7xx_HAL_Driver/Inc -IC:/Users/honho/STM32Cube/Repository/STM32Cube_FW_F7_V1.17.1/Drivers/STM32F7xx_HAL_Driver/Inc/Legacy -IC:/Users/honho/STM32Cube/Repository/STM32Cube_FW_F7_V1.17.1/Drivers/CMSIS/Device/ST/STM32F7xx/Include -IC:/Users/honho/STM32Cube/Repository/STM32Cube_FW_F7_V1.17.1/Drivers/CMSIS/Include -O0 -ffunction-sections -fdata-sections -Wall -fstack-usage -fcyclomatic-complexity -MMD -MP -MF"Drivers/STM32F7xx_HAL_Driver/stm32f7xx_hal_adc.d" -MT"Drivers/STM32F7xx_HAL_Driver/stm32f7xx_hal_adc.o" --specs=nano.specs -mfpu=fpv5-d16 -mfloat-abi=hard -mthumb -o "Drivers/STM32F7xx_HAL_Driver/stm32f7xx_hal_adc.o"
arm-none-eabi-gcc "C:/Users/honho/STM32Cube/Repository/STM32Cube_FW_F7_V1.17.1/Drivers/STM32F7xx_HAL_Driver/Src/stm32f7xx_hal_adc_ex.c" -mcpu=cortex-m7 -std=gnu11 -g3 -DDEBUG -DUSE_HAL_DRIVER -DSTM32F767xx -c -I../Core/Inc -IC:/Users/honho/STM32Cube/Repository/STM32Cube_FW_F7_V1.17.1/Drivers/STM32F7xx_HAL_Driver/Inc -IC:/Users/honho/STM32Cube/Repository/STM32Cube_FW_F7_V1.17.1/Drivers/STM32F7xx_HAL_Driver/Inc/Legacy -IC:/Users/honho/STM32Cube/Repository/STM32Cube_FW_F7_V1.17.1/Drivers/CMSIS/Device/ST/STM32F7xx/Include -IC:/Users/honho/STM32Cube/Repository/STM32Cube_FW_F7_V1.17.1/Drivers/CMSIS/Include -O0 -ffunction-sections -fdata-sections -Wall -fstack-usage -fcyclomatic-complexity -MMD -MP -MF"Drivers/STM32F7xx_HAL_Driver/stm32f7xx_hal_adc_ex.d" -MT"Drivers/STM32F7xx_HAL_Driver/stm32f7xx_hal_adc_ex.o" --specs=nano.specs -mfpu=fpv5-d16 -mfloat-abi=hard -mthumb -o "Drivers/STM32F7xx_HAL_Driver/stm32f7xx_hal_adc_ex.o"
arm-none-eabi-gcc "C:/Users/honho/STM32Cube/Repository/STM32Cube_FW_F7_V1.17.1/Drivers/STM32F7xx_HAL_Driver/Src/stm32f7xx_hal_cortex.c" -mcpu=cortex-m7 -std=gnu11 -g3 -DDEBUG -DUSE_HAL_DRIVER -DSTM32F767xx -c -I../Core/Inc -IC:/Users/honho/STM32Cube/Repository/STM32Cube_FW_F7_V1.17.1/Drivers/STM32F7xx_HAL_Driver/Inc -IC:/Users/honho/STM32Cube/Repository/STM32Cube_FW_F7_V1.17.1/Drivers/STM32F7xx_HAL_Driver/Inc/Legacy -IC:/Users/honho/STM32Cube/Repository/STM32Cube_FW_F7_V1.17.1/Drivers/CMSIS/Device/ST/STM32F7xx/Include -IC:/Users/honho/STM32Cube/Repository/STM32Cube_FW_F7_V1.17.1/Drivers/CMSIS/Include -O0 -ffunction-sections -fdata-sections -Wall -fstack-usage -fcyclomatic-complexity -MMD -MP -MF"Drivers/STM32F7xx_HAL_Driver/stm32f7xx_hal_cortex.d" -MT"Drivers/STM32F7xx_HAL_Driver/stm32f7xx_hal_cortex.o" --specs=nano.specs -mfpu=fpv5-d16 -mfloat-abi=hard -mthumb -o "Drivers/STM32F7xx_HAL_Driver/stm32f7xx_hal_cortex.o"
arm-none-eabi-gcc "C:/Users/honho/STM32Cube/Repository/STM32Cube_FW_F7_V1.17.1/Drivers/STM32F7xx_HAL_Driver/Src/stm32f7xx_hal_dma.c" -mcpu=cortex-m7 -std=gnu11 -g3 -DDEBUG -DUSE_HAL_DRIVER -DSTM32F767xx -c -I../Core/Inc -IC:/Users/honho/STM32Cube/Repository/STM32Cube_FW_F7_V1.17.1/Drivers/STM32F7xx_HAL_Driver/Inc -IC:/Users/honho/STM32Cube/Repository/STM32Cube_FW_F7_V1.17.1/Drivers/STM32F7xx_HAL_Driver/Inc/Legacy -IC:/Users/honho/STM32Cube/Repository/STM32Cube_FW_F7_V1.17.1/Drivers/CMSIS/Device/ST/STM32F7xx/Include -IC:/Users/honho/STM32Cube/Repository/STM32Cube_FW_F7_V1.17.1/Drivers/CMSIS/Include -O0 -ffunction-sections -fdata-sections -Wall -fstack-usage -fcyclomatic-complexity -MMD -MP -MF"Drivers/STM32F7xx_HAL_Driver/stm32f7xx_hal_dma.d" -MT"Drivers/STM32F7xx_HAL_Driver/stm32f7xx_hal_dma.o" --specs=nano.specs -mfpu=fpv5-d16 -mfloat-abi=hard -mthumb -o "Drivers/STM32F7xx_HAL_Driver/stm32f7xx_hal_dma.o"
arm-none-eabi-gcc "C:/Users/honho/STM32Cube/Repository/STM32Cube_FW_F7_V1.17.1/Drivers/STM32F7xx_HAL_Driver/Src/stm32f7xx_hal_dma_ex.c" -mcpu=cortex-m7 -std=gnu11 -g3 -DDEBUG -DUSE_HAL_DRIVER -DSTM32F767xx -c -I../Core/Inc -IC:/Users/honho/STM32Cube/Repository/STM32Cube_FW_F7_V1.17.1/Drivers/STM32F7xx_HAL_Driver/Inc -IC:/Users/honho/STM32Cube/Repository/STM32Cube_FW_F7_V1.17.1/Drivers/STM32F7xx_HAL_Driver/Inc/Legacy -IC:/Users/honho/STM32Cube/Repository/STM32Cube_FW_F7_V1.17.1/Drivers/CMSIS/Device/ST/STM32F7xx/Include -IC:/Users/honho/STM32Cube/Repository/STM32Cube_FW_F7_V1.17.1/Drivers/CMSIS/Include -O0 -ffunction-sections -fdata-sections -Wall -fstack-usage -fcyclomatic-complexity -MMD -MP -MF"Drivers/STM32F7xx_HAL_Driver/stm32f7xx_hal_dma_ex.d" -MT"Drivers/STM32F7xx_HAL_Driver/stm32f7xx_hal_dma_ex.o" --specs=nano.specs -mfpu=fpv5-d16 -mfloat-abi=hard -mthumb -o "Drivers/STM32F7xx_HAL_Driver/stm32f7xx_hal_dma_ex.o"
arm-none-eabi-gcc "C:/Users/honho/STM32Cube/Repository/STM32Cube_FW_F7_V1.17.1/Drivers/STM32F7xx_HAL_Driver/Src/stm32f7xx_hal_exti.c" -mcpu=cortex-m7 -std=gnu11 -g3 -DDEBUG -DUSE_HAL_DRIVER -DSTM32F767xx -c -I../Core/Inc -IC:/Users/honho/STM32Cube/Repository/STM32Cube_FW_F7_V1.17.1/Drivers/STM32F7xx_HAL_Driver/Inc -IC:/Users/honho/STM32Cube/Repository/STM32Cube_FW_F7_V1.17.1/Drivers/STM32F7xx_HAL_Driver/Inc/Legacy -IC:/Users/honho/STM32Cube/Repository/STM32Cube_FW_F7_V1.17.1/Drivers/CMSIS/Device/ST/STM32F7xx/Include -IC:/Users/honho/STM32Cube/Repository/STM32Cube_FW_F7_V1.17.1/Drivers/CMSIS/Include -O0 -ffunction-sections -fdata-sections -Wall -fstack-usage -fcyclomatic-complexity -MMD -MP -MF"Drivers/STM32F7xx_HAL_Driver/stm32f7xx_hal_exti.d" -MT"Drivers/STM32F7xx_HAL_Driver/stm32f7xx_hal_exti.o" --specs=nano.specs -mfpu=fpv5-d16 -mfloat-abi=hard -mthumb -o "Drivers/STM32F7xx_HAL_Driver/stm32f7xx_hal_exti.o"
arm-none-eabi-gcc "C:/Users/honho/STM32Cube/Repository/STM32Cube_FW_F7_V1.17.1/Drivers/STM32F7xx_HAL_Driver/Src/stm32f7xx_hal_flash.c" -mcpu=cortex-m7 -std=gnu11 -g3 -DDEBUG -DUSE_HAL_DRIVER -DSTM32F767xx -c -I../Core/Inc -IC:/Users/honho/STM32Cube/Repository/STM32Cube_FW_F7_V1.17.1/Drivers/STM32F7xx_HAL_Driver/Inc -IC:/Users/honho/STM32Cube/Repository/STM32Cube_FW_F7_V1.17.1/Drivers/STM32F7xx_HAL_Driver/Inc/Legacy -IC:/Users/honho/STM32Cube/Repository/STM32Cube_FW_F7_V1.17.1/Drivers/CMSIS/Device/ST/STM32F7xx/Include -IC:/Users/honho/STM32Cube/Repository/STM32Cube_FW_F7_V1.17.1/Drivers/CMSIS/Include -O0 -ffunction-sections -fdata-sections -Wall -fstack-usage -fcyclomatic-complexity -MMD -MP -MF"Drivers/STM32F7xx_HAL_Driver/stm32f7xx_hal_flash.d" -MT"Drivers/STM32F7xx_HAL_Driver/stm32f7xx_hal_flash.o" --specs=nano.specs -mfpu=fpv5-d16 -mfloat-abi=hard -mthumb -o "Drivers/STM32F7xx_HAL_Driver/stm32f7xx_hal_flash.o"
arm-none-eabi-gcc "C:/Users/honho/STM32Cube/Repository/STM32Cube_FW_F7_V1.17.1/Drivers/STM32F7xx_HAL_Driver/Src/stm32f7xx_hal_flash_ex.c" -mcpu=cortex-m7 -std=gnu11 -g3 -DDEBUG -DUSE_HAL_DRIVER -DSTM32F767xx -c -I../Core/Inc -IC:/Users/honho/STM32Cube/Repository/STM32Cube_FW_F7_V1.17.1/Drivers/STM32F7xx_HAL_Driver/Inc -IC:/Users/honho/STM32Cube/Repository/STM32Cube_FW_F7_V1.17.1/Drivers/STM32F7xx_HAL_Driver/Inc/Legacy -IC:/Users/honho/STM32Cube/Repository/STM32Cube_FW_F7_V1.17.1/Drivers/CMSIS/Device/ST/STM32F7xx/Include -IC:/Users/honho/STM32Cube/Repository/STM32Cube_FW_F7_V1.17.1/Drivers/CMSIS/Include -O0 -ffunction-sections -fdata-sections -Wall -fstack-usage -fcyclomatic-complexity -MMD -MP -MF"Drivers/STM32F7xx_HAL_Driver/stm32f7xx_hal_flash_ex.d" -MT"Drivers/STM32F7xx_HAL_Driver/stm32f7xx_hal_flash_ex.o" --specs=nano.specs -mfpu=fpv5-d16 -mfloat-abi=hard -mthumb -o "Drivers/STM32F7xx_HAL_Driver/stm32f7xx_hal_flash_ex.o"
arm-none-eabi-gcc "C:/Users/honho/STM32Cube/Repository/STM32Cube_FW_F7_V1.17.1/Drivers/STM32F7xx_HAL_Driver/Src/stm32f7xx_hal_gpio.c" -mcpu=cortex-m7 -std=gnu11 -g3 -DDEBUG -DUSE_HAL_DRIVER -DSTM32F767xx -c -I../Core/Inc -IC:/Users/honho/STM32Cube/Repository/STM32Cube_FW_F7_V1.17.1/Drivers/STM32F7xx_HAL_Driver/Inc -IC:/Users/honho/STM32Cube/Repository/STM32Cube_FW_F7_V1.17.1/Drivers/STM32F7xx_HAL_Driver/Inc/Legacy -IC:/Users/honho/STM32Cube/Repository/STM32Cube_FW_F7_V1.17.1/Drivers/CMSIS/Device/ST/STM32F7xx/Include -IC:/Users/honho/STM32Cube/Repository/STM32Cube_FW_F7_V1.17.1/Drivers/CMSIS/Include -O0 -ffunction-sections -fdata-sections -Wall -fstack-usage -fcyclomatic-complexity -MMD -MP -MF"Drivers/STM32F7xx_HAL_Driver/stm32f7xx_hal_gpio.d" -MT"Drivers/STM32F7xx_HAL_Driver/stm32f7xx_hal_gpio.o" --specs=nano.specs -mfpu=fpv5-d16 -mfloat-abi=hard -mthumb -o "Drivers/STM32F7xx_HAL_Driver/stm32f7xx_hal_gpio.o"
arm-none-eabi-gcc "C:/Users/honho/STM32Cube/Repository/STM32Cube_FW_F7_V1.17.1/Drivers/STM32F7xx_HAL_Driver/Src/stm32f7xx_hal_i2c.c" -mcpu=cortex-m7 -std=gnu11 -g3 -DDEBUG -DUSE_HAL_DRIVER -DSTM32F767xx -c -I../Core/Inc -IC:/Users/honho/STM32Cube/Repository/STM32Cube_FW_F7_V1.17.1/Drivers/STM32F7xx_HAL_Driver/Inc -IC:/Users/honho/STM32Cube/Repository/STM32Cube_FW_F7_V1.17.1/Drivers/STM32F7xx_HAL_Driver/Inc/Legacy -IC:/Users/honho/STM32Cube/Repository/STM32Cube_FW_F7_V1.17.1/Drivers/CMSIS/Device/ST/STM32F7xx/Include -IC:/Users/honho/STM32Cube/Repository/STM32Cube_FW_F7_V1.17.1/Drivers/CMSIS/Include -O0 -ffunction-sections -fdata-sections -Wall -fstack-usage -fcyclomatic-complexity -MMD -MP -MF"Drivers/STM32F7xx_HAL_Driver/stm32f7xx_hal_i2c.d" -MT"Drivers/STM32F7xx_HAL_Driver/stm32f7xx_hal_i2c.o" --specs=nano.specs -mfpu=fpv5-d16 -mfloat-abi=hard -mthumb -o "Drivers/STM32F7xx_HAL_Driver/stm32f7xx_hal_i2c.o"
arm-none-eabi-gcc "C:/Users/honho/STM32Cube/Repository/STM32Cube_FW_F7_V1.17.1/Drivers/STM32F7xx_HAL_Driver/Src/stm32f7xx_hal_i2c_ex.c" -mcpu=cortex-m7 -std=gnu11 -g3 -DDEBUG -DUSE_HAL_DRIVER -DSTM32F767xx -c -I../Core/Inc -IC:/Users/honho/STM32Cube/Repository/STM32Cube_FW_F7_V1.17.1/Drivers/STM32F7xx_HAL_Driver/Inc -IC:/Users/honho/STM32Cube/Repository/STM32Cube_FW_F7_V1.17.1/Drivers/STM32F7xx_HAL_Driver/Inc/Legacy -IC:/Users/honho/STM32Cube/Repository/STM32Cube_FW_F7_V1.17.1/Drivers/CMSIS/Device/ST/STM32F7xx/Include -IC:/Users/honho/STM32Cube/Repository/STM32Cube_FW_F7_V1.17.1/Drivers/CMSIS/Include -O0 -ffunction-sections -fdata-sections -Wall -fstack-usage -fcyclomatic-complexity -MMD -MP -MF"Drivers/STM32F7xx_HAL_Driver/stm32f7xx_hal_i2c_ex.d" -MT"Drivers/STM32F7xx_HAL_Driver/stm32f7xx_hal_i2c_ex.o" --specs=nano.specs -mfpu=fpv5-d16 -mfloat-abi=hard -mthumb -o "Drivers/STM32F7xx_HAL_Driver/stm32f7xx_hal_i2c_ex.o"
arm-none-eabi-gcc "C:/Users/honho/STM32Cube/Repository/STM32Cube_FW_F7_V1.17.1/Drivers/STM32F7xx_HAL_Driver/Src/stm32f7xx_hal_pwr.c" -mcpu=cortex-m7 -std=gnu11 -g3 -DDEBUG -DUSE_HAL_DRIVER -DSTM32F767xx -c -I../Core/Inc -IC:/Users/honho/STM32Cube/Repository/STM32Cube_FW_F7_V1.17.1/Drivers/STM32F7xx_HAL_Driver/Inc -IC:/Users/honho/STM32Cube/Repository/STM32Cube_FW_F7_V1.17.1/Drivers/STM32F7xx_HAL_Driver/Inc/Legacy -IC:/Users/honho/STM32Cube/Repository/STM32Cube_FW_F7_V1.17.1/Drivers/CMSIS/Device/ST/STM32F7xx/Include -IC:/Users/honho/STM32Cube/Repository/STM32Cube_FW_F7_V1.17.1/Drivers/CMSIS/Include -O0 -ffunction-sections -fdata-sections -Wall -fstack-usage -fcyclomatic-complexity -MMD -MP -MF"Drivers/STM32F7xx_HAL_Driver/stm32f7xx_hal_pwr.d" -MT"Drivers/STM32F7xx_HAL_Driver/stm32f7xx_hal_pwr.o" --specs=nano.specs -mfpu=fpv5-d16 -mfloat-abi=hard -mthumb -o "Drivers/STM32F7xx_HAL_Driver/stm32f7xx_hal_pwr.o"
arm-none-eabi-gcc "C:/Users/honho/STM32Cube/Repository/STM32Cube_FW_F7_V1.17.1/Drivers/STM32F7xx_HAL_Driver/Src/stm32f7xx_hal_pwr_ex.c" -mcpu=cortex-m7 -std=gnu11 -g3 -DDEBUG -DUSE_HAL_DRIVER -DSTM32F767xx -c -I../Core/Inc -IC:/Users/honho/STM32Cube/Repository/STM32Cube_FW_F7_V1.17.1/Drivers/STM32F7xx_HAL_Driver/Inc -IC:/Users/honho/STM32Cube/Repository/STM32Cube_FW_F7_V1.17.1/Drivers/STM32F7xx_HAL_Driver/Inc/Legacy -IC:/Users/honho/STM32Cube/Repository/STM32Cube_FW_F7_V1.17.1/Drivers/CMSIS/Device/ST/STM32F7xx/Include -IC:/Users/honho/STM32Cube/Repository/STM32Cube_FW_F7_V1.17.1/Drivers/CMSIS/Include -O0 -ffunction-sections -fdata-sections -Wall -fstack-usage -fcyclomatic-complexity -MMD -MP -MF"Drivers/STM32F7xx_HAL_Driver/stm32f7xx_hal_pwr_ex.d" -MT"Drivers/STM32F7xx_HAL_Driver/stm32f7xx_hal_pwr_ex.o" --specs=nano.specs -mfpu=fpv5-d16 -mfloat-abi=hard -mthumb -o "Drivers/STM32F7xx_HAL_Driver/stm32f7xx_hal_pwr_ex.o"
arm-none-eabi-gcc "C:/Users/honho/STM32Cube/Repository/STM32Cube_FW_F7_V1.17.1/Drivers/STM32F7xx_HAL_Driver/Src/stm32f7xx_hal_rcc.c" -mcpu=cortex-m7 -std=gnu11 -g3 -DDEBUG -DUSE_HAL_DRIVER -DSTM32F767xx -c -I../Core/Inc -IC:/Users/honho/STM32Cube/Repository/STM32Cube_FW_F7_V1.17.1/Drivers/STM32F7xx_HAL_Driver/Inc -IC:/Users/honho/STM32Cube/Repository/STM32Cube_FW_F7_V1.17.1/Drivers/STM32F7xx_HAL_Driver/Inc/Legacy -IC:/Users/honho/STM32Cube/Repository/STM32Cube_FW_F7_V1.17.1/Drivers/CMSIS/Device/ST/STM32F7xx/Include -IC:/Users/honho/STM32Cube/Repository/STM32Cube_FW_F7_V1.17.1/Drivers/CMSIS/Include -O0 -ffunction-sections -fdata-sections -Wall -fstack-usage -fcyclomatic-complexity -MMD -MP -MF"Drivers/STM32F7xx_HAL_Driver/stm32f7xx_hal_rcc.d" -MT"Drivers/STM32F7xx_HAL_Driver/stm32f7xx_hal_rcc.o" --specs=nano.specs -mfpu=fpv5-d16 -mfloat-abi=hard -mthumb -o "Drivers/STM32F7xx_HAL_Driver/stm32f7xx_hal_rcc.o"
arm-none-eabi-gcc "C:/Users/honho/STM32Cube/Repository/STM32Cube_FW_F7_V1.17.1/Drivers/STM32F7xx_HAL_Driver/Src/stm32f7xx_hal_rcc_ex.c" -mcpu=cortex-m7 -std=gnu11 -g3 -DDEBUG -DUSE_HAL_DRIVER -DSTM32F767xx -c -I../Core/Inc -IC:/Users/honho/STM32Cube/Repository/STM32Cube_FW_F7_V1.17.1/Drivers/STM32F7xx_HAL_Driver/Inc -IC:/Users/honho/STM32Cube/Repository/STM32Cube_FW_F7_V1.17.1/Drivers/STM32F7xx_HAL_Driver/Inc/Legacy -IC:/Users/honho/STM32Cube/Repository/STM32Cube_FW_F7_V1.17.1/Drivers/CMSIS/Device/ST/STM32F7xx/Include -IC:/Users/honho/STM32Cube/Repository/STM32Cube_FW_F7_V1.17.1/Drivers/CMSIS/Include -O0 -ffunction-sections -fdata-sections -Wall -fstack-usage -fcyclomatic-complexity -MMD -MP -MF"Drivers/STM32F7xx_HAL_Driver/stm32f7xx_hal_rcc_ex.d" -MT"Drivers/STM32F7xx_HAL_Driver/stm32f7xx_hal_rcc_ex.o" --specs=nano.specs -mfpu=fpv5-d16 -mfloat-abi=hard -mthumb -o "Drivers/STM32F7xx_HAL_Driver/stm32f7xx_hal_rcc_ex.o"
arm-none-eabi-gcc "C:/Users/honho/STM32Cube/Repository/STM32Cube_FW_F7_V1.17.1/Drivers/STM32F7xx_HAL_Driver/Src/stm32f7xx_hal_uart.c" -mcpu=cortex-m7 -std=gnu11 -g3 -DDEBUG -DUSE_HAL_DRIVER -DSTM32F767xx -c -I../Core/Inc -IC:/Users/honho/STM32Cube/Repository/STM32Cube_FW_F7_V1.17.1/Drivers/STM32F7xx_HAL_Driver/Inc -IC:/Users/honho/STM32Cube/Repository/STM32Cube_FW_F7_V1.17.1/Drivers/STM32F7xx_HAL_Driver/Inc/Legacy -IC:/Users/honho/STM32Cube/Repository/STM32Cube_FW_F7_V1.17.1/Drivers/CMSIS/Device/ST/STM32F7xx/Include -IC:/Users/honho/STM32Cube/Repository/STM32Cube_FW_F7_V1.17.1/Drivers/CMSIS/Include -O0 -ffunction-sections -fdata-sections -Wall -fstack-usage -fcyclomatic-complexity -MMD -MP -MF"Drivers/STM32F7xx_HAL_Driver/stm32f7xx_hal_uart.d" -MT"Drivers/STM32F7xx_HAL_Driver/stm32f7xx_hal_uart.o" --specs=nano.specs -mfpu=fpv5-d16 -mfloat-abi=hard -mthumb -o "Drivers/STM32F7xx_HAL_Driver/stm32f7xx_hal_uart.o"
arm-none-eabi-gcc "C:/Users/honho/STM32Cube/Repository/STM32Cube_FW_F7_V1.17.1/Drivers/STM32F7xx_HAL_Driver/Src/stm32f7xx_hal_uart_ex.c" -mcpu=cortex-m7 -std=gnu11 -g3 -DDEBUG -DUSE_HAL_DRIVER -DSTM32F767xx -c -I../Core/Inc -IC:/Users/honho/STM32Cube/Repository/STM32Cube_FW_F7_V1.17.1/Drivers/STM32F7xx_HAL_Driver/Inc -IC:/Users/honho/STM32Cube/Repository/STM32Cube_FW_F7_V1.17.1/Drivers/STM32F7xx_HAL_Driver/Inc/Legacy -IC:/Users/honho/STM32Cube/Repository/STM32Cube_FW_F7_V1.17.1/Drivers/CMSIS/Device/ST/STM32F7xx/Include -IC:/Users/honho/STM32Cube/Repository/STM32Cube_FW_F7_V1.17.1/Drivers/CMSIS/Include -O0 -ffunction-sections -fdata-sections -Wall -fstack-usage -fcyclomatic-complexity -MMD -MP -MF"Drivers/STM32F7xx_HAL_Driver/stm32f7xx_hal_uart_ex.d" -MT"Drivers/STM32F7xx_HAL_Driver/stm32f7xx_hal_uart_ex.o" --specs=nano.specs -mfpu=fpv5-d16 -mfloat-abi=hard -mthumb -o "Drivers/STM32F7xx_HAL_Driver/stm32f7xx_hal_uart_ex.o"
arm-none-eabi-gcc -mcpu=cortex-m7 -g3 -DDEBUG -c -x assembler-with-cpp -MMD -MP -MF"Core/Startup/startup_stm32f767zitx.d" -MT"Core/Startup/startup_stm32f767zitx.o" --specs=nano.specs -mfpu=fpv5-d16 -mfloat-abi=hard -mthumb -o "Core/Startup/startup_stm32f767zitx.o" "../Core/Startup/startup_stm32f767zitx.s"
arm-none-eabi-gcc "../Core/Src/adc.c" -mcpu=cortex-m7 -std=gnu11 -g3 -DDEBUG -DUSE_HAL_DRIVER -DSTM32F767xx -c -I../Core/Inc -IC:/Users/honho/STM32Cube/Repository/STM32Cube_FW_F7_V1.17.1/Drivers/STM32F7xx_HAL_Driver/Inc -IC:/Users/honho/STM32Cube/Repository/STM32Cube_FW_F7_V1.17.1/Drivers/STM32F7xx_HAL_Driver/Inc/Legacy -IC:/Users/honho/STM32Cube/Repository/STM32Cube_FW_F7_V1.17.1/Drivers/CMSIS/Device/ST/STM32F7xx/Include -IC:/Users/honho/STM32Cube/Repository/STM32Cube_FW_F7_V1.17.1/Drivers/CMSIS/Include -O0 -ffunction-sections -fdata-sections -Wall -fstack-usage -fcyclomatic-complexity -MMD -MP -MF"Core/Src/adc.d" -MT"Core/Src/adc.o" --specs=nano.specs -mfpu=fpv5-d16 -mfloat-abi=hard -mthumb -o "Core/Src/adc.o"
arm-none-eabi-gcc "../Core/Src/dma.c" -mcpu=cortex-m7 -std=gnu11 -g3 -DDEBUG -DUSE_HAL_DRIVER -DSTM32F767xx -c -I../Core/Inc -IC:/Users/honho/STM32Cube/Repository/STM32Cube_FW_F7_V1.17.1/Drivers/STM32F7xx_HAL_Driver/Inc -IC:/Users/honho/STM32Cube/Repository/STM32Cube_FW_F7_V1.17.1/Drivers/STM32F7xx_HAL_Driver/Inc/Legacy -IC:/Users/honho/STM32Cube/Repository/STM32Cube_FW_F7_V1.17.1/Drivers/CMSIS/Device/ST/STM32F7xx/Include -IC:/Users/honho/STM32Cube/Repository/STM32Cube_FW_F7_V1.17.1/Drivers/CMSIS/Include -O0 -ffunction-sections -fdata-sections -Wall -fstack-usage -fcyclomatic-complexity -MMD -MP -MF"Core/Src/dma.d" -MT"Core/Src/dma.o" --specs=nano.specs -mfpu=fpv5-d16 -mfloat-abi=hard -mthumb -o "Core/Src/dma.o"
arm-none-eabi-gcc "../Core/Src/gpio.c" -mcpu=cortex-m7 -std=gnu11 -g3 -DDEBUG -DUSE_HAL_DRIVER -DSTM32F767xx -c -I../Core/Inc -IC:/Users/honho/STM32Cube/Repository/STM32Cube_FW_F7_V1.17.1/Drivers/STM32F7xx_HAL_Driver/Inc -IC:/Users/honho/STM32Cube/Repository/STM32Cube_FW_F7_V1.17.1/Drivers/STM32F7xx_HAL_Driver/Inc/Legacy -IC:/Users/honho/STM32Cube/Repository/STM32Cube_FW_F7_V1.17.1/Drivers/CMSIS/Device/ST/STM32F7xx/Include -IC:/Users/honho/STM32Cube/Repository/STM32Cube_FW_F7_V1.17.1/Drivers/CMSIS/Include -O0 -ffunction-sections -fdata-sections -Wall -fstack-usage -fcyclomatic-complexity -MMD -MP -MF"Core/Src/gpio.d" -MT"Core/Src/gpio.o" --specs=nano.specs -mfpu=fpv5-d16 -mfloat-abi=hard -mthumb -o "Core/Src/gpio.o"
arm-none-eabi-gcc "../Core/Src/main.c" -mcpu=cortex-m7 -std=gnu11 -g3 -DDEBUG -DUSE_HAL_DRIVER -DSTM32F767xx -c -I../Core/Inc -IC:/Users/honho/STM32Cube/Repository/STM32Cube_FW_F7_V1.17.1/Drivers/STM32F7xx_HAL_Driver/Inc -IC:/Users/honho/STM32Cube/Repository/STM32Cube_FW_F7_V1.17.1/Drivers/STM32F7xx_HAL_Driver/Inc/Legacy -IC:/Users/honho/STM32Cube/Repository/STM32Cube_FW_F7_V1.17.1/Drivers/CMSIS/Device/ST/STM32F7xx/Include -IC:/Users/honho/STM32Cube/Repository/STM32Cube_FW_F7_V1.17.1/Drivers/CMSIS/Include -O0 -ffunction-sections -fdata-sections -Wall -fstack-usage -fcyclomatic-complexity -MMD -MP -MF"Core/Src/main.d" -MT"Core/Src/main.o" --specs=nano.specs -mfpu=fpv5-d16 -mfloat-abi=hard -mthumb -o "Core/Src/main.o"
arm-none-eabi-gcc "../Core/Src/stm32f7xx_hal_msp.c" -mcpu=cortex-m7 -std=gnu11 -g3 -DDEBUG -DUSE_HAL_DRIVER -DSTM32F767xx -c -I../Core/Inc -IC:/Users/honho/STM32Cube/Repository/STM32Cube_FW_F7_V1.17.1/Drivers/STM32F7xx_HAL_Driver/Inc -IC:/Users/honho/STM32Cube/Repository/STM32Cube_FW_F7_V1.17.1/Drivers/STM32F7xx_HAL_Driver/Inc/Legacy -IC:/Users/honho/STM32Cube/Repository/STM32Cube_FW_F7_V1.17.1/Drivers/CMSIS/Device/ST/STM32F7xx/Include -IC:/Users/honho/STM32Cube/Repository/STM32Cube_FW_F7_V1.17.1/Drivers/CMSIS/Include -O0 -ffunction-sections -fdata-sections -Wall -fstack-usage -fcyclomatic-complexity -MMD -MP -MF"Core/Src/stm32f7xx_hal_msp.d" -MT"Core/Src/stm32f7xx_hal_msp.o" --specs=nano.specs -mfpu=fpv5-d16 -mfloat-abi=hard -mthumb -o "Core/Src/stm32f7xx_hal_msp.o"
arm-none-eabi-gcc "../Core/Src/stm32f7xx_it.c" -mcpu=cortex-m7 -std=gnu11 -g3 -DDEBUG -DUSE_HAL_DRIVER -DSTM32F767xx -c -I../Core/Inc -IC:/Users/honho/STM32Cube/Repository/STM32Cube_FW_F7_V1.17.1/Drivers/STM32F7xx_HAL_Driver/Inc -IC:/Users/honho/STM32Cube/Repository/STM32Cube_FW_F7_V1.17.1/Drivers/STM32F7xx_HAL_Driver/Inc/Legacy -IC:/Users/honho/STM32Cube/Repository/STM32Cube_FW_F7_V1.17.1/Drivers/CMSIS/Device/ST/STM32F7xx/Include -IC:/Users/honho/STM32Cube/Repository/STM32Cube_FW_F7_V1.17.1/Drivers/CMSIS/Include -O0 -ffunction-sections -fdata-sections -Wall -fstack-usage -fcyclomatic-complexity -MMD -MP -MF"Core/Src/stm32f7xx_it.d" -MT"Core/Src/stm32f7xx_it.o" --specs=nano.specs -mfpu=fpv5-d16 -mfloat-abi=hard -mthumb -o "Core/Src/stm32f7xx_it.o"
arm-none-eabi-gcc "../Core/Src/syscalls.c" -mcpu=cortex-m7 -std=gnu11 -g3 -DDEBUG -DUSE_HAL_DRIVER -DSTM32F767xx -c -I../Core/Inc -IC:/Users/honho/STM32Cube/Repository/STM32Cube_FW_F7_V1.17.1/Drivers/STM32F7xx_HAL_Driver/Inc -IC:/Users/honho/STM32Cube/Repository/STM32Cube_FW_F7_V1.17.1/Drivers/STM32F7xx_HAL_Driver/Inc/Legacy -IC:/Users/honho/STM32Cube/Repository/STM32Cube_FW_F7_V1.17.1/Drivers/CMSIS/Device/ST/STM32F7xx/Include -IC:/Users/honho/STM32Cube/Repository/STM32Cube_FW_F7_V1.17.1/Drivers/CMSIS/Include -O0 -ffunction-sections -fdata-sections -Wall -fstack-usage -fcyclomatic-complexity -MMD -MP -MF"Core/Src/syscalls.d" -MT"Core/Src/syscalls.o" --specs=nano.specs -mfpu=fpv5-d16 -mfloat-abi=hard -mthumb -o "Core/Src/syscalls.o"
arm-none-eabi-gcc "../Core/Src/sysmem.c" -mcpu=cortex-m7 -std=gnu11 -g3 -DDEBUG -DUSE_HAL_DRIVER -DSTM32F767xx -c -I../Core/Inc -IC:/Users/honho/STM32Cube/Repository/STM32Cube_FW_F7_V1.17.1/Drivers/STM32F7xx_HAL_Driver/Inc -IC:/Users/honho/STM32Cube/Repository/STM32Cube_FW_F7_V1.17.1/Drivers/STM32F7xx_HAL_Driver/Inc/Legacy -IC:/Users/honho/STM32Cube/Repository/STM32Cube_FW_F7_V1.17.1/Drivers/CMSIS/Device/ST/STM32F7xx/Include -IC:/Users/honho/STM32Cube/Repository/STM32Cube_FW_F7_V1.17.1/Drivers/CMSIS/Include -O0 -ffunction-sections -fdata-sections -Wall -fstack-usage -fcyclomatic-complexity -MMD -MP -MF"Core/Src/sysmem.d" -MT"Core/Src/sysmem.o" --specs=nano.specs -mfpu=fpv5-d16 -mfloat-abi=hard -mthumb -o "Core/Src/sysmem.o"
arm-none-eabi-gcc "../Core/Src/system_stm32f7xx.c" -mcpu=cortex-m7 -std=gnu11 -g3 -DDEBUG -DUSE_HAL_DRIVER -DSTM32F767xx -c -I../Core/Inc -IC:/Users/honho/STM32Cube/Repository/STM32Cube_FW_F7_V1.17.1/Drivers/STM32F7xx_HAL_Driver/Inc -IC:/Users/honho/STM32Cube/Repository/STM32Cube_FW_F7_V1.17.1/Drivers/STM32F7xx_HAL_Driver/Inc/Legacy -IC:/Users/honho/STM32Cube/Repository/STM32Cube_FW_F7_V1.17.1/Drivers/CMSIS/Device/ST/STM32F7xx/Include -IC:/Users/honho/STM32Cube/Repository/STM32Cube_FW_F7_V1.17.1/Drivers/CMSIS/Include -O0 -ffunction-sections -fdata-sections -Wall -fstack-usage -fcyclomatic-complexity -MMD -MP -MF"Core/Src/system_stm32f7xx.d" -MT"Core/Src/system_stm32f7xx.o" --specs=nano.specs -mfpu=fpv5-d16 -mfloat-abi=hard -mthumb -o "Core/Src/system_stm32f7xx.o"
arm-none-eabi-gcc "../Core/Src/usart.c" -mcpu=cortex-m7 -std=gnu11 -g3 -DDEBUG -DUSE_HAL_DRIVER -DSTM32F767xx -c -I../Core/Inc -IC:/Users/honho/STM32Cube/Repository/STM32Cube_FW_F7_V1.17.1/Drivers/STM32F7xx_HAL_Driver/Inc -IC:/Users/honho/STM32Cube/Repository/STM32Cube_FW_F7_V1.17.1/Drivers/STM32F7xx_HAL_Driver/Inc/Legacy -IC:/Users/honho/STM32Cube/Repository/STM32Cube_FW_F7_V1.17.1/Drivers/CMSIS/Device/ST/STM32F7xx/Include -IC:/Users/honho/STM32Cube/Repository/STM32Cube_FW_F7_V1.17.1/Drivers/CMSIS/Include -O0 -ffunction-sections -fdata-sections -Wall -fstack-usage -fcyclomatic-complexity -MMD -MP -MF"Core/Src/usart.d" -MT"Core/Src/usart.o" --specs=nano.specs -mfpu=fpv5-d16 -mfloat-abi=hard -mthumb -o "Core/Src/usart.o"
../Core/Src/main.c:54:13: warning: 'MPU_Initialize' declared 'static' but never defined [-Wunused-function]
   54 | static void MPU_Initialize(void);
      |             ^~~~~~~~~~~~~~
arm-none-eabi-gcc -o "Lab05.elf" @"objects.list"   -mcpu=cortex-m7 -T"C:\Users\honho\STM32CubeIDE\MAD_Lab\Lab5Spe\Lab05\STM32F767ZITX_FLASH.ld" --specs=nosys.specs -Wl,-Map="Lab05.map" -Wl,--gc-sections -static --specs=nano.specs -mfpu=fpv5-d16 -mfloat-abi=hard -mthumb -Wl,--start-group -lc -lm -Wl,--end-group
Finished building target: Lab05.elf
 
arm-none-eabi-size   Lab05.elf 
arm-none-eabi-objdump -h -S  Lab05.elf  > "Lab05.list"
   text	   data	    bss	    dec	    hex	filename
  14940	     20	   1876	  16836	   41c4	Lab05.elf
Finished building: default.size.stdout
 
Finished building: Lab05.list
 
12:34:50 **** Incremental Build of configuration Debug for project Lab05 ****
make -j16 all 
arm-none-eabi-gcc "../Core/Src/main.c" -mcpu=cortex-m7 -std=gnu11 -g3 -DDEBUG -DUSE_HAL_DRIVER -DSTM32F767xx -c -I../Core/Inc -IC:/Users/honho/STM32Cube/Repository/STM32Cube_FW_F7_V1.17.1/Drivers/STM32F7xx_HAL_Driver/Inc -IC:/Users/honho/STM32Cube/Repository/STM32Cube_FW_F7_V1.17.1/Drivers/STM32F7xx_HAL_Driver/Inc/Legacy -IC:/Users/honho/STM32Cube/Repository/STM32Cube_FW_F7_V1.17.1/Drivers/CMSIS/Device/ST/STM32F7xx/Include -IC:/Users/honho/STM32Cube/Repository/STM32Cube_FW_F7_V1.17.1/Drivers/CMSIS/Include -O0 -ffunction-sections -fdata-sections -Wall -fstack-usage -fcyclomatic-complexity -MMD -MP -MF"Core/Src/main.d" -MT"Core/Src/main.o" --specs=nano.specs -mfpu=fpv5-d16 -mfloat-abi=hard -mthumb -o "Core/Src/main.o"
../Core/Src/main.c: In function 'main':
../Core/Src/main.c:117:11: warning: implicit declaration of function 'snprintf' [-Wimplicit-function-declaration]
  117 |           snprintf(dma_res_buffer,300,"R1 => CH_1: %d, CH_2: %d, CH_3: %d, CH_4: %d\r\nR2 => CH_5: %d, CH_6: %d, CH_7: %d, CH_8: %d\r\n\r\n"
      |           ^~~~~~~~
../Core/Src/main.c:21:1: note: include '<stdio.h>' or provide a declaration of 'snprintf'
   20 | #include "main.h"
  +++ |+#include <stdio.h>
   21 | 
../Core/Src/main.c:117:11: warning: incompatible implicit declaration of built-in function 'snprintf' [-Wbuiltin-declaration-mismatch]
  117 |           snprintf(dma_res_buffer,300,"R1 => CH_1: %d, CH_2: %d, CH_3: %d, CH_4: %d\r\nR2 => CH_5: %d, CH_6: %d, CH_7: %d, CH_8: %d\r\n\r\n"
      |           ^~~~~~~~
../Core/Src/main.c:117:11: note: include '<stdio.h>' or provide a declaration of 'snprintf'
../Core/Src/main.c:117:53: warning: format '%d' expects argument of type 'int', but argument 4 has type 'uint32_t' {aka 'long unsigned int'} [-Wformat=]
  117 |           snprintf(dma_res_buffer,300,"R1 => CH_1: %d, CH_2: %d, CH_3: %d, CH_4: %d\r\nR2 => CH_5: %d, CH_6: %d, CH_7: %d, CH_8: %d\r\n\r\n"
      |                                                    ~^
      |                                                     |
      |                                                     int
      |                                                    %ld
  118 |                           , res_adc_dma[0], res_adc_dma[1], res_adc_dma[2], res_adc_dma[3], res_adc_dma[4], res_adc_dma[5], res_adc_dma[6], res_adc_dma[7]);
      |                             ~~~~~~~~~~~~~~           
      |                                        |
      |                                        uint32_t {aka long unsigned int}
../Core/Src/main.c:117:63: warning: format '%d' expects argument of type 'int', but argument 5 has type 'uint32_t' {aka 'long unsigned int'} [-Wformat=]
  117 |           snprintf(dma_res_buffer,300,"R1 => CH_1: %d, CH_2: %d, CH_3: %d, CH_4: %d\r\nR2 => CH_5: %d, CH_6: %d, CH_7: %d, CH_8: %d\r\n\r\n"
      |                                                              ~^
      |                                                               |
      |                                                               int
      |                                                              %ld
  118 |                           , res_adc_dma[0], res_adc_dma[1], res_adc_dma[2], res_adc_dma[3], res_adc_dma[4], res_adc_dma[5], res_adc_dma[6], res_adc_dma[7]);
      |                                             ~~~~~~~~~~~~~~     
      |                                                        |
      |                                                        uint32_t {aka long unsigned int}
../Core/Src/main.c:117:73: warning: format '%d' expects argument of type 'int', but argument 6 has type 'uint32_t' {aka 'long unsigned int'} [-Wformat=]
  117 |           snprintf(dma_res_buffer,300,"R1 => CH_1: %d, CH_2: %d, CH_3: %d, CH_4: %d\r\nR2 => CH_5: %d, CH_6: %d, CH_7: %d, CH_8: %d\r\n\r\n"
      |                                                                        ~^
      |                                                                         |
      |                                                                         int
      |                                                                        %ld
  118 |                           , res_adc_dma[0], res_adc_dma[1], res_adc_dma[2], res_adc_dma[3], res_adc_dma[4], res_adc_dma[5], res_adc_dma[6], res_adc_dma[7]);
      |                                                             ~~~~~~~~~~~~~~
      |                                                                        |
      |                                                                        uint32_t {aka long unsigned int}
../Core/Src/main.c:117:83: warning: format '%d' expects argument of type 'int', but argument 7 has type 'uint32_t' {aka 'long unsigned int'} [-Wformat=]
  117 |           snprintf(dma_res_buffer,300,"R1 => CH_1: %d, CH_2: %d, CH_3: %d, CH_4: %d\r\nR2 => CH_5: %d, CH_6: %d, CH_7: %d, CH_8: %d\r\n\r\n"
      |                                                                                  ~^
      |                                                                                   |
      |                                                                                   int
      |                                                                                  %ld
  118 |                           , res_adc_dma[0], res_adc_dma[1], res_adc_dma[2], res_adc_dma[3], res_adc_dma[4], res_adc_dma[5], res_adc_dma[6], res_adc_dma[7]);
      |                                                                             ~~~~~~~~~~~~~~
      |                                                                                        |
      |                                                                                        uint32_t {aka long unsigned int}
../Core/Src/main.c:117:101: warning: format '%d' expects argument of type 'int', but argument 8 has type 'uint32_t' {aka 'long unsigned int'} [-Wformat=]
  117 |           snprintf(dma_res_buffer,300,"R1 => CH_1: %d, CH_2: %d, CH_3: %d, CH_4: %d\r\nR2 => CH_5: %d, CH_6: %d, CH_7: %d, CH_8: %d\r\n\r\n"
      |                                                                                                    ~^
      |                                                                                                     |
      |                                                                                                     int
      |                                                                                                    %ld
  118 |                           , res_adc_dma[0], res_adc_dma[1], res_adc_dma[2], res_adc_dma[3], res_adc_dma[4], res_adc_dma[5], res_adc_dma[6], res_adc_dma[7]);
      |                                                                                             ~~~~~~~~~~~~~~
      |                                                                                                        |
      |                                                                                                        uint32_t {aka long unsigned int}
../Core/Src/main.c:117:111: warning: format '%d' expects argument of type 'int', but argument 9 has type 'uint32_t' {aka 'long unsigned int'} [-Wformat=]
  117 |           snprintf(dma_res_buffer,300,"R1 => CH_1: %d, CH_2: %d, CH_3: %d, CH_4: %d\r\nR2 => CH_5: %d, CH_6: %d, CH_7: %d, CH_8: %d\r\n\r\n"
      |                                                                                                              ~^
      |                                                                                                               |
      |                                                                                                               int
      |                                                                                                              %ld
  118 |                           , res_adc_dma[0], res_adc_dma[1], res_adc_dma[2], res_adc_dma[3], res_adc_dma[4], res_adc_dma[5], res_adc_dma[6], res_adc_dma[7]);
      |                                                                                                             ~~~~~~~~~~~~~~
      |                                                                                                                        |
      |                                                                                                                        uint32_t {aka long unsigned int}
../Core/Src/main.c:117:121: warning: format '%d' expects argument of type 'int', but argument 10 has type 'uint32_t' {aka 'long unsigned int'} [-Wformat=]
  117 |           snprintf(dma_res_buffer,300,"R1 => CH_1: %d, CH_2: %d, CH_3: %d, CH_4: %d\r\nR2 => CH_5: %d, CH_6: %d, CH_7: %d, CH_8: %d\r\n\r\n"
      |                                                                                                                        ~^
      |                                                                                                                         |
      |                                                                                                                         int
      |                                                                                                                        %ld
  118 |                           , res_adc_dma[0], res_adc_dma[1], res_adc_dma[2], res_adc_dma[3], res_adc_dma[4], res_adc_dma[5], res_adc_dma[6], res_adc_dma[7]);
      |                                                                                                                             ~~~~~~~~~~~~~~
      |                                                                                                                                        |
      |                                                                                                                                        uint32_t {aka long unsigned int}
../Core/Src/main.c:117:131: warning: format '%d' expects argument of type 'int', but argument 11 has type 'uint32_t' {aka 'long unsigned int'} [-Wformat=]
  117 |           snprintf(dma_res_buffer,300,"R1 => CH_1: %d, CH_2: %d, CH_3: %d, CH_4: %d\r\nR2 => CH_5: %d, CH_6: %d, CH_7: %d, CH_8: %d\r\n\r\n"
      |                                                                                                                                  ~^
      |                                                                                                                                   |
      |                                                                                                                                   int
      |                                                                                                                                  %ld
  118 |                           , res_adc_dma[0], res_adc_dma[1], res_adc_dma[2], res_adc_dma[3], res_adc_dma[4], res_adc_dma[5], res_adc_dma[6], res_adc_dma[7]);
      |                                                                                                                                             ~~~~~~~~~~~~~~
      |                                                                                                                                                        |
      |                                                                                                                                                        uint32_t {aka long unsigned int}
../Core/Src/main.c:120:65: warning: implicit declaration of function 'strlen' [-Wimplicit-function-declaration]
  120 |           HAL_UART_Transmit(&huart3, (uint8_t*) dma_res_buffer, strlen(dma_res_buffer), 1000);
      |                                                                 ^~~~~~
../Core/Src/main.c:21:1: note: include '<string.h>' or provide a declaration of 'strlen'
   20 | #include "main.h"
  +++ |+#include <string.h>
   21 | 
../Core/Src/main.c:120:65: warning: incompatible implicit declaration of built-in function 'strlen' [-Wbuiltin-declaration-mismatch]
  120 |           HAL_UART_Transmit(&huart3, (uint8_t*) dma_res_buffer, strlen(dma_res_buffer), 1000);
      |                                                                 ^~~~~~
../Core/Src/main.c:120:65: note: include '<string.h>' or provide a declaration of 'strlen'
../Core/Src/main.c: At top level:
../Core/Src/main.c:57:13: warning: 'MPU_Initialize' declared 'static' but never defined [-Wunused-function]
   57 | static void MPU_Initialize(void);
      |             ^~~~~~~~~~~~~~
arm-none-eabi-gcc -o "Lab05.elf" @"objects.list"   -mcpu=cortex-m7 -T"C:\Users\honho\STM32CubeIDE\MAD_Lab\Lab5Spe\Lab05\STM32F767ZITX_FLASH.ld" --specs=nosys.specs -Wl,-Map="Lab05.map" -Wl,--gc-sections -static --specs=nano.specs -mfpu=fpv5-d16 -mfloat-abi=hard -mthumb -Wl,--start-group -lc -lm -Wl,--end-group
C:/ST/STM32CubeIDE_1.13.0/STM32CubeIDE/plugins/com.st.stm32cube.ide.mcu.externaltools.gnu-tools-for-stm32.11.3.rel1.win32_1.1.0.202305231506/tools/bin/../lib/gcc/arm-none-eabi/11.3.1/../../../../arm-none-eabi/bin/ld.exe: ./Core/Src/main.o:C:/Users/honho/STM32CubeIDE/MAD_Lab/Lab5Spe/Lab05/Debug/../Core/Src/main.c:43: multiple definition of `hadc1'; ./Core/Src/adc.o:C:/Users/honho/STM32CubeIDE/MAD_Lab/Lab5Spe/Lab05/Debug/../Core/Src/adc.c:27: first defined here
C:/ST/STM32CubeIDE_1.13.0/STM32CubeIDE/plugins/com.st.stm32cube.ide.mcu.externaltools.gnu-tools-for-stm32.11.3.rel1.win32_1.1.0.202305231506/tools/bin/../lib/gcc/arm-none-eabi/11.3.1/../../../../arm-none-eabi/bin/ld.exe: ./Core/Src/main.o:C:/Users/honho/STM32CubeIDE/MAD_Lab/Lab5Spe/Lab05/Debug/../Core/Src/main.c:44: multiple definition of `hdma_adc1'; ./Core/Src/adc.o:C:/Users/honho/STM32CubeIDE/MAD_Lab/Lab5Spe/Lab05/Debug/../Core/Src/adc.c:28: first defined here
C:/ST/STM32CubeIDE_1.13.0/STM32CubeIDE/plugins/com.st.stm32cube.ide.mcu.externaltools.gnu-tools-for-stm32.11.3.rel1.win32_1.1.0.202305231506/tools/bin/../lib/gcc/arm-none-eabi/11.3.1/../../../../arm-none-eabi/bin/ld.exe: ./Core/Src/usart.o:C:/Users/honho/STM32CubeIDE/MAD_Lab/Lab5Spe/Lab05/Debug/../Core/Src/usart.c:27: multiple definition of `huart3'; ./Core/Src/main.o:C:/Users/honho/STM32CubeIDE/MAD_Lab/Lab5Spe/Lab05/Debug/../Core/Src/main.c:46: first defined here
collect2.exe: error: ld returned 1 exit status
make: *** [makefile:64: Lab05.elf] Error 1
"make -j16 all" terminated with exit code 2. Build might be incomplete.
12:35:10 **** Incremental Build of configuration Debug for project Lab05 ****
make -j16 all 
arm-none-eabi-gcc -o "Lab05.elf" @"objects.list"   -mcpu=cortex-m7 -T"C:\Users\honho\STM32CubeIDE\MAD_Lab\Lab5Spe\Lab05\STM32F767ZITX_FLASH.ld" --specs=nosys.specs -Wl,-Map="Lab05.map" -Wl,--gc-sections -static --specs=nano.specs -mfpu=fpv5-d16 -mfloat-abi=hard -mthumb -Wl,--start-group -lc -lm -Wl,--end-group
C:/ST/STM32CubeIDE_1.13.0/STM32CubeIDE/plugins/com.st.stm32cube.ide.mcu.externaltools.gnu-tools-for-stm32.11.3.rel1.win32_1.1.0.202305231506/tools/bin/../lib/gcc/arm-none-eabi/11.3.1/../../../../arm-none-eabi/bin/ld.exe: ./Core/Src/main.o:C:/Users/honho/STM32CubeIDE/MAD_Lab/Lab5Spe/Lab05/Debug/../Core/Src/main.c:43: multiple definition of `hadc1'; ./Core/Src/adc.o:C:/Users/honho/STM32CubeIDE/MAD_Lab/Lab5Spe/Lab05/Debug/../Core/Src/adc.c:27: first defined here
C:/ST/STM32CubeIDE_1.13.0/STM32CubeIDE/plugins/com.st.stm32cube.ide.mcu.externaltools.gnu-tools-for-stm32.11.3.rel1.win32_1.1.0.202305231506/tools/bin/../lib/gcc/arm-none-eabi/11.3.1/../../../../arm-none-eabi/bin/ld.exe: ./Core/Src/main.o:C:/Users/honho/STM32CubeIDE/MAD_Lab/Lab5Spe/Lab05/Debug/../Core/Src/main.c:44: multiple definition of `hdma_adc1'; ./Core/Src/adc.o:C:/Users/honho/STM32CubeIDE/MAD_Lab/Lab5Spe/Lab05/Debug/../Core/Src/adc.c:28: first defined here
C:/ST/STM32CubeIDE_1.13.0/STM32CubeIDE/plugins/com.st.stm32cube.ide.mcu.externaltools.gnu-tools-for-stm32.11.3.rel1.win32_1.1.0.202305231506/tools/bin/../lib/gcc/arm-none-eabi/11.3.1/../../../../arm-none-eabi/bin/ld.exe: ./Core/Src/usart.o:C:/Users/honho/STM32CubeIDE/MAD_Lab/Lab5Spe/Lab05/Debug/../Core/Src/usart.c:27: multiple definition of `huart3'; ./Core/Src/main.o:C:/Users/honho/STM32CubeIDE/MAD_Lab/Lab5Spe/Lab05/Debug/../Core/Src/main.c:46: first defined here
collect2.exe: error: ld returned 1 exit status
make: *** [makefile:64: Lab05.elf] Error 1
"make -j16 all" terminated with exit code 2. Build might be incomplete.
12:35:35 **** Incremental Build of configuration Debug for project Lab05 ****
make -j16 all 
arm-none-eabi-gcc "../Core/Src/main.c" -mcpu=cortex-m7 -std=gnu11 -g3 -DDEBUG -DUSE_HAL_DRIVER -DSTM32F767xx -c -I../Core/Inc -IC:/Users/honho/STM32Cube/Repository/STM32Cube_FW_F7_V1.17.1/Drivers/STM32F7xx_HAL_Driver/Inc -IC:/Users/honho/STM32Cube/Repository/STM32Cube_FW_F7_V1.17.1/Drivers/STM32F7xx_HAL_Driver/Inc/Legacy -IC:/Users/honho/STM32Cube/Repository/STM32Cube_FW_F7_V1.17.1/Drivers/CMSIS/Device/ST/STM32F7xx/Include -IC:/Users/honho/STM32Cube/Repository/STM32Cube_FW_F7_V1.17.1/Drivers/CMSIS/Include -O0 -ffunction-sections -fdata-sections -Wall -fstack-usage -fcyclomatic-complexity -MMD -MP -MF"Core/Src/main.d" -MT"Core/Src/main.o" --specs=nano.specs -mfpu=fpv5-d16 -mfloat-abi=hard -mthumb -o "Core/Src/main.o"
../Core/Src/main.c:54:13: warning: 'MPU_Initialize' declared 'static' but never defined [-Wunused-function]
   54 | static void MPU_Initialize(void);
      |             ^~~~~~~~~~~~~~
arm-none-eabi-gcc -o "Lab05.elf" @"objects.list"   -mcpu=cortex-m7 -T"C:\Users\honho\STM32CubeIDE\MAD_Lab\Lab5Spe\Lab05\STM32F767ZITX_FLASH.ld" --specs=nosys.specs -Wl,-Map="Lab05.map" -Wl,--gc-sections -static --specs=nano.specs -mfpu=fpv5-d16 -mfloat-abi=hard -mthumb -Wl,--start-group -lc -lm -Wl,--end-group
Finished building target: Lab05.elf
 
arm-none-eabi-size   Lab05.elf 
arm-none-eabi-objdump -h -S  Lab05.elf  > "Lab05.list"
   text	   data	    bss	    dec	    hex	filename
  14940	     20	   1876	  16836	   41c4	Lab05.elf
Finished building: default.size.stdout
 
Finished building: Lab05.list
 
12:38:19 **** Incremental Build of configuration Debug for project Lab05 ****
make -j16 all 
arm-none-eabi-gcc "../Core/Src/main.c" -mcpu=cortex-m7 -std=gnu11 -g3 -DDEBUG -DUSE_HAL_DRIVER -DSTM32F767xx -c -I../Core/Inc -IC:/Users/honho/STM32Cube/Repository/STM32Cube_FW_F7_V1.17.1/Drivers/STM32F7xx_HAL_Driver/Inc -IC:/Users/honho/STM32Cube/Repository/STM32Cube_FW_F7_V1.17.1/Drivers/STM32F7xx_HAL_Driver/Inc/Legacy -IC:/Users/honho/STM32Cube/Repository/STM32Cube_FW_F7_V1.17.1/Drivers/CMSIS/Device/ST/STM32F7xx/Include -IC:/Users/honho/STM32Cube/Repository/STM32Cube_FW_F7_V1.17.1/Drivers/CMSIS/Include -O0 -ffunction-sections -fdata-sections -Wall -fstack-usage -fcyclomatic-complexity -MMD -MP -MF"Core/Src/main.d" -MT"Core/Src/main.o" --specs=nano.specs -mfpu=fpv5-d16 -mfloat-abi=hard -mthumb -o "Core/Src/main.o"
../Core/Src/main.c: In function 'main':
../Core/Src/main.c:114:11: warning: implicit declaration of function 'snprintf' [-Wimplicit-function-declaration]
  114 |           snprintf(dma_res_buffer,300,"R1 => CH_1: %d, CH_2: %d, CH_3: %d, CH_4: %d\r\nR2 => CH_5: %d, CH_6: %d, CH_7: %d, CH_8: %d\r\n\r\n"
      |           ^~~~~~~~
../Core/Src/main.c:25:1: note: include '<stdio.h>' or provide a declaration of 'snprintf'
   24 | #include "gpio.h"
  +++ |+#include <stdio.h>
   25 | 
../Core/Src/main.c:114:11: warning: incompatible implicit declaration of built-in function 'snprintf' [-Wbuiltin-declaration-mismatch]
  114 |           snprintf(dma_res_buffer,300,"R1 => CH_1: %d, CH_2: %d, CH_3: %d, CH_4: %d\r\nR2 => CH_5: %d, CH_6: %d, CH_7: %d, CH_8: %d\r\n\r\n"
      |           ^~~~~~~~
../Core/Src/main.c:114:11: note: include '<stdio.h>' or provide a declaration of 'snprintf'
../Core/Src/main.c:114:53: warning: format '%d' expects argument of type 'int', but argument 4 has type 'uint32_t' {aka 'long unsigned int'} [-Wformat=]
  114 |           snprintf(dma_res_buffer,300,"R1 => CH_1: %d, CH_2: %d, CH_3: %d, CH_4: %d\r\nR2 => CH_5: %d, CH_6: %d, CH_7: %d, CH_8: %d\r\n\r\n"
      |                                                    ~^
      |                                                     |
      |                                                     int
      |                                                    %ld
  115 |                           , res_adc_dma[0], res_adc_dma[1], res_adc_dma[2], res_adc_dma[3], res_adc_dma[4], res_adc_dma[5], res_adc_dma[6], res_adc_dma[7]);
      |                             ~~~~~~~~~~~~~~           
      |                                        |
      |                                        uint32_t {aka long unsigned int}
../Core/Src/main.c:114:63: warning: format '%d' expects argument of type 'int', but argument 5 has type 'uint32_t' {aka 'long unsigned int'} [-Wformat=]
  114 |           snprintf(dma_res_buffer,300,"R1 => CH_1: %d, CH_2: %d, CH_3: %d, CH_4: %d\r\nR2 => CH_5: %d, CH_6: %d, CH_7: %d, CH_8: %d\r\n\r\n"
      |                                                              ~^
      |                                                               |
      |                                                               int
      |                                                              %ld
  115 |                           , res_adc_dma[0], res_adc_dma[1], res_adc_dma[2], res_adc_dma[3], res_adc_dma[4], res_adc_dma[5], res_adc_dma[6], res_adc_dma[7]);
      |                                             ~~~~~~~~~~~~~~     
      |                                                        |
      |                                                        uint32_t {aka long unsigned int}
../Core/Src/main.c:114:73: warning: format '%d' expects argument of type 'int', but argument 6 has type 'uint32_t' {aka 'long unsigned int'} [-Wformat=]
  114 |           snprintf(dma_res_buffer,300,"R1 => CH_1: %d, CH_2: %d, CH_3: %d, CH_4: %d\r\nR2 => CH_5: %d, CH_6: %d, CH_7: %d, CH_8: %d\r\n\r\n"
      |                                                                        ~^
      |                                                                         |
      |                                                                         int
      |                                                                        %ld
  115 |                           , res_adc_dma[0], res_adc_dma[1], res_adc_dma[2], res_adc_dma[3], res_adc_dma[4], res_adc_dma[5], res_adc_dma[6], res_adc_dma[7]);
      |                                                             ~~~~~~~~~~~~~~
      |                                                                        |
      |                                                                        uint32_t {aka long unsigned int}
../Core/Src/main.c:114:83: warning: format '%d' expects argument of type 'int', but argument 7 has type 'uint32_t' {aka 'long unsigned int'} [-Wformat=]
  114 |           snprintf(dma_res_buffer,300,"R1 => CH_1: %d, CH_2: %d, CH_3: %d, CH_4: %d\r\nR2 => CH_5: %d, CH_6: %d, CH_7: %d, CH_8: %d\r\n\r\n"
      |                                                                                  ~^
      |                                                                                   |
      |                                                                                   int
      |                                                                                  %ld
  115 |                           , res_adc_dma[0], res_adc_dma[1], res_adc_dma[2], res_adc_dma[3], res_adc_dma[4], res_adc_dma[5], res_adc_dma[6], res_adc_dma[7]);
      |                                                                             ~~~~~~~~~~~~~~
      |                                                                                        |
      |                                                                                        uint32_t {aka long unsigned int}
../Core/Src/main.c:114:101: warning: format '%d' expects argument of type 'int', but argument 8 has type 'uint32_t' {aka 'long unsigned int'} [-Wformat=]
  114 |           snprintf(dma_res_buffer,300,"R1 => CH_1: %d, CH_2: %d, CH_3: %d, CH_4: %d\r\nR2 => CH_5: %d, CH_6: %d, CH_7: %d, CH_8: %d\r\n\r\n"
      |                                                                                                    ~^
      |                                                                                                     |
      |                                                                                                     int
      |                                                                                                    %ld
  115 |                           , res_adc_dma[0], res_adc_dma[1], res_adc_dma[2], res_adc_dma[3], res_adc_dma[4], res_adc_dma[5], res_adc_dma[6], res_adc_dma[7]);
      |                                                                                             ~~~~~~~~~~~~~~
      |                                                                                                        |
      |                                                                                                        uint32_t {aka long unsigned int}
../Core/Src/main.c:114:111: warning: format '%d' expects argument of type 'int', but argument 9 has type 'uint32_t' {aka 'long unsigned int'} [-Wformat=]
  114 |           snprintf(dma_res_buffer,300,"R1 => CH_1: %d, CH_2: %d, CH_3: %d, CH_4: %d\r\nR2 => CH_5: %d, CH_6: %d, CH_7: %d, CH_8: %d\r\n\r\n"
      |                                                                                                              ~^
      |                                                                                                               |
      |                                                                                                               int
      |                                                                                                              %ld
  115 |                           , res_adc_dma[0], res_adc_dma[1], res_adc_dma[2], res_adc_dma[3], res_adc_dma[4], res_adc_dma[5], res_adc_dma[6], res_adc_dma[7]);
      |                                                                                                             ~~~~~~~~~~~~~~
      |                                                                                                                        |
      |                                                                                                                        uint32_t {aka long unsigned int}
../Core/Src/main.c:114:121: warning: format '%d' expects argument of type 'int', but argument 10 has type 'uint32_t' {aka 'long unsigned int'} [-Wformat=]
  114 |           snprintf(dma_res_buffer,300,"R1 => CH_1: %d, CH_2: %d, CH_3: %d, CH_4: %d\r\nR2 => CH_5: %d, CH_6: %d, CH_7: %d, CH_8: %d\r\n\r\n"
      |                                                                                                                        ~^
      |                                                                                                                         |
      |                                                                                                                         int
      |                                                                                                                        %ld
  115 |                           , res_adc_dma[0], res_adc_dma[1], res_adc_dma[2], res_adc_dma[3], res_adc_dma[4], res_adc_dma[5], res_adc_dma[6], res_adc_dma[7]);
      |                                                                                                                             ~~~~~~~~~~~~~~
      |                                                                                                                                        |
      |                                                                                                                                        uint32_t {aka long unsigned int}
../Core/Src/main.c:114:131: warning: format '%d' expects argument of type 'int', but argument 11 has type 'uint32_t' {aka 'long unsigned int'} [-Wformat=]
  114 |           snprintf(dma_res_buffer,300,"R1 => CH_1: %d, CH_2: %d, CH_3: %d, CH_4: %d\r\nR2 => CH_5: %d, CH_6: %d, CH_7: %d, CH_8: %d\r\n\r\n"
      |                                                                                                                                  ~^
      |                                                                                                                                   |
      |                                                                                                                                   int
      |                                                                                                                                  %ld
  115 |                           , res_adc_dma[0], res_adc_dma[1], res_adc_dma[2], res_adc_dma[3], res_adc_dma[4], res_adc_dma[5], res_adc_dma[6], res_adc_dma[7]);
      |                                                                                                                                             ~~~~~~~~~~~~~~
      |                                                                                                                                                        |
      |                                                                                                                                                        uint32_t {aka long unsigned int}
../Core/Src/main.c:117:65: warning: implicit declaration of function 'strlen' [-Wimplicit-function-declaration]
  117 |           HAL_UART_Transmit(&huart3, (uint8_t*) dma_res_buffer, strlen(dma_res_buffer), 1000);
      |                                                                 ^~~~~~
../Core/Src/main.c:25:1: note: include '<string.h>' or provide a declaration of 'strlen'
   24 | #include "gpio.h"
  +++ |+#include <string.h>
   25 | 
../Core/Src/main.c:117:65: warning: incompatible implicit declaration of built-in function 'strlen' [-Wbuiltin-declaration-mismatch]
  117 |           HAL_UART_Transmit(&huart3, (uint8_t*) dma_res_buffer, strlen(dma_res_buffer), 1000);
      |                                                                 ^~~~~~
../Core/Src/main.c:117:65: note: include '<string.h>' or provide a declaration of 'strlen'
../Core/Src/main.c: At top level:
../Core/Src/main.c:57:13: warning: 'MPU_Initialize' declared 'static' but never defined [-Wunused-function]
   57 | static void MPU_Initialize(void);
      |             ^~~~~~~~~~~~~~
arm-none-eabi-gcc -o "Lab05.elf" @"objects.list"   -mcpu=cortex-m7 -T"C:\Users\honho\STM32CubeIDE\MAD_Lab\Lab5Spe\Lab05\STM32F767ZITX_FLASH.ld" --specs=nosys.specs -Wl,-Map="Lab05.map" -Wl,--gc-sections -static --specs=nano.specs -mfpu=fpv5-d16 -mfloat-abi=hard -mthumb -Wl,--start-group -lc -lm -Wl,--end-group
Finished building target: Lab05.elf
 
arm-none-eabi-size   Lab05.elf 
arm-none-eabi-objdump -h -S  Lab05.elf  > "Lab05.list"
   text	   data	    bss	    dec	    hex	filename
  19312	    100	   2540	  21952	   55c0	Lab05.elf
Finished building: default.size.stdout
 
Finished building: Lab05.list
 
12:40:38 **** Incremental Build of configuration Debug for project Lab05 ****
make -j16 all 
arm-none-eabi-size   Lab05.elf 
   text	   data	    bss	    dec	    hex	filename
  19312	    100	   2540	  21952	   55c0	Lab05.elf
Finished building: default.size.stdout
 
12:43:35 **** Incremental Build of configuration Debug for project Lab05 ****
make -j16 all 
arm-none-eabi-size   Lab05.elf 
   text	   data	    bss	    dec	    hex	filename
  19312	    100	   2540	  21952	   55c0	Lab05.elf
Finished building: default.size.stdout
 
12:44:23 **** Incremental Build of configuration Debug for project Lab05 ****
make -j16 all 
arm-none-eabi-gcc "../Core/Src/adc.c" -mcpu=cortex-m7 -std=gnu11 -g3 -DDEBUG -DUSE_HAL_DRIVER -DSTM32F767xx -c -I../Core/Inc -IC:/Users/honho/STM32Cube/Repository/STM32Cube_FW_F7_V1.17.1/Drivers/STM32F7xx_HAL_Driver/Inc -IC:/Users/honho/STM32Cube/Repository/STM32Cube_FW_F7_V1.17.1/Drivers/STM32F7xx_HAL_Driver/Inc/Legacy -IC:/Users/honho/STM32Cube/Repository/STM32Cube_FW_F7_V1.17.1/Drivers/CMSIS/Device/ST/STM32F7xx/Include -IC:/Users/honho/STM32Cube/Repository/STM32Cube_FW_F7_V1.17.1/Drivers/CMSIS/Include -O0 -ffunction-sections -fdata-sections -Wall -fstack-usage -fcyclomatic-complexity -MMD -MP -MF"Core/Src/adc.d" -MT"Core/Src/adc.o" --specs=nano.specs -mfpu=fpv5-d16 -mfloat-abi=hard -mthumb -o "Core/Src/adc.o"
arm-none-eabi-gcc "../Core/Src/main.c" -mcpu=cortex-m7 -std=gnu11 -g3 -DDEBUG -DUSE_HAL_DRIVER -DSTM32F767xx -c -I../Core/Inc -IC:/Users/honho/STM32Cube/Repository/STM32Cube_FW_F7_V1.17.1/Drivers/STM32F7xx_HAL_Driver/Inc -IC:/Users/honho/STM32Cube/Repository/STM32Cube_FW_F7_V1.17.1/Drivers/STM32F7xx_HAL_Driver/Inc/Legacy -IC:/Users/honho/STM32Cube/Repository/STM32Cube_FW_F7_V1.17.1/Drivers/CMSIS/Device/ST/STM32F7xx/Include -IC:/Users/honho/STM32Cube/Repository/STM32Cube_FW_F7_V1.17.1/Drivers/CMSIS/Include -O0 -ffunction-sections -fdata-sections -Wall -fstack-usage -fcyclomatic-complexity -MMD -MP -MF"Core/Src/main.d" -MT"Core/Src/main.o" --specs=nano.specs -mfpu=fpv5-d16 -mfloat-abi=hard -mthumb -o "Core/Src/main.o"
../Core/Src/main.c: In function 'main':
../Core/Src/main.c:114:11: warning: implicit declaration of function 'snprintf' [-Wimplicit-function-declaration]
  114 |           snprintf(dma_res_buffer,300,"R1 => CH_1: %d, CH_2: %d, CH_3: %d, CH_4: %d\r\nR2 => CH_5: %d, CH_6: %d, CH_7: %d, CH_8: %d\r\n\r\n"
      |           ^~~~~~~~
../Core/Src/main.c:25:1: note: include '<stdio.h>' or provide a declaration of 'snprintf'
   24 | #include "gpio.h"
  +++ |+#include <stdio.h>
   25 | 
../Core/Src/main.c:114:11: warning: incompatible implicit declaration of built-in function 'snprintf' [-Wbuiltin-declaration-mismatch]
  114 |           snprintf(dma_res_buffer,300,"R1 => CH_1: %d, CH_2: %d, CH_3: %d, CH_4: %d\r\nR2 => CH_5: %d, CH_6: %d, CH_7: %d, CH_8: %d\r\n\r\n"
      |           ^~~~~~~~
../Core/Src/main.c:114:11: note: include '<stdio.h>' or provide a declaration of 'snprintf'
../Core/Src/main.c:114:53: warning: format '%d' expects argument of type 'int', but argument 4 has type 'uint32_t' {aka 'long unsigned int'} [-Wformat=]
  114 |           snprintf(dma_res_buffer,300,"R1 => CH_1: %d, CH_2: %d, CH_3: %d, CH_4: %d\r\nR2 => CH_5: %d, CH_6: %d, CH_7: %d, CH_8: %d\r\n\r\n"
      |                                                    ~^
      |                                                     |
      |                                                     int
      |                                                    %ld
  115 |                           , res_adc_dma[0], res_adc_dma[1], res_adc_dma[2], res_adc_dma[3], res_adc_dma[4], res_adc_dma[5], res_adc_dma[6], res_adc_dma[7]);
      |                             ~~~~~~~~~~~~~~           
      |                                        |
      |                                        uint32_t {aka long unsigned int}
../Core/Src/main.c:114:63: warning: format '%d' expects argument of type 'int', but argument 5 has type 'uint32_t' {aka 'long unsigned int'} [-Wformat=]
  114 |           snprintf(dma_res_buffer,300,"R1 => CH_1: %d, CH_2: %d, CH_3: %d, CH_4: %d\r\nR2 => CH_5: %d, CH_6: %d, CH_7: %d, CH_8: %d\r\n\r\n"
      |                                                              ~^
      |                                                               |
      |                                                               int
      |                                                              %ld
  115 |                           , res_adc_dma[0], res_adc_dma[1], res_adc_dma[2], res_adc_dma[3], res_adc_dma[4], res_adc_dma[5], res_adc_dma[6], res_adc_dma[7]);
      |                                             ~~~~~~~~~~~~~~     
      |                                                        |
      |                                                        uint32_t {aka long unsigned int}
../Core/Src/main.c:114:73: warning: format '%d' expects argument of type 'int', but argument 6 has type 'uint32_t' {aka 'long unsigned int'} [-Wformat=]
  114 |           snprintf(dma_res_buffer,300,"R1 => CH_1: %d, CH_2: %d, CH_3: %d, CH_4: %d\r\nR2 => CH_5: %d, CH_6: %d, CH_7: %d, CH_8: %d\r\n\r\n"
      |                                                                        ~^
      |                                                                         |
      |                                                                         int
      |                                                                        %ld
  115 |                           , res_adc_dma[0], res_adc_dma[1], res_adc_dma[2], res_adc_dma[3], res_adc_dma[4], res_adc_dma[5], res_adc_dma[6], res_adc_dma[7]);
      |                                                             ~~~~~~~~~~~~~~
      |                                                                        |
      |                                                                        uint32_t {aka long unsigned int}
../Core/Src/main.c:114:83: warning: format '%d' expects argument of type 'int', but argument 7 has type 'uint32_t' {aka 'long unsigned int'} [-Wformat=]
  114 |           snprintf(dma_res_buffer,300,"R1 => CH_1: %d, CH_2: %d, CH_3: %d, CH_4: %d\r\nR2 => CH_5: %d, CH_6: %d, CH_7: %d, CH_8: %d\r\n\r\n"
      |                                                                                  ~^
      |                                                                                   |
      |                                                                                   int
      |                                                                                  %ld
  115 |                           , res_adc_dma[0], res_adc_dma[1], res_adc_dma[2], res_adc_dma[3], res_adc_dma[4], res_adc_dma[5], res_adc_dma[6], res_adc_dma[7]);
      |                                                                             ~~~~~~~~~~~~~~
      |                                                                                        |
      |                                                                                        uint32_t {aka long unsigned int}
../Core/Src/main.c:114:101: warning: format '%d' expects argument of type 'int', but argument 8 has type 'uint32_t' {aka 'long unsigned int'} [-Wformat=]
  114 |           snprintf(dma_res_buffer,300,"R1 => CH_1: %d, CH_2: %d, CH_3: %d, CH_4: %d\r\nR2 => CH_5: %d, CH_6: %d, CH_7: %d, CH_8: %d\r\n\r\n"
      |                                                                                                    ~^
      |                                                                                                     |
      |                                                                                                     int
      |                                                                                                    %ld
  115 |                           , res_adc_dma[0], res_adc_dma[1], res_adc_dma[2], res_adc_dma[3], res_adc_dma[4], res_adc_dma[5], res_adc_dma[6], res_adc_dma[7]);
      |                                                                                             ~~~~~~~~~~~~~~
      |                                                                                                        |
      |                                                                                                        uint32_t {aka long unsigned int}
../Core/Src/main.c:114:111: warning: format '%d' expects argument of type 'int', but argument 9 has type 'uint32_t' {aka 'long unsigned int'} [-Wformat=]
  114 |           snprintf(dma_res_buffer,300,"R1 => CH_1: %d, CH_2: %d, CH_3: %d, CH_4: %d\r\nR2 => CH_5: %d, CH_6: %d, CH_7: %d, CH_8: %d\r\n\r\n"
      |                                                                                                              ~^
      |                                                                                                               |
      |                                                                                                               int
      |                                                                                                              %ld
  115 |                           , res_adc_dma[0], res_adc_dma[1], res_adc_dma[2], res_adc_dma[3], res_adc_dma[4], res_adc_dma[5], res_adc_dma[6], res_adc_dma[7]);
      |                                                                                                             ~~~~~~~~~~~~~~
      |                                                                                                                        |
      |                                                                                                                        uint32_t {aka long unsigned int}
../Core/Src/main.c:114:121: warning: format '%d' expects argument of type 'int', but argument 10 has type 'uint32_t' {aka 'long unsigned int'} [-Wformat=]
  114 |           snprintf(dma_res_buffer,300,"R1 => CH_1: %d, CH_2: %d, CH_3: %d, CH_4: %d\r\nR2 => CH_5: %d, CH_6: %d, CH_7: %d, CH_8: %d\r\n\r\n"
      |                                                                                                                        ~^
      |                                                                                                                         |
      |                                                                                                                         int
      |                                                                                                                        %ld
  115 |                           , res_adc_dma[0], res_adc_dma[1], res_adc_dma[2], res_adc_dma[3], res_adc_dma[4], res_adc_dma[5], res_adc_dma[6], res_adc_dma[7]);
      |                                                                                                                             ~~~~~~~~~~~~~~
      |                                                                                                                                        |
      |                                                                                                                                        uint32_t {aka long unsigned int}
../Core/Src/main.c:114:131: warning: format '%d' expects argument of type 'int', but argument 11 has type 'uint32_t' {aka 'long unsigned int'} [-Wformat=]
  114 |           snprintf(dma_res_buffer,300,"R1 => CH_1: %d, CH_2: %d, CH_3: %d, CH_4: %d\r\nR2 => CH_5: %d, CH_6: %d, CH_7: %d, CH_8: %d\r\n\r\n"
      |                                                                                                                                  ~^
      |                                                                                                                                   |
      |                                                                                                                                   int
      |                                                                                                                                  %ld
  115 |                           , res_adc_dma[0], res_adc_dma[1], res_adc_dma[2], res_adc_dma[3], res_adc_dma[4], res_adc_dma[5], res_adc_dma[6], res_adc_dma[7]);
      |                                                                                                                                             ~~~~~~~~~~~~~~
      |                                                                                                                                                        |
      |                                                                                                                                                        uint32_t {aka long unsigned int}
../Core/Src/main.c:117:65: warning: implicit declaration of function 'strlen' [-Wimplicit-function-declaration]
  117 |           HAL_UART_Transmit(&huart3, (uint8_t*) dma_res_buffer, strlen(dma_res_buffer), 1000);
      |                                                                 ^~~~~~
../Core/Src/main.c:25:1: note: include '<string.h>' or provide a declaration of 'strlen'
   24 | #include "gpio.h"
  +++ |+#include <string.h>
   25 | 
../Core/Src/main.c:117:65: warning: incompatible implicit declaration of built-in function 'strlen' [-Wbuiltin-declaration-mismatch]
  117 |           HAL_UART_Transmit(&huart3, (uint8_t*) dma_res_buffer, strlen(dma_res_buffer), 1000);
      |                                                                 ^~~~~~
../Core/Src/main.c:117:65: note: include '<string.h>' or provide a declaration of 'strlen'
../Core/Src/main.c: At top level:
../Core/Src/main.c:57:13: warning: 'MPU_Initialize' declared 'static' but never defined [-Wunused-function]
   57 | static void MPU_Initialize(void);
      |             ^~~~~~~~~~~~~~
arm-none-eabi-gcc -o "Lab05.elf" @"objects.list"   -mcpu=cortex-m7 -T"C:\Users\honho\STM32CubeIDE\MAD_Lab\Lab5Spe\Lab05\STM32F767ZITX_FLASH.ld" --specs=nosys.specs -Wl,-Map="Lab05.map" -Wl,--gc-sections -static --specs=nano.specs -mfpu=fpv5-d16 -mfloat-abi=hard -mthumb -Wl,--start-group -lc -lm -Wl,--end-group
Finished building target: Lab05.elf
 
arm-none-eabi-size   Lab05.elf 
arm-none-eabi-objdump -h -S  Lab05.elf  > "Lab05.list"
   text	   data	    bss	    dec	    hex	filename
  19312	    100	   2540	  21952	   55c0	Lab05.elf
Finished building: default.size.stdout
 
Finished building: Lab05.list
 
12:46:18 **** Incremental Build of configuration Debug for project Lab05 ****
make -j16 all 
arm-none-eabi-gcc "../Core/Src/adc.c" -mcpu=cortex-m7 -std=gnu11 -g3 -DDEBUG -DUSE_HAL_DRIVER -DSTM32F767xx -c -I../Core/Inc -IC:/Users/honho/STM32Cube/Repository/STM32Cube_FW_F7_V1.17.1/Drivers/STM32F7xx_HAL_Driver/Inc -IC:/Users/honho/STM32Cube/Repository/STM32Cube_FW_F7_V1.17.1/Drivers/STM32F7xx_HAL_Driver/Inc/Legacy -IC:/Users/honho/STM32Cube/Repository/STM32Cube_FW_F7_V1.17.1/Drivers/CMSIS/Device/ST/STM32F7xx/Include -IC:/Users/honho/STM32Cube/Repository/STM32Cube_FW_F7_V1.17.1/Drivers/CMSIS/Include -O0 -ffunction-sections -fdata-sections -Wall -fstack-usage -fcyclomatic-complexity -MMD -MP -MF"Core/Src/adc.d" -MT"Core/Src/adc.o" --specs=nano.specs -mfpu=fpv5-d16 -mfloat-abi=hard -mthumb -o "Core/Src/adc.o"
arm-none-eabi-gcc -o "Lab05.elf" @"objects.list"   -mcpu=cortex-m7 -T"C:\Users\honho\STM32CubeIDE\MAD_Lab\Lab5Spe\Lab05\STM32F767ZITX_FLASH.ld" --specs=nosys.specs -Wl,-Map="Lab05.map" -Wl,--gc-sections -static --specs=nano.specs -mfpu=fpv5-d16 -mfloat-abi=hard -mthumb -Wl,--start-group -lc -lm -Wl,--end-group
Finished building target: Lab05.elf
 
arm-none-eabi-size   Lab05.elf 
arm-none-eabi-objdump -h -S  Lab05.elf  > "Lab05.list"
   text	   data	    bss	    dec	    hex	filename
  19312	    100	   2540	  21952	   55c0	Lab05.elf
Finished building: default.size.stdout
 
Finished building: Lab05.list
 
12:54:42 **** Incremental Build of configuration Debug for project Lab05 ****
make -j16 all 
arm-none-eabi-gcc "C:/Users/honho/STM32Cube/Repository/STM32Cube_FW_F7_V1.17.1/Drivers/STM32F7xx_HAL_Driver/Src/stm32f7xx_hal.c" -mcpu=cortex-m7 -std=gnu11 -g3 -DDEBUG -DUSE_HAL_DRIVER -DSTM32F767xx -c -I../Core/Inc -IC:/Users/honho/STM32Cube/Repository/STM32Cube_FW_F7_V1.17.1/Drivers/STM32F7xx_HAL_Driver/Inc -IC:/Users/honho/STM32Cube/Repository/STM32Cube_FW_F7_V1.17.1/Drivers/STM32F7xx_HAL_Driver/Inc/Legacy -IC:/Users/honho/STM32Cube/Repository/STM32Cube_FW_F7_V1.17.1/Drivers/CMSIS/Device/ST/STM32F7xx/Include -IC:/Users/honho/STM32Cube/Repository/STM32Cube_FW_F7_V1.17.1/Drivers/CMSIS/Include -O0 -ffunction-sections -fdata-sections -Wall -fstack-usage -fcyclomatic-complexity -MMD -MP -MF"Drivers/STM32F7xx_HAL_Driver/stm32f7xx_hal.d" -MT"Drivers/STM32F7xx_HAL_Driver/stm32f7xx_hal.o" --specs=nano.specs -mfpu=fpv5-d16 -mfloat-abi=hard -mthumb -o "Drivers/STM32F7xx_HAL_Driver/stm32f7xx_hal.o"
arm-none-eabi-gcc "C:/Users/honho/STM32Cube/Repository/STM32Cube_FW_F7_V1.17.1/Drivers/STM32F7xx_HAL_Driver/Src/stm32f7xx_hal_adc.c" -mcpu=cortex-m7 -std=gnu11 -g3 -DDEBUG -DUSE_HAL_DRIVER -DSTM32F767xx -c -I../Core/Inc -IC:/Users/honho/STM32Cube/Repository/STM32Cube_FW_F7_V1.17.1/Drivers/STM32F7xx_HAL_Driver/Inc -IC:/Users/honho/STM32Cube/Repository/STM32Cube_FW_F7_V1.17.1/Drivers/STM32F7xx_HAL_Driver/Inc/Legacy -IC:/Users/honho/STM32Cube/Repository/STM32Cube_FW_F7_V1.17.1/Drivers/CMSIS/Device/ST/STM32F7xx/Include -IC:/Users/honho/STM32Cube/Repository/STM32Cube_FW_F7_V1.17.1/Drivers/CMSIS/Include -O0 -ffunction-sections -fdata-sections -Wall -fstack-usage -fcyclomatic-complexity -MMD -MP -MF"Drivers/STM32F7xx_HAL_Driver/stm32f7xx_hal_adc.d" -MT"Drivers/STM32F7xx_HAL_Driver/stm32f7xx_hal_adc.o" --specs=nano.specs -mfpu=fpv5-d16 -mfloat-abi=hard -mthumb -o "Drivers/STM32F7xx_HAL_Driver/stm32f7xx_hal_adc.o"
arm-none-eabi-gcc "C:/Users/honho/STM32Cube/Repository/STM32Cube_FW_F7_V1.17.1/Drivers/STM32F7xx_HAL_Driver/Src/stm32f7xx_hal_adc_ex.c" -mcpu=cortex-m7 -std=gnu11 -g3 -DDEBUG -DUSE_HAL_DRIVER -DSTM32F767xx -c -I../Core/Inc -IC:/Users/honho/STM32Cube/Repository/STM32Cube_FW_F7_V1.17.1/Drivers/STM32F7xx_HAL_Driver/Inc -IC:/Users/honho/STM32Cube/Repository/STM32Cube_FW_F7_V1.17.1/Drivers/STM32F7xx_HAL_Driver/Inc/Legacy -IC:/Users/honho/STM32Cube/Repository/STM32Cube_FW_F7_V1.17.1/Drivers/CMSIS/Device/ST/STM32F7xx/Include -IC:/Users/honho/STM32Cube/Repository/STM32Cube_FW_F7_V1.17.1/Drivers/CMSIS/Include -O0 -ffunction-sections -fdata-sections -Wall -fstack-usage -fcyclomatic-complexity -MMD -MP -MF"Drivers/STM32F7xx_HAL_Driver/stm32f7xx_hal_adc_ex.d" -MT"Drivers/STM32F7xx_HAL_Driver/stm32f7xx_hal_adc_ex.o" --specs=nano.specs -mfpu=fpv5-d16 -mfloat-abi=hard -mthumb -o "Drivers/STM32F7xx_HAL_Driver/stm32f7xx_hal_adc_ex.o"
arm-none-eabi-gcc "C:/Users/honho/STM32Cube/Repository/STM32Cube_FW_F7_V1.17.1/Drivers/STM32F7xx_HAL_Driver/Src/stm32f7xx_hal_cortex.c" -mcpu=cortex-m7 -std=gnu11 -g3 -DDEBUG -DUSE_HAL_DRIVER -DSTM32F767xx -c -I../Core/Inc -IC:/Users/honho/STM32Cube/Repository/STM32Cube_FW_F7_V1.17.1/Drivers/STM32F7xx_HAL_Driver/Inc -IC:/Users/honho/STM32Cube/Repository/STM32Cube_FW_F7_V1.17.1/Drivers/STM32F7xx_HAL_Driver/Inc/Legacy -IC:/Users/honho/STM32Cube/Repository/STM32Cube_FW_F7_V1.17.1/Drivers/CMSIS/Device/ST/STM32F7xx/Include -IC:/Users/honho/STM32Cube/Repository/STM32Cube_FW_F7_V1.17.1/Drivers/CMSIS/Include -O0 -ffunction-sections -fdata-sections -Wall -fstack-usage -fcyclomatic-complexity -MMD -MP -MF"Drivers/STM32F7xx_HAL_Driver/stm32f7xx_hal_cortex.d" -MT"Drivers/STM32F7xx_HAL_Driver/stm32f7xx_hal_cortex.o" --specs=nano.specs -mfpu=fpv5-d16 -mfloat-abi=hard -mthumb -o "Drivers/STM32F7xx_HAL_Driver/stm32f7xx_hal_cortex.o"
arm-none-eabi-gcc "C:/Users/honho/STM32Cube/Repository/STM32Cube_FW_F7_V1.17.1/Drivers/STM32F7xx_HAL_Driver/Src/stm32f7xx_hal_dma.c" -mcpu=cortex-m7 -std=gnu11 -g3 -DDEBUG -DUSE_HAL_DRIVER -DSTM32F767xx -c -I../Core/Inc -IC:/Users/honho/STM32Cube/Repository/STM32Cube_FW_F7_V1.17.1/Drivers/STM32F7xx_HAL_Driver/Inc -IC:/Users/honho/STM32Cube/Repository/STM32Cube_FW_F7_V1.17.1/Drivers/STM32F7xx_HAL_Driver/Inc/Legacy -IC:/Users/honho/STM32Cube/Repository/STM32Cube_FW_F7_V1.17.1/Drivers/CMSIS/Device/ST/STM32F7xx/Include -IC:/Users/honho/STM32Cube/Repository/STM32Cube_FW_F7_V1.17.1/Drivers/CMSIS/Include -O0 -ffunction-sections -fdata-sections -Wall -fstack-usage -fcyclomatic-complexity -MMD -MP -MF"Drivers/STM32F7xx_HAL_Driver/stm32f7xx_hal_dma.d" -MT"Drivers/STM32F7xx_HAL_Driver/stm32f7xx_hal_dma.o" --specs=nano.specs -mfpu=fpv5-d16 -mfloat-abi=hard -mthumb -o "Drivers/STM32F7xx_HAL_Driver/stm32f7xx_hal_dma.o"
arm-none-eabi-gcc "C:/Users/honho/STM32Cube/Repository/STM32Cube_FW_F7_V1.17.1/Drivers/STM32F7xx_HAL_Driver/Src/stm32f7xx_hal_dma_ex.c" -mcpu=cortex-m7 -std=gnu11 -g3 -DDEBUG -DUSE_HAL_DRIVER -DSTM32F767xx -c -I../Core/Inc -IC:/Users/honho/STM32Cube/Repository/STM32Cube_FW_F7_V1.17.1/Drivers/STM32F7xx_HAL_Driver/Inc -IC:/Users/honho/STM32Cube/Repository/STM32Cube_FW_F7_V1.17.1/Drivers/STM32F7xx_HAL_Driver/Inc/Legacy -IC:/Users/honho/STM32Cube/Repository/STM32Cube_FW_F7_V1.17.1/Drivers/CMSIS/Device/ST/STM32F7xx/Include -IC:/Users/honho/STM32Cube/Repository/STM32Cube_FW_F7_V1.17.1/Drivers/CMSIS/Include -O0 -ffunction-sections -fdata-sections -Wall -fstack-usage -fcyclomatic-complexity -MMD -MP -MF"Drivers/STM32F7xx_HAL_Driver/stm32f7xx_hal_dma_ex.d" -MT"Drivers/STM32F7xx_HAL_Driver/stm32f7xx_hal_dma_ex.o" --specs=nano.specs -mfpu=fpv5-d16 -mfloat-abi=hard -mthumb -o "Drivers/STM32F7xx_HAL_Driver/stm32f7xx_hal_dma_ex.o"
arm-none-eabi-gcc "C:/Users/honho/STM32Cube/Repository/STM32Cube_FW_F7_V1.17.1/Drivers/STM32F7xx_HAL_Driver/Src/stm32f7xx_hal_exti.c" -mcpu=cortex-m7 -std=gnu11 -g3 -DDEBUG -DUSE_HAL_DRIVER -DSTM32F767xx -c -I../Core/Inc -IC:/Users/honho/STM32Cube/Repository/STM32Cube_FW_F7_V1.17.1/Drivers/STM32F7xx_HAL_Driver/Inc -IC:/Users/honho/STM32Cube/Repository/STM32Cube_FW_F7_V1.17.1/Drivers/STM32F7xx_HAL_Driver/Inc/Legacy -IC:/Users/honho/STM32Cube/Repository/STM32Cube_FW_F7_V1.17.1/Drivers/CMSIS/Device/ST/STM32F7xx/Include -IC:/Users/honho/STM32Cube/Repository/STM32Cube_FW_F7_V1.17.1/Drivers/CMSIS/Include -O0 -ffunction-sections -fdata-sections -Wall -fstack-usage -fcyclomatic-complexity -MMD -MP -MF"Drivers/STM32F7xx_HAL_Driver/stm32f7xx_hal_exti.d" -MT"Drivers/STM32F7xx_HAL_Driver/stm32f7xx_hal_exti.o" --specs=nano.specs -mfpu=fpv5-d16 -mfloat-abi=hard -mthumb -o "Drivers/STM32F7xx_HAL_Driver/stm32f7xx_hal_exti.o"
arm-none-eabi-gcc "C:/Users/honho/STM32Cube/Repository/STM32Cube_FW_F7_V1.17.1/Drivers/STM32F7xx_HAL_Driver/Src/stm32f7xx_hal_flash.c" -mcpu=cortex-m7 -std=gnu11 -g3 -DDEBUG -DUSE_HAL_DRIVER -DSTM32F767xx -c -I../Core/Inc -IC:/Users/honho/STM32Cube/Repository/STM32Cube_FW_F7_V1.17.1/Drivers/STM32F7xx_HAL_Driver/Inc -IC:/Users/honho/STM32Cube/Repository/STM32Cube_FW_F7_V1.17.1/Drivers/STM32F7xx_HAL_Driver/Inc/Legacy -IC:/Users/honho/STM32Cube/Repository/STM32Cube_FW_F7_V1.17.1/Drivers/CMSIS/Device/ST/STM32F7xx/Include -IC:/Users/honho/STM32Cube/Repository/STM32Cube_FW_F7_V1.17.1/Drivers/CMSIS/Include -O0 -ffunction-sections -fdata-sections -Wall -fstack-usage -fcyclomatic-complexity -MMD -MP -MF"Drivers/STM32F7xx_HAL_Driver/stm32f7xx_hal_flash.d" -MT"Drivers/STM32F7xx_HAL_Driver/stm32f7xx_hal_flash.o" --specs=nano.specs -mfpu=fpv5-d16 -mfloat-abi=hard -mthumb -o "Drivers/STM32F7xx_HAL_Driver/stm32f7xx_hal_flash.o"
[...]
arm-none-eabi-gcc "C:/Users/honho/STM32Cube/Repository/STM32Cube_FW_F7_V1.17.1/Drivers/STM32F7xx_HAL_Driver/Src/stm32f7xx_hal_uart.c" -mcpu=cortex-m7 -std=gnu11 -g3 -DDEBUG -DUSE_HAL_DRIVER -DSTM32F767xx -c -I../Core/Inc -IC:/Users/honho/STM32Cube/Repository/STM32Cube_FW_F7_V1.17.1/Drivers/STM32F7xx_HAL_Driver/Inc -IC:/Users/honho/STM32Cube/Repository/STM32Cube_FW_F7_V1.17.1/Drivers/STM32F7xx_HAL_Driver/Inc/Legacy -IC:/Users/honho/STM32Cube/Repository/STM32Cube_FW_F7_V1.17.1/Drivers/CMSIS/Device/ST/STM32F7xx/Include -IC:/Users/honho/STM32Cube/Repository/STM32Cube_FW_F7_V1.17.1/Drivers/CMSIS/Include -O0 -ffunction-sections -fdata-sections -Wall -fstack-usage -fcyclomatic-complexity -MMD -MP -MF"Drivers/STM32F7xx_HAL_Driver/stm32f7xx_hal_uart.d" -MT"Drivers/STM32F7xx_HAL_Driver/stm32f7xx_hal_uart.o" --specs=nano.specs -mfpu=fpv5-d16 -mfloat-abi=hard -mthumb -o "Drivers/STM32F7xx_HAL_Driver/stm32f7xx_hal_uart.o"
arm-none-eabi-gcc "C:/Users/honho/STM32Cube/Repository/STM32Cube_FW_F7_V1.17.1/Drivers/STM32F7xx_HAL_Driver/Src/stm32f7xx_hal_uart_ex.c" -mcpu=cortex-m7 -std=gnu11 -g3 -DDEBUG -DUSE_HAL_DRIVER -DSTM32F767xx -c -I../Core/Inc -IC:/Users/honho/STM32Cube/Repository/STM32Cube_FW_F7_V1.17.1/Drivers/STM32F7xx_HAL_Driver/Inc -IC:/Users/honho/STM32Cube/Repository/STM32Cube_FW_F7_V1.17.1/Drivers/STM32F7xx_HAL_Driver/Inc/Legacy -IC:/Users/honho/STM32Cube/Repository/STM32Cube_FW_F7_V1.17.1/Drivers/CMSIS/Device/ST/STM32F7xx/Include -IC:/Users/honho/STM32Cube/Repository/STM32Cube_FW_F7_V1.17.1/Drivers/CMSIS/Include -O0 -ffunction-sections -fdata-sections -Wall -fstack-usage -fcyclomatic-complexity -MMD -MP -MF"Drivers/STM32F7xx_HAL_Driver/stm32f7xx_hal_uart_ex.d" -MT"Drivers/STM32F7xx_HAL_Driver/stm32f7xx_hal_uart_ex.o" --specs=nano.specs -mfpu=fpv5-d16 -mfloat-abi=hard -mthumb -o "Drivers/STM32F7xx_HAL_Driver/stm32f7xx_hal_uart_ex.o"
arm-none-eabi-gcc "../Core/Src/adc.c" -mcpu=cortex-m7 -std=gnu11 -g3 -DDEBUG -DUSE_HAL_DRIVER -DSTM32F767xx -c -I../Core/Inc -IC:/Users/honho/STM32Cube/Repository/STM32Cube_FW_F7_V1.17.1/Drivers/STM32F7xx_HAL_Driver/Inc -IC:/Users/honho/STM32Cube/Repository/STM32Cube_FW_F7_V1.17.1/Drivers/STM32F7xx_HAL_Driver/Inc/Legacy -IC:/Users/honho/STM32Cube/Repository/STM32Cube_FW_F7_V1.17.1/Drivers/CMSIS/Device/ST/STM32F7xx/Include -IC:/Users/honho/STM32Cube/Repository/STM32Cube_FW_F7_V1.17.1/Drivers/CMSIS/Include -O0 -ffunction-sections -fdata-sections -Wall -fstack-usage -fcyclomatic-complexity -MMD -MP -MF"Core/Src/adc.d" -MT"Core/Src/adc.o" --specs=nano.specs -mfpu=fpv5-d16 -mfloat-abi=hard -mthumb -o "Core/Src/adc.o"
arm-none-eabi-gcc "../Core/Src/dma.c" -mcpu=cortex-m7 -std=gnu11 -g3 -DDEBUG -DUSE_HAL_DRIVER -DSTM32F767xx -c -I../Core/Inc -IC:/Users/honho/STM32Cube/Repository/STM32Cube_FW_F7_V1.17.1/Drivers/STM32F7xx_HAL_Driver/Inc -IC:/Users/honho/STM32Cube/Repository/STM32Cube_FW_F7_V1.17.1/Drivers/STM32F7xx_HAL_Driver/Inc/Legacy -IC:/Users/honho/STM32Cube/Repository/STM32Cube_FW_F7_V1.17.1/Drivers/CMSIS/Device/ST/STM32F7xx/Include -IC:/Users/honho/STM32Cube/Repository/STM32Cube_FW_F7_V1.17.1/Drivers/CMSIS/Include -O0 -ffunction-sections -fdata-sections -Wall -fstack-usage -fcyclomatic-complexity -MMD -MP -MF"Core/Src/dma.d" -MT"Core/Src/dma.o" --specs=nano.specs -mfpu=fpv5-d16 -mfloat-abi=hard -mthumb -o "Core/Src/dma.o"
arm-none-eabi-gcc "../Core/Src/gpio.c" -mcpu=cortex-m7 -std=gnu11 -g3 -DDEBUG -DUSE_HAL_DRIVER -DSTM32F767xx -c -I../Core/Inc -IC:/Users/honho/STM32Cube/Repository/STM32Cube_FW_F7_V1.17.1/Drivers/STM32F7xx_HAL_Driver/Inc -IC:/Users/honho/STM32Cube/Repository/STM32Cube_FW_F7_V1.17.1/Drivers/STM32F7xx_HAL_Driver/Inc/Legacy -IC:/Users/honho/STM32Cube/Repository/STM32Cube_FW_F7_V1.17.1/Drivers/CMSIS/Device/ST/STM32F7xx/Include -IC:/Users/honho/STM32Cube/Repository/STM32Cube_FW_F7_V1.17.1/Drivers/CMSIS/Include -O0 -ffunction-sections -fdata-sections -Wall -fstack-usage -fcyclomatic-complexity -MMD -MP -MF"Core/Src/gpio.d" -MT"Core/Src/gpio.o" --specs=nano.specs -mfpu=fpv5-d16 -mfloat-abi=hard -mthumb -o "Core/Src/gpio.o"
arm-none-eabi-gcc "../Core/Src/main.c" -mcpu=cortex-m7 -std=gnu11 -g3 -DDEBUG -DUSE_HAL_DRIVER -DSTM32F767xx -c -I../Core/Inc -IC:/Users/honho/STM32Cube/Repository/STM32Cube_FW_F7_V1.17.1/Drivers/STM32F7xx_HAL_Driver/Inc -IC:/Users/honho/STM32Cube/Repository/STM32Cube_FW_F7_V1.17.1/Drivers/STM32F7xx_HAL_Driver/Inc/Legacy -IC:/Users/honho/STM32Cube/Repository/STM32Cube_FW_F7_V1.17.1/Drivers/CMSIS/Device/ST/STM32F7xx/Include -IC:/Users/honho/STM32Cube/Repository/STM32Cube_FW_F7_V1.17.1/Drivers/CMSIS/Include -O0 -ffunction-sections -fdata-sections -Wall -fstack-usage -fcyclomatic-complexity -MMD -MP -MF"Core/Src/main.d" -MT"Core/Src/main.o" --specs=nano.specs -mfpu=fpv5-d16 -mfloat-abi=hard -mthumb -o "Core/Src/main.o"
arm-none-eabi-gcc "../Core/Src/stm32f7xx_hal_msp.c" -mcpu=cortex-m7 -std=gnu11 -g3 -DDEBUG -DUSE_HAL_DRIVER -DSTM32F767xx -c -I../Core/Inc -IC:/Users/honho/STM32Cube/Repository/STM32Cube_FW_F7_V1.17.1/Drivers/STM32F7xx_HAL_Driver/Inc -IC:/Users/honho/STM32Cube/Repository/STM32Cube_FW_F7_V1.17.1/Drivers/STM32F7xx_HAL_Driver/Inc/Legacy -IC:/Users/honho/STM32Cube/Repository/STM32Cube_FW_F7_V1.17.1/Drivers/CMSIS/Device/ST/STM32F7xx/Include -IC:/Users/honho/STM32Cube/Repository/STM32Cube_FW_F7_V1.17.1/Drivers/CMSIS/Include -O0 -ffunction-sections -fdata-sections -Wall -fstack-usage -fcyclomatic-complexity -MMD -MP -MF"Core/Src/stm32f7xx_hal_msp.d" -MT"Core/Src/stm32f7xx_hal_msp.o" --specs=nano.specs -mfpu=fpv5-d16 -mfloat-abi=hard -mthumb -o "Core/Src/stm32f7xx_hal_msp.o"
arm-none-eabi-gcc "../Core/Src/stm32f7xx_it.c" -mcpu=cortex-m7 -std=gnu11 -g3 -DDEBUG -DUSE_HAL_DRIVER -DSTM32F767xx -c -I../Core/Inc -IC:/Users/honho/STM32Cube/Repository/STM32Cube_FW_F7_V1.17.1/Drivers/STM32F7xx_HAL_Driver/Inc -IC:/Users/honho/STM32Cube/Repository/STM32Cube_FW_F7_V1.17.1/Drivers/STM32F7xx_HAL_Driver/Inc/Legacy -IC:/Users/honho/STM32Cube/Repository/STM32Cube_FW_F7_V1.17.1/Drivers/CMSIS/Device/ST/STM32F7xx/Include -IC:/Users/honho/STM32Cube/Repository/STM32Cube_FW_F7_V1.17.1/Drivers/CMSIS/Include -O0 -ffunction-sections -fdata-sections -Wall -fstack-usage -fcyclomatic-complexity -MMD -MP -MF"Core/Src/stm32f7xx_it.d" -MT"Core/Src/stm32f7xx_it.o" --specs=nano.specs -mfpu=fpv5-d16 -mfloat-abi=hard -mthumb -o "Core/Src/stm32f7xx_it.o"
arm-none-eabi-gcc "../Core/Src/system_stm32f7xx.c" -mcpu=cortex-m7 -std=gnu11 -g3 -DDEBUG -DUSE_HAL_DRIVER -DSTM32F767xx -c -I../Core/Inc -IC:/Users/honho/STM32Cube/Repository/STM32Cube_FW_F7_V1.17.1/Drivers/STM32F7xx_HAL_Driver/Inc -IC:/Users/honho/STM32Cube/Repository/STM32Cube_FW_F7_V1.17.1/Drivers/STM32F7xx_HAL_Driver/Inc/Legacy -IC:/Users/honho/STM32Cube/Repository/STM32Cube_FW_F7_V1.17.1/Drivers/CMSIS/Device/ST/STM32F7xx/Include -IC:/Users/honho/STM32Cube/Repository/STM32Cube_FW_F7_V1.17.1/Drivers/CMSIS/Include -O0 -ffunction-sections -fdata-sections -Wall -fstack-usage -fcyclomatic-complexity -MMD -MP -MF"Core/Src/system_stm32f7xx.d" -MT"Core/Src/system_stm32f7xx.o" --specs=nano.specs -mfpu=fpv5-d16 -mfloat-abi=hard -mthumb -o "Core/Src/system_stm32f7xx.o"
arm-none-eabi-gcc "../Core/Src/usart.c" -mcpu=cortex-m7 -std=gnu11 -g3 -DDEBUG -DUSE_HAL_DRIVER -DSTM32F767xx -c -I../Core/Inc -IC:/Users/honho/STM32Cube/Repository/STM32Cube_FW_F7_V1.17.1/Drivers/STM32F7xx_HAL_Driver/Inc -IC:/Users/honho/STM32Cube/Repository/STM32Cube_FW_F7_V1.17.1/Drivers/STM32F7xx_HAL_Driver/Inc/Legacy -IC:/Users/honho/STM32Cube/Repository/STM32Cube_FW_F7_V1.17.1/Drivers/CMSIS/Device/ST/STM32F7xx/Include -IC:/Users/honho/STM32Cube/Repository/STM32Cube_FW_F7_V1.17.1/Drivers/CMSIS/Include -O0 -ffunction-sections -fdata-sections -Wall -fstack-usage -fcyclomatic-complexity -MMD -MP -MF"Core/Src/usart.d" -MT"Core/Src/usart.o" --specs=nano.specs -mfpu=fpv5-d16 -mfloat-abi=hard -mthumb -o "Core/Src/usart.o"
../Core/Src/main.c: In function 'main':
../Core/Src/main.c:109:11: warning: implicit declaration of function 'snprintf' [-Wimplicit-function-declaration]
  109 |           snprintf(dma_res_buffer,300,"R1 => CH_1: %d, CH_2: %d, CH_3: %d, CH_4: %d\r\nR2 => CH_5: %d, CH_6: %d, CH_7: %d, CH_8: %d\r\n\r\n"
      |           ^~~~~~~~
../Core/Src/main.c:25:1: note: include '<stdio.h>' or provide a declaration of 'snprintf'
   24 | #include "gpio.h"
  +++ |+#include <stdio.h>
   25 | 
../Core/Src/main.c:109:11: warning: incompatible implicit declaration of built-in function 'snprintf' [-Wbuiltin-declaration-mismatch]
  109 |           snprintf(dma_res_buffer,300,"R1 => CH_1: %d, CH_2: %d, CH_3: %d, CH_4: %d\r\nR2 => CH_5: %d, CH_6: %d, CH_7: %d, CH_8: %d\r\n\r\n"
      |           ^~~~~~~~
../Core/Src/main.c:109:11: note: include '<stdio.h>' or provide a declaration of 'snprintf'
../Core/Src/main.c:109:53: warning: format '%d' expects argument of type 'int', but argument 4 has type 'uint32_t' {aka 'long unsigned int'} [-Wformat=]
  109 |           snprintf(dma_res_buffer,300,"R1 => CH_1: %d, CH_2: %d, CH_3: %d, CH_4: %d\r\nR2 => CH_5: %d, CH_6: %d, CH_7: %d, CH_8: %d\r\n\r\n"
      |                                                    ~^
      |                                                     |
      |                                                     int
      |                                                    %ld
  110 |                           , res_adc_dma[0], res_adc_dma[1], res_adc_dma[2], res_adc_dma[3], res_adc_dma[4], res_adc_dma[5], res_adc_dma[6], res_adc_dma[7]);
      |                             ~~~~~~~~~~~~~~           
      |                                        |
      |                                        uint32_t {aka long unsigned int}
../Core/Src/main.c:109:63: warning: format '%d' expects argument of type 'int', but argument 5 has type 'uint32_t' {aka 'long unsigned int'} [-Wformat=]
  109 |           snprintf(dma_res_buffer,300,"R1 => CH_1: %d, CH_2: %d, CH_3: %d, CH_4: %d\r\nR2 => CH_5: %d, CH_6: %d, CH_7: %d, CH_8: %d\r\n\r\n"
      |                                                              ~^
      |                                                               |
      |                                                               int
      |                                                              %ld
  110 |                           , res_adc_dma[0], res_adc_dma[1], res_adc_dma[2], res_adc_dma[3], res_adc_dma[4], res_adc_dma[5], res_adc_dma[6], res_adc_dma[7]);
      |                                             ~~~~~~~~~~~~~~     
      |                                                        |
      |                                                        uint32_t {aka long unsigned int}
../Core/Src/main.c:109:73: warning: format '%d' expects argument of type 'int', but argument 6 has type 'uint32_t' {aka 'long unsigned int'} [-Wformat=]
  109 |           snprintf(dma_res_buffer,300,"R1 => CH_1: %d, CH_2: %d, CH_3: %d, CH_4: %d\r\nR2 => CH_5: %d, CH_6: %d, CH_7: %d, CH_8: %d\r\n\r\n"
      |                                                                        ~^
      |                                                                         |
      |                                                                         int
      |                                                                        %ld
  110 |                           , res_adc_dma[0], res_adc_dma[1], res_adc_dma[2], res_adc_dma[3], res_adc_dma[4], res_adc_dma[5], res_adc_dma[6], res_adc_dma[7]);
      |                                                             ~~~~~~~~~~~~~~
      |                                                                        |
      |                                                                        uint32_t {aka long unsigned int}
../Core/Src/main.c:109:83: warning: format '%d' expects argument of type 'int', but argument 7 has type 'uint32_t' {aka 'long unsigned int'} [-Wformat=]
  109 |           snprintf(dma_res_buffer,300,"R1 => CH_1: %d, CH_2: %d, CH_3: %d, CH_4: %d\r\nR2 => CH_5: %d, CH_6: %d, CH_7: %d, CH_8: %d\r\n\r\n"
      |                                                                                  ~^
      |                                                                                   |
      |                                                                                   int
      |                                                                                  %ld
  110 |                           , res_adc_dma[0], res_adc_dma[1], res_adc_dma[2], res_adc_dma[3], res_adc_dma[4], res_adc_dma[5], res_adc_dma[6], res_adc_dma[7]);
      |                                                                             ~~~~~~~~~~~~~~
      |                                                                                        |
      |                                                                                        uint32_t {aka long unsigned int}
../Core/Src/main.c:109:101: warning: format '%d' expects argument of type 'int', but argument 8 has type 'uint32_t' {aka 'long unsigned int'} [-Wformat=]
  109 |           snprintf(dma_res_buffer,300,"R1 => CH_1: %d, CH_2: %d, CH_3: %d, CH_4: %d\r\nR2 => CH_5: %d, CH_6: %d, CH_7: %d, CH_8: %d\r\n\r\n"
      |                                                                                                    ~^
      |                                                                                                     |
      |                                                                                                     int
      |                                                                                                    %ld
  110 |                           , res_adc_dma[0], res_adc_dma[1], res_adc_dma[2], res_adc_dma[3], res_adc_dma[4], res_adc_dma[5], res_adc_dma[6], res_adc_dma[7]);
      |                                                                                             ~~~~~~~~~~~~~~
      |                                                                                                        |
      |                                                                                                        uint32_t {aka long unsigned int}
../Core/Src/main.c:109:111: warning: format '%d' expects argument of type 'int', but argument 9 has type 'uint32_t' {aka 'long unsigned int'} [-Wformat=]
  109 |           snprintf(dma_res_buffer,300,"R1 => CH_1: %d, CH_2: %d, CH_3: %d, CH_4: %d\r\nR2 => CH_5: %d, CH_6: %d, CH_7: %d, CH_8: %d\r\n\r\n"
      |                                                                                                              ~^
      |                                                                                                               |
      |                                                                                                               int
      |                                                                                                              %ld
  110 |                           , res_adc_dma[0], res_adc_dma[1], res_adc_dma[2], res_adc_dma[3], res_adc_dma[4], res_adc_dma[5], res_adc_dma[6], res_adc_dma[7]);
      |                                                                                                             ~~~~~~~~~~~~~~
      |                                                                                                                        |
      |                                                                                                                        uint32_t {aka long unsigned int}
../Core/Src/main.c:109:121: warning: format '%d' expects argument of type 'int', but argument 10 has type 'uint32_t' {aka 'long unsigned int'} [-Wformat=]
  109 |           snprintf(dma_res_buffer,300,"R1 => CH_1: %d, CH_2: %d, CH_3: %d, CH_4: %d\r\nR2 => CH_5: %d, CH_6: %d, CH_7: %d, CH_8: %d\r\n\r\n"
      |                                                                                                                        ~^
      |                                                                                                                         |
      |                                                                                                                         int
      |                                                                                                                        %ld
  110 |                           , res_adc_dma[0], res_adc_dma[1], res_adc_dma[2], res_adc_dma[3], res_adc_dma[4], res_adc_dma[5], res_adc_dma[6], res_adc_dma[7]);
      |                                                                                                                             ~~~~~~~~~~~~~~
      |                                                                                                                                        |
      |                                                                                                                                        uint32_t {aka long unsigned int}
../Core/Src/main.c:109:131: warning: format '%d' expects argument of type 'int', but argument 11 has type 'uint32_t' {aka 'long unsigned int'} [-Wformat=]
  109 |           snprintf(dma_res_buffer,300,"R1 => CH_1: %d, CH_2: %d, CH_3: %d, CH_4: %d\r\nR2 => CH_5: %d, CH_6: %d, CH_7: %d, CH_8: %d\r\n\r\n"
      |                                                                                                                                  ~^
      |                                                                                                                                   |
      |                                                                                                                                   int
      |                                                                                                                                  %ld
  110 |                           , res_adc_dma[0], res_adc_dma[1], res_adc_dma[2], res_adc_dma[3], res_adc_dma[4], res_adc_dma[5], res_adc_dma[6], res_adc_dma[7]);
      |                                                                                                                                             ~~~~~~~~~~~~~~
      |                                                                                                                                                        |
      |                                                                                                                                                        uint32_t {aka long unsigned int}
../Core/Src/main.c:112:65: warning: implicit declaration of function 'strlen' [-Wimplicit-function-declaration]
  112 |           HAL_UART_Transmit(&huart3, (uint8_t*) dma_res_buffer, strlen(dma_res_buffer), 1000);
      |                                                                 ^~~~~~
../Core/Src/main.c:25:1: note: include '<string.h>' or provide a declaration of 'strlen'
   24 | #include "gpio.h"
  +++ |+#include <string.h>
   25 | 
../Core/Src/main.c:112:65: warning: incompatible implicit declaration of built-in function 'strlen' [-Wbuiltin-declaration-mismatch]
  112 |           HAL_UART_Transmit(&huart3, (uint8_t*) dma_res_buffer, strlen(dma_res_buffer), 1000);
      |                                                                 ^~~~~~
../Core/Src/main.c:112:65: note: include '<string.h>' or provide a declaration of 'strlen'
arm-none-eabi-gcc -o "Lab05.elf" @"objects.list"   -mcpu=cortex-m7 -T"C:\Users\honho\STM32CubeIDE\MAD_Lab\Lab5Spe\Lab05\STM32F767ZITX_FLASH.ld" --specs=nosys.specs -Wl,-Map="Lab05.map" -Wl,--gc-sections -static --specs=nano.specs -mfpu=fpv5-d16 -mfloat-abi=hard -mthumb -Wl,--start-group -lc -lm -Wl,--end-group
Finished building target: Lab05.elf
 
arm-none-eabi-size   Lab05.elf 
arm-none-eabi-objdump -h -S  Lab05.elf  > "Lab05.list"
   text	   data	    bss	    dec	    hex	filename
  18972	    100	   2540	  21612	   546c	Lab05.elf
Finished building: default.size.stdout
 
Finished building: Lab05.list
 
