13:01:39 **** Build of configuration Debug for project Lab5555 ****
make -j16 all 
arm-none-eabi-gcc "C:/Users/honho/STM32Cube/Repository/STM32Cube_FW_F7_V1.17.1/Drivers/STM32F7xx_HAL_Driver/Src/stm32f7xx_hal.c" -mcpu=cortex-m7 -std=gnu11 -g3 -DDEBUG -DUSE_HAL_DRIVER -DSTM32F767xx -c -I../Core/Inc -IC:/Users/honho/STM32Cube/Repository/STM32Cube_FW_F7_V1.17.1/Drivers/STM32F7xx_HAL_Driver/Inc -IC:/Users/honho/STM32Cube/Repository/STM32Cube_FW_F7_V1.17.1/Drivers/STM32F7xx_HAL_Driver/Inc/Legacy -IC:/Users/honho/STM32Cube/Repository/STM32Cube_FW_F7_V1.17.1/Drivers/CMSIS/Device/ST/STM32F7xx/Include -IC:/Users/honho/STM32Cube/Repository/STM32Cube_FW_F7_V1.17.1/Drivers/CMSIS/Include -O0 -ffunction-sections -fdata-sections -Wall -fstack-usage -fcyclomatic-complexity -MMD -MP -MF"Drivers/STM32F7xx_HAL_Driver/stm32f7xx_hal.d" -MT"Drivers/STM32F7xx_HAL_Driver/stm32f7xx_hal.o" --specs=nano.specs -mfpu=fpv5-d16 -mfloat-abi=hard -mthumb -o "Drivers/STM32F7xx_HAL_Driver/stm32f7xx_hal.o"
arm-none-eabi-gcc "C:/Users/honho/STM32Cube/Repository/STM32Cube_FW_F7_V1.17.1/Drivers/STM32F7xx_HAL_Driver/Src/stm32f7xx_hal_adc.c" -mcpu=cortex-m7 -std=gnu11 -g3 -DDEBUG -DUSE_HAL_DRIVER -DSTM32F767xx -c -I../Core/Inc -IC:/Users/honho/STM32Cube/Repository/STM32Cube_FW_F7_V1.17.1/Drivers/STM32F7xx_HAL_Driver/Inc -IC:/Users/honho/STM32Cube/Repository/STM32Cube_FW_F7_V1.17.1/Drivers/STM32F7xx_HAL_Driver/Inc/Legacy -IC:/Users/honho/STM32Cube/Repository/STM32Cube_FW_F7_V1.17.1/Drivers/CMSIS/Device/ST/STM32F7xx/Include -IC:/Users/honho/STM32Cube/Repository/STM32Cube_FW_F7_V1.17.1/Drivers/CMSIS/Include -O0 -ffunction-sections -fdata-sections -Wall -fstack-usage -fcyclomatic-complexity -MMD -MP -MF"Drivers/STM32F7xx_HAL_Driver/stm32f7xx_hal_adc.d" -MT"Drivers/STM32F7xx_HAL_Driver/stm32f7xx_hal_adc.o" --specs=nano.specs -mfpu=fpv5-d16 -mfloat-abi=hard -mthumb -o "Drivers/STM32F7xx_HAL_Driver/stm32f7xx_hal_adc.o"
arm-none-eabi-gcc "C:/Users/honho/STM32Cube/Repository/STM32Cube_FW_F7_V1.17.1/Drivers/STM32F7xx_HAL_Driver/Src/stm32f7xx_hal_adc_ex.c" -mcpu=cortex-m7 -std=gnu11 -g3 -DDEBUG -DUSE_HAL_DRIVER -DSTM32F767xx -c -I../Core/Inc -IC:/Users/honho/STM32Cube/Repository/STM32Cube_FW_F7_V1.17.1/Drivers/STM32F7xx_HAL_Driver/Inc -IC:/Users/honho/STM32Cube/Repository/STM32Cube_FW_F7_V1.17.1/Drivers/STM32F7xx_HAL_Driver/Inc/Legacy -IC:/Users/honho/STM32Cube/Repository/STM32Cube_FW_F7_V1.17.1/Drivers/CMSIS/Device/ST/STM32F7xx/Include -IC:/Users/honho/STM32Cube/Repository/STM32Cube_FW_F7_V1.17.1/Drivers/CMSIS/Include -O0 -ffunction-sections -fdata-sections -Wall -fstack-usage -fcyclomatic-complexity -MMD -MP -MF"Drivers/STM32F7xx_HAL_Driver/stm32f7xx_hal_adc_ex.d" -MT"Drivers/STM32F7xx_HAL_Driver/stm32f7xx_hal_adc_ex.o" --specs=nano.specs -mfpu=fpv5-d16 -mfloat-abi=hard -mthumb -o "Drivers/STM32F7xx_HAL_Driver/stm32f7xx_hal_adc_ex.o"
arm-none-eabi-gcc "C:/Users/honho/STM32Cube/Repository/STM32Cube_FW_F7_V1.17.1/Drivers/STM32F7xx_HAL_Driver/Src/stm32f7xx_hal_cortex.c" -mcpu=cortex-m7 -std=gnu11 -g3 -DDEBUG -DUSE_HAL_DRIVER -DSTM32F767xx -c -I../Core/Inc -IC:/Users/honho/STM32Cube/Repository/STM32Cube_FW_F7_V1.17.1/Drivers/STM32F7xx_HAL_Driver/Inc -IC:/Users/honho/STM32Cube/Repository/STM32Cube_FW_F7_V1.17.1/Drivers/STM32F7xx_HAL_Driver/Inc/Legacy -IC:/Users/honho/STM32Cube/Repository/STM32Cube_FW_F7_V1.17.1/Drivers/CMSIS/Device/ST/STM32F7xx/Include -IC:/Users/honho/STM32Cube/Repository/STM32Cube_FW_F7_V1.17.1/Drivers/CMSIS/Include -O0 -ffunction-sections -fdata-sections -Wall -fstack-usage -fcyclomatic-complexity -MMD -MP -MF"Drivers/STM32F7xx_HAL_Driver/stm32f7xx_hal_cortex.d" -MT"Drivers/STM32F7xx_HAL_Driver/stm32f7xx_hal_cortex.o" --specs=nano.specs -mfpu=fpv5-d16 -mfloat-abi=hard -mthumb -o "Drivers/STM32F7xx_HAL_Driver/stm32f7xx_hal_cortex.o"
arm-none-eabi-gcc "C:/Users/honho/STM32Cube/Repository/STM32Cube_FW_F7_V1.17.1/Drivers/STM32F7xx_HAL_Driver/Src/stm32f7xx_hal_dma.c" -mcpu=cortex-m7 -std=gnu11 -g3 -DDEBUG -DUSE_HAL_DRIVER -DSTM32F767xx -c -I../Core/Inc -IC:/Users/honho/STM32Cube/Repository/STM32Cube_FW_F7_V1.17.1/Drivers/STM32F7xx_HAL_Driver/Inc -IC:/Users/honho/STM32Cube/Repository/STM32Cube_FW_F7_V1.17.1/Drivers/STM32F7xx_HAL_Driver/Inc/Legacy -IC:/Users/honho/STM32Cube/Repository/STM32Cube_FW_F7_V1.17.1/Drivers/CMSIS/Device/ST/STM32F7xx/Include -IC:/Users/honho/STM32Cube/Repository/STM32Cube_FW_F7_V1.17.1/Drivers/CMSIS/Include -O0 -ffunction-sections -fdata-sections -Wall -fstack-usage -fcyclomatic-complexity -MMD -MP -MF"Drivers/STM32F7xx_HAL_Driver/stm32f7xx_hal_dma.d" -MT"Drivers/STM32F7xx_HAL_Driver/stm32f7xx_hal_dma.o" --specs=nano.specs -mfpu=fpv5-d16 -mfloat-abi=hard -mthumb -o "Drivers/STM32F7xx_HAL_Driver/stm32f7xx_hal_dma.o"
arm-none-eabi-gcc "C:/Users/honho/STM32Cube/Repository/STM32Cube_FW_F7_V1.17.1/Drivers/STM32F7xx_HAL_Driver/Src/stm32f7xx_hal_dma_ex.c" -mcpu=cortex-m7 -std=gnu11 -g3 -DDEBUG -DUSE_HAL_DRIVER -DSTM32F767xx -c -I../Core/Inc -IC:/Users/honho/STM32Cube/Repository/STM32Cube_FW_F7_V1.17.1/Drivers/STM32F7xx_HAL_Driver/Inc -IC:/Users/honho/STM32Cube/Repository/STM32Cube_FW_F7_V1.17.1/Drivers/STM32F7xx_HAL_Driver/Inc/Legacy -IC:/Users/honho/STM32Cube/Repository/STM32Cube_FW_F7_V1.17.1/Drivers/CMSIS/Device/ST/STM32F7xx/Include -IC:/Users/honho/STM32Cube/Repository/STM32Cube_FW_F7_V1.17.1/Drivers/CMSIS/Include -O0 -ffunction-sections -fdata-sections -Wall -fstack-usage -fcyclomatic-complexity -MMD -MP -MF"Drivers/STM32F7xx_HAL_Driver/stm32f7xx_hal_dma_ex.d" -MT"Drivers/STM32F7xx_HAL_Driver/stm32f7xx_hal_dma_ex.o" --specs=nano.specs -mfpu=fpv5-d16 -mfloat-abi=hard -mthumb -o "Drivers/STM32F7xx_HAL_Driver/stm32f7xx_hal_dma_ex.o"
arm-none-eabi-gcc "C:/Users/honho/STM32Cube/Repository/STM32Cube_FW_F7_V1.17.1/Drivers/STM32F7xx_HAL_Driver/Src/stm32f7xx_hal_exti.c" -mcpu=cortex-m7 -std=gnu11 -g3 -DDEBUG -DUSE_HAL_DRIVER -DSTM32F767xx -c -I../Core/Inc -IC:/Users/honho/STM32Cube/Repository/STM32Cube_FW_F7_V1.17.1/Drivers/STM32F7xx_HAL_Driver/Inc -IC:/Users/honho/STM32Cube/Repository/STM32Cube_FW_F7_V1.17.1/Drivers/STM32F7xx_HAL_Driver/Inc/Legacy -IC:/Users/honho/STM32Cube/Repository/STM32Cube_FW_F7_V1.17.1/Drivers/CMSIS/Device/ST/STM32F7xx/Include -IC:/Users/honho/STM32Cube/Repository/STM32Cube_FW_F7_V1.17.1/Drivers/CMSIS/Include -O0 -ffunction-sections -fdata-sections -Wall -fstack-usage -fcyclomatic-complexity -MMD -MP -MF"Drivers/STM32F7xx_HAL_Driver/stm32f7xx_hal_exti.d" -MT"Drivers/STM32F7xx_HAL_Driver/stm32f7xx_hal_exti.o" --specs=nano.specs -mfpu=fpv5-d16 -mfloat-abi=hard -mthumb -o "Drivers/STM32F7xx_HAL_Driver/stm32f7xx_hal_exti.o"
arm-none-eabi-gcc "C:/Users/honho/STM32Cube/Repository/STM32Cube_FW_F7_V1.17.1/Drivers/STM32F7xx_HAL_Driver/Src/stm32f7xx_hal_flash.c" -mcpu=cortex-m7 -std=gnu11 -g3 -DDEBUG -DUSE_HAL_DRIVER -DSTM32F767xx -c -I../Core/Inc -IC:/Users/honho/STM32Cube/Repository/STM32Cube_FW_F7_V1.17.1/Drivers/STM32F7xx_HAL_Driver/Inc -IC:/Users/honho/STM32Cube/Repository/STM32Cube_FW_F7_V1.17.1/Drivers/STM32F7xx_HAL_Driver/Inc/Legacy -IC:/Users/honho/STM32Cube/Repository/STM32Cube_FW_F7_V1.17.1/Drivers/CMSIS/Device/ST/STM32F7xx/Include -IC:/Users/honho/STM32Cube/Repository/STM32Cube_FW_F7_V1.17.1/Drivers/CMSIS/Include -O0 -ffunction-sections -fdata-sections -Wall -fstack-usage -fcyclomatic-complexity -MMD -MP -MF"Drivers/STM32F7xx_HAL_Driver/stm32f7xx_hal_flash.d" -MT"Drivers/STM32F7xx_HAL_Driver/stm32f7xx_hal_flash.o" --specs=nano.specs -mfpu=fpv5-d16 -mfloat-abi=hard -mthumb -o "Drivers/STM32F7xx_HAL_Driver/stm32f7xx_hal_flash.o"
arm-none-eabi-gcc "C:/Users/honho/STM32Cube/Repository/STM32Cube_FW_F7_V1.17.1/Drivers/STM32F7xx_HAL_Driver/Src/stm32f7xx_hal_flash_ex.c" -mcpu=cortex-m7 -std=gnu11 -g3 -DDEBUG -DUSE_HAL_DRIVER -DSTM32F767xx -c -I../Core/Inc -IC:/Users/honho/STM32Cube/Repository/STM32Cube_FW_F7_V1.17.1/Drivers/STM32F7xx_HAL_Driver/Inc -IC:/Users/honho/STM32Cube/Repository/STM32Cube_FW_F7_V1.17.1/Drivers/STM32F7xx_HAL_Driver/Inc/Legacy -IC:/Users/honho/STM32Cube/Repository/STM32Cube_FW_F7_V1.17.1/Drivers/CMSIS/Device/ST/STM32F7xx/Include -IC:/Users/honho/STM32Cube/Repository/STM32Cube_FW_F7_V1.17.1/Drivers/CMSIS/Include -O0 -ffunction-sections -fdata-sections -Wall -fstack-usage -fcyclomatic-complexity -MMD -MP -MF"Drivers/STM32F7xx_HAL_Driver/stm32f7xx_hal_flash_ex.d" -MT"Drivers/STM32F7xx_HAL_Driver/stm32f7xx_hal_flash_ex.o" --specs=nano.specs -mfpu=fpv5-d16 -mfloat-abi=hard -mthumb -o "Drivers/STM32F7xx_HAL_Driver/stm32f7xx_hal_flash_ex.o"
arm-none-eabi-gcc "C:/Users/honho/STM32Cube/Repository/STM32Cube_FW_F7_V1.17.1/Drivers/STM32F7xx_HAL_Driver/Src/stm32f7xx_hal_gpio.c" -mcpu=cortex-m7 -std=gnu11 -g3 -DDEBUG -DUSE_HAL_DRIVER -DSTM32F767xx -c -I../Core/Inc -IC:/Users/honho/STM32Cube/Repository/STM32Cube_FW_F7_V1.17.1/Drivers/STM32F7xx_HAL_Driver/Inc -IC:/Users/honho/STM32Cube/Repository/STM32Cube_FW_F7_V1.17.1/Drivers/STM32F7xx_HAL_Driver/Inc/Legacy -IC:/Users/honho/STM32Cube/Repository/STM32Cube_FW_F7_V1.17.1/Drivers/CMSIS/Device/ST/STM32F7xx/Include -IC:/Users/honho/STM32Cube/Repository/STM32Cube_FW_F7_V1.17.1/Drivers/CMSIS/Include -O0 -ffunction-sections -fdata-sections -Wall -fstack-usage -fcyclomatic-complexity -MMD -MP -MF"Drivers/STM32F7xx_HAL_Driver/stm32f7xx_hal_gpio.d" -MT"Drivers/STM32F7xx_HAL_Driver/stm32f7xx_hal_gpio.o" --specs=nano.specs -mfpu=fpv5-d16 -mfloat-abi=hard -mthumb -o "Drivers/STM32F7xx_HAL_Driver/stm32f7xx_hal_gpio.o"
arm-none-eabi-gcc "C:/Users/honho/STM32Cube/Repository/STM32Cube_FW_F7_V1.17.1/Drivers/STM32F7xx_HAL_Driver/Src/stm32f7xx_hal_i2c.c" -mcpu=cortex-m7 -std=gnu11 -g3 -DDEBUG -DUSE_HAL_DRIVER -DSTM32F767xx -c -I../Core/Inc -IC:/Users/honho/STM32Cube/Repository/STM32Cube_FW_F7_V1.17.1/Drivers/STM32F7xx_HAL_Driver/Inc -IC:/Users/honho/STM32Cube/Repository/STM32Cube_FW_F7_V1.17.1/Drivers/STM32F7xx_HAL_Driver/Inc/Legacy -IC:/Users/honho/STM32Cube/Repository/STM32Cube_FW_F7_V1.17.1/Drivers/CMSIS/Device/ST/STM32F7xx/Include -IC:/Users/honho/STM32Cube/Repository/STM32Cube_FW_F7_V1.17.1/Drivers/CMSIS/Include -O0 -ffunction-sections -fdata-sections -Wall -fstack-usage -fcyclomatic-complexity -MMD -MP -MF"Drivers/STM32F7xx_HAL_Driver/stm32f7xx_hal_i2c.d" -MT"Drivers/STM32F7xx_HAL_Driver/stm32f7xx_hal_i2c.o" --specs=nano.specs -mfpu=fpv5-d16 -mfloat-abi=hard -mthumb -o "Drivers/STM32F7xx_HAL_Driver/stm32f7xx_hal_i2c.o"
arm-none-eabi-gcc "C:/Users/honho/STM32Cube/Repository/STM32Cube_FW_F7_V1.17.1/Drivers/STM32F7xx_HAL_Driver/Src/stm32f7xx_hal_i2c_ex.c" -mcpu=cortex-m7 -std=gnu11 -g3 -DDEBUG -DUSE_HAL_DRIVER -DSTM32F767xx -c -I../Core/Inc -IC:/Users/honho/STM32Cube/Repository/STM32Cube_FW_F7_V1.17.1/Drivers/STM32F7xx_HAL_Driver/Inc -IC:/Users/honho/STM32Cube/Repository/STM32Cube_FW_F7_V1.17.1/Drivers/STM32F7xx_HAL_Driver/Inc/Legacy -IC:/Users/honho/STM32Cube/Repository/STM32Cube_FW_F7_V1.17.1/Drivers/CMSIS/Device/ST/STM32F7xx/Include -IC:/Users/honho/STM32Cube/Repository/STM32Cube_FW_F7_V1.17.1/Drivers/CMSIS/Include -O0 -ffunction-sections -fdata-sections -Wall -fstack-usage -fcyclomatic-complexity -MMD -MP -MF"Drivers/STM32F7xx_HAL_Driver/stm32f7xx_hal_i2c_ex.d" -MT"Drivers/STM32F7xx_HAL_Driver/stm32f7xx_hal_i2c_ex.o" --specs=nano.specs -mfpu=fpv5-d16 -mfloat-abi=hard -mthumb -o "Drivers/STM32F7xx_HAL_Driver/stm32f7xx_hal_i2c_ex.o"
arm-none-eabi-gcc "C:/Users/honho/STM32Cube/Repository/STM32Cube_FW_F7_V1.17.1/Drivers/STM32F7xx_HAL_Driver/Src/stm32f7xx_hal_pwr.c" -mcpu=cortex-m7 -std=gnu11 -g3 -DDEBUG -DUSE_HAL_DRIVER -DSTM32F767xx -c -I../Core/Inc -IC:/Users/honho/STM32Cube/Repository/STM32Cube_FW_F7_V1.17.1/Drivers/STM32F7xx_HAL_Driver/Inc -IC:/Users/honho/STM32Cube/Repository/STM32Cube_FW_F7_V1.17.1/Drivers/STM32F7xx_HAL_Driver/Inc/Legacy -IC:/Users/honho/STM32Cube/Repository/STM32Cube_FW_F7_V1.17.1/Drivers/CMSIS/Device/ST/STM32F7xx/Include -IC:/Users/honho/STM32Cube/Repository/STM32Cube_FW_F7_V1.17.1/Drivers/CMSIS/Include -O0 -ffunction-sections -fdata-sections -Wall -fstack-usage -fcyclomatic-complexity -MMD -MP -MF"Drivers/STM32F7xx_HAL_Driver/stm32f7xx_hal_pwr.d" -MT"Drivers/STM32F7xx_HAL_Driver/stm32f7xx_hal_pwr.o" --specs=nano.specs -mfpu=fpv5-d16 -mfloat-abi=hard -mthumb -o "Drivers/STM32F7xx_HAL_Driver/stm32f7xx_hal_pwr.o"
arm-none-eabi-gcc "C:/Users/honho/STM32Cube/Repository/STM32Cube_FW_F7_V1.17.1/Drivers/STM32F7xx_HAL_Driver/Src/stm32f7xx_hal_pwr_ex.c" -mcpu=cortex-m7 -std=gnu11 -g3 -DDEBUG -DUSE_HAL_DRIVER -DSTM32F767xx -c -I../Core/Inc -IC:/Users/honho/STM32Cube/Repository/STM32Cube_FW_F7_V1.17.1/Drivers/STM32F7xx_HAL_Driver/Inc -IC:/Users/honho/STM32Cube/Repository/STM32Cube_FW_F7_V1.17.1/Drivers/STM32F7xx_HAL_Driver/Inc/Legacy -IC:/Users/honho/STM32Cube/Repository/STM32Cube_FW_F7_V1.17.1/Drivers/CMSIS/Device/ST/STM32F7xx/Include -IC:/Users/honho/STM32Cube/Repository/STM32Cube_FW_F7_V1.17.1/Drivers/CMSIS/Include -O0 -ffunction-sections -fdata-sections -Wall -fstack-usage -fcyclomatic-complexity -MMD -MP -MF"Drivers/STM32F7xx_HAL_Driver/stm32f7xx_hal_pwr_ex.d" -MT"Drivers/STM32F7xx_HAL_Driver/stm32f7xx_hal_pwr_ex.o" --specs=nano.specs -mfpu=fpv5-d16 -mfloat-abi=hard -mthumb -o "Drivers/STM32F7xx_HAL_Driver/stm32f7xx_hal_pwr_ex.o"
arm-none-eabi-gcc "C:/Users/honho/STM32Cube/Repository/STM32Cube_FW_F7_V1.17.1/Drivers/STM32F7xx_HAL_Driver/Src/stm32f7xx_hal_rcc.c" -mcpu=cortex-m7 -std=gnu11 -g3 -DDEBUG -DUSE_HAL_DRIVER -DSTM32F767xx -c -I../Core/Inc -IC:/Users/honho/STM32Cube/Repository/STM32Cube_FW_F7_V1.17.1/Drivers/STM32F7xx_HAL_Driver/Inc -IC:/Users/honho/STM32Cube/Repository/STM32Cube_FW_F7_V1.17.1/Drivers/STM32F7xx_HAL_Driver/Inc/Legacy -IC:/Users/honho/STM32Cube/Repository/STM32Cube_FW_F7_V1.17.1/Drivers/CMSIS/Device/ST/STM32F7xx/Include -IC:/Users/honho/STM32Cube/Repository/STM32Cube_FW_F7_V1.17.1/Drivers/CMSIS/Include -O0 -ffunction-sections -fdata-sections -Wall -fstack-usage -fcyclomatic-complexity -MMD -MP -MF"Drivers/STM32F7xx_HAL_Driver/stm32f7xx_hal_rcc.d" -MT"Drivers/STM32F7xx_HAL_Driver/stm32f7xx_hal_rcc.o" --specs=nano.specs -mfpu=fpv5-d16 -mfloat-abi=hard -mthumb -o "Drivers/STM32F7xx_HAL_Driver/stm32f7xx_hal_rcc.o"
arm-none-eabi-gcc "C:/Users/honho/STM32Cube/Repository/STM32Cube_FW_F7_V1.17.1/Drivers/STM32F7xx_HAL_Driver/Src/stm32f7xx_hal_rcc_ex.c" -mcpu=cortex-m7 -std=gnu11 -g3 -DDEBUG -DUSE_HAL_DRIVER -DSTM32F767xx -c -I../Core/Inc -IC:/Users/honho/STM32Cube/Repository/STM32Cube_FW_F7_V1.17.1/Drivers/STM32F7xx_HAL_Driver/Inc -IC:/Users/honho/STM32Cube/Repository/STM32Cube_FW_F7_V1.17.1/Drivers/STM32F7xx_HAL_Driver/Inc/Legacy -IC:/Users/honho/STM32Cube/Repository/STM32Cube_FW_F7_V1.17.1/Drivers/CMSIS/Device/ST/STM32F7xx/Include -IC:/Users/honho/STM32Cube/Repository/STM32Cube_FW_F7_V1.17.1/Drivers/CMSIS/Include -O0 -ffunction-sections -fdata-sections -Wall -fstack-usage -fcyclomatic-complexity -MMD -MP -MF"Drivers/STM32F7xx_HAL_Driver/stm32f7xx_hal_rcc_ex.d" -MT"Drivers/STM32F7xx_HAL_Driver/stm32f7xx_hal_rcc_ex.o" --specs=nano.specs -mfpu=fpv5-d16 -mfloat-abi=hard -mthumb -o "Drivers/STM32F7xx_HAL_Driver/stm32f7xx_hal_rcc_ex.o"
arm-none-eabi-gcc "C:/Users/honho/STM32Cube/Repository/STM32Cube_FW_F7_V1.17.1/Drivers/STM32F7xx_HAL_Driver/Src/stm32f7xx_hal_uart.c" -mcpu=cortex-m7 -std=gnu11 -g3 -DDEBUG -DUSE_HAL_DRIVER -DSTM32F767xx -c -I../Core/Inc -IC:/Users/honho/STM32Cube/Repository/STM32Cube_FW_F7_V1.17.1/Drivers/STM32F7xx_HAL_Driver/Inc -IC:/Users/honho/STM32Cube/Repository/STM32Cube_FW_F7_V1.17.1/Drivers/STM32F7xx_HAL_Driver/Inc/Legacy -IC:/Users/honho/STM32Cube/Repository/STM32Cube_FW_F7_V1.17.1/Drivers/CMSIS/Device/ST/STM32F7xx/Include -IC:/Users/honho/STM32Cube/Repository/STM32Cube_FW_F7_V1.17.1/Drivers/CMSIS/Include -O0 -ffunction-sections -fdata-sections -Wall -fstack-usage -fcyclomatic-complexity -MMD -MP -MF"Drivers/STM32F7xx_HAL_Driver/stm32f7xx_hal_uart.d" -MT"Drivers/STM32F7xx_HAL_Driver/stm32f7xx_hal_uart.o" --specs=nano.specs -mfpu=fpv5-d16 -mfloat-abi=hard -mthumb -o "Drivers/STM32F7xx_HAL_Driver/stm32f7xx_hal_uart.o"
arm-none-eabi-gcc "C:/Users/honho/STM32Cube/Repository/STM32Cube_FW_F7_V1.17.1/Drivers/STM32F7xx_HAL_Driver/Src/stm32f7xx_hal_uart_ex.c" -mcpu=cortex-m7 -std=gnu11 -g3 -DDEBUG -DUSE_HAL_DRIVER -DSTM32F767xx -c -I../Core/Inc -IC:/Users/honho/STM32Cube/Repository/STM32Cube_FW_F7_V1.17.1/Drivers/STM32F7xx_HAL_Driver/Inc -IC:/Users/honho/STM32Cube/Repository/STM32Cube_FW_F7_V1.17.1/Drivers/STM32F7xx_HAL_Driver/Inc/Legacy -IC:/Users/honho/STM32Cube/Repository/STM32Cube_FW_F7_V1.17.1/Drivers/CMSIS/Device/ST/STM32F7xx/Include -IC:/Users/honho/STM32Cube/Repository/STM32Cube_FW_F7_V1.17.1/Drivers/CMSIS/Include -O0 -ffunction-sections -fdata-sections -Wall -fstack-usage -fcyclomatic-complexity -MMD -MP -MF"Drivers/STM32F7xx_HAL_Driver/stm32f7xx_hal_uart_ex.d" -MT"Drivers/STM32F7xx_HAL_Driver/stm32f7xx_hal_uart_ex.o" --specs=nano.specs -mfpu=fpv5-d16 -mfloat-abi=hard -mthumb -o "Drivers/STM32F7xx_HAL_Driver/stm32f7xx_hal_uart_ex.o"
arm-none-eabi-gcc -mcpu=cortex-m7 -g3 -DDEBUG -c -x assembler-with-cpp -MMD -MP -MF"Core/Startup/startup_stm32f767zitx.d" -MT"Core/Startup/startup_stm32f767zitx.o" --specs=nano.specs -mfpu=fpv5-d16 -mfloat-abi=hard -mthumb -o "Core/Startup/startup_stm32f767zitx.o" "../Core/Startup/startup_stm32f767zitx.s"
arm-none-eabi-gcc "../Core/Src/adc.c" -mcpu=cortex-m7 -std=gnu11 -g3 -DDEBUG -DUSE_HAL_DRIVER -DSTM32F767xx -c -I../Core/Inc -IC:/Users/honho/STM32Cube/Repository/STM32Cube_FW_F7_V1.17.1/Drivers/STM32F7xx_HAL_Driver/Inc -IC:/Users/honho/STM32Cube/Repository/STM32Cube_FW_F7_V1.17.1/Drivers/STM32F7xx_HAL_Driver/Inc/Legacy -IC:/Users/honho/STM32Cube/Repository/STM32Cube_FW_F7_V1.17.1/Drivers/CMSIS/Device/ST/STM32F7xx/Include -IC:/Users/honho/STM32Cube/Repository/STM32Cube_FW_F7_V1.17.1/Drivers/CMSIS/Include -O0 -ffunction-sections -fdata-sections -Wall -fstack-usage -fcyclomatic-complexity -MMD -MP -MF"Core/Src/adc.d" -MT"Core/Src/adc.o" --specs=nano.specs -mfpu=fpv5-d16 -mfloat-abi=hard -mthumb -o "Core/Src/adc.o"
arm-none-eabi-gcc "../Core/Src/dma.c" -mcpu=cortex-m7 -std=gnu11 -g3 -DDEBUG -DUSE_HAL_DRIVER -DSTM32F767xx -c -I../Core/Inc -IC:/Users/honho/STM32Cube/Repository/STM32Cube_FW_F7_V1.17.1/Drivers/STM32F7xx_HAL_Driver/Inc -IC:/Users/honho/STM32Cube/Repository/STM32Cube_FW_F7_V1.17.1/Drivers/STM32F7xx_HAL_Driver/Inc/Legacy -IC:/Users/honho/STM32Cube/Repository/STM32Cube_FW_F7_V1.17.1/Drivers/CMSIS/Device/ST/STM32F7xx/Include -IC:/Users/honho/STM32Cube/Repository/STM32Cube_FW_F7_V1.17.1/Drivers/CMSIS/Include -O0 -ffunction-sections -fdata-sections -Wall -fstack-usage -fcyclomatic-complexity -MMD -MP -MF"Core/Src/dma.d" -MT"Core/Src/dma.o" --specs=nano.specs -mfpu=fpv5-d16 -mfloat-abi=hard -mthumb -o "Core/Src/dma.o"
arm-none-eabi-gcc "../Core/Src/gpio.c" -mcpu=cortex-m7 -std=gnu11 -g3 -DDEBUG -DUSE_HAL_DRIVER -DSTM32F767xx -c -I../Core/Inc -IC:/Users/honho/STM32Cube/Repository/STM32Cube_FW_F7_V1.17.1/Drivers/STM32F7xx_HAL_Driver/Inc -IC:/Users/honho/STM32Cube/Repository/STM32Cube_FW_F7_V1.17.1/Drivers/STM32F7xx_HAL_Driver/Inc/Legacy -IC:/Users/honho/STM32Cube/Repository/STM32Cube_FW_F7_V1.17.1/Drivers/CMSIS/Device/ST/STM32F7xx/Include -IC:/Users/honho/STM32Cube/Repository/STM32Cube_FW_F7_V1.17.1/Drivers/CMSIS/Include -O0 -ffunction-sections -fdata-sections -Wall -fstack-usage -fcyclomatic-complexity -MMD -MP -MF"Core/Src/gpio.d" -MT"Core/Src/gpio.o" --specs=nano.specs -mfpu=fpv5-d16 -mfloat-abi=hard -mthumb -o "Core/Src/gpio.o"
arm-none-eabi-gcc "../Core/Src/main.c" -mcpu=cortex-m7 -std=gnu11 -g3 -DDEBUG -DUSE_HAL_DRIVER -DSTM32F767xx -c -I../Core/Inc -IC:/Users/honho/STM32Cube/Repository/STM32Cube_FW_F7_V1.17.1/Drivers/STM32F7xx_HAL_Driver/Inc -IC:/Users/honho/STM32Cube/Repository/STM32Cube_FW_F7_V1.17.1/Drivers/STM32F7xx_HAL_Driver/Inc/Legacy -IC:/Users/honho/STM32Cube/Repository/STM32Cube_FW_F7_V1.17.1/Drivers/CMSIS/Device/ST/STM32F7xx/Include -IC:/Users/honho/STM32Cube/Repository/STM32Cube_FW_F7_V1.17.1/Drivers/CMSIS/Include -O0 -ffunction-sections -fdata-sections -Wall -fstack-usage -fcyclomatic-complexity -MMD -MP -MF"Core/Src/main.d" -MT"Core/Src/main.o" --specs=nano.specs -mfpu=fpv5-d16 -mfloat-abi=hard -mthumb -o "Core/Src/main.o"
arm-none-eabi-gcc "../Core/Src/stm32f7xx_hal_msp.c" -mcpu=cortex-m7 -std=gnu11 -g3 -DDEBUG -DUSE_HAL_DRIVER -DSTM32F767xx -c -I../Core/Inc -IC:/Users/honho/STM32Cube/Repository/STM32Cube_FW_F7_V1.17.1/Drivers/STM32F7xx_HAL_Driver/Inc -IC:/Users/honho/STM32Cube/Repository/STM32Cube_FW_F7_V1.17.1/Drivers/STM32F7xx_HAL_Driver/Inc/Legacy -IC:/Users/honho/STM32Cube/Repository/STM32Cube_FW_F7_V1.17.1/Drivers/CMSIS/Device/ST/STM32F7xx/Include -IC:/Users/honho/STM32Cube/Repository/STM32Cube_FW_F7_V1.17.1/Drivers/CMSIS/Include -O0 -ffunction-sections -fdata-sections -Wall -fstack-usage -fcyclomatic-complexity -MMD -MP -MF"Core/Src/stm32f7xx_hal_msp.d" -MT"Core/Src/stm32f7xx_hal_msp.o" --specs=nano.specs -mfpu=fpv5-d16 -mfloat-abi=hard -mthumb -o "Core/Src/stm32f7xx_hal_msp.o"
arm-none-eabi-gcc "../Core/Src/stm32f7xx_it.c" -mcpu=cortex-m7 -std=gnu11 -g3 -DDEBUG -DUSE_HAL_DRIVER -DSTM32F767xx -c -I../Core/Inc -IC:/Users/honho/STM32Cube/Repository/STM32Cube_FW_F7_V1.17.1/Drivers/STM32F7xx_HAL_Driver/Inc -IC:/Users/honho/STM32Cube/Repository/STM32Cube_FW_F7_V1.17.1/Drivers/STM32F7xx_HAL_Driver/Inc/Legacy -IC:/Users/honho/STM32Cube/Repository/STM32Cube_FW_F7_V1.17.1/Drivers/CMSIS/Device/ST/STM32F7xx/Include -IC:/Users/honho/STM32Cube/Repository/STM32Cube_FW_F7_V1.17.1/Drivers/CMSIS/Include -O0 -ffunction-sections -fdata-sections -Wall -fstack-usage -fcyclomatic-complexity -MMD -MP -MF"Core/Src/stm32f7xx_it.d" -MT"Core/Src/stm32f7xx_it.o" --specs=nano.specs -mfpu=fpv5-d16 -mfloat-abi=hard -mthumb -o "Core/Src/stm32f7xx_it.o"
arm-none-eabi-gcc "../Core/Src/syscalls.c" -mcpu=cortex-m7 -std=gnu11 -g3 -DDEBUG -DUSE_HAL_DRIVER -DSTM32F767xx -c -I../Core/Inc -IC:/Users/honho/STM32Cube/Repository/STM32Cube_FW_F7_V1.17.1/Drivers/STM32F7xx_HAL_Driver/Inc -IC:/Users/honho/STM32Cube/Repository/STM32Cube_FW_F7_V1.17.1/Drivers/STM32F7xx_HAL_Driver/Inc/Legacy -IC:/Users/honho/STM32Cube/Repository/STM32Cube_FW_F7_V1.17.1/Drivers/CMSIS/Device/ST/STM32F7xx/Include -IC:/Users/honho/STM32Cube/Repository/STM32Cube_FW_F7_V1.17.1/Drivers/CMSIS/Include -O0 -ffunction-sections -fdata-sections -Wall -fstack-usage -fcyclomatic-complexity -MMD -MP -MF"Core/Src/syscalls.d" -MT"Core/Src/syscalls.o" --specs=nano.specs -mfpu=fpv5-d16 -mfloat-abi=hard -mthumb -o "Core/Src/syscalls.o"
arm-none-eabi-gcc "../Core/Src/sysmem.c" -mcpu=cortex-m7 -std=gnu11 -g3 -DDEBUG -DUSE_HAL_DRIVER -DSTM32F767xx -c -I../Core/Inc -IC:/Users/honho/STM32Cube/Repository/STM32Cube_FW_F7_V1.17.1/Drivers/STM32F7xx_HAL_Driver/Inc -IC:/Users/honho/STM32Cube/Repository/STM32Cube_FW_F7_V1.17.1/Drivers/STM32F7xx_HAL_Driver/Inc/Legacy -IC:/Users/honho/STM32Cube/Repository/STM32Cube_FW_F7_V1.17.1/Drivers/CMSIS/Device/ST/STM32F7xx/Include -IC:/Users/honho/STM32Cube/Repository/STM32Cube_FW_F7_V1.17.1/Drivers/CMSIS/Include -O0 -ffunction-sections -fdata-sections -Wall -fstack-usage -fcyclomatic-complexity -MMD -MP -MF"Core/Src/sysmem.d" -MT"Core/Src/sysmem.o" --specs=nano.specs -mfpu=fpv5-d16 -mfloat-abi=hard -mthumb -o "Core/Src/sysmem.o"
arm-none-eabi-gcc "../Core/Src/system_stm32f7xx.c" -mcpu=cortex-m7 -std=gnu11 -g3 -DDEBUG -DUSE_HAL_DRIVER -DSTM32F767xx -c -I../Core/Inc -IC:/Users/honho/STM32Cube/Repository/STM32Cube_FW_F7_V1.17.1/Drivers/STM32F7xx_HAL_Driver/Inc -IC:/Users/honho/STM32Cube/Repository/STM32Cube_FW_F7_V1.17.1/Drivers/STM32F7xx_HAL_Driver/Inc/Legacy -IC:/Users/honho/STM32Cube/Repository/STM32Cube_FW_F7_V1.17.1/Drivers/CMSIS/Device/ST/STM32F7xx/Include -IC:/Users/honho/STM32Cube/Repository/STM32Cube_FW_F7_V1.17.1/Drivers/CMSIS/Include -O0 -ffunction-sections -fdata-sections -Wall -fstack-usage -fcyclomatic-complexity -MMD -MP -MF"Core/Src/system_stm32f7xx.d" -MT"Core/Src/system_stm32f7xx.o" --specs=nano.specs -mfpu=fpv5-d16 -mfloat-abi=hard -mthumb -o "Core/Src/system_stm32f7xx.o"
arm-none-eabi-gcc "../Core/Src/usart.c" -mcpu=cortex-m7 -std=gnu11 -g3 -DDEBUG -DUSE_HAL_DRIVER -DSTM32F767xx -c -I../Core/Inc -IC:/Users/honho/STM32Cube/Repository/STM32Cube_FW_F7_V1.17.1/Drivers/STM32F7xx_HAL_Driver/Inc -IC:/Users/honho/STM32Cube/Repository/STM32Cube_FW_F7_V1.17.1/Drivers/STM32F7xx_HAL_Driver/Inc/Legacy -IC:/Users/honho/STM32Cube/Repository/STM32Cube_FW_F7_V1.17.1/Drivers/CMSIS/Device/ST/STM32F7xx/Include -IC:/Users/honho/STM32Cube/Repository/STM32Cube_FW_F7_V1.17.1/Drivers/CMSIS/Include -O0 -ffunction-sections -fdata-sections -Wall -fstack-usage -fcyclomatic-complexity -MMD -MP -MF"Core/Src/usart.d" -MT"Core/Src/usart.o" --specs=nano.specs -mfpu=fpv5-d16 -mfloat-abi=hard -mthumb -o "Core/Src/usart.o"
../Core/Src/main.c:54:13: warning: 'MPU_Initialize' declared 'static' but never defined [-Wunused-function]
   54 | static void MPU_Initialize(void);
      |             ^~~~~~~~~~~~~~
arm-none-eabi-gcc -o "Lab5555.elf" @"objects.list"   -mcpu=cortex-m7 -T"C:\Users\honho\STM32CubeIDE\MAD_Lab\Lab5spee\Lab5555\STM32F767ZITX_FLASH.ld" --specs=nosys.specs -Wl,-Map="Lab5555.map" -Wl,--gc-sections -static --specs=nano.specs -mfpu=fpv5-d16 -mfloat-abi=hard -mthumb -Wl,--start-group -lc -lm -Wl,--end-group
Finished building target: Lab5555.elf
 
arm-none-eabi-size   Lab5555.elf 
arm-none-eabi-objdump -h -S  Lab5555.elf  > "Lab5555.list"
   text	   data	    bss	    dec	    hex	filename
  14836	     20	   1876	  16732	   415c	Lab5555.elf
Finished building: default.size.stdout
 
Finished building: Lab5555.list
 
13:01:44 **** Incremental Build of configuration Debug for project Lab5555 ****
make -j16 all 
arm-none-eabi-size   Lab5555.elf 
   text	   data	    bss	    dec	    hex	filename
  14836	     20	   1876	  16732	   415c	Lab5555.elf
Finished building: default.size.stdout
 
13:02:47 **** Incremental Build of configuration Debug for project Lab5555 ****
make -j16 all 
arm-none-eabi-gcc "../Core/Src/main.c" -mcpu=cortex-m7 -std=gnu11 -g3 -DDEBUG -DUSE_HAL_DRIVER -DSTM32F767xx -c -I../Core/Inc -IC:/Users/honho/STM32Cube/Repository/STM32Cube_FW_F7_V1.17.1/Drivers/STM32F7xx_HAL_Driver/Inc -IC:/Users/honho/STM32Cube/Repository/STM32Cube_FW_F7_V1.17.1/Drivers/STM32F7xx_HAL_Driver/Inc/Legacy -IC:/Users/honho/STM32Cube/Repository/STM32Cube_FW_F7_V1.17.1/Drivers/CMSIS/Device/ST/STM32F7xx/Include -IC:/Users/honho/STM32Cube/Repository/STM32Cube_FW_F7_V1.17.1/Drivers/CMSIS/Include -O0 -ffunction-sections -fdata-sections -Wall -fstack-usage -fcyclomatic-complexity -MMD -MP -MF"Core/Src/main.d" -MT"Core/Src/main.o" --specs=nano.specs -mfpu=fpv5-d16 -mfloat-abi=hard -mthumb -o "Core/Src/main.o"
../Core/Src/main.c: In function 'main':
../Core/Src/main.c:114:11: warning: implicit declaration of function 'snprintf' [-Wimplicit-function-declaration]
  114 |           snprintf(dma_res_buffer,300,"R1 => CH_1: %d, CH_2: %d, CH_3: %d, CH_4: %d\r\nR2 => CH_5: %d, CH_6: %d, CH_7: %d, CH_8: %d\r\n\r\n"
      |           ^~~~~~~~
../Core/Src/main.c:25:1: note: include '<stdio.h>' or provide a declaration of 'snprintf'
   24 | #include "gpio.h"
  +++ |+#include <stdio.h>
   25 | 
../Core/Src/main.c:114:11: warning: incompatible implicit declaration of built-in function 'snprintf' [-Wbuiltin-declaration-mismatch]
  114 |           snprintf(dma_res_buffer,300,"R1 => CH_1: %d, CH_2: %d, CH_3: %d, CH_4: %d\r\nR2 => CH_5: %d, CH_6: %d, CH_7: %d, CH_8: %d\r\n\r\n"
      |           ^~~~~~~~
../Core/Src/main.c:114:11: note: include '<stdio.h>' or provide a declaration of 'snprintf'
../Core/Src/main.c:114:53: warning: format '%d' expects argument of type 'int', but argument 4 has type 'uint32_t' {aka 'long unsigned int'} [-Wformat=]
  114 |           snprintf(dma_res_buffer,300,"R1 => CH_1: %d, CH_2: %d, CH_3: %d, CH_4: %d\r\nR2 => CH_5: %d, CH_6: %d, CH_7: %d, CH_8: %d\r\n\r\n"
      |                                                    ~^
      |                                                     |
      |                                                     int
      |                                                    %ld
  115 |                           , res_adc_dma[0], res_adc_dma[1], res_adc_dma[2], res_adc_dma[3], res_adc_dma[4], res_adc_dma[5], res_adc_dma[6], res_adc_dma[7]);
      |                             ~~~~~~~~~~~~~~           
      |                                        |
      |                                        uint32_t {aka long unsigned int}
../Core/Src/main.c:114:63: warning: format '%d' expects argument of type 'int', but argument 5 has type 'uint32_t' {aka 'long unsigned int'} [-Wformat=]
  114 |           snprintf(dma_res_buffer,300,"R1 => CH_1: %d, CH_2: %d, CH_3: %d, CH_4: %d\r\nR2 => CH_5: %d, CH_6: %d, CH_7: %d, CH_8: %d\r\n\r\n"
      |                                                              ~^
      |                                                               |
      |                                                               int
      |                                                              %ld
  115 |                           , res_adc_dma[0], res_adc_dma[1], res_adc_dma[2], res_adc_dma[3], res_adc_dma[4], res_adc_dma[5], res_adc_dma[6], res_adc_dma[7]);
      |                                             ~~~~~~~~~~~~~~     
      |                                                        |
      |                                                        uint32_t {aka long unsigned int}
../Core/Src/main.c:114:73: warning: format '%d' expects argument of type 'int', but argument 6 has type 'uint32_t' {aka 'long unsigned int'} [-Wformat=]
  114 |           snprintf(dma_res_buffer,300,"R1 => CH_1: %d, CH_2: %d, CH_3: %d, CH_4: %d\r\nR2 => CH_5: %d, CH_6: %d, CH_7: %d, CH_8: %d\r\n\r\n"
      |                                                                        ~^
      |                                                                         |
      |                                                                         int
      |                                                                        %ld
  115 |                           , res_adc_dma[0], res_adc_dma[1], res_adc_dma[2], res_adc_dma[3], res_adc_dma[4], res_adc_dma[5], res_adc_dma[6], res_adc_dma[7]);
      |                                                             ~~~~~~~~~~~~~~
      |                                                                        |
      |                                                                        uint32_t {aka long unsigned int}
../Core/Src/main.c:114:83: warning: format '%d' expects argument of type 'int', but argument 7 has type 'uint32_t' {aka 'long unsigned int'} [-Wformat=]
  114 |           snprintf(dma_res_buffer,300,"R1 => CH_1: %d, CH_2: %d, CH_3: %d, CH_4: %d\r\nR2 => CH_5: %d, CH_6: %d, CH_7: %d, CH_8: %d\r\n\r\n"
      |                                                                                  ~^
      |                                                                                   |
      |                                                                                   int
      |                                                                                  %ld
  115 |                           , res_adc_dma[0], res_adc_dma[1], res_adc_dma[2], res_adc_dma[3], res_adc_dma[4], res_adc_dma[5], res_adc_dma[6], res_adc_dma[7]);
      |                                                                             ~~~~~~~~~~~~~~
      |                                                                                        |
      |                                                                                        uint32_t {aka long unsigned int}
../Core/Src/main.c:114:101: warning: format '%d' expects argument of type 'int', but argument 8 has type 'uint32_t' {aka 'long unsigned int'} [-Wformat=]
  114 |           snprintf(dma_res_buffer,300,"R1 => CH_1: %d, CH_2: %d, CH_3: %d, CH_4: %d\r\nR2 => CH_5: %d, CH_6: %d, CH_7: %d, CH_8: %d\r\n\r\n"
      |                                                                                                    ~^
      |                                                                                                     |
      |                                                                                                     int
      |                                                                                                    %ld
  115 |                           , res_adc_dma[0], res_adc_dma[1], res_adc_dma[2], res_adc_dma[3], res_adc_dma[4], res_adc_dma[5], res_adc_dma[6], res_adc_dma[7]);
      |                                                                                             ~~~~~~~~~~~~~~
      |                                                                                                        |
      |                                                                                                        uint32_t {aka long unsigned int}
../Core/Src/main.c:114:111: warning: format '%d' expects argument of type 'int', but argument 9 has type 'uint32_t' {aka 'long unsigned int'} [-Wformat=]
  114 |           snprintf(dma_res_buffer,300,"R1 => CH_1: %d, CH_2: %d, CH_3: %d, CH_4: %d\r\nR2 => CH_5: %d, CH_6: %d, CH_7: %d, CH_8: %d\r\n\r\n"
      |                                                                                                              ~^
      |                                                                                                               |
      |                                                                                                               int
      |                                                                                                              %ld
  115 |                           , res_adc_dma[0], res_adc_dma[1], res_adc_dma[2], res_adc_dma[3], res_adc_dma[4], res_adc_dma[5], res_adc_dma[6], res_adc_dma[7]);
      |                                                                                                             ~~~~~~~~~~~~~~
      |                                                                                                                        |
      |                                                                                                                        uint32_t {aka long unsigned int}
../Core/Src/main.c:114:121: warning: format '%d' expects argument of type 'int', but argument 10 has type 'uint32_t' {aka 'long unsigned int'} [-Wformat=]
  114 |           snprintf(dma_res_buffer,300,"R1 => CH_1: %d, CH_2: %d, CH_3: %d, CH_4: %d\r\nR2 => CH_5: %d, CH_6: %d, CH_7: %d, CH_8: %d\r\n\r\n"
      |                                                                                                                        ~^
      |                                                                                                                         |
      |                                                                                                                         int
      |                                                                                                                        %ld
  115 |                           , res_adc_dma[0], res_adc_dma[1], res_adc_dma[2], res_adc_dma[3], res_adc_dma[4], res_adc_dma[5], res_adc_dma[6], res_adc_dma[7]);
      |                                                                                                                             ~~~~~~~~~~~~~~
      |                                                                                                                                        |
      |                                                                                                                                        uint32_t {aka long unsigned int}
../Core/Src/main.c:114:131: warning: format '%d' expects argument of type 'int', but argument 11 has type 'uint32_t' {aka 'long unsigned int'} [-Wformat=]
  114 |           snprintf(dma_res_buffer,300,"R1 => CH_1: %d, CH_2: %d, CH_3: %d, CH_4: %d\r\nR2 => CH_5: %d, CH_6: %d, CH_7: %d, CH_8: %d\r\n\r\n"
      |                                                                                                                                  ~^
      |                                                                                                                                   |
      |                                                                                                                                   int
      |                                                                                                                                  %ld
  115 |                           , res_adc_dma[0], res_adc_dma[1], res_adc_dma[2], res_adc_dma[3], res_adc_dma[4], res_adc_dma[5], res_adc_dma[6], res_adc_dma[7]);
      |                                                                                                                                             ~~~~~~~~~~~~~~
      |                                                                                                                                                        |
      |                                                                                                                                                        uint32_t {aka long unsigned int}
../Core/Src/main.c:117:65: warning: implicit declaration of function 'strlen' [-Wimplicit-function-declaration]
  117 |           HAL_UART_Transmit(&huart3, (uint8_t*) dma_res_buffer, strlen(dma_res_buffer), 1000);
      |                                                                 ^~~~~~
../Core/Src/main.c:25:1: note: include '<string.h>' or provide a declaration of 'strlen'
   24 | #include "gpio.h"
  +++ |+#include <string.h>
   25 | 
../Core/Src/main.c:117:65: warning: incompatible implicit declaration of built-in function 'strlen' [-Wbuiltin-declaration-mismatch]
  117 |           HAL_UART_Transmit(&huart3, (uint8_t*) dma_res_buffer, strlen(dma_res_buffer), 1000);
      |                                                                 ^~~~~~
../Core/Src/main.c:117:65: note: include '<string.h>' or provide a declaration of 'strlen'
../Core/Src/main.c: At top level:
../Core/Src/main.c:57:13: warning: 'MPU_Initialize' declared 'static' but never defined [-Wunused-function]
   57 | static void MPU_Initialize(void);
      |             ^~~~~~~~~~~~~~
arm-none-eabi-gcc -o "Lab5555.elf" @"objects.list"   -mcpu=cortex-m7 -T"C:\Users\honho\STM32CubeIDE\MAD_Lab\Lab5spee\Lab5555\STM32F767ZITX_FLASH.ld" --specs=nosys.specs -Wl,-Map="Lab5555.map" -Wl,--gc-sections -static --specs=nano.specs -mfpu=fpv5-d16 -mfloat-abi=hard -mthumb -Wl,--start-group -lc -lm -Wl,--end-group
Finished building target: Lab5555.elf
 
arm-none-eabi-size   Lab5555.elf 
arm-none-eabi-objdump -h -S  Lab5555.elf  > "Lab5555.list"
   text	   data	    bss	    dec	    hex	filename
  19176	    100	   2540	  21816	   5538	Lab5555.elf
Finished building: default.size.stdout
 
Finished building: Lab5555.list
 
13:12:18 **** Incremental Build of configuration Debug for project Lab5555 ****
make -j16 all 
arm-none-eabi-gcc "../Core/Src/gpio.c" -mcpu=cortex-m7 -std=gnu11 -g3 -DDEBUG -DUSE_HAL_DRIVER -DSTM32F767xx -c -I../Core/Inc -IC:/Users/honho/STM32Cube/Repository/STM32Cube_FW_F7_V1.17.1/Drivers/STM32F7xx_HAL_Driver/Inc -IC:/Users/honho/STM32Cube/Repository/STM32Cube_FW_F7_V1.17.1/Drivers/STM32F7xx_HAL_Driver/Inc/Legacy -IC:/Users/honho/STM32Cube/Repository/STM32Cube_FW_F7_V1.17.1/Drivers/CMSIS/Device/ST/STM32F7xx/Include -IC:/Users/honho/STM32Cube/Repository/STM32Cube_FW_F7_V1.17.1/Drivers/CMSIS/Include -O0 -ffunction-sections -fdata-sections -Wall -fstack-usage -fcyclomatic-complexity -MMD -MP -MF"Core/Src/gpio.d" -MT"Core/Src/gpio.o" --specs=nano.specs -mfpu=fpv5-d16 -mfloat-abi=hard -mthumb -o "Core/Src/gpio.o"
arm-none-eabi-gcc "../Core/Src/main.c" -mcpu=cortex-m7 -std=gnu11 -g3 -DDEBUG -DUSE_HAL_DRIVER -DSTM32F767xx -c -I../Core/Inc -IC:/Users/honho/STM32Cube/Repository/STM32Cube_FW_F7_V1.17.1/Drivers/STM32F7xx_HAL_Driver/Inc -IC:/Users/honho/STM32Cube/Repository/STM32Cube_FW_F7_V1.17.1/Drivers/STM32F7xx_HAL_Driver/Inc/Legacy -IC:/Users/honho/STM32Cube/Repository/STM32Cube_FW_F7_V1.17.1/Drivers/CMSIS/Device/ST/STM32F7xx/Include -IC:/Users/honho/STM32Cube/Repository/STM32Cube_FW_F7_V1.17.1/Drivers/CMSIS/Include -O0 -ffunction-sections -fdata-sections -Wall -fstack-usage -fcyclomatic-complexity -MMD -MP -MF"Core/Src/main.d" -MT"Core/Src/main.o" --specs=nano.specs -mfpu=fpv5-d16 -mfloat-abi=hard -mthumb -o "Core/Src/main.o"
../Core/Src/main.c: In function 'main':
../Core/Src/main.c:114:11: warning: implicit declaration of function 'snprintf' [-Wimplicit-function-declaration]
  114 |           snprintf(dma_res_buffer,300,"R1 => CH_1: %d, CH_2: %d, CH_3: %d, CH_4: %d\r\nR2 => CH_5: %d, CH_6: %d, CH_7: %d, CH_8: %d\r\n\r\n"
      |           ^~~~~~~~
../Core/Src/main.c:25:1: note: include '<stdio.h>' or provide a declaration of 'snprintf'
   24 | #include "gpio.h"
  +++ |+#include <stdio.h>
   25 | 
../Core/Src/main.c:114:11: warning: incompatible implicit declaration of built-in function 'snprintf' [-Wbuiltin-declaration-mismatch]
  114 |           snprintf(dma_res_buffer,300,"R1 => CH_1: %d, CH_2: %d, CH_3: %d, CH_4: %d\r\nR2 => CH_5: %d, CH_6: %d, CH_7: %d, CH_8: %d\r\n\r\n"
      |           ^~~~~~~~
../Core/Src/main.c:114:11: note: include '<stdio.h>' or provide a declaration of 'snprintf'
../Core/Src/main.c:114:53: warning: format '%d' expects argument of type 'int', but argument 4 has type 'uint32_t' {aka 'long unsigned int'} [-Wformat=]
  114 |           snprintf(dma_res_buffer,300,"R1 => CH_1: %d, CH_2: %d, CH_3: %d, CH_4: %d\r\nR2 => CH_5: %d, CH_6: %d, CH_7: %d, CH_8: %d\r\n\r\n"
      |                                                    ~^
      |                                                     |
      |                                                     int
      |                                                    %ld
  115 |                           , res_adc_dma[0], res_adc_dma[1], res_adc_dma[2], res_adc_dma[3], res_adc_dma[4], res_adc_dma[5], res_adc_dma[6], res_adc_dma[7]);
      |                             ~~~~~~~~~~~~~~           
      |                                        |
      |                                        uint32_t {aka long unsigned int}
../Core/Src/main.c:114:63: warning: format '%d' expects argument of type 'int', but argument 5 has type 'uint32_t' {aka 'long unsigned int'} [-Wformat=]
  114 |           snprintf(dma_res_buffer,300,"R1 => CH_1: %d, CH_2: %d, CH_3: %d, CH_4: %d\r\nR2 => CH_5: %d, CH_6: %d, CH_7: %d, CH_8: %d\r\n\r\n"
      |                                                              ~^
      |                                                               |
      |                                                               int
      |                                                              %ld
  115 |                           , res_adc_dma[0], res_adc_dma[1], res_adc_dma[2], res_adc_dma[3], res_adc_dma[4], res_adc_dma[5], res_adc_dma[6], res_adc_dma[7]);
      |                                             ~~~~~~~~~~~~~~     
      |                                                        |
      |                                                        uint32_t {aka long unsigned int}
../Core/Src/main.c:114:73: warning: format '%d' expects argument of type 'int', but argument 6 has type 'uint32_t' {aka 'long unsigned int'} [-Wformat=]
  114 |           snprintf(dma_res_buffer,300,"R1 => CH_1: %d, CH_2: %d, CH_3: %d, CH_4: %d\r\nR2 => CH_5: %d, CH_6: %d, CH_7: %d, CH_8: %d\r\n\r\n"
      |                                                                        ~^
      |                                                                         |
      |                                                                         int
      |                                                                        %ld
  115 |                           , res_adc_dma[0], res_adc_dma[1], res_adc_dma[2], res_adc_dma[3], res_adc_dma[4], res_adc_dma[5], res_adc_dma[6], res_adc_dma[7]);
      |                                                             ~~~~~~~~~~~~~~
      |                                                                        |
      |                                                                        uint32_t {aka long unsigned int}
../Core/Src/main.c:114:83: warning: format '%d' expects argument of type 'int', but argument 7 has type 'uint32_t' {aka 'long unsigned int'} [-Wformat=]
  114 |           snprintf(dma_res_buffer,300,"R1 => CH_1: %d, CH_2: %d, CH_3: %d, CH_4: %d\r\nR2 => CH_5: %d, CH_6: %d, CH_7: %d, CH_8: %d\r\n\r\n"
      |                                                                                  ~^
      |                                                                                   |
      |                                                                                   int
      |                                                                                  %ld
  115 |                           , res_adc_dma[0], res_adc_dma[1], res_adc_dma[2], res_adc_dma[3], res_adc_dma[4], res_adc_dma[5], res_adc_dma[6], res_adc_dma[7]);
      |                                                                             ~~~~~~~~~~~~~~
      |                                                                                        |
      |                                                                                        uint32_t {aka long unsigned int}
../Core/Src/main.c:114:101: warning: format '%d' expects argument of type 'int', but argument 8 has type 'uint32_t' {aka 'long unsigned int'} [-Wformat=]
  114 |           snprintf(dma_res_buffer,300,"R1 => CH_1: %d, CH_2: %d, CH_3: %d, CH_4: %d\r\nR2 => CH_5: %d, CH_6: %d, CH_7: %d, CH_8: %d\r\n\r\n"
      |                                                                                                    ~^
      |                                                                                                     |
      |                                                                                                     int
      |                                                                                                    %ld
  115 |                           , res_adc_dma[0], res_adc_dma[1], res_adc_dma[2], res_adc_dma[3], res_adc_dma[4], res_adc_dma[5], res_adc_dma[6], res_adc_dma[7]);
      |                                                                                             ~~~~~~~~~~~~~~
      |                                                                                                        |
      |                                                                                                        uint32_t {aka long unsigned int}
../Core/Src/main.c:114:111: warning: format '%d' expects argument of type 'int', but argument 9 has type 'uint32_t' {aka 'long unsigned int'} [-Wformat=]
  114 |           snprintf(dma_res_buffer,300,"R1 => CH_1: %d, CH_2: %d, CH_3: %d, CH_4: %d\r\nR2 => CH_5: %d, CH_6: %d, CH_7: %d, CH_8: %d\r\n\r\n"
      |                                                                                                              ~^
      |                                                                                                               |
      |                                                                                                               int
      |                                                                                                              %ld
  115 |                           , res_adc_dma[0], res_adc_dma[1], res_adc_dma[2], res_adc_dma[3], res_adc_dma[4], res_adc_dma[5], res_adc_dma[6], res_adc_dma[7]);
      |                                                                                                             ~~~~~~~~~~~~~~
      |                                                                                                                        |
      |                                                                                                                        uint32_t {aka long unsigned int}
../Core/Src/main.c:114:121: warning: format '%d' expects argument of type 'int', but argument 10 has type 'uint32_t' {aka 'long unsigned int'} [-Wformat=]
  114 |           snprintf(dma_res_buffer,300,"R1 => CH_1: %d, CH_2: %d, CH_3: %d, CH_4: %d\r\nR2 => CH_5: %d, CH_6: %d, CH_7: %d, CH_8: %d\r\n\r\n"
      |                                                                                                                        ~^
      |                                                                                                                         |
      |                                                                                                                         int
      |                                                                                                                        %ld
  115 |                           , res_adc_dma[0], res_adc_dma[1], res_adc_dma[2], res_adc_dma[3], res_adc_dma[4], res_adc_dma[5], res_adc_dma[6], res_adc_dma[7]);
      |                                                                                                                             ~~~~~~~~~~~~~~
      |                                                                                                                                        |
      |                                                                                                                                        uint32_t {aka long unsigned int}
../Core/Src/main.c:114:131: warning: format '%d' expects argument of type 'int', but argument 11 has type 'uint32_t' {aka 'long unsigned int'} [-Wformat=]
  114 |           snprintf(dma_res_buffer,300,"R1 => CH_1: %d, CH_2: %d, CH_3: %d, CH_4: %d\r\nR2 => CH_5: %d, CH_6: %d, CH_7: %d, CH_8: %d\r\n\r\n"
      |                                                                                                                                  ~^
      |                                                                                                                                   |
      |                                                                                                                                   int
      |                                                                                                                                  %ld
  115 |                           , res_adc_dma[0], res_adc_dma[1], res_adc_dma[2], res_adc_dma[3], res_adc_dma[4], res_adc_dma[5], res_adc_dma[6], res_adc_dma[7]);
      |                                                                                                                                             ~~~~~~~~~~~~~~
      |                                                                                                                                                        |
      |                                                                                                                                                        uint32_t {aka long unsigned int}
../Core/Src/main.c:117:65: warning: implicit declaration of function 'strlen' [-Wimplicit-function-declaration]
  117 |           HAL_UART_Transmit(&huart3, (uint8_t*) dma_res_buffer, strlen(dma_res_buffer), 1000);
      |                                                                 ^~~~~~
../Core/Src/main.c:25:1: note: include '<string.h>' or provide a declaration of 'strlen'
   24 | #include "gpio.h"
  +++ |+#include <string.h>
   25 | 
../Core/Src/main.c:117:65: warning: incompatible implicit declaration of built-in function 'strlen' [-Wbuiltin-declaration-mismatch]
  117 |           HAL_UART_Transmit(&huart3, (uint8_t*) dma_res_buffer, strlen(dma_res_buffer), 1000);
      |                                                                 ^~~~~~
../Core/Src/main.c:117:65: note: include '<string.h>' or provide a declaration of 'strlen'
../Core/Src/main.c: At top level:
../Core/Src/main.c:57:13: warning: 'MPU_Initialize' declared 'static' but never defined [-Wunused-function]
   57 | static void MPU_Initialize(void);
      |             ^~~~~~~~~~~~~~
arm-none-eabi-gcc -o "Lab5555.elf" @"objects.list"   -mcpu=cortex-m7 -T"C:\Users\honho\STM32CubeIDE\MAD_Lab\Lab5spee\Lab5555\STM32F767ZITX_FLASH.ld" --specs=nosys.specs -Wl,-Map="Lab5555.map" -Wl,--gc-sections -static --specs=nano.specs -mfpu=fpv5-d16 -mfloat-abi=hard -mthumb -Wl,--start-group -lc -lm -Wl,--end-group
Finished building target: Lab5555.elf
 
arm-none-eabi-size   Lab5555.elf 
arm-none-eabi-objdump -h -S  Lab5555.elf  > "Lab5555.list"
   text	   data	    bss	    dec	    hex	filename
  19280	    100	   2540	  21920	   55a0	Lab5555.elf
Finished building: default.size.stdout
 
Finished building: Lab5555.list
 
13:13:04 **** Incremental Build of configuration Debug for project Lab5555 ****
make -j16 all 
arm-none-eabi-gcc "../Core/Src/main.c" -mcpu=cortex-m7 -std=gnu11 -g3 -DDEBUG -DUSE_HAL_DRIVER -DSTM32F767xx -c -I../Core/Inc -IC:/Users/honho/STM32Cube/Repository/STM32Cube_FW_F7_V1.17.1/Drivers/STM32F7xx_HAL_Driver/Inc -IC:/Users/honho/STM32Cube/Repository/STM32Cube_FW_F7_V1.17.1/Drivers/STM32F7xx_HAL_Driver/Inc/Legacy -IC:/Users/honho/STM32Cube/Repository/STM32Cube_FW_F7_V1.17.1/Drivers/CMSIS/Device/ST/STM32F7xx/Include -IC:/Users/honho/STM32Cube/Repository/STM32Cube_FW_F7_V1.17.1/Drivers/CMSIS/Include -O0 -ffunction-sections -fdata-sections -Wall -fstack-usage -fcyclomatic-complexity -MMD -MP -MF"Core/Src/main.d" -MT"Core/Src/main.o" --specs=nano.specs -mfpu=fpv5-d16 -mfloat-abi=hard -mthumb -o "Core/Src/main.o"
../Core/Src/main.c: In function 'main':
../Core/Src/main.c:114:11: warning: implicit declaration of function 'snprintf' [-Wimplicit-function-declaration]
  114 |           snprintf(dma_res_buffer,300,"R1 => CH_1: %d, CH_2: %d, CH_3: %d, CH_4: %d\r\nR2 => CH_5: %d, CH_6: %d, CH_7: %d, CH_8: %d\r\n\r\n"
      |           ^~~~~~~~
../Core/Src/main.c:25:1: note: include '<stdio.h>' or provide a declaration of 'snprintf'
   24 | #include "gpio.h"
  +++ |+#include <stdio.h>
   25 | 
../Core/Src/main.c:114:11: warning: incompatible implicit declaration of built-in function 'snprintf' [-Wbuiltin-declaration-mismatch]
  114 |           snprintf(dma_res_buffer,300,"R1 => CH_1: %d, CH_2: %d, CH_3: %d, CH_4: %d\r\nR2 => CH_5: %d, CH_6: %d, CH_7: %d, CH_8: %d\r\n\r\n"
      |           ^~~~~~~~
../Core/Src/main.c:114:11: note: include '<stdio.h>' or provide a declaration of 'snprintf'
../Core/Src/main.c:114:53: warning: format '%d' expects argument of type 'int', but argument 4 has type 'uint32_t' {aka 'long unsigned int'} [-Wformat=]
  114 |           snprintf(dma_res_buffer,300,"R1 => CH_1: %d, CH_2: %d, CH_3: %d, CH_4: %d\r\nR2 => CH_5: %d, CH_6: %d, CH_7: %d, CH_8: %d\r\n\r\n"
      |                                                    ~^
      |                                                     |
      |                                                     int
      |                                                    %ld
  115 |                           , res_adc_dma[0], res_adc_dma[1], res_adc_dma[2], res_adc_dma[3], res_adc_dma[4], res_adc_dma[5], res_adc_dma[6], res_adc_dma[7]);
      |                             ~~~~~~~~~~~~~~           
      |                                        |
      |                                        uint32_t {aka long unsigned int}
../Core/Src/main.c:114:63: warning: format '%d' expects argument of type 'int', but argument 5 has type 'uint32_t' {aka 'long unsigned int'} [-Wformat=]
  114 |           snprintf(dma_res_buffer,300,"R1 => CH_1: %d, CH_2: %d, CH_3: %d, CH_4: %d\r\nR2 => CH_5: %d, CH_6: %d, CH_7: %d, CH_8: %d\r\n\r\n"
      |                                                              ~^
      |                                                               |
      |                                                               int
      |                                                              %ld
  115 |                           , res_adc_dma[0], res_adc_dma[1], res_adc_dma[2], res_adc_dma[3], res_adc_dma[4], res_adc_dma[5], res_adc_dma[6], res_adc_dma[7]);
      |                                             ~~~~~~~~~~~~~~     
      |                                                        |
      |                                                        uint32_t {aka long unsigned int}
../Core/Src/main.c:114:73: warning: format '%d' expects argument of type 'int', but argument 6 has type 'uint32_t' {aka 'long unsigned int'} [-Wformat=]
  114 |           snprintf(dma_res_buffer,300,"R1 => CH_1: %d, CH_2: %d, CH_3: %d, CH_4: %d\r\nR2 => CH_5: %d, CH_6: %d, CH_7: %d, CH_8: %d\r\n\r\n"
      |                                                                        ~^
      |                                                                         |
      |                                                                         int
      |                                                                        %ld
  115 |                           , res_adc_dma[0], res_adc_dma[1], res_adc_dma[2], res_adc_dma[3], res_adc_dma[4], res_adc_dma[5], res_adc_dma[6], res_adc_dma[7]);
      |                                                             ~~~~~~~~~~~~~~
      |                                                                        |
      |                                                                        uint32_t {aka long unsigned int}
../Core/Src/main.c:114:83: warning: format '%d' expects argument of type 'int', but argument 7 has type 'uint32_t' {aka 'long unsigned int'} [-Wformat=]
  114 |           snprintf(dma_res_buffer,300,"R1 => CH_1: %d, CH_2: %d, CH_3: %d, CH_4: %d\r\nR2 => CH_5: %d, CH_6: %d, CH_7: %d, CH_8: %d\r\n\r\n"
      |                                                                                  ~^
      |                                                                                   |
      |                                                                                   int
      |                                                                                  %ld
  115 |                           , res_adc_dma[0], res_adc_dma[1], res_adc_dma[2], res_adc_dma[3], res_adc_dma[4], res_adc_dma[5], res_adc_dma[6], res_adc_dma[7]);
      |                                                                             ~~~~~~~~~~~~~~
      |                                                                                        |
      |                                                                                        uint32_t {aka long unsigned int}
../Core/Src/main.c:114:101: warning: format '%d' expects argument of type 'int', but argument 8 has type 'uint32_t' {aka 'long unsigned int'} [-Wformat=]
  114 |           snprintf(dma_res_buffer,300,"R1 => CH_1: %d, CH_2: %d, CH_3: %d, CH_4: %d\r\nR2 => CH_5: %d, CH_6: %d, CH_7: %d, CH_8: %d\r\n\r\n"
      |                                                                                                    ~^
      |                                                                                                     |
      |                                                                                                     int
      |                                                                                                    %ld
  115 |                           , res_adc_dma[0], res_adc_dma[1], res_adc_dma[2], res_adc_dma[3], res_adc_dma[4], res_adc_dma[5], res_adc_dma[6], res_adc_dma[7]);
      |                                                                                             ~~~~~~~~~~~~~~
      |                                                                                                        |
      |                                                                                                        uint32_t {aka long unsigned int}
../Core/Src/main.c:114:111: warning: format '%d' expects argument of type 'int', but argument 9 has type 'uint32_t' {aka 'long unsigned int'} [-Wformat=]
  114 |           snprintf(dma_res_buffer,300,"R1 => CH_1: %d, CH_2: %d, CH_3: %d, CH_4: %d\r\nR2 => CH_5: %d, CH_6: %d, CH_7: %d, CH_8: %d\r\n\r\n"
      |                                                                                                              ~^
      |                                                                                                               |
      |                                                                                                               int
      |                                                                                                              %ld
  115 |                           , res_adc_dma[0], res_adc_dma[1], res_adc_dma[2], res_adc_dma[3], res_adc_dma[4], res_adc_dma[5], res_adc_dma[6], res_adc_dma[7]);
      |                                                                                                             ~~~~~~~~~~~~~~
      |                                                                                                                        |
      |                                                                                                                        uint32_t {aka long unsigned int}
../Core/Src/main.c:114:121: warning: format '%d' expects argument of type 'int', but argument 10 has type 'uint32_t' {aka 'long unsigned int'} [-Wformat=]
  114 |           snprintf(dma_res_buffer,300,"R1 => CH_1: %d, CH_2: %d, CH_3: %d, CH_4: %d\r\nR2 => CH_5: %d, CH_6: %d, CH_7: %d, CH_8: %d\r\n\r\n"
      |                                                                                                                        ~^
      |                                                                                                                         |
      |                                                                                                                         int
      |                                                                                                                        %ld
  115 |                           , res_adc_dma[0], res_adc_dma[1], res_adc_dma[2], res_adc_dma[3], res_adc_dma[4], res_adc_dma[5], res_adc_dma[6], res_adc_dma[7]);
      |                                                                                                                             ~~~~~~~~~~~~~~
      |                                                                                                                                        |
      |                                                                                                                                        uint32_t {aka long unsigned int}
../Core/Src/main.c:114:131: warning: format '%d' expects argument of type 'int', but argument 11 has type 'uint32_t' {aka 'long unsigned int'} [-Wformat=]
  114 |           snprintf(dma_res_buffer,300,"R1 => CH_1: %d, CH_2: %d, CH_3: %d, CH_4: %d\r\nR2 => CH_5: %d, CH_6: %d, CH_7: %d, CH_8: %d\r\n\r\n"
      |                                                                                                                                  ~^
      |                                                                                                                                   |
      |                                                                                                                                   int
      |                                                                                                                                  %ld
  115 |                           , res_adc_dma[0], res_adc_dma[1], res_adc_dma[2], res_adc_dma[3], res_adc_dma[4], res_adc_dma[5], res_adc_dma[6], res_adc_dma[7]);
      |                                                                                                                                             ~~~~~~~~~~~~~~
      |                                                                                                                                                        |
      |                                                                                                                                                        uint32_t {aka long unsigned int}
../Core/Src/main.c:117:65: warning: implicit declaration of function 'strlen' [-Wimplicit-function-declaration]
  117 |           HAL_UART_Transmit(&huart3, (uint8_t*) dma_res_buffer, strlen(dma_res_buffer), 1000);
      |                                                                 ^~~~~~
../Core/Src/main.c:25:1: note: include '<string.h>' or provide a declaration of 'strlen'
   24 | #include "gpio.h"
  +++ |+#include <string.h>
   25 | 
../Core/Src/main.c:117:65: warning: incompatible implicit declaration of built-in function 'strlen' [-Wbuiltin-declaration-mismatch]
  117 |           HAL_UART_Transmit(&huart3, (uint8_t*) dma_res_buffer, strlen(dma_res_buffer), 1000);
      |                                                                 ^~~~~~
../Core/Src/main.c:117:65: note: include '<string.h>' or provide a declaration of 'strlen'
../Core/Src/main.c: At top level:
../Core/Src/main.c:57:13: warning: 'MPU_Initialize' declared 'static' but never defined [-Wunused-function]
   57 | static void MPU_Initialize(void);
      |             ^~~~~~~~~~~~~~
arm-none-eabi-gcc -o "Lab5555.elf" @"objects.list"   -mcpu=cortex-m7 -T"C:\Users\honho\STM32CubeIDE\MAD_Lab\Lab5spee\Lab5555\STM32F767ZITX_FLASH.ld" --specs=nosys.specs -Wl,-Map="Lab5555.map" -Wl,--gc-sections -static --specs=nano.specs -mfpu=fpv5-d16 -mfloat-abi=hard -mthumb -Wl,--start-group -lc -lm -Wl,--end-group
Finished building target: Lab5555.elf
 
arm-none-eabi-size   Lab5555.elf 
arm-none-eabi-objdump -h -S  Lab5555.elf  > "Lab5555.list"
   text	   data	    bss	    dec	    hex	filename
  19312	    100	   2540	  21952	   55c0	Lab5555.elf
Finished building: default.size.stdout
 
Finished building: Lab5555.list
 
13:13:54 **** Incremental Build of configuration Debug for project Lab5555 ****
make -j16 all 
arm-none-eabi-gcc "../Core/Src/main.c" -mcpu=cortex-m7 -std=gnu11 -g3 -DDEBUG -DUSE_HAL_DRIVER -DSTM32F767xx -c -I../Core/Inc -IC:/Users/honho/STM32Cube/Repository/STM32Cube_FW_F7_V1.17.1/Drivers/STM32F7xx_HAL_Driver/Inc -IC:/Users/honho/STM32Cube/Repository/STM32Cube_FW_F7_V1.17.1/Drivers/STM32F7xx_HAL_Driver/Inc/Legacy -IC:/Users/honho/STM32Cube/Repository/STM32Cube_FW_F7_V1.17.1/Drivers/CMSIS/Device/ST/STM32F7xx/Include -IC:/Users/honho/STM32Cube/Repository/STM32Cube_FW_F7_V1.17.1/Drivers/CMSIS/Include -O0 -ffunction-sections -fdata-sections -Wall -fstack-usage -fcyclomatic-complexity -MMD -MP -MF"Core/Src/main.d" -MT"Core/Src/main.o" --specs=nano.specs -mfpu=fpv5-d16 -mfloat-abi=hard -mthumb -o "Core/Src/main.o"
../Core/Src/main.c: In function 'main':
../Core/Src/main.c:114:11: warning: implicit declaration of function 'snprintf' [-Wimplicit-function-declaration]
  114 |           snprintf(dma_res_buffer,300,"R1 => CH_1: %d, CH_2: %d, CH_3: %d, CH_4: %d\r\nR2 => CH_5: %d, CH_6: %d, CH_7: %d, CH_8: %d\r\n\r\n"
      |           ^~~~~~~~
../Core/Src/main.c:25:1: note: include '<stdio.h>' or provide a declaration of 'snprintf'
   24 | #include "gpio.h"
  +++ |+#include <stdio.h>
   25 | 
../Core/Src/main.c:114:11: warning: incompatible implicit declaration of built-in function 'snprintf' [-Wbuiltin-declaration-mismatch]
  114 |           snprintf(dma_res_buffer,300,"R1 => CH_1: %d, CH_2: %d, CH_3: %d, CH_4: %d\r\nR2 => CH_5: %d, CH_6: %d, CH_7: %d, CH_8: %d\r\n\r\n"
      |           ^~~~~~~~
../Core/Src/main.c:114:11: note: include '<stdio.h>' or provide a declaration of 'snprintf'
../Core/Src/main.c:114:53: warning: format '%d' expects argument of type 'int', but argument 4 has type 'uint32_t' {aka 'long unsigned int'} [-Wformat=]
  114 |           snprintf(dma_res_buffer,300,"R1 => CH_1: %d, CH_2: %d, CH_3: %d, CH_4: %d\r\nR2 => CH_5: %d, CH_6: %d, CH_7: %d, CH_8: %d\r\n\r\n"
      |                                                    ~^
      |                                                     |
      |                                                     int
      |                                                    %ld
  115 |                           , res_adc_dma[0], res_adc_dma[1], res_adc_dma[2], res_adc_dma[3], res_adc_dma[4], res_adc_dma[5], res_adc_dma[6], res_adc_dma[7]);
      |                             ~~~~~~~~~~~~~~           
      |                                        |
      |                                        uint32_t {aka long unsigned int}
../Core/Src/main.c:114:63: warning: format '%d' expects argument of type 'int', but argument 5 has type 'uint32_t' {aka 'long unsigned int'} [-Wformat=]
  114 |           snprintf(dma_res_buffer,300,"R1 => CH_1: %d, CH_2: %d, CH_3: %d, CH_4: %d\r\nR2 => CH_5: %d, CH_6: %d, CH_7: %d, CH_8: %d\r\n\r\n"
      |                                                              ~^
      |                                                               |
      |                                                               int
      |                                                              %ld
  115 |                           , res_adc_dma[0], res_adc_dma[1], res_adc_dma[2], res_adc_dma[3], res_adc_dma[4], res_adc_dma[5], res_adc_dma[6], res_adc_dma[7]);
      |                                             ~~~~~~~~~~~~~~     
      |                                                        |
      |                                                        uint32_t {aka long unsigned int}
../Core/Src/main.c:114:73: warning: format '%d' expects argument of type 'int', but argument 6 has type 'uint32_t' {aka 'long unsigned int'} [-Wformat=]
  114 |           snprintf(dma_res_buffer,300,"R1 => CH_1: %d, CH_2: %d, CH_3: %d, CH_4: %d\r\nR2 => CH_5: %d, CH_6: %d, CH_7: %d, CH_8: %d\r\n\r\n"
      |                                                                        ~^
      |                                                                         |
      |                                                                         int
      |                                                                        %ld
  115 |                           , res_adc_dma[0], res_adc_dma[1], res_adc_dma[2], res_adc_dma[3], res_adc_dma[4], res_adc_dma[5], res_adc_dma[6], res_adc_dma[7]);
      |                                                             ~~~~~~~~~~~~~~
      |                                                                        |
      |                                                                        uint32_t {aka long unsigned int}
../Core/Src/main.c:114:83: warning: format '%d' expects argument of type 'int', but argument 7 has type 'uint32_t' {aka 'long unsigned int'} [-Wformat=]
  114 |           snprintf(dma_res_buffer,300,"R1 => CH_1: %d, CH_2: %d, CH_3: %d, CH_4: %d\r\nR2 => CH_5: %d, CH_6: %d, CH_7: %d, CH_8: %d\r\n\r\n"
      |                                                                                  ~^
      |                                                                                   |
      |                                                                                   int
      |                                                                                  %ld
  115 |                           , res_adc_dma[0], res_adc_dma[1], res_adc_dma[2], res_adc_dma[3], res_adc_dma[4], res_adc_dma[5], res_adc_dma[6], res_adc_dma[7]);
      |                                                                             ~~~~~~~~~~~~~~
      |                                                                                        |
      |                                                                                        uint32_t {aka long unsigned int}
../Core/Src/main.c:114:101: warning: format '%d' expects argument of type 'int', but argument 8 has type 'uint32_t' {aka 'long unsigned int'} [-Wformat=]
  114 |           snprintf(dma_res_buffer,300,"R1 => CH_1: %d, CH_2: %d, CH_3: %d, CH_4: %d\r\nR2 => CH_5: %d, CH_6: %d, CH_7: %d, CH_8: %d\r\n\r\n"
      |                                                                                                    ~^
      |                                                                                                     |
      |                                                                                                     int
      |                                                                                                    %ld
  115 |                           , res_adc_dma[0], res_adc_dma[1], res_adc_dma[2], res_adc_dma[3], res_adc_dma[4], res_adc_dma[5], res_adc_dma[6], res_adc_dma[7]);
      |                                                                                             ~~~~~~~~~~~~~~
      |                                                                                                        |
      |                                                                                                        uint32_t {aka long unsigned int}
../Core/Src/main.c:114:111: warning: format '%d' expects argument of type 'int', but argument 9 has type 'uint32_t' {aka 'long unsigned int'} [-Wformat=]
  114 |           snprintf(dma_res_buffer,300,"R1 => CH_1: %d, CH_2: %d, CH_3: %d, CH_4: %d\r\nR2 => CH_5: %d, CH_6: %d, CH_7: %d, CH_8: %d\r\n\r\n"
      |                                                                                                              ~^
      |                                                                                                               |
      |                                                                                                               int
      |                                                                                                              %ld
  115 |                           , res_adc_dma[0], res_adc_dma[1], res_adc_dma[2], res_adc_dma[3], res_adc_dma[4], res_adc_dma[5], res_adc_dma[6], res_adc_dma[7]);
      |                                                                                                             ~~~~~~~~~~~~~~
      |                                                                                                                        |
      |                                                                                                                        uint32_t {aka long unsigned int}
../Core/Src/main.c:114:121: warning: format '%d' expects argument of type 'int', but argument 10 has type 'uint32_t' {aka 'long unsigned int'} [-Wformat=]
  114 |           snprintf(dma_res_buffer,300,"R1 => CH_1: %d, CH_2: %d, CH_3: %d, CH_4: %d\r\nR2 => CH_5: %d, CH_6: %d, CH_7: %d, CH_8: %d\r\n\r\n"
      |                                                                                                                        ~^
      |                                                                                                                         |
      |                                                                                                                         int
      |                                                                                                                        %ld
  115 |                           , res_adc_dma[0], res_adc_dma[1], res_adc_dma[2], res_adc_dma[3], res_adc_dma[4], res_adc_dma[5], res_adc_dma[6], res_adc_dma[7]);
      |                                                                                                                             ~~~~~~~~~~~~~~
      |                                                                                                                                        |
      |                                                                                                                                        uint32_t {aka long unsigned int}
../Core/Src/main.c:114:131: warning: format '%d' expects argument of type 'int', but argument 11 has type 'uint32_t' {aka 'long unsigned int'} [-Wformat=]
  114 |           snprintf(dma_res_buffer,300,"R1 => CH_1: %d, CH_2: %d, CH_3: %d, CH_4: %d\r\nR2 => CH_5: %d, CH_6: %d, CH_7: %d, CH_8: %d\r\n\r\n"
      |                                                                                                                                  ~^
      |                                                                                                                                   |
      |                                                                                                                                   int
      |                                                                                                                                  %ld
  115 |                           , res_adc_dma[0], res_adc_dma[1], res_adc_dma[2], res_adc_dma[3], res_adc_dma[4], res_adc_dma[5], res_adc_dma[6], res_adc_dma[7]);
      |                                                                                                                                             ~~~~~~~~~~~~~~
      |                                                                                                                                                        |
      |                                                                                                                                                        uint32_t {aka long unsigned int}
../Core/Src/main.c:117:65: warning: implicit declaration of function 'strlen' [-Wimplicit-function-declaration]
  117 |           HAL_UART_Transmit(&huart3, (uint8_t*) dma_res_buffer, strlen(dma_res_buffer), 1000);
      |                                                                 ^~~~~~
../Core/Src/main.c:25:1: note: include '<string.h>' or provide a declaration of 'strlen'
   24 | #include "gpio.h"
  +++ |+#include <string.h>
   25 | 
../Core/Src/main.c:117:65: warning: incompatible implicit declaration of built-in function 'strlen' [-Wbuiltin-declaration-mismatch]
  117 |           HAL_UART_Transmit(&huart3, (uint8_t*) dma_res_buffer, strlen(dma_res_buffer), 1000);
      |                                                                 ^~~~~~
../Core/Src/main.c:117:65: note: include '<string.h>' or provide a declaration of 'strlen'
../Core/Src/main.c: At top level:
../Core/Src/main.c:57:13: warning: 'MPU_Initialize' declared 'static' but never defined [-Wunused-function]
   57 | static void MPU_Initialize(void);
      |             ^~~~~~~~~~~~~~
arm-none-eabi-gcc -o "Lab5555.elf" @"objects.list"   -mcpu=cortex-m7 -T"C:\Users\honho\STM32CubeIDE\MAD_Lab\Lab5spee\Lab5555\STM32F767ZITX_FLASH.ld" --specs=nosys.specs -Wl,-Map="Lab5555.map" -Wl,--gc-sections -static --specs=nano.specs -mfpu=fpv5-d16 -mfloat-abi=hard -mthumb -Wl,--start-group -lc -lm -Wl,--end-group
Finished building target: Lab5555.elf
 
arm-none-eabi-size   Lab5555.elf 
arm-none-eabi-objdump -h -S  Lab5555.elf  > "Lab5555.list"
   text	   data	    bss	    dec	    hex	filename
  19280	    100	   2540	  21920	   55a0	Lab5555.elf
Finished building: default.size.stdout
 
Finished building: Lab5555.list
 
13:14:22 **** Incremental Build of configuration Debug for project Lab5555 ****
make -j16 all 
arm-none-eabi-gcc "../Core/Src/main.c" -mcpu=cortex-m7 -std=gnu11 -g3 -DDEBUG -DUSE_HAL_DRIVER -DSTM32F767xx -c -I../Core/Inc -IC:/Users/honho/STM32Cube/Repository/STM32Cube_FW_F7_V1.17.1/Drivers/STM32F7xx_HAL_Driver/Inc -IC:/Users/honho/STM32Cube/Repository/STM32Cube_FW_F7_V1.17.1/Drivers/STM32F7xx_HAL_Driver/Inc/Legacy -IC:/Users/honho/STM32Cube/Repository/STM32Cube_FW_F7_V1.17.1/Drivers/CMSIS/Device/ST/STM32F7xx/Include -IC:/Users/honho/STM32Cube/Repository/STM32Cube_FW_F7_V1.17.1/Drivers/CMSIS/Include -O0 -ffunction-sections -fdata-sections -Wall -fstack-usage -fcyclomatic-complexity -MMD -MP -MF"Core/Src/main.d" -MT"Core/Src/main.o" --specs=nano.specs -mfpu=fpv5-d16 -mfloat-abi=hard -mthumb -o "Core/Src/main.o"
../Core/Src/main.c: In function 'main':
[...]
      |                                                                                                     int
      |                                                                                                    %ld
  115 |                           , res_adc_dma[0], res_adc_dma[1], res_adc_dma[2], res_adc_dma[3], res_adc_dma[4], res_adc_dma[5], res_adc_dma[6], res_adc_dma[7]);
      |                                                                                             ~~~~~~~~~~~~~~
      |                                                                                                        |
      |                                                                                                        uint32_t {aka long unsigned int}
../Core/Src/main.c:114:111: warning: format '%d' expects argument of type 'int', but argument 9 has type 'uint32_t' {aka 'long unsigned int'} [-Wformat=]
  114 |           snprintf(dma_res_buffer,300,"R1 => CH_1: %d, CH_2: %d, CH_3: %d, CH_4: %d\r\nR2 => CH_5: %d, CH_6: %d, CH_7: %d, CH_8: %d\r\n\r\n"
      |                                                                                                              ~^
      |                                                                                                               |
      |                                                                                                               int
      |                                                                                                              %ld
  115 |                           , res_adc_dma[0], res_adc_dma[1], res_adc_dma[2], res_adc_dma[3], res_adc_dma[4], res_adc_dma[5], res_adc_dma[6], res_adc_dma[7]);
      |                                                                                                             ~~~~~~~~~~~~~~
      |                                                                                                                        |
      |                                                                                                                        uint32_t {aka long unsigned int}
../Core/Src/main.c:114:121: warning: format '%d' expects argument of type 'int', but argument 10 has type 'uint32_t' {aka 'long unsigned int'} [-Wformat=]
  114 |           snprintf(dma_res_buffer,300,"R1 => CH_1: %d, CH_2: %d, CH_3: %d, CH_4: %d\r\nR2 => CH_5: %d, CH_6: %d, CH_7: %d, CH_8: %d\r\n\r\n"
      |                                                                                                                        ~^
      |                                                                                                                         |
      |                                                                                                                         int
      |                                                                                                                        %ld
  115 |                           , res_adc_dma[0], res_adc_dma[1], res_adc_dma[2], res_adc_dma[3], res_adc_dma[4], res_adc_dma[5], res_adc_dma[6], res_adc_dma[7]);
      |                                                                                                                             ~~~~~~~~~~~~~~
      |                                                                                                                                        |
      |                                                                                                                                        uint32_t {aka long unsigned int}
../Core/Src/main.c:114:131: warning: format '%d' expects argument of type 'int', but argument 11 has type 'uint32_t' {aka 'long unsigned int'} [-Wformat=]
  114 |           snprintf(dma_res_buffer,300,"R1 => CH_1: %d, CH_2: %d, CH_3: %d, CH_4: %d\r\nR2 => CH_5: %d, CH_6: %d, CH_7: %d, CH_8: %d\r\n\r\n"
      |                                                                                                                                  ~^
      |                                                                                                                                   |
      |                                                                                                                                   int
      |                                                                                                                                  %ld
  115 |                           , res_adc_dma[0], res_adc_dma[1], res_adc_dma[2], res_adc_dma[3], res_adc_dma[4], res_adc_dma[5], res_adc_dma[6], res_adc_dma[7]);
      |                                                                                                                                             ~~~~~~~~~~~~~~
      |                                                                                                                                                        |
      |                                                                                                                                                        uint32_t {aka long unsigned int}
../Core/Src/main.c:117:65: warning: implicit declaration of function 'strlen' [-Wimplicit-function-declaration]
  117 |           HAL_UART_Transmit(&huart3, (uint8_t*) dma_res_buffer, strlen(dma_res_buffer), 1000);
      |                                                                 ^~~~~~
../Core/Src/main.c:25:1: note: include '<string.h>' or provide a declaration of 'strlen'
   24 | #include "gpio.h"
  +++ |+#include <string.h>
   25 | 
../Core/Src/main.c:117:65: warning: incompatible implicit declaration of built-in function 'strlen' [-Wbuiltin-declaration-mismatch]
  117 |           HAL_UART_Transmit(&huart3, (uint8_t*) dma_res_buffer, strlen(dma_res_buffer), 1000);
      |                                                                 ^~~~~~
../Core/Src/main.c:117:65: note: include '<string.h>' or provide a declaration of 'strlen'
../Core/Src/main.c: At top level:
../Core/Src/main.c:57:13: warning: 'MPU_Initialize' declared 'static' but never defined [-Wunused-function]
   57 | static void MPU_Initialize(void);
      |             ^~~~~~~~~~~~~~
arm-none-eabi-gcc -o "Lab5555.elf" @"objects.list"   -mcpu=cortex-m7 -T"C:\Users\honho\STM32CubeIDE\MAD_Lab\Lab5spee\Lab5555\STM32F767ZITX_FLASH.ld" --specs=nosys.specs -Wl,-Map="Lab5555.map" -Wl,--gc-sections -static --specs=nano.specs -mfpu=fpv5-d16 -mfloat-abi=hard -mthumb -Wl,--start-group -lc -lm -Wl,--end-group
Finished building target: Lab5555.elf
 
arm-none-eabi-size   Lab5555.elf 
arm-none-eabi-objdump -h -S  Lab5555.elf  > "Lab5555.list"
   text	   data	    bss	    dec	    hex	filename
  19312	    100	   2540	  21952	   55c0	Lab5555.elf
Finished building: default.size.stdout
 
Finished building: Lab5555.list
 
13:26:47 **** Incremental Build of configuration Debug for project Lab5555 ****
make -j16 all 
arm-none-eabi-gcc "../Core/Src/main.c" -mcpu=cortex-m7 -std=gnu11 -g3 -DDEBUG -DUSE_HAL_DRIVER -DSTM32F767xx -c -I../Core/Inc -IC:/Users/honho/STM32Cube/Repository/STM32Cube_FW_F7_V1.17.1/Drivers/STM32F7xx_HAL_Driver/Inc -IC:/Users/honho/STM32Cube/Repository/STM32Cube_FW_F7_V1.17.1/Drivers/STM32F7xx_HAL_Driver/Inc/Legacy -IC:/Users/honho/STM32Cube/Repository/STM32Cube_FW_F7_V1.17.1/Drivers/CMSIS/Device/ST/STM32F7xx/Include -IC:/Users/honho/STM32Cube/Repository/STM32Cube_FW_F7_V1.17.1/Drivers/CMSIS/Include -O0 -ffunction-sections -fdata-sections -Wall -fstack-usage -fcyclomatic-complexity -MMD -MP -MF"Core/Src/main.d" -MT"Core/Src/main.o" --specs=nano.specs -mfpu=fpv5-d16 -mfloat-abi=hard -mthumb -o "Core/Src/main.o"
../Core/Src/main.c: In function 'main':
../Core/Src/main.c:114:11: warning: implicit declaration of function 'snprintf' [-Wimplicit-function-declaration]
  114 |           snprintf(dma_res_buffer,300,"R1 : CH_1: %d, CH_2: %d, CH_3: %d, CH_4: %d\r\nR2 : CH_5: %d, CH_6: %d, CH_7: %d, CH_8: %d\r\n\r\n"
      |           ^~~~~~~~
../Core/Src/main.c:25:1: note: include '<stdio.h>' or provide a declaration of 'snprintf'
   24 | #include "gpio.h"
  +++ |+#include <stdio.h>
   25 | 
../Core/Src/main.c:114:11: warning: incompatible implicit declaration of built-in function 'snprintf' [-Wbuiltin-declaration-mismatch]
  114 |           snprintf(dma_res_buffer,300,"R1 : CH_1: %d, CH_2: %d, CH_3: %d, CH_4: %d\r\nR2 : CH_5: %d, CH_6: %d, CH_7: %d, CH_8: %d\r\n\r\n"
      |           ^~~~~~~~
../Core/Src/main.c:114:11: note: include '<stdio.h>' or provide a declaration of 'snprintf'
../Core/Src/main.c:114:52: warning: format '%d' expects argument of type 'int', but argument 4 has type 'uint32_t' {aka 'long unsigned int'} [-Wformat=]
  114 |           snprintf(dma_res_buffer,300,"R1 : CH_1: %d, CH_2: %d, CH_3: %d, CH_4: %d\r\nR2 : CH_5: %d, CH_6: %d, CH_7: %d, CH_8: %d\r\n\r\n"
      |                                                   ~^
      |                                                    |
      |                                                    int
      |                                                   %ld
  115 |                           , res_adc_dma[0], res_adc_dma[1], res_adc_dma[2], res_adc_dma[3], res_adc_dma[4], res_adc_dma[5], res_adc_dma[6], res_adc_dma[7]);
      |                             ~~~~~~~~~~~~~~          
      |                                        |
      |                                        uint32_t {aka long unsigned int}
../Core/Src/main.c:114:62: warning: format '%d' expects argument of type 'int', but argument 5 has type 'uint32_t' {aka 'long unsigned int'} [-Wformat=]
  114 |           snprintf(dma_res_buffer,300,"R1 : CH_1: %d, CH_2: %d, CH_3: %d, CH_4: %d\r\nR2 : CH_5: %d, CH_6: %d, CH_7: %d, CH_8: %d\r\n\r\n"
      |                                                             ~^
      |                                                              |
      |                                                              int
      |                                                             %ld
  115 |                           , res_adc_dma[0], res_adc_dma[1], res_adc_dma[2], res_adc_dma[3], res_adc_dma[4], res_adc_dma[5], res_adc_dma[6], res_adc_dma[7]);
      |                                             ~~~~~~~~~~~~~~    
      |                                                        |
      |                                                        uint32_t {aka long unsigned int}
../Core/Src/main.c:114:72: warning: format '%d' expects argument of type 'int', but argument 6 has type 'uint32_t' {aka 'long unsigned int'} [-Wformat=]
  114 |           snprintf(dma_res_buffer,300,"R1 : CH_1: %d, CH_2: %d, CH_3: %d, CH_4: %d\r\nR2 : CH_5: %d, CH_6: %d, CH_7: %d, CH_8: %d\r\n\r\n"
      |                                                                       ~^
      |                                                                        |
      |                                                                        int
      |                                                                       %ld
  115 |                           , res_adc_dma[0], res_adc_dma[1], res_adc_dma[2], res_adc_dma[3], res_adc_dma[4], res_adc_dma[5], res_adc_dma[6], res_adc_dma[7]);
      |                                                             ~~~~~~~~~~~~~~
      |                                                                        |
      |                                                                        uint32_t {aka long unsigned int}
../Core/Src/main.c:114:82: warning: format '%d' expects argument of type 'int', but argument 7 has type 'uint32_t' {aka 'long unsigned int'} [-Wformat=]
  114 |           snprintf(dma_res_buffer,300,"R1 : CH_1: %d, CH_2: %d, CH_3: %d, CH_4: %d\r\nR2 : CH_5: %d, CH_6: %d, CH_7: %d, CH_8: %d\r\n\r\n"
      |                                                                                 ~^
      |                                                                                  |
      |                                                                                  int
      |                                                                                 %ld
  115 |                           , res_adc_dma[0], res_adc_dma[1], res_adc_dma[2], res_adc_dma[3], res_adc_dma[4], res_adc_dma[5], res_adc_dma[6], res_adc_dma[7]);
      |                                                                             ~~~~~~~~~~~~~~
      |                                                                                        |
      |                                                                                        uint32_t {aka long unsigned int}
../Core/Src/main.c:114:99: warning: format '%d' expects argument of type 'int', but argument 8 has type 'uint32_t' {aka 'long unsigned int'} [-Wformat=]
  114 |           snprintf(dma_res_buffer,300,"R1 : CH_1: %d, CH_2: %d, CH_3: %d, CH_4: %d\r\nR2 : CH_5: %d, CH_6: %d, CH_7: %d, CH_8: %d\r\n\r\n"
      |                                                                                                  ~^
      |                                                                                                   |
      |                                                                                                   int
      |                                                                                                  %ld
  115 |                           , res_adc_dma[0], res_adc_dma[1], res_adc_dma[2], res_adc_dma[3], res_adc_dma[4], res_adc_dma[5], res_adc_dma[6], res_adc_dma[7]);
      |                                                                                             ~~~~~~~~~~~~~~
      |                                                                                                        |
      |                                                                                                        uint32_t {aka long unsigned int}
../Core/Src/main.c:114:109: warning: format '%d' expects argument of type 'int', but argument 9 has type 'uint32_t' {aka 'long unsigned int'} [-Wformat=]
  114 |           snprintf(dma_res_buffer,300,"R1 : CH_1: %d, CH_2: %d, CH_3: %d, CH_4: %d\r\nR2 : CH_5: %d, CH_6: %d, CH_7: %d, CH_8: %d\r\n\r\n"
      |                                                                                                            ~^
      |                                                                                                             |
      |                                                                                                             int
      |                                                                                                            %ld
  115 |                           , res_adc_dma[0], res_adc_dma[1], res_adc_dma[2], res_adc_dma[3], res_adc_dma[4], res_adc_dma[5], res_adc_dma[6], res_adc_dma[7]);
      |                                                                                                             ~~~~~~~~~~~~~~
      |                                                                                                                        |
      |                                                                                                                        uint32_t {aka long unsigned int}
../Core/Src/main.c:114:119: warning: format '%d' expects argument of type 'int', but argument 10 has type 'uint32_t' {aka 'long unsigned int'} [-Wformat=]
  114 |           snprintf(dma_res_buffer,300,"R1 : CH_1: %d, CH_2: %d, CH_3: %d, CH_4: %d\r\nR2 : CH_5: %d, CH_6: %d, CH_7: %d, CH_8: %d\r\n\r\n"
      |                                                                                                                      ~^
      |                                                                                                                       |
      |                                                                                                                       int
      |                                                                                                                      %ld
  115 |                           , res_adc_dma[0], res_adc_dma[1], res_adc_dma[2], res_adc_dma[3], res_adc_dma[4], res_adc_dma[5], res_adc_dma[6], res_adc_dma[7]);
      |                                                                                                                             ~~~~~~~~~~~~~~
      |                                                                                                                                        |
      |                                                                                                                                        uint32_t {aka long unsigned int}
../Core/Src/main.c:114:129: warning: format '%d' expects argument of type 'int', but argument 11 has type 'uint32_t' {aka 'long unsigned int'} [-Wformat=]
  114 |           snprintf(dma_res_buffer,300,"R1 : CH_1: %d, CH_2: %d, CH_3: %d, CH_4: %d\r\nR2 : CH_5: %d, CH_6: %d, CH_7: %d, CH_8: %d\r\n\r\n"
      |                                                                                                                                ~^
      |                                                                                                                                 |
      |                                                                                                                                 int
      |                                                                                                                                %ld
  115 |                           , res_adc_dma[0], res_adc_dma[1], res_adc_dma[2], res_adc_dma[3], res_adc_dma[4], res_adc_dma[5], res_adc_dma[6], res_adc_dma[7]);
      |                                                                                                                                             ~~~~~~~~~~~~~~
      |                                                                                                                                                        |
      |                                                                                                                                                        uint32_t {aka long unsigned int}
../Core/Src/main.c:117:65: warning: implicit declaration of function 'strlen' [-Wimplicit-function-declaration]
  117 |           HAL_UART_Transmit(&huart3, (uint8_t*) dma_res_buffer, strlen(dma_res_buffer), 1000);
      |                                                                 ^~~~~~
../Core/Src/main.c:25:1: note: include '<string.h>' or provide a declaration of 'strlen'
   24 | #include "gpio.h"
  +++ |+#include <string.h>
   25 | 
../Core/Src/main.c:117:65: warning: incompatible implicit declaration of built-in function 'strlen' [-Wbuiltin-declaration-mismatch]
  117 |           HAL_UART_Transmit(&huart3, (uint8_t*) dma_res_buffer, strlen(dma_res_buffer), 1000);
      |                                                                 ^~~~~~
../Core/Src/main.c:117:65: note: include '<string.h>' or provide a declaration of 'strlen'
../Core/Src/main.c: At top level:
../Core/Src/main.c:57:13: warning: 'MPU_Initialize' declared 'static' but never defined [-Wunused-function]
   57 | static void MPU_Initialize(void);
      |             ^~~~~~~~~~~~~~
arm-none-eabi-gcc -o "Lab5555.elf" @"objects.list"   -mcpu=cortex-m7 -T"C:\Users\honho\STM32CubeIDE\MAD_Lab\Lab5spee\Lab5555\STM32F767ZITX_FLASH.ld" --specs=nosys.specs -Wl,-Map="Lab5555.map" -Wl,--gc-sections -static --specs=nano.specs -mfpu=fpv5-d16 -mfloat-abi=hard -mthumb -Wl,--start-group -lc -lm -Wl,--end-group
Finished building target: Lab5555.elf
 
arm-none-eabi-size   Lab5555.elf 
arm-none-eabi-objdump -h -S  Lab5555.elf  > "Lab5555.list"
   text	   data	    bss	    dec	    hex	filename
  19312	    100	   2540	  21952	   55c0	Lab5555.elf
Finished building: default.size.stdout
 
Finished building: Lab5555.list
 
