13:26:47 **** Incremental Build of configuration Debug for project Lab5555 ****
make -j16 all 
arm-none-eabi-gcc "../Core/Src/main.c" -mcpu=cortex-m7 -std=gnu11 -g3 -DDEBUG -DUSE_HAL_DRIVER -DSTM32F767xx -c -I../Core/Inc -IC:/Users/honho/STM32Cube/Repository/STM32Cube_FW_F7_V1.17.1/Drivers/STM32F7xx_HAL_Driver/Inc -IC:/Users/honho/STM32Cube/Repository/STM32Cube_FW_F7_V1.17.1/Drivers/STM32F7xx_HAL_Driver/Inc/Legacy -IC:/Users/honho/STM32Cube/Repository/STM32Cube_FW_F7_V1.17.1/Drivers/CMSIS/Device/ST/STM32F7xx/Include -IC:/Users/honho/STM32Cube/Repository/STM32Cube_FW_F7_V1.17.1/Drivers/CMSIS/Include -O0 -ffunction-sections -fdata-sections -Wall -fstack-usage -fcyclomatic-complexity -MMD -MP -MF"Core/Src/main.d" -MT"Core/Src/main.o" --specs=nano.specs -mfpu=fpv5-d16 -mfloat-abi=hard -mthumb -o "Core/Src/main.o"
../Core/Src/main.c: In function 'main':
../Core/Src/main.c:114:11: warning: implicit declaration of function 'snprintf' [-Wimplicit-function-declaration]
  114 |           snprintf(dma_res_buffer,300,"R1 : CH_1: %d, CH_2: %d, CH_3: %d, CH_4: %d\r\nR2 : CH_5: %d, CH_6: %d, CH_7: %d, CH_8: %d\r\n\r\n"
      |           ^~~~~~~~
../Core/Src/main.c:25:1: note: include '<stdio.h>' or provide a declaration of 'snprintf'
   24 | #include "gpio.h"
  +++ |+#include <stdio.h>
   25 | 
../Core/Src/main.c:114:11: warning: incompatible implicit declaration of built-in function 'snprintf' [-Wbuiltin-declaration-mismatch]
  114 |           snprintf(dma_res_buffer,300,"R1 : CH_1: %d, CH_2: %d, CH_3: %d, CH_4: %d\r\nR2 : CH_5: %d, CH_6: %d, CH_7: %d, CH_8: %d\r\n\r\n"
      |           ^~~~~~~~
../Core/Src/main.c:114:11: note: include '<stdio.h>' or provide a declaration of 'snprintf'
../Core/Src/main.c:114:52: warning: format '%d' expects argument of type 'int', but argument 4 has type 'uint32_t' {aka 'long unsigned int'} [-Wformat=]
  114 |           snprintf(dma_res_buffer,300,"R1 : CH_1: %d, CH_2: %d, CH_3: %d, CH_4: %d\r\nR2 : CH_5: %d, CH_6: %d, CH_7: %d, CH_8: %d\r\n\r\n"
      |                                                   ~^
      |                                                    |
      |                                                    int
      |                                                   %ld
  115 |                           , res_adc_dma[0], res_adc_dma[1], res_adc_dma[2], res_adc_dma[3], res_adc_dma[4], res_adc_dma[5], res_adc_dma[6], res_adc_dma[7]);
      |                             ~~~~~~~~~~~~~~          
      |                                        |
      |                                        uint32_t {aka long unsigned int}
../Core/Src/main.c:114:62: warning: format '%d' expects argument of type 'int', but argument 5 has type 'uint32_t' {aka 'long unsigned int'} [-Wformat=]
  114 |           snprintf(dma_res_buffer,300,"R1 : CH_1: %d, CH_2: %d, CH_3: %d, CH_4: %d\r\nR2 : CH_5: %d, CH_6: %d, CH_7: %d, CH_8: %d\r\n\r\n"
      |                                                             ~^
      |                                                              |
      |                                                              int
      |                                                             %ld
  115 |                           , res_adc_dma[0], res_adc_dma[1], res_adc_dma[2], res_adc_dma[3], res_adc_dma[4], res_adc_dma[5], res_adc_dma[6], res_adc_dma[7]);
      |                                             ~~~~~~~~~~~~~~    
      |                                                        |
      |                                                        uint32_t {aka long unsigned int}
../Core/Src/main.c:114:72: warning: format '%d' expects argument of type 'int', but argument 6 has type 'uint32_t' {aka 'long unsigned int'} [-Wformat=]
  114 |           snprintf(dma_res_buffer,300,"R1 : CH_1: %d, CH_2: %d, CH_3: %d, CH_4: %d\r\nR2 : CH_5: %d, CH_6: %d, CH_7: %d, CH_8: %d\r\n\r\n"
      |                                                                       ~^
      |                                                                        |
      |                                                                        int
      |                                                                       %ld
  115 |                           , res_adc_dma[0], res_adc_dma[1], res_adc_dma[2], res_adc_dma[3], res_adc_dma[4], res_adc_dma[5], res_adc_dma[6], res_adc_dma[7]);
      |                                                             ~~~~~~~~~~~~~~
      |                                                                        |
      |                                                                        uint32_t {aka long unsigned int}
../Core/Src/main.c:114:82: warning: format '%d' expects argument of type 'int', but argument 7 has type 'uint32_t' {aka 'long unsigned int'} [-Wformat=]
  114 |           snprintf(dma_res_buffer,300,"R1 : CH_1: %d, CH_2: %d, CH_3: %d, CH_4: %d\r\nR2 : CH_5: %d, CH_6: %d, CH_7: %d, CH_8: %d\r\n\r\n"
      |                                                                                 ~^
      |                                                                                  |
      |                                                                                  int
      |                                                                                 %ld
  115 |                           , res_adc_dma[0], res_adc_dma[1], res_adc_dma[2], res_adc_dma[3], res_adc_dma[4], res_adc_dma[5], res_adc_dma[6], res_adc_dma[7]);
      |                                                                             ~~~~~~~~~~~~~~
      |                                                                                        |
      |                                                                                        uint32_t {aka long unsigned int}
../Core/Src/main.c:114:99: warning: format '%d' expects argument of type 'int', but argument 8 has type 'uint32_t' {aka 'long unsigned int'} [-Wformat=]
  114 |           snprintf(dma_res_buffer,300,"R1 : CH_1: %d, CH_2: %d, CH_3: %d, CH_4: %d\r\nR2 : CH_5: %d, CH_6: %d, CH_7: %d, CH_8: %d\r\n\r\n"
      |                                                                                                  ~^
      |                                                                                                   |
      |                                                                                                   int
      |                                                                                                  %ld
  115 |                           , res_adc_dma[0], res_adc_dma[1], res_adc_dma[2], res_adc_dma[3], res_adc_dma[4], res_adc_dma[5], res_adc_dma[6], res_adc_dma[7]);
      |                                                                                             ~~~~~~~~~~~~~~
      |                                                                                                        |
      |                                                                                                        uint32_t {aka long unsigned int}
../Core/Src/main.c:114:109: warning: format '%d' expects argument of type 'int', but argument 9 has type 'uint32_t' {aka 'long unsigned int'} [-Wformat=]
  114 |           snprintf(dma_res_buffer,300,"R1 : CH_1: %d, CH_2: %d, CH_3: %d, CH_4: %d\r\nR2 : CH_5: %d, CH_6: %d, CH_7: %d, CH_8: %d\r\n\r\n"
      |                                                                                                            ~^
      |                                                                                                             |
      |                                                                                                             int
      |                                                                                                            %ld
  115 |                           , res_adc_dma[0], res_adc_dma[1], res_adc_dma[2], res_adc_dma[3], res_adc_dma[4], res_adc_dma[5], res_adc_dma[6], res_adc_dma[7]);
      |                                                                                                             ~~~~~~~~~~~~~~
      |                                                                                                                        |
      |                                                                                                                        uint32_t {aka long unsigned int}
../Core/Src/main.c:114:119: warning: format '%d' expects argument of type 'int', but argument 10 has type 'uint32_t' {aka 'long unsigned int'} [-Wformat=]
  114 |           snprintf(dma_res_buffer,300,"R1 : CH_1: %d, CH_2: %d, CH_3: %d, CH_4: %d\r\nR2 : CH_5: %d, CH_6: %d, CH_7: %d, CH_8: %d\r\n\r\n"
      |                                                                                                                      ~^
      |                                                                                                                       |
      |                                                                                                                       int
      |                                                                                                                      %ld
  115 |                           , res_adc_dma[0], res_adc_dma[1], res_adc_dma[2], res_adc_dma[3], res_adc_dma[4], res_adc_dma[5], res_adc_dma[6], res_adc_dma[7]);
      |                                                                                                                             ~~~~~~~~~~~~~~
      |                                                                                                                                        |
      |                                                                                                                                        uint32_t {aka long unsigned int}
../Core/Src/main.c:114:129: warning: format '%d' expects argument of type 'int', but argument 11 has type 'uint32_t' {aka 'long unsigned int'} [-Wformat=]
  114 |           snprintf(dma_res_buffer,300,"R1 : CH_1: %d, CH_2: %d, CH_3: %d, CH_4: %d\r\nR2 : CH_5: %d, CH_6: %d, CH_7: %d, CH_8: %d\r\n\r\n"
      |                                                                                                                                ~^
      |                                                                                                                                 |
      |                                                                                                                                 int
      |                                                                                                                                %ld
  115 |                           , res_adc_dma[0], res_adc_dma[1], res_adc_dma[2], res_adc_dma[3], res_adc_dma[4], res_adc_dma[5], res_adc_dma[6], res_adc_dma[7]);
      |                                                                                                                                             ~~~~~~~~~~~~~~
      |                                                                                                                                                        |
      |                                                                                                                                                        uint32_t {aka long unsigned int}
../Core/Src/main.c:117:65: warning: implicit declaration of function 'strlen' [-Wimplicit-function-declaration]
  117 |           HAL_UART_Transmit(&huart3, (uint8_t*) dma_res_buffer, strlen(dma_res_buffer), 1000);
      |                                                                 ^~~~~~
../Core/Src/main.c:25:1: note: include '<string.h>' or provide a declaration of 'strlen'
   24 | #include "gpio.h"
  +++ |+#include <string.h>
   25 | 
../Core/Src/main.c:117:65: warning: incompatible implicit declaration of built-in function 'strlen' [-Wbuiltin-declaration-mismatch]
  117 |           HAL_UART_Transmit(&huart3, (uint8_t*) dma_res_buffer, strlen(dma_res_buffer), 1000);
      |                                                                 ^~~~~~
../Core/Src/main.c:117:65: note: include '<string.h>' or provide a declaration of 'strlen'
../Core/Src/main.c: At top level:
../Core/Src/main.c:57:13: warning: 'MPU_Initialize' declared 'static' but never defined [-Wunused-function]
   57 | static void MPU_Initialize(void);
      |             ^~~~~~~~~~~~~~
arm-none-eabi-gcc -o "Lab5555.elf" @"objects.list"   -mcpu=cortex-m7 -T"C:\Users\honho\STM32CubeIDE\MAD_Lab\Lab5spee\Lab5555\STM32F767ZITX_FLASH.ld" --specs=nosys.specs -Wl,-Map="Lab5555.map" -Wl,--gc-sections -static --specs=nano.specs -mfpu=fpv5-d16 -mfloat-abi=hard -mthumb -Wl,--start-group -lc -lm -Wl,--end-group
Finished building target: Lab5555.elf
 
arm-none-eabi-size   Lab5555.elf 
arm-none-eabi-objdump -h -S  Lab5555.elf  > "Lab5555.list"
   text	   data	    bss	    dec	    hex	filename
  19312	    100	   2540	  21952	   55c0	Lab5555.elf
Finished building: default.size.stdout
 
Finished building: Lab5555.list
 

13:26:48 Build Finished. 0 errors, 13 warnings. (took 691ms)

