Archive member included to satisfy reference by file (symbol)

C:/ST/STM32CubeIDE_1.13.0/STM32CubeIDE/plugins/com.st.stm32cube.ide.mcu.externaltools.gnu-tools-for-stm32.11.3.rel1.win32_1.1.0.202305231506/tools/bin/../lib/gcc/arm-none-eabi/11.3.1/../../../../arm-none-eabi/lib/thumb/v7e-m+dp/hard\libc_nano.a(libc_a-exit.o)
                              C:/ST/STM32CubeIDE_1.13.0/STM32CubeIDE/plugins/com.st.stm32cube.ide.mcu.externaltools.gnu-tools-for-stm32.11.3.rel1.win32_1.1.0.202305231506/tools/bin/../lib/gcc/arm-none-eabi/11.3.1/../../../../arm-none-eabi/lib/thumb/v7e-m+dp/hard/crt0.o (exit)
C:/ST/STM32CubeIDE_1.13.0/STM32CubeIDE/plugins/com.st.stm32cube.ide.mcu.externaltools.gnu-tools-for-stm32.11.3.rel1.win32_1.1.0.202305231506/tools/bin/../lib/gcc/arm-none-eabi/11.3.1/../../../../arm-none-eabi/lib/thumb/v7e-m+dp/hard\libc_nano.a(libc_a-findfp.o)
                              C:/ST/STM32CubeIDE_1.13.0/STM32CubeIDE/plugins/com.st.stm32cube.ide.mcu.externaltools.gnu-tools-for-stm32.11.3.rel1.win32_1.1.0.202305231506/tools/bin/../lib/gcc/arm-none-eabi/11.3.1/../../../../arm-none-eabi/lib/thumb/v7e-m+dp/hard\libc_nano.a(libc_a-exit.o) (__stdio_exit_handler)
C:/ST/STM32CubeIDE_1.13.0/STM32CubeIDE/plugins/com.st.stm32cube.ide.mcu.externaltools.gnu-tools-for-stm32.11.3.rel1.win32_1.1.0.202305231506/tools/bin/../lib/gcc/arm-none-eabi/11.3.1/../../../../arm-none-eabi/lib/thumb/v7e-m+dp/hard\libc_nano.a(libc_a-fwalk.o)
                              C:/ST/STM32CubeIDE_1.13.0/STM32CubeIDE/plugins/com.st.stm32cube.ide.mcu.externaltools.gnu-tools-for-stm32.11.3.rel1.win32_1.1.0.202305231506/tools/bin/../lib/gcc/arm-none-eabi/11.3.1/../../../../arm-none-eabi/lib/thumb/v7e-m+dp/hard\libc_nano.a(libc_a-findfp.o) (_fwalk_sglue)
C:/ST/STM32CubeIDE_1.13.0/STM32CubeIDE/plugins/com.st.stm32cube.ide.mcu.externaltools.gnu-tools-for-stm32.11.3.rel1.win32_1.1.0.202305231506/tools/bin/../lib/gcc/arm-none-eabi/11.3.1/../../../../arm-none-eabi/lib/thumb/v7e-m+dp/hard\libc_nano.a(libc_a-stdio.o)
                              C:/ST/STM32CubeIDE_1.13.0/STM32CubeIDE/plugins/com.st.stm32cube.ide.mcu.externaltools.gnu-tools-for-stm32.11.3.rel1.win32_1.1.0.202305231506/tools/bin/../lib/gcc/arm-none-eabi/11.3.1/../../../../arm-none-eabi/lib/thumb/v7e-m+dp/hard\libc_nano.a(libc_a-findfp.o) (__sread)
C:/ST/STM32CubeIDE_1.13.0/STM32CubeIDE/plugins/com.st.stm32cube.ide.mcu.externaltools.gnu-tools-for-stm32.11.3.rel1.win32_1.1.0.202305231506/tools/bin/../lib/gcc/arm-none-eabi/11.3.1/../../../../arm-none-eabi/lib/thumb/v7e-m+dp/hard\libc_nano.a(libc_a-memset.o)
                              C:/ST/STM32CubeIDE_1.13.0/STM32CubeIDE/plugins/com.st.stm32cube.ide.mcu.externaltools.gnu-tools-for-stm32.11.3.rel1.win32_1.1.0.202305231506/tools/bin/../lib/gcc/arm-none-eabi/11.3.1/../../../../arm-none-eabi/lib/thumb/v7e-m+dp/hard/crt0.o (memset)
C:/ST/STM32CubeIDE_1.13.0/STM32CubeIDE/plugins/com.st.stm32cube.ide.mcu.externaltools.gnu-tools-for-stm32.11.3.rel1.win32_1.1.0.202305231506/tools/bin/../lib/gcc/arm-none-eabi/11.3.1/../../../../arm-none-eabi/lib/thumb/v7e-m+dp/hard\libc_nano.a(libc_a-closer.o)
                              C:/ST/STM32CubeIDE_1.13.0/STM32CubeIDE/plugins/com.st.stm32cube.ide.mcu.externaltools.gnu-tools-for-stm32.11.3.rel1.win32_1.1.0.202305231506/tools/bin/../lib/gcc/arm-none-eabi/11.3.1/../../../../arm-none-eabi/lib/thumb/v7e-m+dp/hard\libc_nano.a(libc_a-stdio.o) (_close_r)
C:/ST/STM32CubeIDE_1.13.0/STM32CubeIDE/plugins/com.st.stm32cube.ide.mcu.externaltools.gnu-tools-for-stm32.11.3.rel1.win32_1.1.0.202305231506/tools/bin/../lib/gcc/arm-none-eabi/11.3.1/../../../../arm-none-eabi/lib/thumb/v7e-m+dp/hard\libc_nano.a(libc_a-reent.o)
                              C:/ST/STM32CubeIDE_1.13.0/STM32CubeIDE/plugins/com.st.stm32cube.ide.mcu.externaltools.gnu-tools-for-stm32.11.3.rel1.win32_1.1.0.202305231506/tools/bin/../lib/gcc/arm-none-eabi/11.3.1/../../../../arm-none-eabi/lib/thumb/v7e-m+dp/hard\libc_nano.a(libc_a-closer.o) (errno)
C:/ST/STM32CubeIDE_1.13.0/STM32CubeIDE/plugins/com.st.stm32cube.ide.mcu.externaltools.gnu-tools-for-stm32.11.3.rel1.win32_1.1.0.202305231506/tools/bin/../lib/gcc/arm-none-eabi/11.3.1/../../../../arm-none-eabi/lib/thumb/v7e-m+dp/hard\libc_nano.a(libc_a-impure.o)
                              C:/ST/STM32CubeIDE_1.13.0/STM32CubeIDE/plugins/com.st.stm32cube.ide.mcu.externaltools.gnu-tools-for-stm32.11.3.rel1.win32_1.1.0.202305231506/tools/bin/../lib/gcc/arm-none-eabi/11.3.1/../../../../arm-none-eabi/lib/thumb/v7e-m+dp/hard\libc_nano.a(libc_a-reent.o) (_impure_ptr)
C:/ST/STM32CubeIDE_1.13.0/STM32CubeIDE/plugins/com.st.stm32cube.ide.mcu.externaltools.gnu-tools-for-stm32.11.3.rel1.win32_1.1.0.202305231506/tools/bin/../lib/gcc/arm-none-eabi/11.3.1/../../../../arm-none-eabi/lib/thumb/v7e-m+dp/hard\libc_nano.a(libc_a-lseekr.o)
[...]
Memory Configuration

Name             Origin             Length             Attributes
RAM              0x0000000020000000 0x0000000000080000 xrw
FLASH            0x0000000008000000 0x0000000000200000 xr
*default*        0x0000000000000000 0xffffffffffffffff

Linker script and memory map

LOAD C:/ST/STM32CubeIDE_1.13.0/STM32CubeIDE/plugins/com.st.stm32cube.ide.mcu.externaltools.gnu-tools-for-stm32.11.3.rel1.win32_1.1.0.202305231506/tools/bin/../lib/gcc/arm-none-eabi/11.3.1/thumb/v7e-m+dp/hard/crti.o
LOAD C:/ST/STM32CubeIDE_1.13.0/STM32CubeIDE/plugins/com.st.stm32cube.ide.mcu.externaltools.gnu-tools-for-stm32.11.3.rel1.win32_1.1.0.202305231506/tools/bin/../lib/gcc/arm-none-eabi/11.3.1/thumb/v7e-m+dp/hard/crtbegin.o
LOAD C:/ST/STM32CubeIDE_1.13.0/STM32CubeIDE/plugins/com.st.stm32cube.ide.mcu.externaltools.gnu-tools-for-stm32.11.3.rel1.win32_1.1.0.202305231506/tools/bin/../lib/gcc/arm-none-eabi/11.3.1/../../../../arm-none-eabi/lib/thumb/v7e-m+dp/hard/crt0.o
LOAD ./Core/Src/gpio.o
LOAD ./Core/Src/main.o
LOAD ./Core/Src/stm32f7xx_hal_msp.o
LOAD ./Core/Src/stm32f7xx_it.o
LOAD ./Core/Src/syscalls.o
LOAD ./Core/Src/sysmem.o
LOAD ./Core/Src/system_stm32f7xx.o
LOAD ./Core/Src/tim.o
LOAD ./Core/Src/usart.o
LOAD ./Core/Startup/startup_stm32f767zitx.o
LOAD ./Drivers/STM32F7xx_HAL_Driver/stm32f7xx_hal.o
LOAD ./Drivers/STM32F7xx_HAL_Driver/stm32f7xx_hal_cortex.o
LOAD ./Drivers/STM32F7xx_HAL_Driver/stm32f7xx_hal_dma.o
LOAD ./Drivers/STM32F7xx_HAL_Driver/stm32f7xx_hal_dma_ex.o
LOAD ./Drivers/STM32F7xx_HAL_Driver/stm32f7xx_hal_exti.o
LOAD ./Drivers/STM32F7xx_HAL_Driver/stm32f7xx_hal_flash.o
LOAD ./Drivers/STM32F7xx_HAL_Driver/stm32f7xx_hal_flash_ex.o
LOAD ./Drivers/STM32F7xx_HAL_Driver/stm32f7xx_hal_gpio.o
LOAD ./Drivers/STM32F7xx_HAL_Driver/stm32f7xx_hal_i2c.o
LOAD ./Drivers/STM32F7xx_HAL_Driver/stm32f7xx_hal_i2c_ex.o
LOAD ./Drivers/STM32F7xx_HAL_Driver/stm32f7xx_hal_pwr.o
LOAD ./Drivers/STM32F7xx_HAL_Driver/stm32f7xx_hal_pwr_ex.o
LOAD ./Drivers/STM32F7xx_HAL_Driver/stm32f7xx_hal_rcc.o
LOAD ./Drivers/STM32F7xx_HAL_Driver/stm32f7xx_hal_rcc_ex.o
LOAD ./Drivers/STM32F7xx_HAL_Driver/stm32f7xx_hal_tim.o
LOAD ./Drivers/STM32F7xx_HAL_Driver/stm32f7xx_hal_tim_ex.o
LOAD ./Drivers/STM32F7xx_HAL_Driver/stm32f7xx_hal_uart.o
LOAD ./Drivers/STM32F7xx_HAL_Driver/stm32f7xx_hal_uart_ex.o
START GROUP
LOAD C:/ST/STM32CubeIDE_1.13.0/STM32CubeIDE/plugins/com.st.stm32cube.ide.mcu.externaltools.gnu-tools-for-stm32.11.3.rel1.win32_1.1.0.202305231506/tools/bin/../lib/gcc/arm-none-eabi/11.3.1/../../../../arm-none-eabi/lib/thumb/v7e-m+dp/hard\libc_nano.a
LOAD C:/ST/STM32CubeIDE_1.13.0/STM32CubeIDE/plugins/com.st.stm32cube.ide.mcu.externaltools.gnu-tools-for-stm32.11.3.rel1.win32_1.1.0.202305231506/tools/bin/../lib/gcc/arm-none-eabi/11.3.1/../../../../arm-none-eabi/lib/thumb/v7e-m+dp/hard\libm.a
END GROUP
START GROUP
LOAD C:/ST/STM32CubeIDE_1.13.0/STM32CubeIDE/plugins/com.st.stm32cube.ide.mcu.externaltools.gnu-tools-for-stm32.11.3.rel1.win32_1.1.0.202305231506/tools/bin/../lib/gcc/arm-none-eabi/11.3.1/thumb/v7e-m+dp/hard\libgcc.a
LOAD C:/ST/STM32CubeIDE_1.13.0/STM32CubeIDE/plugins/com.st.stm32cube.ide.mcu.externaltools.gnu-tools-for-stm32.11.3.rel1.win32_1.1.0.202305231506/tools/bin/../lib/gcc/arm-none-eabi/11.3.1/../../../../arm-none-eabi/lib/thumb/v7e-m+dp/hard\libc_nano.a
END GROUP
START GROUP
LOAD C:/ST/STM32CubeIDE_1.13.0/STM32CubeIDE/plugins/com.st.stm32cube.ide.mcu.externaltools.gnu-tools-for-stm32.11.3.rel1.win32_1.1.0.202305231506/tools/bin/../lib/gcc/arm-none-eabi/11.3.1/thumb/v7e-m+dp/hard\libgcc.a
LOAD C:/ST/STM32CubeIDE_1.13.0/STM32CubeIDE/plugins/com.st.stm32cube.ide.mcu.externaltools.gnu-tools-for-stm32.11.3.rel1.win32_1.1.0.202305231506/tools/bin/../lib/gcc/arm-none-eabi/11.3.1/../../../../arm-none-eabi/lib/thumb/v7e-m+dp/hard\libc_nano.a
LOAD C:/ST/STM32CubeIDE_1.13.0/STM32CubeIDE/plugins/com.st.stm32cube.ide.mcu.externaltools.gnu-tools-for-stm32.11.3.rel1.win32_1.1.0.202305231506/tools/bin/../lib/gcc/arm-none-eabi/11.3.1/../../../../arm-none-eabi/lib/thumb/v7e-m+dp/hard\libnosys.a
END GROUP
START GROUP
LOAD C:/ST/STM32CubeIDE_1.13.0/STM32CubeIDE/plugins/com.st.stm32cube.ide.mcu.externaltools.gnu-tools-for-stm32.11.3.rel1.win32_1.1.0.202305231506/tools/bin/../lib/gcc/arm-none-eabi/11.3.1/thumb/v7e-m+dp/hard\libgcc.a
LOAD C:/ST/STM32CubeIDE_1.13.0/STM32CubeIDE/plugins/com.st.stm32cube.ide.mcu.externaltools.gnu-tools-for-stm32.11.3.rel1.win32_1.1.0.202305231506/tools/bin/../lib/gcc/arm-none-eabi/11.3.1/../../../../arm-none-eabi/lib/thumb/v7e-m+dp/hard\libc_nano.a
LOAD C:/ST/STM32CubeIDE_1.13.0/STM32CubeIDE/plugins/com.st.stm32cube.ide.mcu.externaltools.gnu-tools-for-stm32.11.3.rel1.win32_1.1.0.202305231506/tools/bin/../lib/gcc/arm-none-eabi/11.3.1/../../../../arm-none-eabi/lib/thumb/v7e-m+dp/hard\libnosys.a
END GROUP
LOAD C:/ST/STM32CubeIDE_1.13.0/STM32CubeIDE/plugins/com.st.stm32cube.ide.mcu.externaltools.gnu-tools-for-stm32.11.3.rel1.win32_1.1.0.202305231506/tools/bin/../lib/gcc/arm-none-eabi/11.3.1/thumb/v7e-m+dp/hard/crtend.o
LOAD C:/ST/STM32CubeIDE_1.13.0/STM32CubeIDE/plugins/com.st.stm32cube.ide.mcu.externaltools.gnu-tools-for-stm32.11.3.rel1.win32_1.1.0.202305231506/tools/bin/../lib/gcc/arm-none-eabi/11.3.1/thumb/v7e-m+dp/hard/crtn.o
                0x0000000020080000                _estack = (ORIGIN (RAM) + LENGTH (RAM))
                0x0000000000000200                _Min_Heap_Size = 0x200
                0x0000000000000400                _Min_Stack_Size = 0x400

.isr_vector     0x0000000008000000      0x1f8
                0x0000000008000000                . = ALIGN (0x4)
 *(.isr_vector)
 .isr_vector    0x0000000008000000      0x1f8 ./Core/Startup/startup_stm32f767zitx.o
                0x0000000008000000                g_pfnVectors
                0x00000000080001f8                . = ALIGN (0x4)

.text           0x00000000080001f8     0x4a74
                0x00000000080001f8                . = ALIGN (0x4)
 *(.text)
 .text          0x00000000080001f8       0x40 C:/ST/STM32CubeIDE_1.13.0/STM32CubeIDE/plugins/com.st.stm32cube.ide.mcu.externaltools.gnu-tools-for-stm32.11.3.rel1.win32_1.1.0.202305231506/tools/bin/../lib/gcc/arm-none-eabi/11.3.1/thumb/v7e-m+dp/hard/crtbegin.o
 .text          0x0000000008000238       0x30 C:/ST/STM32CubeIDE_1.13.0/STM32CubeIDE/plugins/com.st.stm32cube.ide.mcu.externaltools.gnu-tools-for-stm32.11.3.rel1.win32_1.1.0.202305231506/tools/bin/../lib/gcc/arm-none-eabi/11.3.1/thumb/v7e-m+dp/hard\libgcc.a(_aeabi_uldivmod.o)
                0x0000000008000238                __aeabi_uldivmod
 .text          0x0000000008000268      0x2c8 C:/ST/STM32CubeIDE_1.13.0/STM32CubeIDE/plugins/com.st.stm32cube.ide.mcu.externaltools.gnu-tools-for-stm32.11.3.rel1.win32_1.1.0.202305231506/tools/bin/../lib/gcc/arm-none-eabi/11.3.1/thumb/v7e-m+dp/hard\libgcc.a(_udivmoddi4.o)
                0x0000000008000268                __udivmoddi4
 .text          0x0000000008000530        0x4 C:/ST/STM32CubeIDE_1.13.0/STM32CubeIDE/plugins/com.st.stm32cube.ide.mcu.externaltools.gnu-tools-for-stm32.11.3.rel1.win32_1.1.0.202305231506/tools/bin/../lib/gcc/arm-none-eabi/11.3.1/thumb/v7e-m+dp/hard\libgcc.a(_dvmd_tls.o)
                0x0000000008000530                __aeabi_idiv0
                0x0000000008000530                __aeabi_ldiv0
 *(.text*)
 .text.MX_GPIO_Init
                0x0000000008000534       0x60 ./Core/Src/gpio.o
                0x0000000008000534                MX_GPIO_Init
 .text.main     0x0000000008000594      0x14c ./Core/Src/main.o
                0x0000000008000594                main
 .text.SystemClock_Config
                0x00000000080006e0       0xdc ./Core/Src/main.o
                0x00000000080006e0                SystemClock_Config
 *fill*         0x00000000080007bc        0x4 
 .text.HAL_UART_RxCpltCallback
                0x00000000080007c0       0xac ./Core/Src/main.o
                0x00000000080007c0                HAL_UART_RxCpltCallback
 .text.Error_Handler
                0x000000000800086c        0xa ./Core/Src/main.o
                0x000000000800086c                Error_Handler
 *fill*         0x0000000008000876        0x2 
 .text.HAL_MspInit
                0x0000000008000878       0x48 ./Core/Src/stm32f7xx_hal_msp.o
                0x0000000008000878                HAL_MspInit
 .text.NMI_Handler
                0x00000000080008c0        0x6 ./Core/Src/stm32f7xx_it.o
                0x00000000080008c0                NMI_Handler
 .text.HardFault_Handler
                0x00000000080008c6        0x6 ./Core/Src/stm32f7xx_it.o
                0x00000000080008c6                HardFault_Handler
 .text.MemManage_Handler
                0x00000000080008cc        0x6 ./Core/Src/stm32f7xx_it.o
                0x00000000080008cc                MemManage_Handler
 .text.BusFault_Handler
                0x00000000080008d2        0x6 ./Core/Src/stm32f7xx_it.o
                0x00000000080008d2                BusFault_Handler
 .text.UsageFault_Handler
                0x00000000080008d8        0x6 ./Core/Src/stm32f7xx_it.o
                0x00000000080008d8                UsageFault_Handler
 .text.SVC_Handler
                0x00000000080008de        0xe ./Core/Src/stm32f7xx_it.o
                0x00000000080008de                SVC_Handler
 .text.DebugMon_Handler
                0x00000000080008ec        0xe ./Core/Src/stm32f7xx_it.o
                0x00000000080008ec                DebugMon_Handler
 .text.PendSV_Handler
                0x00000000080008fa        0xe ./Core/Src/stm32f7xx_it.o
                0x00000000080008fa                PendSV_Handler
 .text.SysTick_Handler
                0x0000000008000908        0xc ./Core/Src/stm32f7xx_it.o
                0x0000000008000908                SysTick_Handler
 .text.USART3_IRQHandler
                0x0000000008000914       0x14 ./Core/Src/stm32f7xx_it.o
                0x0000000008000914                USART3_IRQHandler
 .text.SystemInit
                0x0000000008000928       0x24 ./Core/Src/system_stm32f7xx.o
                0x0000000008000928                SystemInit
 .text.MX_TIM2_Init
                0x000000000800094c      0x11c ./Core/Src/tim.o
                0x000000000800094c                MX_TIM2_Init
 .text.HAL_TIM_Base_MspInit
                0x0000000008000a68       0x3c ./Core/Src/tim.o
                0x0000000008000a68                HAL_TIM_Base_MspInit
 .text.HAL_TIM_MspPostInit
                0x0000000008000aa4       0xa8 ./Core/Src/tim.o
                0x0000000008000aa4                HAL_TIM_MspPostInit
 .text.MX_USART2_UART_Init
                0x0000000008000b4c       0x60 ./Core/Src/usart.o
                0x0000000008000b4c                MX_USART2_UART_Init
 .text.MX_USART3_UART_Init
                0x0000000008000bac       0x60 ./Core/Src/usart.o
                0x0000000008000bac                MX_USART3_UART_Init
 .text.HAL_UART_MspInit
                0x0000000008000c0c      0x158 ./Core/Src/usart.o
                0x0000000008000c0c                HAL_UART_MspInit
 .text.Reset_Handler
                0x0000000008000d64       0x50 ./Core/Startup/startup_stm32f767zitx.o
                0x0000000008000d64                Reset_Handler
 .text.Default_Handler
                0x0000000008000db4        0x2 ./Core/Startup/startup_stm32f767zitx.o
                0x0000000008000db4                RTC_Alarm_IRQHandler
                0x0000000008000db4                EXTI2_IRQHandler
                0x0000000008000db4                TIM8_CC_IRQHandler
                0x0000000008000db4                UART8_IRQHandler
                0x0000000008000db4                SPI4_IRQHandler
                0x0000000008000db4                TIM1_CC_IRQHandler
                0x0000000008000db4                DMA2_Stream5_IRQHandler
                0x0000000008000db4                JPEG_IRQHandler
                0x0000000008000db4                DMA1_Stream5_IRQHandler
                0x0000000008000db4                CAN3_RX1_IRQHandler
                0x0000000008000db4                PVD_IRQHandler
                0x0000000008000db4                TAMP_STAMP_IRQHandler
                0x0000000008000db4                CAN2_RX1_IRQHandler
                0x0000000008000db4                EXTI3_IRQHandler
                0x0000000008000db4                TIM8_TRG_COM_TIM14_IRQHandler
                0x0000000008000db4                DFSDM1_FLT1_IRQHandler
                0x0000000008000db4                TIM1_UP_TIM10_IRQHandler
                0x0000000008000db4                TIM8_UP_TIM13_IRQHandler
                0x0000000008000db4                I2C3_ER_IRQHandler
                0x0000000008000db4                DFSDM1_FLT2_IRQHandler
                0x0000000008000db4                EXTI0_IRQHandler
                0x0000000008000db4                I2C2_EV_IRQHandler
                0x0000000008000db4                DMA1_Stream2_IRQHandler
                0x0000000008000db4                CAN1_RX0_IRQHandler
                0x0000000008000db4                FPU_IRQHandler
                0x0000000008000db4                OTG_HS_WKUP_IRQHandler
                0x0000000008000db4                CAN3_SCE_IRQHandler
                0x0000000008000db4                LTDC_ER_IRQHandler
                0x0000000008000db4                CAN2_SCE_IRQHandler
                0x0000000008000db4                DMA2_Stream2_IRQHandler
                0x0000000008000db4                SPI1_IRQHandler
                0x0000000008000db4                TIM6_DAC_IRQHandler
                0x0000000008000db4                TIM1_BRK_TIM9_IRQHandler
                0x0000000008000db4                DCMI_IRQHandler
                0x0000000008000db4                CAN2_RX0_IRQHandler
                0x0000000008000db4                DMA2_Stream3_IRQHandler
                0x0000000008000db4                SAI2_IRQHandler
                0x0000000008000db4                DFSDM1_FLT3_IRQHandler
                0x0000000008000db4                USART6_IRQHandler
                0x0000000008000db4                CAN3_RX0_IRQHandler
                0x0000000008000db4                CAN1_RX1_IRQHandler
                0x0000000008000db4                UART5_IRQHandler
                0x0000000008000db4                DMA2_Stream0_IRQHandler
                0x0000000008000db4                TIM4_IRQHandler
                0x0000000008000db4                QUADSPI_IRQHandler
                0x0000000008000db4                I2C1_EV_IRQHandler
                0x0000000008000db4                DMA1_Stream6_IRQHandler
                0x0000000008000db4                DMA1_Stream1_IRQHandler
                0x0000000008000db4                UART4_IRQHandler
                0x0000000008000db4                TIM3_IRQHandler
                0x0000000008000db4                RCC_IRQHandler
                0x0000000008000db4                TIM8_BRK_TIM12_IRQHandler
                0x0000000008000db4                Default_Handler
                0x0000000008000db4                CEC_IRQHandler
                0x0000000008000db4                EXTI15_10_IRQHandler
                0x0000000008000db4                ADC_IRQHandler
                0x0000000008000db4                DMA1_Stream7_IRQHandler
                0x0000000008000db4                SPI5_IRQHandler
                0x0000000008000db4                TIM7_IRQHandler
                0x0000000008000db4                SDMMC1_IRQHandler
                0x0000000008000db4                CAN2_TX_IRQHandler
                0x0000000008000db4                TIM5_IRQHandler
                0x0000000008000db4                DMA2_Stream7_IRQHandler
                0x0000000008000db4                I2C3_EV_IRQHandler
                0x0000000008000db4                EXTI9_5_IRQHandler
                0x0000000008000db4                RTC_WKUP_IRQHandler
                0x0000000008000db4                LTDC_IRQHandler
                0x0000000008000db4                ETH_WKUP_IRQHandler
                0x0000000008000db4                SPDIF_RX_IRQHandler
                0x0000000008000db4                SPI2_IRQHandler
                0x0000000008000db4                OTG_HS_EP1_IN_IRQHandler
                0x0000000008000db4                DMA1_Stream0_IRQHandler
                0x0000000008000db4                CAN1_TX_IRQHandler
                0x0000000008000db4                EXTI4_IRQHandler
                0x0000000008000db4                RNG_IRQHandler
                0x0000000008000db4                ETH_IRQHandler
                0x0000000008000db4                OTG_HS_EP1_OUT_IRQHandler
                0x0000000008000db4                WWDG_IRQHandler
                0x0000000008000db4                SPI6_IRQHandler
                0x0000000008000db4                MDIOS_IRQHandler
                0x0000000008000db4                I2C4_EV_IRQHandler
                0x0000000008000db4                CAN3_TX_IRQHandler
                0x0000000008000db4                TIM2_IRQHandler
                0x0000000008000db4                OTG_FS_WKUP_IRQHandler
                0x0000000008000db4                TIM1_TRG_COM_TIM11_IRQHandler
                0x0000000008000db4                OTG_HS_IRQHandler
                0x0000000008000db4                DMA2D_IRQHandler
                0x0000000008000db4                EXTI1_IRQHandler
                0x0000000008000db4                SDMMC2_IRQHandler
                0x0000000008000db4                UART7_IRQHandler
                0x0000000008000db4                USART2_IRQHandler
                0x0000000008000db4                DFSDM1_FLT0_IRQHandler
                0x0000000008000db4                I2C2_ER_IRQHandler
                0x0000000008000db4                DMA2_Stream1_IRQHandler
                0x0000000008000db4                CAN1_SCE_IRQHandler
                0x0000000008000db4                FLASH_IRQHandler
                0x0000000008000db4                DMA2_Stream4_IRQHandler
                0x0000000008000db4                USART1_IRQHandler
                0x0000000008000db4                OTG_FS_IRQHandler
                0x0000000008000db4                SPI3_IRQHandler
                0x0000000008000db4                DMA1_Stream4_IRQHandler
                0x0000000008000db4                I2C1_ER_IRQHandler
                0x0000000008000db4                FMC_IRQHandler
                0x0000000008000db4                LPTIM1_IRQHandler
                0x0000000008000db4                I2C4_ER_IRQHandler
                0x0000000008000db4                DMA2_Stream6_IRQHandler
                0x0000000008000db4                SAI1_IRQHandler
                0x0000000008000db4                DMA1_Stream3_IRQHandler
 .text.HAL_Init
                0x0000000008000db6       0x1a ./Drivers/STM32F7xx_HAL_Driver/stm32f7xx_hal.o
                0x0000000008000db6                HAL_Init
 .text.HAL_InitTick
                0x0000000008000dd0       0x60 ./Drivers/STM32F7xx_HAL_Driver/stm32f7xx_hal.o
                0x0000000008000dd0                HAL_InitTick
 .text.HAL_IncTick
                0x0000000008000e30       0x28 ./Drivers/STM32F7xx_HAL_Driver/stm32f7xx_hal.o
                0x0000000008000e30                HAL_IncTick
 .text.HAL_GetTick
                0x0000000008000e58       0x18 ./Drivers/STM32F7xx_HAL_Driver/stm32f7xx_hal.o
                0x0000000008000e58                HAL_GetTick
 .text.__NVIC_SetPriorityGrouping
                0x0000000008000e70       0x48 ./Drivers/STM32F7xx_HAL_Driver/stm32f7xx_hal_cortex.o
 .text.__NVIC_GetPriorityGrouping
                0x0000000008000eb8       0x1c ./Drivers/STM32F7xx_HAL_Driver/stm32f7xx_hal_cortex.o
 .text.__NVIC_EnableIRQ
                0x0000000008000ed4       0x3c ./Drivers/STM32F7xx_HAL_Driver/stm32f7xx_hal_cortex.o
 .text.__NVIC_SetPriority
                0x0000000008000f10       0x54 ./Drivers/STM32F7xx_HAL_Driver/stm32f7xx_hal_cortex.o
 .text.NVIC_EncodePriority
                0x0000000008000f64       0x66 ./Drivers/STM32F7xx_HAL_Driver/stm32f7xx_hal_cortex.o
 *fill*         0x0000000008000fca        0x2 
 .text.SysTick_Config
                0x0000000008000fcc       0x44 ./Drivers/STM32F7xx_HAL_Driver/stm32f7xx_hal_cortex.o
 .text.HAL_NVIC_SetPriorityGrouping
                0x0000000008001010       0x16 ./Drivers/STM32F7xx_HAL_Driver/stm32f7xx_hal_cortex.o
                0x0000000008001010                HAL_NVIC_SetPriorityGrouping
 .text.HAL_NVIC_SetPriority
                0x0000000008001026       0x38 ./Drivers/STM32F7xx_HAL_Driver/stm32f7xx_hal_cortex.o
                0x0000000008001026                HAL_NVIC_SetPriority
 .text.HAL_NVIC_EnableIRQ
                0x000000000800105e       0x1c ./Drivers/STM32F7xx_HAL_Driver/stm32f7xx_hal_cortex.o
                0x000000000800105e                HAL_NVIC_EnableIRQ
 .text.HAL_SYSTICK_Config
                0x000000000800107a       0x18 ./Drivers/STM32F7xx_HAL_Driver/stm32f7xx_hal_cortex.o
                0x000000000800107a                HAL_SYSTICK_Config
 .text.HAL_DMA_Abort
                0x0000000008001092       0xe0 ./Drivers/STM32F7xx_HAL_Driver/stm32f7xx_hal_dma.o
                0x0000000008001092                HAL_DMA_Abort
 .text.HAL_DMA_Abort_IT
                0x0000000008001172       0x44 ./Drivers/STM32F7xx_HAL_Driver/stm32f7xx_hal_dma.o
                0x0000000008001172                HAL_DMA_Abort_IT
 *fill*         0x00000000080011b6        0x2 
 .text.HAL_GPIO_Init
                0x00000000080011b8      0x358 ./Drivers/STM32F7xx_HAL_Driver/stm32f7xx_hal_gpio.o
                0x00000000080011b8                HAL_GPIO_Init
 .text.HAL_PWREx_EnableOverDrive
                0x0000000008001510       0xa0 ./Drivers/STM32F7xx_HAL_Driver/stm32f7xx_hal_pwr_ex.o
                0x0000000008001510                HAL_PWREx_EnableOverDrive
 .text.HAL_RCC_OscConfig
                0x00000000080015b0      0x55c ./Drivers/STM32F7xx_HAL_Driver/stm32f7xx_hal_rcc.o
                0x00000000080015b0                HAL_RCC_OscConfig
 .text.HAL_RCC_ClockConfig
                0x0000000008001b0c      0x1d8 ./Drivers/STM32F7xx_HAL_Driver/stm32f7xx_hal_rcc.o
                0x0000000008001b0c                HAL_RCC_ClockConfig
 .text.HAL_RCC_GetSysClockFreq
                0x0000000008001ce4      0x18c ./Drivers/STM32F7xx_HAL_Driver/stm32f7xx_hal_rcc.o
                0x0000000008001ce4                HAL_RCC_GetSysClockFreq
 .text.HAL_RCC_GetHCLKFreq
                0x0000000008001e70       0x18 ./Drivers/STM32F7xx_HAL_Driver/stm32f7xx_hal_rcc.o
                0x0000000008001e70                HAL_RCC_GetHCLKFreq
 .text.HAL_RCC_GetPCLK1Freq
                0x0000000008001e88       0x28 ./Drivers/STM32F7xx_HAL_Driver/stm32f7xx_hal_rcc.o
                0x0000000008001e88                HAL_RCC_GetPCLK1Freq
 .text.HAL_RCC_GetPCLK2Freq
                0x0000000008001eb0       0x28 ./Drivers/STM32F7xx_HAL_Driver/stm32f7xx_hal_rcc.o
                0x0000000008001eb0                HAL_RCC_GetPCLK2Freq
 .text.HAL_RCCEx_PeriphCLKConfig
                0x0000000008001ed8      0x850 ./Drivers/STM32F7xx_HAL_Driver/stm32f7xx_hal_rcc_ex.o
                0x0000000008001ed8                HAL_RCCEx_PeriphCLKConfig
 .text.HAL_TIM_Base_Init
                0x0000000008002728       0xae ./Drivers/STM32F7xx_HAL_Driver/stm32f7xx_hal_tim.o
                0x0000000008002728                HAL_TIM_Base_Init
 .text.HAL_TIM_PWM_Init
                0x00000000080027d6       0xae ./Drivers/STM32F7xx_HAL_Driver/stm32f7xx_hal_tim.o
                0x00000000080027d6                HAL_TIM_PWM_Init
 .text.HAL_TIM_PWM_MspInit
                0x0000000008002884       0x14 ./Drivers/STM32F7xx_HAL_Driver/stm32f7xx_hal_tim.o
                0x0000000008002884                HAL_TIM_PWM_MspInit
 .text.HAL_TIM_PWM_Start
                0x0000000008002898      0x1f4 ./Drivers/STM32F7xx_HAL_Driver/stm32f7xx_hal_tim.o
                0x0000000008002898                HAL_TIM_PWM_Start
 .text.HAL_TIM_PWM_ConfigChannel
                0x0000000008002a8c      0x228 ./Drivers/STM32F7xx_HAL_Driver/stm32f7xx_hal_tim.o
                0x0000000008002a8c                HAL_TIM_PWM_ConfigChannel
 .text.HAL_TIM_ConfigClockSource
                0x0000000008002cb4      0x194 ./Drivers/STM32F7xx_HAL_Driver/stm32f7xx_hal_tim.o
                0x0000000008002cb4                HAL_TIM_ConfigClockSource
 .text.TIM_Base_SetConfig
                0x0000000008002e48      0x140 ./Drivers/STM32F7xx_HAL_Driver/stm32f7xx_hal_tim.o
                0x0000000008002e48                TIM_Base_SetConfig
 .text.TIM_OC1_SetConfig
                0x0000000008002f88       0xe4 ./Drivers/STM32F7xx_HAL_Driver/stm32f7xx_hal_tim.o
 .text.TIM_OC2_SetConfig
                0x000000000800306c       0xf0 ./Drivers/STM32F7xx_HAL_Driver/stm32f7xx_hal_tim.o
                0x000000000800306c                TIM_OC2_SetConfig
 .text.TIM_OC3_SetConfig
                0x000000000800315c       0xec ./Drivers/STM32F7xx_HAL_Driver/stm32f7xx_hal_tim.o
 .text.TIM_OC4_SetConfig
                0x0000000008003248       0xb0 ./Drivers/STM32F7xx_HAL_Driver/stm32f7xx_hal_tim.o
 .text.TIM_OC5_SetConfig
                0x00000000080032f8       0xa4 ./Drivers/STM32F7xx_HAL_Driver/stm32f7xx_hal_tim.o
 .text.TIM_OC6_SetConfig
                0x000000000800339c       0xa8 ./Drivers/STM32F7xx_HAL_Driver/stm32f7xx_hal_tim.o
 .text.TIM_TI1_ConfigInputStage
                0x0000000008003444       0x5e ./Drivers/STM32F7xx_HAL_Driver/stm32f7xx_hal_tim.o
 .text.TIM_TI2_ConfigInputStage
                0x00000000080034a2       0x60 ./Drivers/STM32F7xx_HAL_Driver/stm32f7xx_hal_tim.o
 .text.TIM_ITRx_SetConfig
                0x0000000008003502       0x36 ./Drivers/STM32F7xx_HAL_Driver/stm32f7xx_hal_tim.o
 .text.TIM_ETR_SetConfig
                0x0000000008003538       0x40 ./Drivers/STM32F7xx_HAL_Driver/stm32f7xx_hal_tim.o
                0x0000000008003538                TIM_ETR_SetConfig
 .text.TIM_CCxChannelCmd
                0x0000000008003578       0x4a ./Drivers/STM32F7xx_HAL_Driver/stm32f7xx_hal_tim.o
                0x0000000008003578                TIM_CCxChannelCmd
 *fill*         0x00000000080035c2        0x2 
 .text.HAL_TIMEx_MasterConfigSynchronization
                0x00000000080035c4      0x11c ./Drivers/STM32F7xx_HAL_Driver/stm32f7xx_hal_tim_ex.o
                0x00000000080035c4                HAL_TIMEx_MasterConfigSynchronization
 .text.HAL_UART_Init
                0x00000000080036e0       0x9c ./Drivers/STM32F7xx_HAL_Driver/stm32f7xx_hal_uart.o
                0x00000000080036e0                HAL_UART_Init
 .text.HAL_UART_Receive_IT
                0x000000000800377c       0x88 ./Drivers/STM32F7xx_HAL_Driver/stm32f7xx_hal_uart.o
                0x000000000800377c                HAL_UART_Receive_IT
 .text.HAL_UART_IRQHandler
                0x0000000008003804      0x5d0 ./Drivers/STM32F7xx_HAL_Driver/stm32f7xx_hal_uart.o
                0x0000000008003804                HAL_UART_IRQHandler
 .text.HAL_UART_TxCpltCallback
                0x0000000008003dd4       0x14 ./Drivers/STM32F7xx_HAL_Driver/stm32f7xx_hal_uart.o
                0x0000000008003dd4                HAL_UART_TxCpltCallback
 .text.HAL_UART_ErrorCallback
                0x0000000008003de8       0x14 ./Drivers/STM32F7xx_HAL_Driver/stm32f7xx_hal_uart.o
                0x0000000008003de8                HAL_UART_ErrorCallback
 .text.HAL_UARTEx_RxEventCallback
                0x0000000008003dfc       0x18 ./Drivers/STM32F7xx_HAL_Driver/stm32f7xx_hal_uart.o
                0x0000000008003dfc                HAL_UARTEx_RxEventCallback
 .text.HAL_UARTEx_WakeupCallback
                0x0000000008003e14       0x14 ./Drivers/STM32F7xx_HAL_Driver/stm32f7xx_hal_uart.o
                0x0000000008003e14                HAL_UARTEx_WakeupCallback
 .text.UART_SetConfig
                0x0000000008003e28      0x4c8 ./Drivers/STM32F7xx_HAL_Driver/stm32f7xx_hal_uart.o
                0x0000000008003e28                UART_SetConfig
 .text.UART_AdvFeatureConfig
                0x00000000080042f0      0x144 ./Drivers/STM32F7xx_HAL_Driver/stm32f7xx_hal_uart.o
                0x00000000080042f0                UART_AdvFeatureConfig
 .text.UART_CheckIdleState
                0x0000000008004434       0x9a ./Drivers/STM32F7xx_HAL_Driver/stm32f7xx_hal_uart.o
                0x0000000008004434                UART_CheckIdleState
 .text.UART_WaitOnFlagUntilTimeout
                0x00000000080044ce      0x18c ./Drivers/STM32F7xx_HAL_Driver/stm32f7xx_hal_uart.o
                0x00000000080044ce                UART_WaitOnFlagUntilTimeout
 *fill*         0x000000000800465a        0x2 
 .text.UART_Start_Receive_IT
                0x000000000800465c      0x18c ./Drivers/STM32F7xx_HAL_Driver/stm32f7xx_hal_uart.o
                0x000000000800465c                UART_Start_Receive_IT
 .text.UART_EndRxTransfer
                0x00000000080047e8       0xc8 ./Drivers/STM32F7xx_HAL_Driver/stm32f7xx_hal_uart.o
 .text.UART_DMAAbortOnError
                0x00000000080048b0       0x2c ./Drivers/STM32F7xx_HAL_Driver/stm32f7xx_hal_uart.o
 .text.UART_EndTransmit_IT
                0x00000000080048dc       0x54 ./Drivers/STM32F7xx_HAL_Driver/stm32f7xx_hal_uart.o
 .text.UART_RxISR_8BIT
                0x0000000008004930      0x166 ./Drivers/STM32F7xx_HAL_Driver/stm32f7xx_hal_uart.o
 .text.UART_RxISR_16BIT
                0x0000000008004a96      0x166 ./Drivers/STM32F7xx_HAL_Driver/stm32f7xx_hal_uart.o
 .text.memset   0x0000000008004bfc       0x10 C:/ST/STM32CubeIDE_1.13.0/STM32CubeIDE/plugins/com.st.stm32cube.ide.mcu.externaltools.gnu-tools-for-stm32.11.3.rel1.win32_1.1.0.202305231506/tools/bin/../lib/gcc/arm-none-eabi/11.3.1/../../../../arm-none-eabi/lib/thumb/v7e-m+dp/hard\libc_nano.a(libc_a-memset.o)
                0x0000000008004bfc                memset
 .text.__libc_init_array
                0x0000000008004c0c       0x48 C:/ST/STM32CubeIDE_1.13.0/STM32CubeIDE/plugins/com.st.stm32cube.ide.mcu.externaltools.gnu-tools-for-stm32.11.3.rel1.win32_1.1.0.202305231506/tools/bin/../lib/gcc/arm-none-eabi/11.3.1/../../../../arm-none-eabi/lib/thumb/v7e-m+dp/hard\libc_nano.a(libc_a-init.o)
                0x0000000008004c0c                __libc_init_array
 *(.glue_7)
 .glue_7        0x0000000008004c54        0x0 linker stubs
 *(.glue_7t)
 .glue_7t       0x0000000008004c54        0x0 linker stubs
 *(.eh_frame)
 .eh_frame      0x0000000008004c54        0x0 C:/ST/STM32CubeIDE_1.13.0/STM32CubeIDE/plugins/com.st.stm32cube.ide.mcu.externaltools.gnu-tools-for-stm32.11.3.rel1.win32_1.1.0.202305231506/tools/bin/../lib/gcc/arm-none-eabi/11.3.1/thumb/v7e-m+dp/hard/crtbegin.o
 *(.init)
 .init          0x0000000008004c54        0x4 C:/ST/STM32CubeIDE_1.13.0/STM32CubeIDE/plugins/com.st.stm32cube.ide.mcu.externaltools.gnu-tools-for-stm32.11.3.rel1.win32_1.1.0.202305231506/tools/bin/../lib/gcc/arm-none-eabi/11.3.1/thumb/v7e-m+dp/hard/crti.o
                0x0000000008004c54                _init
 .init          0x0000000008004c58        0x8 C:/ST/STM32CubeIDE_1.13.0/STM32CubeIDE/plugins/com.st.stm32cube.ide.mcu.externaltools.gnu-tools-for-stm32.11.3.rel1.win32_1.1.0.202305231506/tools/bin/../lib/gcc/arm-none-eabi/11.3.1/thumb/v7e-m+dp/hard/crtn.o
 *(.fini)
 .fini          0x0000000008004c60        0x4 C:/ST/STM32CubeIDE_1.13.0/STM32CubeIDE/plugins/com.st.stm32cube.ide.mcu.externaltools.gnu-tools-for-stm32.11.3.rel1.win32_1.1.0.202305231506/tools/bin/../lib/gcc/arm-none-eabi/11.3.1/thumb/v7e-m+dp/hard/crti.o
                0x0000000008004c60                _fini
 .fini          0x0000000008004c64        0x8 C:/ST/STM32CubeIDE_1.13.0/STM32CubeIDE/plugins/com.st.stm32cube.ide.mcu.externaltools.gnu-tools-for-stm32.11.3.rel1.win32_1.1.0.202305231506/tools/bin/../lib/gcc/arm-none-eabi/11.3.1/thumb/v7e-m+dp/hard/crtn.o
                0x0000000008004c6c                . = ALIGN (0x4)
                0x0000000008004c6c                _etext = .

.vfp11_veneer   0x0000000008004c6c        0x0
 .vfp11_veneer  0x0000000008004c6c        0x0 linker stubs

.v4_bx          0x0000000008004c6c        0x0
 .v4_bx         0x0000000008004c6c        0x0 linker stubs

.iplt           0x0000000008004c6c        0x0
 .iplt          0x0000000008004c6c        0x0 C:/ST/STM32CubeIDE_1.13.0/STM32CubeIDE/plugins/com.st.stm32cube.ide.mcu.externaltools.gnu-tools-for-stm32.11.3.rel1.win32_1.1.0.202305231506/tools/bin/../lib/gcc/arm-none-eabi/11.3.1/thumb/v7e-m+dp/hard/crtbegin.o

.rodata         0x0000000008004c6c       0x18
                0x0000000008004c6c                . = ALIGN (0x4)
 *(.rodata)
 *(.rodata*)
 .rodata.AHBPrescTable
                0x0000000008004c6c       0x10 ./Core/Src/system_stm32f7xx.o
                0x0000000008004c6c                AHBPrescTable
 .rodata.APBPrescTable
                0x0000000008004c7c        0x8 ./Core/Src/system_stm32f7xx.o
                0x0000000008004c7c                APBPrescTable
                0x0000000008004c84                . = ALIGN (0x4)

.ARM.extab      0x0000000008004c84        0x0
                0x0000000008004c84                . = ALIGN (0x4)
 *(.ARM.extab* .gnu.linkonce.armextab.*)
                0x0000000008004c84                . = ALIGN (0x4)

.ARM            0x0000000008004c84        0x8
                0x0000000008004c84                . = ALIGN (0x4)
                0x0000000008004c84                __exidx_start = .
 *(.ARM.exidx*)
 .ARM.exidx     0x0000000008004c84        0x8 C:/ST/STM32CubeIDE_1.13.0/STM32CubeIDE/plugins/com.st.stm32cube.ide.mcu.externaltools.gnu-tools-for-stm32.11.3.rel1.win32_1.1.0.202305231506/tools/bin/../lib/gcc/arm-none-eabi/11.3.1/thumb/v7e-m+dp/hard\libgcc.a(_udivmoddi4.o)
                0x0000000008004c8c                __exidx_end = .
                0x0000000008004c8c                . = ALIGN (0x4)

.rel.dyn        0x0000000008004c8c        0x0
 .rel.iplt      0x0000000008004c8c        0x0 C:/ST/STM32CubeIDE_1.13.0/STM32CubeIDE/plugins/com.st.stm32cube.ide.mcu.externaltools.gnu-tools-for-stm32.11.3.rel1.win32_1.1.0.202305231506/tools/bin/../lib/gcc/arm-none-eabi/11.3.1/thumb/v7e-m+dp/hard/crtbegin.o

.preinit_array  0x0000000008004c8c        0x0
                0x0000000008004c8c                . = ALIGN (0x4)
                0x0000000008004c8c                PROVIDE (__preinit_array_start = .)
 *(.preinit_array*)
                0x0000000008004c8c                PROVIDE (__preinit_array_end = .)
                0x0000000008004c8c                . = ALIGN (0x4)

.init_array     0x0000000008004c8c        0x4
                0x0000000008004c8c                . = ALIGN (0x4)
                0x0000000008004c8c                PROVIDE (__init_array_start = .)
 *(SORT_BY_NAME(.init_array.*))
 *(.init_array*)
 .init_array    0x0000000008004c8c        0x4 C:/ST/STM32CubeIDE_1.13.0/STM32CubeIDE/plugins/com.st.stm32cube.ide.mcu.externaltools.gnu-tools-for-stm32.11.3.rel1.win32_1.1.0.202305231506/tools/bin/../lib/gcc/arm-none-eabi/11.3.1/thumb/v7e-m+dp/hard/crtbegin.o
                0x0000000008004c90                PROVIDE (__init_array_end = .)
                0x0000000008004c90                . = ALIGN (0x4)

.fini_array     0x0000000008004c90        0x4
                0x0000000008004c90                . = ALIGN (0x4)
                [!provide]                        PROVIDE (__fini_array_start = .)
 *(SORT_BY_NAME(.fini_array.*))
 *(.fini_array*)
 .fini_array    0x0000000008004c90        0x4 C:/ST/STM32CubeIDE_1.13.0/STM32CubeIDE/plugins/com.st.stm32cube.ide.mcu.externaltools.gnu-tools-for-stm32.11.3.rel1.win32_1.1.0.202305231506/tools/bin/../lib/gcc/arm-none-eabi/11.3.1/thumb/v7e-m+dp/hard/crtbegin.o
                [!provide]                        PROVIDE (__fini_array_end = .)
                0x0000000008004c94                . = ALIGN (0x4)
                0x0000000008004c94                _sidata = LOADADDR (.data)

.data           0x0000000020000000        0xc load address 0x0000000008004c94
                0x0000000020000000                . = ALIGN (0x4)
                0x0000000020000000                _sdata = .
 *(.data)
 *(.data*)
 .data.SystemCoreClock
                0x0000000020000000        0x4 ./Core/Src/system_stm32f7xx.o
                0x0000000020000000                SystemCoreClock
 .data.uwTickPrio
                0x0000000020000004        0x4 ./Drivers/STM32F7xx_HAL_Driver/stm32f7xx_hal.o
                0x0000000020000004                uwTickPrio
 .data.uwTickFreq
                0x0000000020000008        0x1 ./Drivers/STM32F7xx_HAL_Driver/stm32f7xx_hal.o
                0x0000000020000008                uwTickFreq
 *(.RamFunc)
 *(.RamFunc*)
                0x000000002000000c                . = ALIGN (0x4)
 *fill*         0x0000000020000009        0x3 
                0x000000002000000c                _edata = .

.igot.plt       0x000000002000000c        0x0 load address 0x0000000008004ca0
 .igot.plt      0x000000002000000c        0x0 C:/ST/STM32CubeIDE_1.13.0/STM32CubeIDE/plugins/com.st.stm32cube.ide.mcu.externaltools.gnu-tools-for-stm32.11.3.rel1.win32_1.1.0.202305231506/tools/bin/../lib/gcc/arm-none-eabi/11.3.1/thumb/v7e-m+dp/hard/crtbegin.o
                0x000000002000000c                . = ALIGN (0x4)

.bss            0x000000002000000c      0x18c load address 0x0000000008004ca0
                0x000000002000000c                _sbss = .
                0x000000002000000c                __bss_start__ = _sbss
 *(.bss)
 .bss           0x000000002000000c       0x1c C:/ST/STM32CubeIDE_1.13.0/STM32CubeIDE/plugins/com.st.stm32cube.ide.mcu.externaltools.gnu-tools-for-stm32.11.3.rel1.win32_1.1.0.202305231506/tools/bin/../lib/gcc/arm-none-eabi/11.3.1/thumb/v7e-m+dp/hard/crtbegin.o
 *(.bss*)
 .bss.rdutyCycle
                0x0000000020000028        0x4 ./Core/Src/main.o
                0x0000000020000028                rdutyCycle
 .bss.gdutyCycle
                0x000000002000002c        0x4 ./Core/Src/main.o
                0x000000002000002c                gdutyCycle
 .bss.bdutyCycle
                0x0000000020000030        0x4 ./Core/Src/main.o
                0x0000000020000030                bdutyCycle
 .bss.rpwm      0x0000000020000034        0x1 ./Core/Src/main.o
                0x0000000020000034                rpwm
 .bss.bpwm      0x0000000020000035        0x1 ./Core/Src/main.o
                0x0000000020000035                bpwm
 .bss.gpwm      0x0000000020000036        0x1 ./Core/Src/main.o
                0x0000000020000036                gpwm
 .bss.ch1       0x0000000020000037        0x1 ./Core/Src/main.o
                0x0000000020000037                ch1
 .bss.htim2     0x0000000020000038       0x4c ./Core/Src/tim.o
                0x0000000020000038                htim2
 .bss.huart2    0x0000000020000084       0x88 ./Core/Src/usart.o
                0x0000000020000084                huart2
 .bss.huart3    0x000000002000010c       0x88 ./Core/Src/usart.o
                0x000000002000010c                huart3
 .bss.uwTick    0x0000000020000194        0x4 ./Drivers/STM32F7xx_HAL_Driver/stm32f7xx_hal.o
                0x0000000020000194                uwTick
 *(COMMON)
                0x0000000020000198                . = ALIGN (0x4)
                0x0000000020000198                _ebss = .
                0x0000000020000198                __bss_end__ = _ebss

._user_heap_stack
                0x0000000020000198      0x600 load address 0x0000000008004ca0
                0x0000000020000198                . = ALIGN (0x8)
                [!provide]                        PROVIDE (end = .)
                0x0000000020000198                PROVIDE (_end = .)
                0x0000000020000398                . = (. + _Min_Heap_Size)
 *fill*         0x0000000020000198      0x200 
                0x0000000020000798                . = (. + _Min_Stack_Size)
 *fill*         0x0000000020000398      0x400 
                0x0000000020000798                . = ALIGN (0x8)

/DISCARD/
 libc.a(*)
 libm.a(*)
 libgcc.a(*)

.ARM.attributes
                0x0000000000000000       0x2e
 *(.ARM.attributes)
 .ARM.attributes
                0x0000000000000000       0x1e C:/ST/STM32CubeIDE_1.13.0/STM32CubeIDE/plugins/com.st.stm32cube.ide.mcu.externaltools.gnu-tools-for-stm32.11.3.rel1.win32_1.1.0.202305231506/tools/bin/../lib/gcc/arm-none-eabi/11.3.1/thumb/v7e-m+dp/hard/crti.o
 .ARM.attributes
                0x000000000000001e       0x32 C:/ST/STM32CubeIDE_1.13.0/STM32CubeIDE/plugins/com.st.stm32cube.ide.mcu.externaltools.gnu-tools-for-stm32.11.3.rel1.win32_1.1.0.202305231506/tools/bin/../lib/gcc/arm-none-eabi/11.3.1/thumb/v7e-m+dp/hard/crtbegin.o
 .ARM.attributes
                0x0000000000000050       0x32 ./Core/Src/gpio.o
 .ARM.attributes
                0x0000000000000082       0x32 ./Core/Src/main.o
 .ARM.attributes
                0x00000000000000b4       0x32 ./Core/Src/stm32f7xx_hal_msp.o
 .ARM.attributes
                0x00000000000000e6       0x32 ./Core/Src/stm32f7xx_it.o
 .ARM.attributes
                0x0000000000000118       0x32 ./Core/Src/system_stm32f7xx.o
 .ARM.attributes
                0x000000000000014a       0x32 ./Core/Src/tim.o
 .ARM.attributes
                0x000000000000017c       0x32 ./Core/Src/usart.o
 .ARM.attributes
                0x00000000000001ae       0x21 ./Core/Startup/startup_stm32f767zitx.o
 .ARM.attributes
                0x00000000000001cf       0x32 ./Drivers/STM32F7xx_HAL_Driver/stm32f7xx_hal.o
 .ARM.attributes
                0x0000000000000201       0x32 ./Drivers/STM32F7xx_HAL_Driver/stm32f7xx_hal_cortex.o
 .ARM.attributes
                0x0000000000000233       0x32 ./Drivers/STM32F7xx_HAL_Driver/stm32f7xx_hal_dma.o
 .ARM.attributes
                0x0000000000000265       0x32 ./Drivers/STM32F7xx_HAL_Driver/stm32f7xx_hal_gpio.o
 .ARM.attributes
                0x0000000000000297       0x32 ./Drivers/STM32F7xx_HAL_Driver/stm32f7xx_hal_pwr_ex.o
 .ARM.attributes
                0x00000000000002c9       0x32 ./Drivers/STM32F7xx_HAL_Driver/stm32f7xx_hal_rcc.o
 .ARM.attributes
                0x00000000000002fb       0x32 ./Drivers/STM32F7xx_HAL_Driver/stm32f7xx_hal_rcc_ex.o
 .ARM.attributes
                0x000000000000032d       0x32 ./Drivers/STM32F7xx_HAL_Driver/stm32f7xx_hal_tim.o
 .ARM.attributes
                0x000000000000035f       0x32 ./Drivers/STM32F7xx_HAL_Driver/stm32f7xx_hal_tim_ex.o
 .ARM.attributes
                0x0000000000000391       0x32 ./Drivers/STM32F7xx_HAL_Driver/stm32f7xx_hal_uart.o
 .ARM.attributes
                0x00000000000003c3       0x32 C:/ST/STM32CubeIDE_1.13.0/STM32CubeIDE/plugins/com.st.stm32cube.ide.mcu.externaltools.gnu-tools-for-stm32.11.3.rel1.win32_1.1.0.202305231506/tools/bin/../lib/gcc/arm-none-eabi/11.3.1/../../../../arm-none-eabi/lib/thumb/v7e-m+dp/hard\libc_nano.a(libc_a-memset.o)
 .ARM.attributes
                0x00000000000003f5       0x32 C:/ST/STM32CubeIDE_1.13.0/STM32CubeIDE/plugins/com.st.stm32cube.ide.mcu.externaltools.gnu-tools-for-stm32.11.3.rel1.win32_1.1.0.202305231506/tools/bin/../lib/gcc/arm-none-eabi/11.3.1/../../../../arm-none-eabi/lib/thumb/v7e-m+dp/hard\libc_nano.a(libc_a-init.o)
 .ARM.attributes
                0x0000000000000427       0x1e C:/ST/STM32CubeIDE_1.13.0/STM32CubeIDE/plugins/com.st.stm32cube.ide.mcu.externaltools.gnu-tools-for-stm32.11.3.rel1.win32_1.1.0.202305231506/tools/bin/../lib/gcc/arm-none-eabi/11.3.1/thumb/v7e-m+dp/hard\libgcc.a(_aeabi_uldivmod.o)
 .ARM.attributes
                0x0000000000000445       0x32 C:/ST/STM32CubeIDE_1.13.0/STM32CubeIDE/plugins/com.st.stm32cube.ide.mcu.externaltools.gnu-tools-for-stm32.11.3.rel1.win32_1.1.0.202305231506/tools/bin/../lib/gcc/arm-none-eabi/11.3.1/thumb/v7e-m+dp/hard\libgcc.a(_udivmoddi4.o)
 .ARM.attributes
                0x0000000000000477       0x1e C:/ST/STM32CubeIDE_1.13.0/STM32CubeIDE/plugins/com.st.stm32cube.ide.mcu.externaltools.gnu-tools-for-stm32.11.3.rel1.win32_1.1.0.202305231506/tools/bin/../lib/gcc/arm-none-eabi/11.3.1/thumb/v7e-m+dp/hard\libgcc.a(_dvmd_tls.o)
 .ARM.attributes
                0x0000000000000495       0x1e C:/ST/STM32CubeIDE_1.13.0/STM32CubeIDE/plugins/com.st.stm32cube.ide.mcu.externaltools.gnu-tools-for-stm32.11.3.rel1.win32_1.1.0.202305231506/tools/bin/../lib/gcc/arm-none-eabi/11.3.1/thumb/v7e-m+dp/hard/crtn.o
OUTPUT(Lab7.elf elf32-littlearm)
LOAD linker stubs
LOAD C:/ST/STM32CubeIDE_1.13.0/STM32CubeIDE/plugins/com.st.stm32cube.ide.mcu.externaltools.gnu-tools-for-stm32.11.3.rel1.win32_1.1.0.202305231506/tools/bin/../lib/gcc/arm-none-eabi/11.3.1/../../../../arm-none-eabi/lib/thumb/v7e-m+dp/hard\libc.a
LOAD C:/ST/STM32CubeIDE_1.13.0/STM32CubeIDE/plugins/com.st.stm32cube.ide.mcu.externaltools.gnu-tools-for-stm32.11.3.rel1.win32_1.1.0.202305231506/tools/bin/../lib/gcc/arm-none-eabi/11.3.1/../../../../arm-none-eabi/lib/thumb/v7e-m+dp/hard\libm.a
LOAD C:/ST/STM32CubeIDE_1.13.0/STM32CubeIDE/plugins/com.st.stm32cube.ide.mcu.externaltools.gnu-tools-for-stm32.11.3.rel1.win32_1.1.0.202305231506/tools/bin/../lib/gcc/arm-none-eabi/11.3.1/thumb/v7e-m+dp/hard\libgcc.a

.comment        0x0000000000000000       0x43
 .comment       0x0000000000000000       0x43 C:/ST/STM32CubeIDE_1.13.0/STM32CubeIDE/plugins/com.st.stm32cube.ide.mcu.externaltools.gnu-tools-for-stm32.11.3.rel1.win32_1.1.0.202305231506/tools/bin/../lib/gcc/arm-none-eabi/11.3.1/thumb/v7e-m+dp/hard/crtbegin.o
                                         0x44 (size before relaxing)
 .comment       0x0000000000000043       0x44 ./Core/Src/gpio.o
 .comment       0x0000000000000043       0x44 ./Core/Src/main.o
 .comment       0x0000000000000043       0x44 ./Core/Src/stm32f7xx_hal_msp.o
 .comment       0x0000000000000043       0x44 ./Core/Src/stm32f7xx_it.o
 .comment       0x0000000000000043       0x44 ./Core/Src/system_stm32f7xx.o
 .comment       0x0000000000000043       0x44 ./Core/Src/tim.o
 .comment       0x0000000000000043       0x44 ./Core/Src/usart.o
 .comment       0x0000000000000043       0x44 ./Drivers/STM32F7xx_HAL_Driver/stm32f7xx_hal.o
 .comment       0x0000000000000043       0x44 ./Drivers/STM32F7xx_HAL_Driver/stm32f7xx_hal_cortex.o
 .comment       0x0000000000000043       0x44 ./Drivers/STM32F7xx_HAL_Driver/stm32f7xx_hal_dma.o
 .comment       0x0000000000000043       0x44 ./Drivers/STM32F7xx_HAL_Driver/stm32f7xx_hal_gpio.o
 .comment       0x0000000000000043       0x44 ./Drivers/STM32F7xx_HAL_Driver/stm32f7xx_hal_pwr_ex.o
 .comment       0x0000000000000043       0x44 ./Drivers/STM32F7xx_HAL_Driver/stm32f7xx_hal_rcc.o
 .comment       0x0000000000000043       0x44 ./Drivers/STM32F7xx_HAL_Driver/stm32f7xx_hal_rcc_ex.o
 .comment       0x0000000000000043       0x44 ./Drivers/STM32F7xx_HAL_Driver/stm32f7xx_hal_tim.o
 .comment       0x0000000000000043       0x44 ./Drivers/STM32F7xx_HAL_Driver/stm32f7xx_hal_tim_ex.o
 .comment       0x0000000000000043       0x44 ./Drivers/STM32F7xx_HAL_Driver/stm32f7xx_hal_uart.o

.debug_info     0x0000000000000000     0xfe95
 .debug_info    0x0000000000000000      0x2a8 ./Core/Src/gpio.o
 .debug_info    0x00000000000002a8     0x1039 ./Core/Src/main.o
 .debug_info    0x00000000000012e1      0x28d ./Core/Src/stm32f7xx_hal_msp.o
 .debug_info    0x000000000000156e      0x71e ./Core/Src/stm32f7xx_it.o
 .debug_info    0x0000000000001c8c      0x6ed ./Core/Src/system_stm32f7xx.o
 .debug_info    0x0000000000002379      0xc9d ./Core/Src/tim.o
 .debug_info    0x0000000000003016      0xfec ./Core/Src/usart.o
 .debug_info    0x0000000000004002       0x23 ./Core/Startup/startup_stm32f767zitx.o
 .debug_info    0x0000000000004025      0xa4c ./Drivers/STM32F7xx_HAL_Driver/stm32f7xx_hal.o
 .debug_info    0x0000000000004a71      0xf8b ./Drivers/STM32F7xx_HAL_Driver/stm32f7xx_hal_cortex.o
 .debug_info    0x00000000000059fc      0x8e7 ./Drivers/STM32F7xx_HAL_Driver/stm32f7xx_hal_dma.o
 .debug_info    0x00000000000062e3      0x6f3 ./Drivers/STM32F7xx_HAL_Driver/stm32f7xx_hal_gpio.o
 .debug_info    0x00000000000069d6      0x8cd ./Drivers/STM32F7xx_HAL_Driver/stm32f7xx_hal_pwr_ex.o
 .debug_info    0x00000000000072a3      0x937 ./Drivers/STM32F7xx_HAL_Driver/stm32f7xx_hal_rcc.o
 .debug_info    0x0000000000007bda      0x6e1 ./Drivers/STM32F7xx_HAL_Driver/stm32f7xx_hal_rcc_ex.o
 .debug_info    0x00000000000082bb     0x2ab2 ./Drivers/STM32F7xx_HAL_Driver/stm32f7xx_hal_tim.o
 .debug_info    0x000000000000ad6d     0x16bb ./Drivers/STM32F7xx_HAL_Driver/stm32f7xx_hal_tim_ex.o
 .debug_info    0x000000000000c428     0x3a6d ./Drivers/STM32F7xx_HAL_Driver/stm32f7xx_hal_uart.o

.debug_abbrev   0x0000000000000000     0x22e6
 .debug_abbrev  0x0000000000000000       0xd8 ./Core/Src/gpio.o
 .debug_abbrev  0x00000000000000d8      0x262 ./Core/Src/main.o
 .debug_abbrev  0x000000000000033a       0xd8 ./Core/Src/stm32f7xx_hal_msp.o
 .debug_abbrev  0x0000000000000412      0x174 ./Core/Src/stm32f7xx_it.o
 .debug_abbrev  0x0000000000000586      0x13b ./Core/Src/system_stm32f7xx.o
 .debug_abbrev  0x00000000000006c1      0x224 ./Core/Src/tim.o
 .debug_abbrev  0x00000000000008e5      0x21e ./Core/Src/usart.o
 .debug_abbrev  0x0000000000000b03       0x12 ./Core/Startup/startup_stm32f767zitx.o
 .debug_abbrev  0x0000000000000b15      0x213 ./Drivers/STM32F7xx_HAL_Driver/stm32f7xx_hal.o
 .debug_abbrev  0x0000000000000d28      0x329 ./Drivers/STM32F7xx_HAL_Driver/stm32f7xx_hal_cortex.o
 .debug_abbrev  0x0000000000001051      0x264 ./Drivers/STM32F7xx_HAL_Driver/stm32f7xx_hal_dma.o
 .debug_abbrev  0x00000000000012b5      0x1d4 ./Drivers/STM32F7xx_HAL_Driver/stm32f7xx_hal_gpio.o
 .debug_abbrev  0x0000000000001489      0x1d5 ./Drivers/STM32F7xx_HAL_Driver/stm32f7xx_hal_pwr_ex.o
 .debug_abbrev  0x000000000000165e      0x2de ./Drivers/STM32F7xx_HAL_Driver/stm32f7xx_hal_rcc.o
 .debug_abbrev  0x000000000000193c      0x1c9 ./Drivers/STM32F7xx_HAL_Driver/stm32f7xx_hal_rcc_ex.o
 .debug_abbrev  0x0000000000001b05      0x278 ./Drivers/STM32F7xx_HAL_Driver/stm32f7xx_hal_tim.o
 .debug_abbrev  0x0000000000001d7d      0x283 ./Drivers/STM32F7xx_HAL_Driver/stm32f7xx_hal_tim_ex.o
 .debug_abbrev  0x0000000000002000      0x2e6 ./Drivers/STM32F7xx_HAL_Driver/stm32f7xx_hal_uart.o

.debug_aranges  0x0000000000000000      0xd98
 .debug_aranges
                0x0000000000000000       0x20 ./Core/Src/gpio.o
 .debug_aranges
                0x0000000000000020       0x38 ./Core/Src/main.o
 .debug_aranges
                0x0000000000000058       0x20 ./Core/Src/stm32f7xx_hal_msp.o
 .debug_aranges
                0x0000000000000078       0x68 ./Core/Src/stm32f7xx_it.o
 .debug_aranges
                0x00000000000000e0       0x28 ./Core/Src/system_stm32f7xx.o
 .debug_aranges
                0x0000000000000108       0x38 ./Core/Src/tim.o
 .debug_aranges
                0x0000000000000140       0x38 ./Core/Src/usart.o
 .debug_aranges
                0x0000000000000178       0x28 ./Core/Startup/startup_stm32f767zitx.o
 .debug_aranges
                0x00000000000001a0      0x110 ./Drivers/STM32F7xx_HAL_Driver/stm32f7xx_hal.o
 .debug_aranges
                0x00000000000002b0      0x118 ./Drivers/STM32F7xx_HAL_Driver/stm32f7xx_hal_cortex.o
 .debug_aranges
                0x00000000000003c8       0x90 ./Drivers/STM32F7xx_HAL_Driver/stm32f7xx_hal_dma.o
 .debug_aranges
                0x0000000000000458       0x58 ./Drivers/STM32F7xx_HAL_Driver/stm32f7xx_hal_gpio.o
 .debug_aranges
                0x00000000000004b0       0x80 ./Drivers/STM32F7xx_HAL_Driver/stm32f7xx_hal_pwr_ex.o
 .debug_aranges
                0x0000000000000530       0x88 ./Drivers/STM32F7xx_HAL_Driver/stm32f7xx_hal_rcc.o
 .debug_aranges
                0x00000000000005b8       0x50 ./Drivers/STM32F7xx_HAL_Driver/stm32f7xx_hal_rcc_ex.o
 .debug_aranges
                0x0000000000000608      0x3e0 ./Drivers/STM32F7xx_HAL_Driver/stm32f7xx_hal_tim.o
 .debug_aranges
                0x00000000000009e8      0x180 ./Drivers/STM32F7xx_HAL_Driver/stm32f7xx_hal_tim_ex.o
 .debug_aranges
                0x0000000000000b68      0x230 ./Drivers/STM32F7xx_HAL_Driver/stm32f7xx_hal_uart.o

.debug_rnglists
                0x0000000000000000      0xa9d
 .debug_rnglists
                0x0000000000000000       0x13 ./Core/Src/gpio.o
 .debug_rnglists
                0x0000000000000013       0x28 ./Core/Src/main.o
 .debug_rnglists
                0x000000000000003b       0x13 ./Core/Src/stm32f7xx_hal_msp.o
 .debug_rnglists
                0x000000000000004e       0x49 ./Core/Src/stm32f7xx_it.o
 .debug_rnglists
                0x0000000000000097       0x1a ./Core/Src/system_stm32f7xx.o
 .debug_rnglists
                0x00000000000000b1       0x27 ./Core/Src/tim.o
 .debug_rnglists
                0x00000000000000d8       0x26 ./Core/Src/usart.o
 .debug_rnglists
                0x00000000000000fe       0x19 ./Core/Startup/startup_stm32f767zitx.o
 .debug_rnglists
                0x0000000000000117       0xc7 ./Drivers/STM32F7xx_HAL_Driver/stm32f7xx_hal.o
 .debug_rnglists
                0x00000000000001de       0xce ./Drivers/STM32F7xx_HAL_Driver/stm32f7xx_hal_cortex.o
 .debug_rnglists
                0x00000000000002ac       0x70 ./Drivers/STM32F7xx_HAL_Driver/stm32f7xx_hal_dma.o
 .debug_rnglists
                0x000000000000031c       0x3f ./Drivers/STM32F7xx_HAL_Driver/stm32f7xx_hal_gpio.o
 .debug_rnglists
                0x000000000000035b       0x5f ./Drivers/STM32F7xx_HAL_Driver/stm32f7xx_hal_pwr_ex.o
 .debug_rnglists
                0x00000000000003ba       0x67 ./Drivers/STM32F7xx_HAL_Driver/stm32f7xx_hal_rcc.o
 .debug_rnglists
                0x0000000000000421       0x3c ./Drivers/STM32F7xx_HAL_Driver/stm32f7xx_hal_rcc_ex.o
 .debug_rnglists
                0x000000000000045d      0x328 ./Drivers/STM32F7xx_HAL_Driver/stm32f7xx_hal_tim.o
 .debug_rnglists
                0x0000000000000785      0x138 ./Drivers/STM32F7xx_HAL_Driver/stm32f7xx_hal_tim_ex.o
 .debug_rnglists
                0x00000000000008bd      0x1e0 ./Drivers/STM32F7xx_HAL_Driver/stm32f7xx_hal_uart.o

.debug_macro    0x0000000000000000    0x275e8
 .debug_macro   0x0000000000000000      0x1f7 ./Core/Src/gpio.o
 .debug_macro   0x00000000000001f7      0xac0 ./Core/Src/gpio.o
 .debug_macro   0x0000000000000cb7      0x293 ./Core/Src/gpio.o
 .debug_macro   0x0000000000000f4a       0x2e ./Core/Src/gpio.o
 .debug_macro   0x0000000000000f78       0x3b ./Core/Src/gpio.o
 .debug_macro   0x0000000000000fb3       0x22 ./Core/Src/gpio.o
 .debug_macro   0x0000000000000fd5       0x8e ./Core/Src/gpio.o
 .debug_macro   0x0000000000001063       0x51 ./Core/Src/gpio.o
 .debug_macro   0x00000000000010b4      0x103 ./Core/Src/gpio.o
 .debug_macro   0x00000000000011b7       0x6a ./Core/Src/gpio.o
 .debug_macro   0x0000000000001221      0x1df ./Core/Src/gpio.o
 .debug_macro   0x0000000000001400       0x1c ./Core/Src/gpio.o
 .debug_macro   0x000000000000141c       0x22 ./Core/Src/gpio.o
 .debug_macro   0x000000000000143e       0xd9 ./Core/Src/gpio.o
 .debug_macro   0x0000000000001517     0x12cd ./Core/Src/gpio.o
 .debug_macro   0x00000000000027e4      0x11f ./Core/Src/gpio.o
 .debug_macro   0x0000000000002903       0x19 ./Core/Src/gpio.o
 .debug_macro   0x000000000000291c    0x1aa0d ./Core/Src/gpio.o
 .debug_macro   0x000000000001d329       0x6d ./Core/Src/gpio.o
 .debug_macro   0x000000000001d396     0x3749 ./Core/Src/gpio.o
 .debug_macro   0x0000000000020adf      0x174 ./Core/Src/gpio.o
 .debug_macro   0x0000000000020c53       0x63 ./Core/Src/gpio.o
 .debug_macro   0x0000000000020cb6     0x1add ./Core/Src/gpio.o
 .debug_macro   0x0000000000022793      0x6c4 ./Core/Src/gpio.o
 .debug_macro   0x0000000000022e57      0x18b ./Core/Src/gpio.o
 .debug_macro   0x0000000000022fe2      0x115 ./Core/Src/gpio.o
 .debug_macro   0x00000000000230f7      0x26e ./Core/Src/gpio.o
 .debug_macro   0x0000000000023365       0xa5 ./Core/Src/gpio.o
 .debug_macro   0x000000000002340a      0x24f ./Core/Src/gpio.o
 .debug_macro   0x0000000000023659       0x71 ./Core/Src/gpio.o
 .debug_macro   0x00000000000236ca       0x58 ./Core/Src/gpio.o
 .debug_macro   0x0000000000023722      0x236 ./Core/Src/gpio.o
 .debug_macro   0x0000000000023958      0x14e ./Core/Src/gpio.o
 .debug_macro   0x0000000000023aa6      0x3db ./Core/Src/gpio.o
 .debug_macro   0x0000000000023e81       0x12 ./Core/Src/gpio.o
 .debug_macro   0x0000000000023e93      0x22c ./Core/Src/gpio.o
 .debug_macro   0x00000000000240bf       0x61 ./Core/Src/gpio.o
 .debug_macro   0x0000000000024120       0xa5 ./Core/Src/gpio.o
 .debug_macro   0x00000000000241c5      0x12e ./Core/Src/gpio.o
 .debug_macro   0x00000000000242f3      0x108 ./Core/Src/gpio.o
 .debug_macro   0x00000000000243fb       0x35 ./Core/Src/gpio.o
 .debug_macro   0x0000000000024430      0xa8a ./Core/Src/gpio.o
 .debug_macro   0x0000000000024eba       0xa9 ./Core/Src/gpio.o
 .debug_macro   0x0000000000024f63      0x5ba ./Core/Src/gpio.o
 .debug_macro   0x000000000002551d       0x44 ./Core/Src/gpio.o
 .debug_macro   0x0000000000025561      0x15b ./Core/Src/gpio.o
 .debug_macro   0x00000000000256bc      0x20f ./Core/Src/main.o
 .debug_macro   0x00000000000258cb      0x1ed ./Core/Src/stm32f7xx_hal_msp.o
 .debug_macro   0x0000000000025ab8      0x1f7 ./Core/Src/stm32f7xx_it.o
 .debug_macro   0x0000000000025caf      0x1e3 ./Core/Src/system_stm32f7xx.o
 .debug_macro   0x0000000000025e92      0x1f7 ./Core/Src/tim.o
 .debug_macro   0x0000000000026089      0x1f7 ./Core/Src/usart.o
 .debug_macro   0x0000000000026280      0x207 ./Drivers/STM32F7xx_HAL_Driver/stm32f7xx_hal.o
 .debug_macro   0x0000000000026487      0x1e3 ./Drivers/STM32F7xx_HAL_Driver/stm32f7xx_hal_cortex.o
 .debug_macro   0x000000000002666a      0x1e9 ./Drivers/STM32F7xx_HAL_Driver/stm32f7xx_hal_dma.o
 .debug_macro   0x0000000000026853      0x1e9 ./Drivers/STM32F7xx_HAL_Driver/stm32f7xx_hal_gpio.o
 .debug_macro   0x0000000000026a3c      0x1fb ./Drivers/STM32F7xx_HAL_Driver/stm32f7xx_hal_pwr_ex.o
 .debug_macro   0x0000000000026c37      0x207 ./Drivers/STM32F7xx_HAL_Driver/stm32f7xx_hal_rcc.o
 .debug_macro   0x0000000000026e3e      0x1e3 ./Drivers/STM32F7xx_HAL_Driver/stm32f7xx_hal_rcc_ex.o
 .debug_macro   0x0000000000027021      0x1e4 ./Drivers/STM32F7xx_HAL_Driver/stm32f7xx_hal_tim.o
 .debug_macro   0x0000000000027205      0x1e3 ./Drivers/STM32F7xx_HAL_Driver/stm32f7xx_hal_tim_ex.o
 .debug_macro   0x00000000000273e8      0x200 ./Drivers/STM32F7xx_HAL_Driver/stm32f7xx_hal_uart.o

.debug_line     0x0000000000000000    0x13058
 .debug_line    0x0000000000000000      0x853 ./Core/Src/gpio.o
 .debug_line    0x0000000000000853      0x97b ./Core/Src/main.o
 .debug_line    0x00000000000011ce      0x856 ./Core/Src/stm32f7xx_hal_msp.o
 .debug_line    0x0000000000001a24      0x930 ./Core/Src/stm32f7xx_it.o
 .debug_line    0x0000000000002354      0x8d5 ./Core/Src/system_stm32f7xx.o
 .debug_line    0x0000000000002c29      0x934 ./Core/Src/tim.o
 .debug_line    0x000000000000355d      0x957 ./Core/Src/usart.o
 .debug_line    0x0000000000003eb4       0x7a ./Core/Startup/startup_stm32f767zitx.o
 .debug_line    0x0000000000003f2e      0xbcf ./Drivers/STM32F7xx_HAL_Driver/stm32f7xx_hal.o
 .debug_line    0x0000000000004afd      0xe25 ./Drivers/STM32F7xx_HAL_Driver/stm32f7xx_hal_cortex.o
 .debug_line    0x0000000000005922     0x10ee ./Drivers/STM32F7xx_HAL_Driver/stm32f7xx_hal_dma.o
 .debug_line    0x0000000000006a10      0xd13 ./Drivers/STM32F7xx_HAL_Driver/stm32f7xx_hal_gpio.o
 .debug_line    0x0000000000007723      0xb0b ./Drivers/STM32F7xx_HAL_Driver/stm32f7xx_hal_pwr_ex.o
 .debug_line    0x000000000000822e     0x100c ./Drivers/STM32F7xx_HAL_Driver/stm32f7xx_hal_rcc.o
 .debug_line    0x000000000000923a      0xfe5 ./Drivers/STM32F7xx_HAL_Driver/stm32f7xx_hal_rcc_ex.o
 .debug_line    0x000000000000a21f     0x3e24 ./Drivers/STM32F7xx_HAL_Driver/stm32f7xx_hal_tim.o
 .debug_line    0x000000000000e043     0x1d86 ./Drivers/STM32F7xx_HAL_Driver/stm32f7xx_hal_tim_ex.o
 .debug_line    0x000000000000fdc9     0x328f ./Drivers/STM32F7xx_HAL_Driver/stm32f7xx_hal_uart.o

.debug_str      0x0000000000000000    0xf7b6e
 .debug_str     0x0000000000000000    0xf345f ./Core/Src/gpio.o
                                      0xf3b0f (size before relaxing)
 .debug_str     0x00000000000f345f      0x9ad ./Core/Src/main.o
                                      0xf45a5 (size before relaxing)
 .debug_str     0x00000000000f3e0c       0x2c ./Core/Src/stm32f7xx_hal_msp.o
                                      0xf3b0f (size before relaxing)
 .debug_str     0x00000000000f3e38       0xef ./Core/Src/stm32f7xx_it.o
                                      0xf3f54 (size before relaxing)
 .debug_str     0x00000000000f3f27      0x1a4 ./Core/Src/system_stm32f7xx.o
                                      0xf3c88 (size before relaxing)
 .debug_str     0x00000000000f40cb      0x243 ./Core/Src/tim.o
                                      0xf4351 (size before relaxing)
 .debug_str     0x00000000000f430e      0x966 ./Core/Src/usart.o
                                      0xf4a39 (size before relaxing)
 .debug_str     0x00000000000f4c74       0x34 ./Core/Startup/startup_stm32f767zitx.o
                                         0x63 (size before relaxing)
 .debug_str     0x00000000000f4ca8      0x48a ./Drivers/STM32F7xx_HAL_Driver/stm32f7xx_hal.o
                                      0xf4701 (size before relaxing)
 .debug_str     0x00000000000f5132      0x35c ./Drivers/STM32F7xx_HAL_Driver/stm32f7xx_hal_cortex.o
                                      0xf46b1 (size before relaxing)
 .debug_str     0x00000000000f548e      0x367 ./Drivers/STM32F7xx_HAL_Driver/stm32f7xx_hal_dma.o
                                      0xf4000 (size before relaxing)
 .debug_str     0x00000000000f57f5      0x17a ./Drivers/STM32F7xx_HAL_Driver/stm32f7xx_hal_gpio.o
                                      0xf3d7f (size before relaxing)
 .debug_str     0x00000000000f596f      0x20a ./Drivers/STM32F7xx_HAL_Driver/stm32f7xx_hal_pwr_ex.o
                                      0xf3f30 (size before relaxing)
 .debug_str     0x00000000000f5b79      0x299 ./Drivers/STM32F7xx_HAL_Driver/stm32f7xx_hal_rcc.o
                                      0xf403c (size before relaxing)
 .debug_str     0x00000000000f5e12      0x180 ./Drivers/STM32F7xx_HAL_Driver/stm32f7xx_hal_rcc_ex.o
                                      0xf3f9f (size before relaxing)
 .debug_str     0x00000000000f5f92      0xdcd ./Drivers/STM32F7xx_HAL_Driver/stm32f7xx_hal_tim.o
                                      0xf4fd4 (size before relaxing)
 .debug_str     0x00000000000f6d5f      0x5b3 ./Drivers/STM32F7xx_HAL_Driver/stm32f7xx_hal_tim_ex.o
                                      0xf48ea (size before relaxing)
 .debug_str     0x00000000000f7312      0x85c ./Drivers/STM32F7xx_HAL_Driver/stm32f7xx_hal_uart.o
                                      0xf498a (size before relaxing)

.debug_frame    0x0000000000000000     0x3838
 .debug_frame   0x0000000000000000       0x38 ./Core/Src/gpio.o
 .debug_frame   0x0000000000000038       0x8c ./Core/Src/main.o
 .debug_frame   0x00000000000000c4       0x38 ./Core/Src/stm32f7xx_hal_msp.o
 .debug_frame   0x00000000000000fc      0x120 ./Core/Src/stm32f7xx_it.o
 .debug_frame   0x000000000000021c       0x58 ./Core/Src/system_stm32f7xx.o
 .debug_frame   0x0000000000000274       0xa8 ./Core/Src/tim.o
 .debug_frame   0x000000000000031c       0x94 ./Core/Src/usart.o
 .debug_frame   0x00000000000003b0      0x3f4 ./Drivers/STM32F7xx_HAL_Driver/stm32f7xx_hal.o
 .debug_frame   0x00000000000007a4      0x498 ./Drivers/STM32F7xx_HAL_Driver/stm32f7xx_hal_cortex.o
 .debug_frame   0x0000000000000c3c      0x250 ./Drivers/STM32F7xx_HAL_Driver/stm32f7xx_hal_dma.o
 .debug_frame   0x0000000000000e8c      0x14c ./Drivers/STM32F7xx_HAL_Driver/stm32f7xx_hal_gpio.o
 .debug_frame   0x0000000000000fd8      0x1c8 ./Drivers/STM32F7xx_HAL_Driver/stm32f7xx_hal_pwr_ex.o
 .debug_frame   0x00000000000011a0      0x1f8 ./Drivers/STM32F7xx_HAL_Driver/stm32f7xx_hal_rcc.o
 .debug_frame   0x0000000000001398      0x118 ./Drivers/STM32F7xx_HAL_Driver/stm32f7xx_hal_rcc_ex.o
 .debug_frame   0x00000000000014b0     0x121c ./Drivers/STM32F7xx_HAL_Driver/stm32f7xx_hal_tim.o
 .debug_frame   0x00000000000026cc      0x6b0 ./Drivers/STM32F7xx_HAL_Driver/stm32f7xx_hal_tim_ex.o
 .debug_frame   0x0000000000002d7c      0xa10 ./Drivers/STM32F7xx_HAL_Driver/stm32f7xx_hal_uart.o
 .debug_frame   0x000000000000378c       0x20 C:/ST/STM32CubeIDE_1.13.0/STM32CubeIDE/plugins/com.st.stm32cube.ide.mcu.externaltools.gnu-tools-for-stm32.11.3.rel1.win32_1.1.0.202305231506/tools/bin/../lib/gcc/arm-none-eabi/11.3.1/../../../../arm-none-eabi/lib/thumb/v7e-m+dp/hard\libc_nano.a(libc_a-memset.o)
 .debug_frame   0x00000000000037ac       0x2c C:/ST/STM32CubeIDE_1.13.0/STM32CubeIDE/plugins/com.st.stm32cube.ide.mcu.externaltools.gnu-tools-for-stm32.11.3.rel1.win32_1.1.0.202305231506/tools/bin/../lib/gcc/arm-none-eabi/11.3.1/../../../../arm-none-eabi/lib/thumb/v7e-m+dp/hard\libc_nano.a(libc_a-init.o)
 .debug_frame   0x00000000000037d8       0x2c C:/ST/STM32CubeIDE_1.13.0/STM32CubeIDE/plugins/com.st.stm32cube.ide.mcu.externaltools.gnu-tools-for-stm32.11.3.rel1.win32_1.1.0.202305231506/tools/bin/../lib/gcc/arm-none-eabi/11.3.1/thumb/v7e-m+dp/hard\libgcc.a(_aeabi_uldivmod.o)
 .debug_frame   0x0000000000003804       0x34 C:/ST/STM32CubeIDE_1.13.0/STM32CubeIDE/plugins/com.st.stm32cube.ide.mcu.externaltools.gnu-tools-for-stm32.11.3.rel1.win32_1.1.0.202305231506/tools/bin/../lib/gcc/arm-none-eabi/11.3.1/thumb/v7e-m+dp/hard\libgcc.a(_udivmoddi4.o)

.debug_line_str
                0x0000000000000000       0x57
 .debug_line_str
                0x0000000000000000       0x57 ./Core/Startup/startup_stm32f767zitx.o
                                         0x6f (size before relaxing)
