Archive member included to satisfy reference by file (symbol)

C:/ST/STM32CubeIDE_1.13.0/STM32CubeIDE/plugins/com.st.stm32cube.ide.mcu.externaltools.gnu-tools-for-stm32.11.3.rel1.win32_1.1.0.202305231506/tools/bin/../lib/gcc/arm-none-eabi/11.3.1/../../../../arm-none-eabi/lib/thumb/v7e-m+dp/hard\libc_nano.a(libc_a-exit.o)
                              C:/ST/STM32CubeIDE_1.13.0/STM32CubeIDE/plugins/com.st.stm32cube.ide.mcu.externaltools.gnu-tools-for-stm32.11.3.rel1.win32_1.1.0.202305231506/tools/bin/../lib/gcc/arm-none-eabi/11.3.1/../../../../arm-none-eabi/lib/thumb/v7e-m+dp/hard/crt0.o (exit)
C:/ST/STM32CubeIDE_1.13.0/STM32CubeIDE/plugins/com.st.stm32cube.ide.mcu.externaltools.gnu-tools-for-stm32.11.3.rel1.win32_1.1.0.202305231506/tools/bin/../lib/gcc/arm-none-eabi/11.3.1/../../../../arm-none-eabi/lib/thumb/v7e-m+dp/hard\libc_nano.a(libc_a-findfp.o)
                              C:/ST/STM32CubeIDE_1.13.0/STM32CubeIDE/plugins/com.st.stm32cube.ide.mcu.externaltools.gnu-tools-for-stm32.11.3.rel1.win32_1.1.0.202305231506/tools/bin/../lib/gcc/arm-none-eabi/11.3.1/../../../../arm-none-eabi/lib/thumb/v7e-m+dp/hard\libc_nano.a(libc_a-exit.o) (__stdio_exit_handler)
C:/ST/STM32CubeIDE_1.13.0/STM32CubeIDE/plugins/com.st.stm32cube.ide.mcu.externaltools.gnu-tools-for-stm32.11.3.rel1.win32_1.1.0.202305231506/tools/bin/../lib/gcc/arm-none-eabi/11.3.1/../../../../arm-none-eabi/lib/thumb/v7e-m+dp/hard\libc_nano.a(libc_a-fwalk.o)
                              C:/ST/STM32CubeIDE_1.13.0/STM32CubeIDE/plugins/com.st.stm32cube.ide.mcu.externaltools.gnu-tools-for-stm32.11.3.rel1.win32_1.1.0.202305231506/tools/bin/../lib/gcc/arm-none-eabi/11.3.1/../../../../arm-none-eabi/lib/thumb/v7e-m+dp/hard\libc_nano.a(libc_a-findfp.o) (_fwalk_sglue)
C:/ST/STM32CubeIDE_1.13.0/STM32CubeIDE/plugins/com.st.stm32cube.ide.mcu.externaltools.gnu-tools-for-stm32.11.3.rel1.win32_1.1.0.202305231506/tools/bin/../lib/gcc/arm-none-eabi/11.3.1/../../../../arm-none-eabi/lib/thumb/v7e-m+dp/hard\libc_nano.a(libc_a-snprintf.o)
                              ./Core/Src/main.o (snprintf)
C:/ST/STM32CubeIDE_1.13.0/STM32CubeIDE/plugins/com.st.stm32cube.ide.mcu.externaltools.gnu-tools-for-stm32.11.3.rel1.win32_1.1.0.202305231506/tools/bin/../lib/gcc/arm-none-eabi/11.3.1/../../../../arm-none-eabi/lib/thumb/v7e-m+dp/hard\libc_nano.a(libc_a-stdio.o)
                              C:/ST/STM32CubeIDE_1.13.0/STM32CubeIDE/plugins/com.st.stm32cube.ide.mcu.externaltools.gnu-tools-for-stm32.11.3.rel1.win32_1.1.0.202305231506/tools/bin/../lib/gcc/arm-none-eabi/11.3.1/../../../../arm-none-eabi/lib/thumb/v7e-m+dp/hard\libc_nano.a(libc_a-findfp.o) (__sread)
C:/ST/STM32CubeIDE_1.13.0/STM32CubeIDE/plugins/com.st.stm32cube.ide.mcu.externaltools.gnu-tools-for-stm32.11.3.rel1.win32_1.1.0.202305231506/tools/bin/../lib/gcc/arm-none-eabi/11.3.1/../../../../arm-none-eabi/lib/thumb/v7e-m+dp/hard\libc_nano.a(libc_a-memset.o)
                              C:/ST/STM32CubeIDE_1.13.0/STM32CubeIDE/plugins/com.st.stm32cube.ide.mcu.externaltools.gnu-tools-for-stm32.11.3.rel1.win32_1.1.0.202305231506/tools/bin/../lib/gcc/arm-none-eabi/11.3.1/../../../../arm-none-eabi/lib/thumb/v7e-m+dp/hard/crt0.o (memset)
C:/ST/STM32CubeIDE_1.13.0/STM32CubeIDE/plugins/com.st.stm32cube.ide.mcu.externaltools.gnu-tools-for-stm32.11.3.rel1.win32_1.1.0.202305231506/tools/bin/../lib/gcc/arm-none-eabi/11.3.1/../../../../arm-none-eabi/lib/thumb/v7e-m+dp/hard\libc_nano.a(libc_a-closer.o)
                              C:/ST/STM32CubeIDE_1.13.0/STM32CubeIDE/plugins/com.st.stm32cube.ide.mcu.externaltools.gnu-tools-for-stm32.11.3.rel1.win32_1.1.0.202305231506/tools/bin/../lib/gcc/arm-none-eabi/11.3.1/../../../../arm-none-eabi/lib/thumb/v7e-m+dp/hard\libc_nano.a(libc_a-stdio.o) (_close_r)
C:/ST/STM32CubeIDE_1.13.0/STM32CubeIDE/plugins/com.st.stm32cube.ide.mcu.externaltools.gnu-tools-for-stm32.11.3.rel1.win32_1.1.0.202305231506/tools/bin/../lib/gcc/arm-none-eabi/11.3.1/../../../../arm-none-eabi/lib/thumb/v7e-m+dp/hard\libc_nano.a(libc_a-reent.o)
                              C:/ST/STM32CubeIDE_1.13.0/STM32CubeIDE/plugins/com.st.stm32cube.ide.mcu.externaltools.gnu-tools-for-stm32.11.3.rel1.win32_1.1.0.202305231506/tools/bin/../lib/gcc/arm-none-eabi/11.3.1/../../../../arm-none-eabi/lib/thumb/v7e-m+dp/hard\libc_nano.a(libc_a-closer.o) (errno)
C:/ST/STM32CubeIDE_1.13.0/STM32CubeIDE/plugins/com.st.stm32cube.ide.mcu.externaltools.gnu-tools-for-stm32.11.3.rel1.win32_1.1.0.202305231506/tools/bin/../lib/gcc/arm-none-eabi/11.3.1/../../../../arm-none-eabi/lib/thumb/v7e-m+dp/hard\libc_nano.a(libc_a-impure.o)
                              C:/ST/STM32CubeIDE_1.13.0/STM32CubeIDE/plugins/com.st.stm32cube.ide.mcu.externaltools.gnu-tools-for-stm32.11.3.rel1.win32_1.1.0.202305231506/tools/bin/../lib/gcc/arm-none-eabi/11.3.1/../../../../arm-none-eabi/lib/thumb/v7e-m+dp/hard\libc_nano.a(libc_a-snprintf.o) (_impure_ptr)
[...]
Memory Configuration

Name             Origin             Length             Attributes
RAM              0x0000000020000000 0x0000000000080000 xrw
FLASH            0x0000000008000000 0x0000000000200000 xr
*default*        0x0000000000000000 0xffffffffffffffff

Linker script and memory map

LOAD C:/ST/STM32CubeIDE_1.13.0/STM32CubeIDE/plugins/com.st.stm32cube.ide.mcu.externaltools.gnu-tools-for-stm32.11.3.rel1.win32_1.1.0.202305231506/tools/bin/../lib/gcc/arm-none-eabi/11.3.1/thumb/v7e-m+dp/hard/crti.o
LOAD C:/ST/STM32CubeIDE_1.13.0/STM32CubeIDE/plugins/com.st.stm32cube.ide.mcu.externaltools.gnu-tools-for-stm32.11.3.rel1.win32_1.1.0.202305231506/tools/bin/../lib/gcc/arm-none-eabi/11.3.1/thumb/v7e-m+dp/hard/crtbegin.o
LOAD C:/ST/STM32CubeIDE_1.13.0/STM32CubeIDE/plugins/com.st.stm32cube.ide.mcu.externaltools.gnu-tools-for-stm32.11.3.rel1.win32_1.1.0.202305231506/tools/bin/../lib/gcc/arm-none-eabi/11.3.1/../../../../arm-none-eabi/lib/thumb/v7e-m+dp/hard/crt0.o
LOAD ./Core/Src/adc.o
LOAD ./Core/Src/dma.o
LOAD ./Core/Src/gpio.o
LOAD ./Core/Src/main.o
LOAD ./Core/Src/stm32f7xx_hal_msp.o
LOAD ./Core/Src/stm32f7xx_it.o
LOAD ./Core/Src/syscalls.o
LOAD ./Core/Src/sysmem.o
LOAD ./Core/Src/system_stm32f7xx.o
LOAD ./Core/Src/usart.o
LOAD ./Core/Startup/startup_stm32f767zitx.o
LOAD ./Drivers/STM32F7xx_HAL_Driver/stm32f7xx_hal.o
LOAD ./Drivers/STM32F7xx_HAL_Driver/stm32f7xx_hal_adc.o
LOAD ./Drivers/STM32F7xx_HAL_Driver/stm32f7xx_hal_adc_ex.o
LOAD ./Drivers/STM32F7xx_HAL_Driver/stm32f7xx_hal_cortex.o
LOAD ./Drivers/STM32F7xx_HAL_Driver/stm32f7xx_hal_dma.o
LOAD ./Drivers/STM32F7xx_HAL_Driver/stm32f7xx_hal_dma_ex.o
LOAD ./Drivers/STM32F7xx_HAL_Driver/stm32f7xx_hal_exti.o
LOAD ./Drivers/STM32F7xx_HAL_Driver/stm32f7xx_hal_flash.o
LOAD ./Drivers/STM32F7xx_HAL_Driver/stm32f7xx_hal_flash_ex.o
LOAD ./Drivers/STM32F7xx_HAL_Driver/stm32f7xx_hal_gpio.o
LOAD ./Drivers/STM32F7xx_HAL_Driver/stm32f7xx_hal_i2c.o
LOAD ./Drivers/STM32F7xx_HAL_Driver/stm32f7xx_hal_i2c_ex.o
LOAD ./Drivers/STM32F7xx_HAL_Driver/stm32f7xx_hal_pwr.o
LOAD ./Drivers/STM32F7xx_HAL_Driver/stm32f7xx_hal_pwr_ex.o
LOAD ./Drivers/STM32F7xx_HAL_Driver/stm32f7xx_hal_rcc.o
LOAD ./Drivers/STM32F7xx_HAL_Driver/stm32f7xx_hal_rcc_ex.o
LOAD ./Drivers/STM32F7xx_HAL_Driver/stm32f7xx_hal_uart.o
LOAD ./Drivers/STM32F7xx_HAL_Driver/stm32f7xx_hal_uart_ex.o
START GROUP
LOAD C:/ST/STM32CubeIDE_1.13.0/STM32CubeIDE/plugins/com.st.stm32cube.ide.mcu.externaltools.gnu-tools-for-stm32.11.3.rel1.win32_1.1.0.202305231506/tools/bin/../lib/gcc/arm-none-eabi/11.3.1/../../../../arm-none-eabi/lib/thumb/v7e-m+dp/hard\libc_nano.a
LOAD C:/ST/STM32CubeIDE_1.13.0/STM32CubeIDE/plugins/com.st.stm32cube.ide.mcu.externaltools.gnu-tools-for-stm32.11.3.rel1.win32_1.1.0.202305231506/tools/bin/../lib/gcc/arm-none-eabi/11.3.1/../../../../arm-none-eabi/lib/thumb/v7e-m+dp/hard\libm.a
END GROUP
START GROUP
LOAD C:/ST/STM32CubeIDE_1.13.0/STM32CubeIDE/plugins/com.st.stm32cube.ide.mcu.externaltools.gnu-tools-for-stm32.11.3.rel1.win32_1.1.0.202305231506/tools/bin/../lib/gcc/arm-none-eabi/11.3.1/thumb/v7e-m+dp/hard\libgcc.a
LOAD C:/ST/STM32CubeIDE_1.13.0/STM32CubeIDE/plugins/com.st.stm32cube.ide.mcu.externaltools.gnu-tools-for-stm32.11.3.rel1.win32_1.1.0.202305231506/tools/bin/../lib/gcc/arm-none-eabi/11.3.1/../../../../arm-none-eabi/lib/thumb/v7e-m+dp/hard\libc_nano.a
END GROUP
START GROUP
LOAD C:/ST/STM32CubeIDE_1.13.0/STM32CubeIDE/plugins/com.st.stm32cube.ide.mcu.externaltools.gnu-tools-for-stm32.11.3.rel1.win32_1.1.0.202305231506/tools/bin/../lib/gcc/arm-none-eabi/11.3.1/thumb/v7e-m+dp/hard\libgcc.a
LOAD C:/ST/STM32CubeIDE_1.13.0/STM32CubeIDE/plugins/com.st.stm32cube.ide.mcu.externaltools.gnu-tools-for-stm32.11.3.rel1.win32_1.1.0.202305231506/tools/bin/../lib/gcc/arm-none-eabi/11.3.1/../../../../arm-none-eabi/lib/thumb/v7e-m+dp/hard\libc_nano.a
LOAD C:/ST/STM32CubeIDE_1.13.0/STM32CubeIDE/plugins/com.st.stm32cube.ide.mcu.externaltools.gnu-tools-for-stm32.11.3.rel1.win32_1.1.0.202305231506/tools/bin/../lib/gcc/arm-none-eabi/11.3.1/../../../../arm-none-eabi/lib/thumb/v7e-m+dp/hard\libnosys.a
END GROUP
START GROUP
LOAD C:/ST/STM32CubeIDE_1.13.0/STM32CubeIDE/plugins/com.st.stm32cube.ide.mcu.externaltools.gnu-tools-for-stm32.11.3.rel1.win32_1.1.0.202305231506/tools/bin/../lib/gcc/arm-none-eabi/11.3.1/thumb/v7e-m+dp/hard\libgcc.a
LOAD C:/ST/STM32CubeIDE_1.13.0/STM32CubeIDE/plugins/com.st.stm32cube.ide.mcu.externaltools.gnu-tools-for-stm32.11.3.rel1.win32_1.1.0.202305231506/tools/bin/../lib/gcc/arm-none-eabi/11.3.1/../../../../arm-none-eabi/lib/thumb/v7e-m+dp/hard\libc_nano.a
LOAD C:/ST/STM32CubeIDE_1.13.0/STM32CubeIDE/plugins/com.st.stm32cube.ide.mcu.externaltools.gnu-tools-for-stm32.11.3.rel1.win32_1.1.0.202305231506/tools/bin/../lib/gcc/arm-none-eabi/11.3.1/../../../../arm-none-eabi/lib/thumb/v7e-m+dp/hard\libnosys.a
END GROUP
LOAD C:/ST/STM32CubeIDE_1.13.0/STM32CubeIDE/plugins/com.st.stm32cube.ide.mcu.externaltools.gnu-tools-for-stm32.11.3.rel1.win32_1.1.0.202305231506/tools/bin/../lib/gcc/arm-none-eabi/11.3.1/thumb/v7e-m+dp/hard/crtend.o
LOAD C:/ST/STM32CubeIDE_1.13.0/STM32CubeIDE/plugins/com.st.stm32cube.ide.mcu.externaltools.gnu-tools-for-stm32.11.3.rel1.win32_1.1.0.202305231506/tools/bin/../lib/gcc/arm-none-eabi/11.3.1/thumb/v7e-m+dp/hard/crtn.o
                0x0000000020080000                _estack = (ORIGIN (RAM) + LENGTH (RAM))
                0x0000000000000200                _Min_Heap_Size = 0x200
                0x0000000000000400                _Min_Stack_Size = 0x400

.isr_vector     0x0000000008000000      0x1f8
                0x0000000008000000                . = ALIGN (0x4)
 *(.isr_vector)
 .isr_vector    0x0000000008000000      0x1f8 ./Core/Startup/startup_stm32f767zitx.o
                0x0000000008000000                g_pfnVectors
                0x00000000080001f8                . = ALIGN (0x4)

.text           0x0000000008000200     0x48bc
                0x0000000008000200                . = ALIGN (0x4)
 *(.text)
 .text          0x0000000008000200       0x40 C:/ST/STM32CubeIDE_1.13.0/STM32CubeIDE/plugins/com.st.stm32cube.ide.mcu.externaltools.gnu-tools-for-stm32.11.3.rel1.win32_1.1.0.202305231506/tools/bin/../lib/gcc/arm-none-eabi/11.3.1/thumb/v7e-m+dp/hard/crtbegin.o
 .text          0x0000000008000240       0x10 C:/ST/STM32CubeIDE_1.13.0/STM32CubeIDE/plugins/com.st.stm32cube.ide.mcu.externaltools.gnu-tools-for-stm32.11.3.rel1.win32_1.1.0.202305231506/tools/bin/../lib/gcc/arm-none-eabi/11.3.1/../../../../arm-none-eabi/lib/thumb/v7e-m+dp/hard\libc_nano.a(libc_a-strlen.o)
                0x0000000008000240                strlen
 .text          0x0000000008000250       0xa0 C:/ST/STM32CubeIDE_1.13.0/STM32CubeIDE/plugins/com.st.stm32cube.ide.mcu.externaltools.gnu-tools-for-stm32.11.3.rel1.win32_1.1.0.202305231506/tools/bin/../lib/gcc/arm-none-eabi/11.3.1/../../../../arm-none-eabi/lib/thumb/v7e-m+dp/hard\libc_nano.a(libc_a-memchr.o)
                0x0000000008000250                memchr
 .text          0x00000000080002f0       0x30 C:/ST/STM32CubeIDE_1.13.0/STM32CubeIDE/plugins/com.st.stm32cube.ide.mcu.externaltools.gnu-tools-for-stm32.11.3.rel1.win32_1.1.0.202305231506/tools/bin/../lib/gcc/arm-none-eabi/11.3.1/thumb/v7e-m+dp/hard\libgcc.a(_aeabi_uldivmod.o)
                0x00000000080002f0                __aeabi_uldivmod
 .text          0x0000000008000320      0x2c8 C:/ST/STM32CubeIDE_1.13.0/STM32CubeIDE/plugins/com.st.stm32cube.ide.mcu.externaltools.gnu-tools-for-stm32.11.3.rel1.win32_1.1.0.202305231506/tools/bin/../lib/gcc/arm-none-eabi/11.3.1/thumb/v7e-m+dp/hard\libgcc.a(_udivmoddi4.o)
                0x0000000008000320                __udivmoddi4
 .text          0x00000000080005e8        0x4 C:/ST/STM32CubeIDE_1.13.0/STM32CubeIDE/plugins/com.st.stm32cube.ide.mcu.externaltools.gnu-tools-for-stm32.11.3.rel1.win32_1.1.0.202305231506/tools/bin/../lib/gcc/arm-none-eabi/11.3.1/thumb/v7e-m+dp/hard\libgcc.a(_dvmd_tls.o)
                0x00000000080005e8                __aeabi_idiv0
                0x00000000080005e8                __aeabi_ldiv0
 *(.text*)
 .text.MX_ADC1_Init
                0x00000000080005ec      0x168 ./Core/Src/adc.o
                0x00000000080005ec                MX_ADC1_Init
 .text.HAL_ADC_MspInit
                0x0000000008000754      0x150 ./Core/Src/adc.o
                0x0000000008000754                HAL_ADC_MspInit
 .text.MX_DMA_Init
                0x00000000080008a4       0x3c ./Core/Src/dma.o
                0x00000000080008a4                MX_DMA_Init
 .text.MX_GPIO_Init
                0x00000000080008e0       0xac ./Core/Src/gpio.o
                0x00000000080008e0                MX_GPIO_Init
 .text.main     0x000000000800098c       0xb0 ./Core/Src/main.o
                0x000000000800098c                main
 .text.SystemClock_Config
                0x0000000008000a3c       0xdc ./Core/Src/main.o
                0x0000000008000a3c                SystemClock_Config
 .text.HAL_ADC_ConvHalfCpltCallback
                0x0000000008000b18       0x24 ./Core/Src/main.o
                0x0000000008000b18                HAL_ADC_ConvHalfCpltCallback
 .text.HAL_ADC_ConvCpltCallback
                0x0000000008000b3c       0x24 ./Core/Src/main.o
                0x0000000008000b3c                HAL_ADC_ConvCpltCallback
 .text.MPU_Config
                0x0000000008000b60       0x58 ./Core/Src/main.o
 .text.Error_Handler
                0x0000000008000bb8        0xa ./Core/Src/main.o
                0x0000000008000bb8                Error_Handler
 *fill*         0x0000000008000bc2        0x2 
 .text.HAL_MspInit
                0x0000000008000bc4       0x48 ./Core/Src/stm32f7xx_hal_msp.o
                0x0000000008000bc4                HAL_MspInit
 .text.NMI_Handler
                0x0000000008000c0c        0x6 ./Core/Src/stm32f7xx_it.o
                0x0000000008000c0c                NMI_Handler
 .text.HardFault_Handler
                0x0000000008000c12        0x6 ./Core/Src/stm32f7xx_it.o
                0x0000000008000c12                HardFault_Handler
 .text.MemManage_Handler
                0x0000000008000c18        0x6 ./Core/Src/stm32f7xx_it.o
                0x0000000008000c18                MemManage_Handler
 .text.BusFault_Handler
                0x0000000008000c1e        0x6 ./Core/Src/stm32f7xx_it.o
                0x0000000008000c1e                BusFault_Handler
 .text.UsageFault_Handler
                0x0000000008000c24        0x6 ./Core/Src/stm32f7xx_it.o
                0x0000000008000c24                UsageFault_Handler
 .text.SVC_Handler
                0x0000000008000c2a        0xe ./Core/Src/stm32f7xx_it.o
                0x0000000008000c2a                SVC_Handler
 .text.DebugMon_Handler
                0x0000000008000c38        0xe ./Core/Src/stm32f7xx_it.o
                0x0000000008000c38                DebugMon_Handler
 .text.PendSV_Handler
                0x0000000008000c46        0xe ./Core/Src/stm32f7xx_it.o
                0x0000000008000c46                PendSV_Handler
 .text.SysTick_Handler
                0x0000000008000c54        0xc ./Core/Src/stm32f7xx_it.o
                0x0000000008000c54                SysTick_Handler
 .text.DMA2_Stream0_IRQHandler
                0x0000000008000c60       0x14 ./Core/Src/stm32f7xx_it.o
                0x0000000008000c60                DMA2_Stream0_IRQHandler
 .text._sbrk    0x0000000008000c74       0x6c ./Core/Src/sysmem.o
                0x0000000008000c74                _sbrk
 .text.SystemInit
                0x0000000008000ce0       0x24 ./Core/Src/system_stm32f7xx.o
                0x0000000008000ce0                SystemInit
 .text.MX_USART3_UART_Init
                0x0000000008000d04       0x60 ./Core/Src/usart.o
                0x0000000008000d04                MX_USART3_UART_Init
 .text.HAL_UART_MspInit
                0x0000000008000d64       0xc0 ./Core/Src/usart.o
                0x0000000008000d64                HAL_UART_MspInit
 .text.Reset_Handler
                0x0000000008000e24       0x50 ./Core/Startup/startup_stm32f767zitx.o
                0x0000000008000e24                Reset_Handler
 .text.Default_Handler
                0x0000000008000e74        0x2 ./Core/Startup/startup_stm32f767zitx.o
                0x0000000008000e74                RTC_Alarm_IRQHandler
                0x0000000008000e74                EXTI2_IRQHandler
                0x0000000008000e74                TIM8_CC_IRQHandler
                0x0000000008000e74                UART8_IRQHandler
                0x0000000008000e74                SPI4_IRQHandler
                0x0000000008000e74                TIM1_CC_IRQHandler
                0x0000000008000e74                DMA2_Stream5_IRQHandler
                0x0000000008000e74                JPEG_IRQHandler
                0x0000000008000e74                DMA1_Stream5_IRQHandler
                0x0000000008000e74                CAN3_RX1_IRQHandler
                0x0000000008000e74                PVD_IRQHandler
                0x0000000008000e74                TAMP_STAMP_IRQHandler
                0x0000000008000e74                CAN2_RX1_IRQHandler
                0x0000000008000e74                EXTI3_IRQHandler
                0x0000000008000e74                TIM8_TRG_COM_TIM14_IRQHandler
                0x0000000008000e74                DFSDM1_FLT1_IRQHandler
                0x0000000008000e74                TIM1_UP_TIM10_IRQHandler
                0x0000000008000e74                TIM8_UP_TIM13_IRQHandler
                0x0000000008000e74                I2C3_ER_IRQHandler
                0x0000000008000e74                DFSDM1_FLT2_IRQHandler
                0x0000000008000e74                EXTI0_IRQHandler
                0x0000000008000e74                I2C2_EV_IRQHandler
                0x0000000008000e74                DMA1_Stream2_IRQHandler
                0x0000000008000e74                CAN1_RX0_IRQHandler
                0x0000000008000e74                FPU_IRQHandler
                0x0000000008000e74                OTG_HS_WKUP_IRQHandler
                0x0000000008000e74                CAN3_SCE_IRQHandler
                0x0000000008000e74                LTDC_ER_IRQHandler
                0x0000000008000e74                CAN2_SCE_IRQHandler
                0x0000000008000e74                DMA2_Stream2_IRQHandler
                0x0000000008000e74                SPI1_IRQHandler
                0x0000000008000e74                TIM6_DAC_IRQHandler
                0x0000000008000e74                TIM1_BRK_TIM9_IRQHandler
                0x0000000008000e74                DCMI_IRQHandler
                0x0000000008000e74                CAN2_RX0_IRQHandler
                0x0000000008000e74                DMA2_Stream3_IRQHandler
                0x0000000008000e74                SAI2_IRQHandler
                0x0000000008000e74                DFSDM1_FLT3_IRQHandler
                0x0000000008000e74                USART6_IRQHandler
                0x0000000008000e74                CAN3_RX0_IRQHandler
                0x0000000008000e74                USART3_IRQHandler
                0x0000000008000e74                CAN1_RX1_IRQHandler
                0x0000000008000e74                UART5_IRQHandler
                0x0000000008000e74                TIM4_IRQHandler
                0x0000000008000e74                QUADSPI_IRQHandler
                0x0000000008000e74                I2C1_EV_IRQHandler
                0x0000000008000e74                DMA1_Stream6_IRQHandler
                0x0000000008000e74                DMA1_Stream1_IRQHandler
                0x0000000008000e74                UART4_IRQHandler
                0x0000000008000e74                TIM3_IRQHandler
                0x0000000008000e74                RCC_IRQHandler
                0x0000000008000e74                TIM8_BRK_TIM12_IRQHandler
                0x0000000008000e74                Default_Handler
                0x0000000008000e74                CEC_IRQHandler
                0x0000000008000e74                EXTI15_10_IRQHandler
                0x0000000008000e74                ADC_IRQHandler
                0x0000000008000e74                DMA1_Stream7_IRQHandler
                0x0000000008000e74                SPI5_IRQHandler
                0x0000000008000e74                TIM7_IRQHandler
                0x0000000008000e74                SDMMC1_IRQHandler
                0x0000000008000e74                CAN2_TX_IRQHandler
                0x0000000008000e74                TIM5_IRQHandler
                0x0000000008000e74                DMA2_Stream7_IRQHandler
                0x0000000008000e74                I2C3_EV_IRQHandler
                0x0000000008000e74                EXTI9_5_IRQHandler
                0x0000000008000e74                RTC_WKUP_IRQHandler
                0x0000000008000e74                LTDC_IRQHandler
                0x0000000008000e74                ETH_WKUP_IRQHandler
                0x0000000008000e74                SPDIF_RX_IRQHandler
                0x0000000008000e74                SPI2_IRQHandler
                0x0000000008000e74                OTG_HS_EP1_IN_IRQHandler
                0x0000000008000e74                DMA1_Stream0_IRQHandler
                0x0000000008000e74                CAN1_TX_IRQHandler
                0x0000000008000e74                EXTI4_IRQHandler
                0x0000000008000e74                RNG_IRQHandler
                0x0000000008000e74                ETH_IRQHandler
                0x0000000008000e74                OTG_HS_EP1_OUT_IRQHandler
                0x0000000008000e74                WWDG_IRQHandler
                0x0000000008000e74                SPI6_IRQHandler
                0x0000000008000e74                MDIOS_IRQHandler
                0x0000000008000e74                I2C4_EV_IRQHandler
                0x0000000008000e74                CAN3_TX_IRQHandler
                0x0000000008000e74                TIM2_IRQHandler
                0x0000000008000e74                OTG_FS_WKUP_IRQHandler
                0x0000000008000e74                TIM1_TRG_COM_TIM11_IRQHandler
                0x0000000008000e74                OTG_HS_IRQHandler
                0x0000000008000e74                DMA2D_IRQHandler
                0x0000000008000e74                EXTI1_IRQHandler
                0x0000000008000e74                SDMMC2_IRQHandler
                0x0000000008000e74                UART7_IRQHandler
                0x0000000008000e74                USART2_IRQHandler
                0x0000000008000e74                DFSDM1_FLT0_IRQHandler
                0x0000000008000e74                I2C2_ER_IRQHandler
                0x0000000008000e74                DMA2_Stream1_IRQHandler
                0x0000000008000e74                CAN1_SCE_IRQHandler
                0x0000000008000e74                FLASH_IRQHandler
                0x0000000008000e74                DMA2_Stream4_IRQHandler
                0x0000000008000e74                USART1_IRQHandler
                0x0000000008000e74                OTG_FS_IRQHandler
                0x0000000008000e74                SPI3_IRQHandler
                0x0000000008000e74                DMA1_Stream4_IRQHandler
                0x0000000008000e74                I2C1_ER_IRQHandler
                0x0000000008000e74                FMC_IRQHandler
                0x0000000008000e74                LPTIM1_IRQHandler
                0x0000000008000e74                I2C4_ER_IRQHandler
                0x0000000008000e74                DMA2_Stream6_IRQHandler
                0x0000000008000e74                SAI1_IRQHandler
                0x0000000008000e74                DMA1_Stream3_IRQHandler
 .text.HAL_Init
                0x0000000008000e76       0x1a ./Drivers/STM32F7xx_HAL_Driver/stm32f7xx_hal.o
                0x0000000008000e76                HAL_Init
 .text.HAL_InitTick
                0x0000000008000e90       0x60 ./Drivers/STM32F7xx_HAL_Driver/stm32f7xx_hal.o
                0x0000000008000e90                HAL_InitTick
 .text.HAL_IncTick
                0x0000000008000ef0       0x28 ./Drivers/STM32F7xx_HAL_Driver/stm32f7xx_hal.o
                0x0000000008000ef0                HAL_IncTick
 .text.HAL_GetTick
                0x0000000008000f18       0x18 ./Drivers/STM32F7xx_HAL_Driver/stm32f7xx_hal.o
                0x0000000008000f18                HAL_GetTick
 .text.HAL_Delay
                0x0000000008000f30       0x48 ./Drivers/STM32F7xx_HAL_Driver/stm32f7xx_hal.o
                0x0000000008000f30                HAL_Delay
 .text.HAL_ADC_Init
                0x0000000008000f78       0x88 ./Drivers/STM32F7xx_HAL_Driver/stm32f7xx_hal_adc.o
                0x0000000008000f78                HAL_ADC_Init
 .text.HAL_ADC_Start_DMA
                0x0000000008001000      0x1f4 ./Drivers/STM32F7xx_HAL_Driver/stm32f7xx_hal_adc.o
                0x0000000008001000                HAL_ADC_Start_DMA
 .text.HAL_ADC_ErrorCallback
                0x00000000080011f4       0x14 ./Drivers/STM32F7xx_HAL_Driver/stm32f7xx_hal_adc.o
                0x00000000080011f4                HAL_ADC_ErrorCallback
 .text.HAL_ADC_ConfigChannel
                0x0000000008001208      0x2ac ./Drivers/STM32F7xx_HAL_Driver/stm32f7xx_hal_adc.o
                0x0000000008001208                HAL_ADC_ConfigChannel
 .text.ADC_Init
                0x00000000080014b4      0x1f4 ./Drivers/STM32F7xx_HAL_Driver/stm32f7xx_hal_adc.o
 .text.ADC_DMAConvCplt
                0x00000000080016a8       0xba ./Drivers/STM32F7xx_HAL_Driver/stm32f7xx_hal_adc.o
 .text.ADC_DMAHalfConvCplt
                0x0000000008001762       0x1c ./Drivers/STM32F7xx_HAL_Driver/stm32f7xx_hal_adc.o
 .text.ADC_DMAError
                0x000000000800177e       0x2e ./Drivers/STM32F7xx_HAL_Driver/stm32f7xx_hal_adc.o
 .text.__NVIC_SetPriorityGrouping
                0x00000000080017ac       0x48 ./Drivers/STM32F7xx_HAL_Driver/stm32f7xx_hal_cortex.o
 .text.__NVIC_GetPriorityGrouping
                0x00000000080017f4       0x1c ./Drivers/STM32F7xx_HAL_Driver/stm32f7xx_hal_cortex.o
 .text.__NVIC_EnableIRQ
                0x0000000008001810       0x3c ./Drivers/STM32F7xx_HAL_Driver/stm32f7xx_hal_cortex.o
 .text.__NVIC_SetPriority
                0x000000000800184c       0x54 ./Drivers/STM32F7xx_HAL_Driver/stm32f7xx_hal_cortex.o
 .text.NVIC_EncodePriority
                0x00000000080018a0       0x66 ./Drivers/STM32F7xx_HAL_Driver/stm32f7xx_hal_cortex.o
 *fill*         0x0000000008001906        0x2 
 .text.SysTick_Config
                0x0000000008001908       0x44 ./Drivers/STM32F7xx_HAL_Driver/stm32f7xx_hal_cortex.o
 .text.HAL_NVIC_SetPriorityGrouping
                0x000000000800194c       0x16 ./Drivers/STM32F7xx_HAL_Driver/stm32f7xx_hal_cortex.o
                0x000000000800194c                HAL_NVIC_SetPriorityGrouping
 .text.HAL_NVIC_SetPriority
                0x0000000008001962       0x38 ./Drivers/STM32F7xx_HAL_Driver/stm32f7xx_hal_cortex.o
                0x0000000008001962                HAL_NVIC_SetPriority
 .text.HAL_NVIC_EnableIRQ
                0x000000000800199a       0x1c ./Drivers/STM32F7xx_HAL_Driver/stm32f7xx_hal_cortex.o
                0x000000000800199a                HAL_NVIC_EnableIRQ
 .text.HAL_SYSTICK_Config
                0x00000000080019b6       0x18 ./Drivers/STM32F7xx_HAL_Driver/stm32f7xx_hal_cortex.o
                0x00000000080019b6                HAL_SYSTICK_Config
 *fill*         0x00000000080019ce        0x2 
 .text.HAL_MPU_Disable
                0x00000000080019d0       0x30 ./Drivers/STM32F7xx_HAL_Driver/stm32f7xx_hal_cortex.o
                0x00000000080019d0                HAL_MPU_Disable
 .text.HAL_MPU_Enable
                0x0000000008001a00       0x40 ./Drivers/STM32F7xx_HAL_Driver/stm32f7xx_hal_cortex.o
                0x0000000008001a00                HAL_MPU_Enable
 .text.HAL_MPU_ConfigRegion
                0x0000000008001a40       0x88 ./Drivers/STM32F7xx_HAL_Driver/stm32f7xx_hal_cortex.o
                0x0000000008001a40                HAL_MPU_ConfigRegion
 .text.HAL_DMA_Init
                0x0000000008001ac8      0x15c ./Drivers/STM32F7xx_HAL_Driver/stm32f7xx_hal_dma.o
                0x0000000008001ac8                HAL_DMA_Init
 .text.HAL_DMA_Start_IT
                0x0000000008001c24       0xc0 ./Drivers/STM32F7xx_HAL_Driver/stm32f7xx_hal_dma.o
                0x0000000008001c24                HAL_DMA_Start_IT
 .text.HAL_DMA_IRQHandler
                0x0000000008001ce4      0x314 ./Drivers/STM32F7xx_HAL_Driver/stm32f7xx_hal_dma.o
                0x0000000008001ce4                HAL_DMA_IRQHandler
 .text.DMA_SetConfig
                0x0000000008001ff8       0x5c ./Drivers/STM32F7xx_HAL_Driver/stm32f7xx_hal_dma.o
 .text.DMA_CalcBaseAndBitshift
                0x0000000008002054       0x6c ./Drivers/STM32F7xx_HAL_Driver/stm32f7xx_hal_dma.o
 .text.DMA_CheckFifoParam
                0x00000000080020c0       0xf8 ./Drivers/STM32F7xx_HAL_Driver/stm32f7xx_hal_dma.o
 .text.HAL_GPIO_Init
                0x00000000080021b8      0x358 ./Drivers/STM32F7xx_HAL_Driver/stm32f7xx_hal_gpio.o
                0x00000000080021b8                HAL_GPIO_Init
 .text.HAL_GPIO_WritePin
                0x0000000008002510       0x32 ./Drivers/STM32F7xx_HAL_Driver/stm32f7xx_hal_gpio.o
                0x0000000008002510                HAL_GPIO_WritePin
 *fill*         0x0000000008002542        0x2 
 .text.HAL_PWREx_EnableOverDrive
                0x0000000008002544       0xa0 ./Drivers/STM32F7xx_HAL_Driver/stm32f7xx_hal_pwr_ex.o
                0x0000000008002544                HAL_PWREx_EnableOverDrive
 .text.HAL_RCC_OscConfig
                0x00000000080025e4      0x55c ./Drivers/STM32F7xx_HAL_Driver/stm32f7xx_hal_rcc.o
                0x00000000080025e4                HAL_RCC_OscConfig
 .text.HAL_RCC_ClockConfig
                0x0000000008002b40      0x1d8 ./Drivers/STM32F7xx_HAL_Driver/stm32f7xx_hal_rcc.o
                0x0000000008002b40                HAL_RCC_ClockConfig
 .text.HAL_RCC_GetSysClockFreq
                0x0000000008002d18      0x18c ./Drivers/STM32F7xx_HAL_Driver/stm32f7xx_hal_rcc.o
                0x0000000008002d18                HAL_RCC_GetSysClockFreq
 .text.HAL_RCC_GetHCLKFreq
                0x0000000008002ea4       0x18 ./Drivers/STM32F7xx_HAL_Driver/stm32f7xx_hal_rcc.o
                0x0000000008002ea4                HAL_RCC_GetHCLKFreq
 .text.HAL_RCC_GetPCLK1Freq
                0x0000000008002ebc       0x28 ./Drivers/STM32F7xx_HAL_Driver/stm32f7xx_hal_rcc.o
                0x0000000008002ebc                HAL_RCC_GetPCLK1Freq
 .text.HAL_RCC_GetPCLK2Freq
                0x0000000008002ee4       0x28 ./Drivers/STM32F7xx_HAL_Driver/stm32f7xx_hal_rcc.o
                0x0000000008002ee4                HAL_RCC_GetPCLK2Freq
 .text.HAL_RCCEx_PeriphCLKConfig
                0x0000000008002f0c      0x850 ./Drivers/STM32F7xx_HAL_Driver/stm32f7xx_hal_rcc_ex.o
                0x0000000008002f0c                HAL_RCCEx_PeriphCLKConfig
 .text.HAL_UART_Init
                0x000000000800375c       0x9c ./Drivers/STM32F7xx_HAL_Driver/stm32f7xx_hal_uart.o
                0x000000000800375c                HAL_UART_Init
 .text.HAL_UART_Transmit
                0x00000000080037f8      0x106 ./Drivers/STM32F7xx_HAL_Driver/stm32f7xx_hal_uart.o
                0x00000000080037f8                HAL_UART_Transmit
 *fill*         0x00000000080038fe        0x2 
 .text.UART_SetConfig
                0x0000000008003900      0x4c8 ./Drivers/STM32F7xx_HAL_Driver/stm32f7xx_hal_uart.o
                0x0000000008003900                UART_SetConfig
 .text.UART_AdvFeatureConfig
                0x0000000008003dc8      0x144 ./Drivers/STM32F7xx_HAL_Driver/stm32f7xx_hal_uart.o
                0x0000000008003dc8                UART_AdvFeatureConfig
 .text.UART_CheckIdleState
                0x0000000008003f0c       0x9a ./Drivers/STM32F7xx_HAL_Driver/stm32f7xx_hal_uart.o
                0x0000000008003f0c                UART_CheckIdleState
 .text.UART_WaitOnFlagUntilTimeout
                0x0000000008003fa6      0x18c ./Drivers/STM32F7xx_HAL_Driver/stm32f7xx_hal_uart.o
                0x0000000008003fa6                UART_WaitOnFlagUntilTimeout
 *fill*         0x0000000008004132        0x2 
 .text.snprintf
                0x0000000008004134       0x68 C:/ST/STM32CubeIDE_1.13.0/STM32CubeIDE/plugins/com.st.stm32cube.ide.mcu.externaltools.gnu-tools-for-stm32.11.3.rel1.win32_1.1.0.202305231506/tools/bin/../lib/gcc/arm-none-eabi/11.3.1/../../../../arm-none-eabi/lib/thumb/v7e-m+dp/hard\libc_nano.a(libc_a-snprintf.o)
                0x0000000008004134                sniprintf
                0x0000000008004134                snprintf
 .text.memset   0x000000000800419c       0x10 C:/ST/STM32CubeIDE_1.13.0/STM32CubeIDE/plugins/com.st.stm32cube.ide.mcu.externaltools.gnu-tools-for-stm32.11.3.rel1.win32_1.1.0.202305231506/tools/bin/../lib/gcc/arm-none-eabi/11.3.1/../../../../arm-none-eabi/lib/thumb/v7e-m+dp/hard\libc_nano.a(libc_a-memset.o)
                0x000000000800419c                memset
 .text.__errno  0x00000000080041ac        0xc C:/ST/STM32CubeIDE_1.13.0/STM32CubeIDE/plugins/com.st.stm32cube.ide.mcu.externaltools.gnu-tools-for-stm32.11.3.rel1.win32_1.1.0.202305231506/tools/bin/../lib/gcc/arm-none-eabi/11.3.1/../../../../arm-none-eabi/lib/thumb/v7e-m+dp/hard\libc_nano.a(libc_a-errno.o)
                0x00000000080041ac                __errno
 .text.__libc_init_array
                0x00000000080041b8       0x48 C:/ST/STM32CubeIDE_1.13.0/STM32CubeIDE/plugins/com.st.stm32cube.ide.mcu.externaltools.gnu-tools-for-stm32.11.3.rel1.win32_1.1.0.202305231506/tools/bin/../lib/gcc/arm-none-eabi/11.3.1/../../../../arm-none-eabi/lib/thumb/v7e-m+dp/hard\libc_nano.a(libc_a-init.o)
                0x00000000080041b8                __libc_init_array
 .text.__retarget_lock_acquire_recursive
                0x0000000008004200        0x2 C:/ST/STM32CubeIDE_1.13.0/STM32CubeIDE/plugins/com.st.stm32cube.ide.mcu.externaltools.gnu-tools-for-stm32.11.3.rel1.win32_1.1.0.202305231506/tools/bin/../lib/gcc/arm-none-eabi/11.3.1/../../../../arm-none-eabi/lib/thumb/v7e-m+dp/hard\libc_nano.a(libc_a-lock.o)
                0x0000000008004200                __retarget_lock_acquire_recursive
 .text.__retarget_lock_release_recursive
                0x0000000008004202        0x2 C:/ST/STM32CubeIDE_1.13.0/STM32CubeIDE/plugins/com.st.stm32cube.ide.mcu.externaltools.gnu-tools-for-stm32.11.3.rel1.win32_1.1.0.202305231506/tools/bin/../lib/gcc/arm-none-eabi/11.3.1/../../../../arm-none-eabi/lib/thumb/v7e-m+dp/hard\libc_nano.a(libc_a-lock.o)
                0x0000000008004202                __retarget_lock_release_recursive
 .text._free_r  0x0000000008004204       0x98 C:/ST/STM32CubeIDE_1.13.0/STM32CubeIDE/plugins/com.st.stm32cube.ide.mcu.externaltools.gnu-tools-for-stm32.11.3.rel1.win32_1.1.0.202305231506/tools/bin/../lib/gcc/arm-none-eabi/11.3.1/../../../../arm-none-eabi/lib/thumb/v7e-m+dp/hard\libc_nano.a(libc_a-freer.o)
                0x0000000008004204                _free_r
 .text.sbrk_aligned
                0x000000000800429c       0x40 C:/ST/STM32CubeIDE_1.13.0/STM32CubeIDE/plugins/com.st.stm32cube.ide.mcu.externaltools.gnu-tools-for-stm32.11.3.rel1.win32_1.1.0.202305231506/tools/bin/../lib/gcc/arm-none-eabi/11.3.1/../../../../arm-none-eabi/lib/thumb/v7e-m+dp/hard\libc_nano.a(libc_a-mallocr.o)
 .text._malloc_r
                0x00000000080042dc      0x100 C:/ST/STM32CubeIDE_1.13.0/STM32CubeIDE/plugins/com.st.stm32cube.ide.mcu.externaltools.gnu-tools-for-stm32.11.3.rel1.win32_1.1.0.202305231506/tools/bin/../lib/gcc/arm-none-eabi/11.3.1/../../../../arm-none-eabi/lib/thumb/v7e-m+dp/hard\libc_nano.a(libc_a-mallocr.o)
                0x00000000080042dc                _malloc_r
 .text.__malloc_lock
                0x00000000080043dc        0xc C:/ST/STM32CubeIDE_1.13.0/STM32CubeIDE/plugins/com.st.stm32cube.ide.mcu.externaltools.gnu-tools-for-stm32.11.3.rel1.win32_1.1.0.202305231506/tools/bin/../lib/gcc/arm-none-eabi/11.3.1/../../../../arm-none-eabi/lib/thumb/v7e-m+dp/hard\libc_nano.a(libc_a-mlock.o)
                0x00000000080043dc                __malloc_lock
 .text.__malloc_unlock
                0x00000000080043e8        0xc C:/ST/STM32CubeIDE_1.13.0/STM32CubeIDE/plugins/com.st.stm32cube.ide.mcu.externaltools.gnu-tools-for-stm32.11.3.rel1.win32_1.1.0.202305231506/tools/bin/../lib/gcc/arm-none-eabi/11.3.1/../../../../arm-none-eabi/lib/thumb/v7e-m+dp/hard\libc_nano.a(libc_a-mlock.o)
                0x00000000080043e8                __malloc_unlock
 .text.__ssputs_r
                0x00000000080043f4       0xb4 C:/ST/STM32CubeIDE_1.13.0/STM32CubeIDE/plugins/com.st.stm32cube.ide.mcu.externaltools.gnu-tools-for-stm32.11.3.rel1.win32_1.1.0.202305231506/tools/bin/../lib/gcc/arm-none-eabi/11.3.1/../../../../arm-none-eabi/lib/thumb/v7e-m+dp/hard\libc_nano.a(libc_a-nano-svfprintf.o)
                0x00000000080043f4                __ssputs_r
 .text._svfprintf_r
                0x00000000080044a8      0x1fc C:/ST/STM32CubeIDE_1.13.0/STM32CubeIDE/plugins/com.st.stm32cube.ide.mcu.externaltools.gnu-tools-for-stm32.11.3.rel1.win32_1.1.0.202305231506/tools/bin/../lib/gcc/arm-none-eabi/11.3.1/../../../../arm-none-eabi/lib/thumb/v7e-m+dp/hard\libc_nano.a(libc_a-nano-svfprintf.o)
                0x00000000080044a8                _svfiprintf_r
                0x00000000080044a8                _svfprintf_r
 .text._printf_common
                0x00000000080046a4       0xda C:/ST/STM32CubeIDE_1.13.0/STM32CubeIDE/plugins/com.st.stm32cube.ide.mcu.externaltools.gnu-tools-for-stm32.11.3.rel1.win32_1.1.0.202305231506/tools/bin/../lib/gcc/arm-none-eabi/11.3.1/../../../../arm-none-eabi/lib/thumb/v7e-m+dp/hard\libc_nano.a(libc_a-nano-vfprintf_i.o)
                0x00000000080046a4                _printf_common
 *fill*         0x000000000800477e        0x2 
 .text._printf_i
                0x0000000008004780      0x244 C:/ST/STM32CubeIDE_1.13.0/STM32CubeIDE/plugins/com.st.stm32cube.ide.mcu.externaltools.gnu-tools-for-stm32.11.3.rel1.win32_1.1.0.202305231506/tools/bin/../lib/gcc/arm-none-eabi/11.3.1/../../../../arm-none-eabi/lib/thumb/v7e-m+dp/hard\libc_nano.a(libc_a-nano-vfprintf_i.o)
                0x0000000008004780                _printf_i
 .text.memmove  0x00000000080049c4       0x34 C:/ST/STM32CubeIDE_1.13.0/STM32CubeIDE/plugins/com.st.stm32cube.ide.mcu.externaltools.gnu-tools-for-stm32.11.3.rel1.win32_1.1.0.202305231506/tools/bin/../lib/gcc/arm-none-eabi/11.3.1/../../../../arm-none-eabi/lib/thumb/v7e-m+dp/hard\libc_nano.a(libc_a-memmove.o)
                0x00000000080049c4                memmove
 .text._sbrk_r  0x00000000080049f8       0x20 C:/ST/STM32CubeIDE_1.13.0/STM32CubeIDE/plugins/com.st.stm32cube.ide.mcu.externaltools.gnu-tools-for-stm32.11.3.rel1.win32_1.1.0.202305231506/tools/bin/../lib/gcc/arm-none-eabi/11.3.1/../../../../arm-none-eabi/lib/thumb/v7e-m+dp/hard\libc_nano.a(libc_a-sbrkr.o)
                0x00000000080049f8                _sbrk_r
 .text.memcpy   0x0000000008004a18       0x1c C:/ST/STM32CubeIDE_1.13.0/STM32CubeIDE/plugins/com.st.stm32cube.ide.mcu.externaltools.gnu-tools-for-stm32.11.3.rel1.win32_1.1.0.202305231506/tools/bin/../lib/gcc/arm-none-eabi/11.3.1/../../../../arm-none-eabi/lib/thumb/v7e-m+dp/hard\libc_nano.a(libc_a-memcpy-stub.o)
                0x0000000008004a18                memcpy
 .text._realloc_r
                0x0000000008004a34       0x5e C:/ST/STM32CubeIDE_1.13.0/STM32CubeIDE/plugins/com.st.stm32cube.ide.mcu.externaltools.gnu-tools-for-stm32.11.3.rel1.win32_1.1.0.202305231506/tools/bin/../lib/gcc/arm-none-eabi/11.3.1/../../../../arm-none-eabi/lib/thumb/v7e-m+dp/hard\libc_nano.a(libc_a-reallocr.o)
                0x0000000008004a34                _realloc_r
 .text._malloc_usable_size_r
                0x0000000008004a92       0x10 C:/ST/STM32CubeIDE_1.13.0/STM32CubeIDE/plugins/com.st.stm32cube.ide.mcu.externaltools.gnu-tools-for-stm32.11.3.rel1.win32_1.1.0.202305231506/tools/bin/../lib/gcc/arm-none-eabi/11.3.1/../../../../arm-none-eabi/lib/thumb/v7e-m+dp/hard\libc_nano.a(libc_a-msizer.o)
                0x0000000008004a92                _malloc_usable_size_r
 *(.glue_7)
 .glue_7        0x0000000008004aa2        0x0 linker stubs
 *(.glue_7t)
 .glue_7t       0x0000000008004aa2        0x0 linker stubs
 *(.eh_frame)
 *fill*         0x0000000008004aa2        0x2 
 .eh_frame      0x0000000008004aa4        0x0 C:/ST/STM32CubeIDE_1.13.0/STM32CubeIDE/plugins/com.st.stm32cube.ide.mcu.externaltools.gnu-tools-for-stm32.11.3.rel1.win32_1.1.0.202305231506/tools/bin/../lib/gcc/arm-none-eabi/11.3.1/thumb/v7e-m+dp/hard/crtbegin.o
 *(.init)
 .init          0x0000000008004aa4        0x4 C:/ST/STM32CubeIDE_1.13.0/STM32CubeIDE/plugins/com.st.stm32cube.ide.mcu.externaltools.gnu-tools-for-stm32.11.3.rel1.win32_1.1.0.202305231506/tools/bin/../lib/gcc/arm-none-eabi/11.3.1/thumb/v7e-m+dp/hard/crti.o
                0x0000000008004aa4                _init
 .init          0x0000000008004aa8        0x8 C:/ST/STM32CubeIDE_1.13.0/STM32CubeIDE/plugins/com.st.stm32cube.ide.mcu.externaltools.gnu-tools-for-stm32.11.3.rel1.win32_1.1.0.202305231506/tools/bin/../lib/gcc/arm-none-eabi/11.3.1/thumb/v7e-m+dp/hard/crtn.o
 *(.fini)
 .fini          0x0000000008004ab0        0x4 C:/ST/STM32CubeIDE_1.13.0/STM32CubeIDE/plugins/com.st.stm32cube.ide.mcu.externaltools.gnu-tools-for-stm32.11.3.rel1.win32_1.1.0.202305231506/tools/bin/../lib/gcc/arm-none-eabi/11.3.1/thumb/v7e-m+dp/hard/crti.o
                0x0000000008004ab0                _fini
 .fini          0x0000000008004ab4        0x8 C:/ST/STM32CubeIDE_1.13.0/STM32CubeIDE/plugins/com.st.stm32cube.ide.mcu.externaltools.gnu-tools-for-stm32.11.3.rel1.win32_1.1.0.202305231506/tools/bin/../lib/gcc/arm-none-eabi/11.3.1/thumb/v7e-m+dp/hard/crtn.o
                0x0000000008004abc                . = ALIGN (0x4)
                0x0000000008004abc                _etext = .

.vfp11_veneer   0x0000000008004abc        0x0
 .vfp11_veneer  0x0000000008004abc        0x0 linker stubs

.v4_bx          0x0000000008004abc        0x0
 .v4_bx         0x0000000008004abc        0x0 linker stubs

.iplt           0x0000000008004abc        0x0
 .iplt          0x0000000008004abc        0x0 C:/ST/STM32CubeIDE_1.13.0/STM32CubeIDE/plugins/com.st.stm32cube.ide.mcu.externaltools.gnu-tools-for-stm32.11.3.rel1.win32_1.1.0.202305231506/tools/bin/../lib/gcc/arm-none-eabi/11.3.1/thumb/v7e-m+dp/hard/crtbegin.o

.rodata         0x0000000008004abc       0xb4
                0x0000000008004abc                . = ALIGN (0x4)
 *(.rodata)
 .rodata        0x0000000008004abc       0x5d ./Core/Src/main.o
 *(.rodata*)
 *fill*         0x0000000008004b19        0x3 
 .rodata.AHBPrescTable
                0x0000000008004b1c       0x10 ./Core/Src/system_stm32f7xx.o
                0x0000000008004b1c                AHBPrescTable
 .rodata.APBPrescTable
                0x0000000008004b2c        0x8 ./Core/Src/system_stm32f7xx.o
                0x0000000008004b2c                APBPrescTable
 .rodata.flagBitshiftOffset.0
                0x0000000008004b34        0x8 ./Drivers/STM32F7xx_HAL_Driver/stm32f7xx_hal_dma.o
 .rodata._svfprintf_r.str1.1
                0x0000000008004b3c       0x11 C:/ST/STM32CubeIDE_1.13.0/STM32CubeIDE/plugins/com.st.stm32cube.ide.mcu.externaltools.gnu-tools-for-stm32.11.3.rel1.win32_1.1.0.202305231506/tools/bin/../lib/gcc/arm-none-eabi/11.3.1/../../../../arm-none-eabi/lib/thumb/v7e-m+dp/hard\libc_nano.a(libc_a-nano-svfprintf.o)
 .rodata._printf_i.str1.1
                0x0000000008004b4d       0x22 C:/ST/STM32CubeIDE_1.13.0/STM32CubeIDE/plugins/com.st.stm32cube.ide.mcu.externaltools.gnu-tools-for-stm32.11.3.rel1.win32_1.1.0.202305231506/tools/bin/../lib/gcc/arm-none-eabi/11.3.1/../../../../arm-none-eabi/lib/thumb/v7e-m+dp/hard\libc_nano.a(libc_a-nano-vfprintf_i.o)
                0x0000000008004b70                . = ALIGN (0x4)
 *fill*         0x0000000008004b6f        0x1 

.ARM.extab      0x0000000008004b70        0x0
                0x0000000008004b70                . = ALIGN (0x4)
 *(.ARM.extab* .gnu.linkonce.armextab.*)
                0x0000000008004b70                . = ALIGN (0x4)

.ARM            0x0000000008004b70        0x8
                0x0000000008004b70                . = ALIGN (0x4)
                0x0000000008004b70                __exidx_start = .
 *(.ARM.exidx*)
 .ARM.exidx     0x0000000008004b70        0x8 C:/ST/STM32CubeIDE_1.13.0/STM32CubeIDE/plugins/com.st.stm32cube.ide.mcu.externaltools.gnu-tools-for-stm32.11.3.rel1.win32_1.1.0.202305231506/tools/bin/../lib/gcc/arm-none-eabi/11.3.1/thumb/v7e-m+dp/hard\libgcc.a(_udivmoddi4.o)
                0x0000000008004b78                __exidx_end = .
                0x0000000008004b78                . = ALIGN (0x4)

.rel.dyn        0x0000000008004b78        0x0
 .rel.iplt      0x0000000008004b78        0x0 C:/ST/STM32CubeIDE_1.13.0/STM32CubeIDE/plugins/com.st.stm32cube.ide.mcu.externaltools.gnu-tools-for-stm32.11.3.rel1.win32_1.1.0.202305231506/tools/bin/../lib/gcc/arm-none-eabi/11.3.1/thumb/v7e-m+dp/hard/crtbegin.o

.preinit_array  0x0000000008004b78        0x0
                0x0000000008004b78                . = ALIGN (0x4)
                0x0000000008004b78                PROVIDE (__preinit_array_start = .)
 *(.preinit_array*)
                0x0000000008004b78                PROVIDE (__preinit_array_end = .)
                0x0000000008004b78                . = ALIGN (0x4)

.init_array     0x0000000008004b78        0x4
                0x0000000008004b78                . = ALIGN (0x4)
                0x0000000008004b78                PROVIDE (__init_array_start = .)
 *(SORT_BY_NAME(.init_array.*))
 *(.init_array*)
 .init_array    0x0000000008004b78        0x4 C:/ST/STM32CubeIDE_1.13.0/STM32CubeIDE/plugins/com.st.stm32cube.ide.mcu.externaltools.gnu-tools-for-stm32.11.3.rel1.win32_1.1.0.202305231506/tools/bin/../lib/gcc/arm-none-eabi/11.3.1/thumb/v7e-m+dp/hard/crtbegin.o
                0x0000000008004b7c                PROVIDE (__init_array_end = .)
                0x0000000008004b7c                . = ALIGN (0x4)

.fini_array     0x0000000008004b7c        0x4
                0x0000000008004b7c                . = ALIGN (0x4)
                [!provide]                        PROVIDE (__fini_array_start = .)
 *(SORT_BY_NAME(.fini_array.*))
 *(.fini_array*)
 .fini_array    0x0000000008004b7c        0x4 C:/ST/STM32CubeIDE_1.13.0/STM32CubeIDE/plugins/com.st.stm32cube.ide.mcu.externaltools.gnu-tools-for-stm32.11.3.rel1.win32_1.1.0.202305231506/tools/bin/../lib/gcc/arm-none-eabi/11.3.1/thumb/v7e-m+dp/hard/crtbegin.o
                [!provide]                        PROVIDE (__fini_array_end = .)
                0x0000000008004b80                . = ALIGN (0x4)
                0x0000000008004b80                _sidata = LOADADDR (.data)

.data           0x0000000020000000       0x5c load address 0x0000000008004b80
                0x0000000020000000                . = ALIGN (0x4)
                0x0000000020000000                _sdata = .
 *(.data)
 *(.data*)
 .data.SystemCoreClock
                0x0000000020000000        0x4 ./Core/Src/system_stm32f7xx.o
                0x0000000020000000                SystemCoreClock
 .data.uwTickPrio
                0x0000000020000004        0x4 ./Drivers/STM32F7xx_HAL_Driver/stm32f7xx_hal.o
                0x0000000020000004                uwTickPrio
 .data.uwTickFreq
                0x0000000020000008        0x1 ./Drivers/STM32F7xx_HAL_Driver/stm32f7xx_hal.o
                0x0000000020000008                uwTickFreq
 *fill*         0x0000000020000009        0x3 
 .data._impure_data
                0x000000002000000c       0x4c C:/ST/STM32CubeIDE_1.13.0/STM32CubeIDE/plugins/com.st.stm32cube.ide.mcu.externaltools.gnu-tools-for-stm32.11.3.rel1.win32_1.1.0.202305231506/tools/bin/../lib/gcc/arm-none-eabi/11.3.1/../../../../arm-none-eabi/lib/thumb/v7e-m+dp/hard\libc_nano.a(libc_a-impure.o)
                0x000000002000000c                _impure_data
 .data._impure_ptr
                0x0000000020000058        0x4 C:/ST/STM32CubeIDE_1.13.0/STM32CubeIDE/plugins/com.st.stm32cube.ide.mcu.externaltools.gnu-tools-for-stm32.11.3.rel1.win32_1.1.0.202305231506/tools/bin/../lib/gcc/arm-none-eabi/11.3.1/../../../../arm-none-eabi/lib/thumb/v7e-m+dp/hard\libc_nano.a(libc_a-impure.o)
                0x0000000020000058                _impure_ptr
 *(.RamFunc)
 *(.RamFunc*)
                0x000000002000005c                . = ALIGN (0x4)
                0x000000002000005c                _edata = .

.igot.plt       0x000000002000005c        0x0 load address 0x0000000008004bdc
 .igot.plt      0x000000002000005c        0x0 C:/ST/STM32CubeIDE_1.13.0/STM32CubeIDE/plugins/com.st.stm32cube.ide.mcu.externaltools.gnu-tools-for-stm32.11.3.rel1.win32_1.1.0.202305231506/tools/bin/../lib/gcc/arm-none-eabi/11.3.1/thumb/v7e-m+dp/hard/crtbegin.o
                0x000000002000005c                . = ALIGN (0x4)

.bss            0x000000002000005c      0x3e8 load address 0x0000000008004bdc
                0x000000002000005c                _sbss = .
                0x000000002000005c                __bss_start__ = _sbss
 *(.bss)
 .bss           0x000000002000005c       0x1c C:/ST/STM32CubeIDE_1.13.0/STM32CubeIDE/plugins/com.st.stm32cube.ide.mcu.externaltools.gnu-tools-for-stm32.11.3.rel1.win32_1.1.0.202305231506/tools/bin/../lib/gcc/arm-none-eabi/11.3.1/thumb/v7e-m+dp/hard/crtbegin.o
 *(.bss*)
 .bss.hadc1     0x0000000020000078       0x48 ./Core/Src/adc.o
                0x0000000020000078                hadc1
 .bss.hdma_adc1
                0x00000000200000c0       0x60 ./Core/Src/adc.o
                0x00000000200000c0                hdma_adc1
 .bss.res_adc_dma
                0x0000000020000120       0x20 ./Core/Src/main.o
                0x0000000020000120                res_adc_dma
 .bss.dma_res_buffer
                0x0000000020000140      0x12c ./Core/Src/main.o
                0x0000000020000140                dma_res_buffer
 .bss.__sbrk_heap_end
                0x000000002000026c        0x4 ./Core/Src/sysmem.o
 .bss.huart3    0x0000000020000270       0x88 ./Core/Src/usart.o
                0x0000000020000270                huart3
 .bss.uwTick    0x00000000200002f8        0x4 ./Drivers/STM32F7xx_HAL_Driver/stm32f7xx_hal.o
                0x00000000200002f8                uwTick
 .bss.__sf      0x00000000200002fc      0x138 C:/ST/STM32CubeIDE_1.13.0/STM32CubeIDE/plugins/com.st.stm32cube.ide.mcu.externaltools.gnu-tools-for-stm32.11.3.rel1.win32_1.1.0.202305231506/tools/bin/../lib/gcc/arm-none-eabi/11.3.1/../../../../arm-none-eabi/lib/thumb/v7e-m+dp/hard\libc_nano.a(libc_a-findfp.o)
                0x00000000200002fc                __sf
 .bss.errno     0x0000000020000434        0x4 C:/ST/STM32CubeIDE_1.13.0/STM32CubeIDE/plugins/com.st.stm32cube.ide.mcu.externaltools.gnu-tools-for-stm32.11.3.rel1.win32_1.1.0.202305231506/tools/bin/../lib/gcc/arm-none-eabi/11.3.1/../../../../arm-none-eabi/lib/thumb/v7e-m+dp/hard\libc_nano.a(libc_a-reent.o)
                0x0000000020000434                errno
 .bss.__lock___malloc_recursive_mutex
                0x0000000020000438        0x1 C:/ST/STM32CubeIDE_1.13.0/STM32CubeIDE/plugins/com.st.stm32cube.ide.mcu.externaltools.gnu-tools-for-stm32.11.3.rel1.win32_1.1.0.202305231506/tools/bin/../lib/gcc/arm-none-eabi/11.3.1/../../../../arm-none-eabi/lib/thumb/v7e-m+dp/hard\libc_nano.a(libc_a-lock.o)
                0x0000000020000438                __lock___malloc_recursive_mutex
 *fill*         0x0000000020000439        0x3 
 .bss.__malloc_free_list
                0x000000002000043c        0x4 C:/ST/STM32CubeIDE_1.13.0/STM32CubeIDE/plugins/com.st.stm32cube.ide.mcu.externaltools.gnu-tools-for-stm32.11.3.rel1.win32_1.1.0.202305231506/tools/bin/../lib/gcc/arm-none-eabi/11.3.1/../../../../arm-none-eabi/lib/thumb/v7e-m+dp/hard\libc_nano.a(libc_a-mallocr.o)
                0x000000002000043c                __malloc_free_list
 .bss.__malloc_sbrk_start
                0x0000000020000440        0x4 C:/ST/STM32CubeIDE_1.13.0/STM32CubeIDE/plugins/com.st.stm32cube.ide.mcu.externaltools.gnu-tools-for-stm32.11.3.rel1.win32_1.1.0.202305231506/tools/bin/../lib/gcc/arm-none-eabi/11.3.1/../../../../arm-none-eabi/lib/thumb/v7e-m+dp/hard\libc_nano.a(libc_a-mallocr.o)
                0x0000000020000440                __malloc_sbrk_start
 *(COMMON)
                0x0000000020000444                . = ALIGN (0x4)
                0x0000000020000444                _ebss = .
                0x0000000020000444                __bss_end__ = _ebss

._user_heap_stack
                0x0000000020000444      0x604 load address 0x0000000008004bdc
                0x0000000020000448                . = ALIGN (0x8)
 *fill*         0x0000000020000444        0x4 
                [!provide]                        PROVIDE (end = .)
                0x0000000020000448                PROVIDE (_end = .)
                0x0000000020000648                . = (. + _Min_Heap_Size)
 *fill*         0x0000000020000448      0x200 
                0x0000000020000a48                . = (. + _Min_Stack_Size)
 *fill*         0x0000000020000648      0x400 
                0x0000000020000a48                . = ALIGN (0x8)

/DISCARD/
 libc.a(*)
 libm.a(*)
 libgcc.a(*)

.ARM.attributes
                0x0000000000000000       0x2e
 *(.ARM.attributes)
 .ARM.attributes
                0x0000000000000000       0x1e C:/ST/STM32CubeIDE_1.13.0/STM32CubeIDE/plugins/com.st.stm32cube.ide.mcu.externaltools.gnu-tools-for-stm32.11.3.rel1.win32_1.1.0.202305231506/tools/bin/../lib/gcc/arm-none-eabi/11.3.1/thumb/v7e-m+dp/hard/crti.o
 .ARM.attributes
                0x000000000000001e       0x32 C:/ST/STM32CubeIDE_1.13.0/STM32CubeIDE/plugins/com.st.stm32cube.ide.mcu.externaltools.gnu-tools-for-stm32.11.3.rel1.win32_1.1.0.202305231506/tools/bin/../lib/gcc/arm-none-eabi/11.3.1/thumb/v7e-m+dp/hard/crtbegin.o
 .ARM.attributes
                0x0000000000000050       0x32 ./Core/Src/adc.o
 .ARM.attributes
                0x0000000000000082       0x32 ./Core/Src/dma.o
 .ARM.attributes
                0x00000000000000b4       0x32 ./Core/Src/gpio.o
 .ARM.attributes
                0x00000000000000e6       0x32 ./Core/Src/main.o
 .ARM.attributes
                0x0000000000000118       0x32 ./Core/Src/stm32f7xx_hal_msp.o
 .ARM.attributes
                0x000000000000014a       0x32 ./Core/Src/stm32f7xx_it.o
 .ARM.attributes
                0x000000000000017c       0x32 ./Core/Src/sysmem.o
 .ARM.attributes
                0x00000000000001ae       0x32 ./Core/Src/system_stm32f7xx.o
 .ARM.attributes
                0x00000000000001e0       0x32 ./Core/Src/usart.o
 .ARM.attributes
                0x0000000000000212       0x21 ./Core/Startup/startup_stm32f767zitx.o
 .ARM.attributes
                0x0000000000000233       0x32 ./Drivers/STM32F7xx_HAL_Driver/stm32f7xx_hal.o
 .ARM.attributes
                0x0000000000000265       0x32 ./Drivers/STM32F7xx_HAL_Driver/stm32f7xx_hal_adc.o
 .ARM.attributes
                0x0000000000000297       0x32 ./Drivers/STM32F7xx_HAL_Driver/stm32f7xx_hal_cortex.o
 .ARM.attributes
                0x00000000000002c9       0x32 ./Drivers/STM32F7xx_HAL_Driver/stm32f7xx_hal_dma.o
 .ARM.attributes
                0x00000000000002fb       0x32 ./Drivers/STM32F7xx_HAL_Driver/stm32f7xx_hal_gpio.o
 .ARM.attributes
                0x000000000000032d       0x32 ./Drivers/STM32F7xx_HAL_Driver/stm32f7xx_hal_pwr_ex.o
 .ARM.attributes
                0x000000000000035f       0x32 ./Drivers/STM32F7xx_HAL_Driver/stm32f7xx_hal_rcc.o
 .ARM.attributes
                0x0000000000000391       0x32 ./Drivers/STM32F7xx_HAL_Driver/stm32f7xx_hal_rcc_ex.o
 .ARM.attributes
                0x00000000000003c3       0x32 ./Drivers/STM32F7xx_HAL_Driver/stm32f7xx_hal_uart.o
 .ARM.attributes
                0x00000000000003f5       0x32 C:/ST/STM32CubeIDE_1.13.0/STM32CubeIDE/plugins/com.st.stm32cube.ide.mcu.externaltools.gnu-tools-for-stm32.11.3.rel1.win32_1.1.0.202305231506/tools/bin/../lib/gcc/arm-none-eabi/11.3.1/../../../../arm-none-eabi/lib/thumb/v7e-m+dp/hard\libc_nano.a(libc_a-findfp.o)
 .ARM.attributes
                0x0000000000000427       0x32 C:/ST/STM32CubeIDE_1.13.0/STM32CubeIDE/plugins/com.st.stm32cube.ide.mcu.externaltools.gnu-tools-for-stm32.11.3.rel1.win32_1.1.0.202305231506/tools/bin/../lib/gcc/arm-none-eabi/11.3.1/../../../../arm-none-eabi/lib/thumb/v7e-m+dp/hard\libc_nano.a(libc_a-snprintf.o)
 .ARM.attributes
                0x0000000000000459       0x32 C:/ST/STM32CubeIDE_1.13.0/STM32CubeIDE/plugins/com.st.stm32cube.ide.mcu.externaltools.gnu-tools-for-stm32.11.3.rel1.win32_1.1.0.202305231506/tools/bin/../lib/gcc/arm-none-eabi/11.3.1/../../../../arm-none-eabi/lib/thumb/v7e-m+dp/hard\libc_nano.a(libc_a-memset.o)
 .ARM.attributes
                0x000000000000048b       0x32 C:/ST/STM32CubeIDE_1.13.0/STM32CubeIDE/plugins/com.st.stm32cube.ide.mcu.externaltools.gnu-tools-for-stm32.11.3.rel1.win32_1.1.0.202305231506/tools/bin/../lib/gcc/arm-none-eabi/11.3.1/../../../../arm-none-eabi/lib/thumb/v7e-m+dp/hard\libc_nano.a(libc_a-reent.o)
 .ARM.attributes
                0x00000000000004bd       0x32 C:/ST/STM32CubeIDE_1.13.0/STM32CubeIDE/plugins/com.st.stm32cube.ide.mcu.externaltools.gnu-tools-for-stm32.11.3.rel1.win32_1.1.0.202305231506/tools/bin/../lib/gcc/arm-none-eabi/11.3.1/../../../../arm-none-eabi/lib/thumb/v7e-m+dp/hard\libc_nano.a(libc_a-impure.o)
 .ARM.attributes
                0x00000000000004ef       0x32 C:/ST/STM32CubeIDE_1.13.0/STM32CubeIDE/plugins/com.st.stm32cube.ide.mcu.externaltools.gnu-tools-for-stm32.11.3.rel1.win32_1.1.0.202305231506/tools/bin/../lib/gcc/arm-none-eabi/11.3.1/../../../../arm-none-eabi/lib/thumb/v7e-m+dp/hard\libc_nano.a(libc_a-errno.o)
 .ARM.attributes
                0x0000000000000521       0x32 C:/ST/STM32CubeIDE_1.13.0/STM32CubeIDE/plugins/com.st.stm32cube.ide.mcu.externaltools.gnu-tools-for-stm32.11.3.rel1.win32_1.1.0.202305231506/tools/bin/../lib/gcc/arm-none-eabi/11.3.1/../../../../arm-none-eabi/lib/thumb/v7e-m+dp/hard\libc_nano.a(libc_a-init.o)
 .ARM.attributes
                0x0000000000000553       0x32 C:/ST/STM32CubeIDE_1.13.0/STM32CubeIDE/plugins/com.st.stm32cube.ide.mcu.externaltools.gnu-tools-for-stm32.11.3.rel1.win32_1.1.0.202305231506/tools/bin/../lib/gcc/arm-none-eabi/11.3.1/../../../../arm-none-eabi/lib/thumb/v7e-m+dp/hard\libc_nano.a(libc_a-lock.o)
 .ARM.attributes
                0x0000000000000585       0x17 C:/ST/STM32CubeIDE_1.13.0/STM32CubeIDE/plugins/com.st.stm32cube.ide.mcu.externaltools.gnu-tools-for-stm32.11.3.rel1.win32_1.1.0.202305231506/tools/bin/../lib/gcc/arm-none-eabi/11.3.1/../../../../arm-none-eabi/lib/thumb/v7e-m+dp/hard\libc_nano.a(libc_a-strlen.o)
 .ARM.attributes
                0x000000000000059c       0x32 C:/ST/STM32CubeIDE_1.13.0/STM32CubeIDE/plugins/com.st.stm32cube.ide.mcu.externaltools.gnu-tools-for-stm32.11.3.rel1.win32_1.1.0.202305231506/tools/bin/../lib/gcc/arm-none-eabi/11.3.1/../../../../arm-none-eabi/lib/thumb/v7e-m+dp/hard\libc_nano.a(libc_a-freer.o)
 .ARM.attributes
                0x00000000000005ce       0x32 C:/ST/STM32CubeIDE_1.13.0/STM32CubeIDE/plugins/com.st.stm32cube.ide.mcu.externaltools.gnu-tools-for-stm32.11.3.rel1.win32_1.1.0.202305231506/tools/bin/../lib/gcc/arm-none-eabi/11.3.1/../../../../arm-none-eabi/lib/thumb/v7e-m+dp/hard\libc_nano.a(libc_a-mallocr.o)
 .ARM.attributes
                0x0000000000000600       0x32 C:/ST/STM32CubeIDE_1.13.0/STM32CubeIDE/plugins/com.st.stm32cube.ide.mcu.externaltools.gnu-tools-for-stm32.11.3.rel1.win32_1.1.0.202305231506/tools/bin/../lib/gcc/arm-none-eabi/11.3.1/../../../../arm-none-eabi/lib/thumb/v7e-m+dp/hard\libc_nano.a(libc_a-mlock.o)
 .ARM.attributes
                0x0000000000000632       0x32 C:/ST/STM32CubeIDE_1.13.0/STM32CubeIDE/plugins/com.st.stm32cube.ide.mcu.externaltools.gnu-tools-for-stm32.11.3.rel1.win32_1.1.0.202305231506/tools/bin/../lib/gcc/arm-none-eabi/11.3.1/../../../../arm-none-eabi/lib/thumb/v7e-m+dp/hard\libc_nano.a(libc_a-nano-svfprintf.o)
 .ARM.attributes
                0x0000000000000664       0x32 C:/ST/STM32CubeIDE_1.13.0/STM32CubeIDE/plugins/com.st.stm32cube.ide.mcu.externaltools.gnu-tools-for-stm32.11.3.rel1.win32_1.1.0.202305231506/tools/bin/../lib/gcc/arm-none-eabi/11.3.1/../../../../arm-none-eabi/lib/thumb/v7e-m+dp/hard\libc_nano.a(libc_a-nano-vfprintf_i.o)
 .ARM.attributes
                0x0000000000000696       0x32 C:/ST/STM32CubeIDE_1.13.0/STM32CubeIDE/plugins/com.st.stm32cube.ide.mcu.externaltools.gnu-tools-for-stm32.11.3.rel1.win32_1.1.0.202305231506/tools/bin/../lib/gcc/arm-none-eabi/11.3.1/../../../../arm-none-eabi/lib/thumb/v7e-m+dp/hard\libc_nano.a(libc_a-memmove.o)
 .ARM.attributes
                0x00000000000006c8       0x32 C:/ST/STM32CubeIDE_1.13.0/STM32CubeIDE/plugins/com.st.stm32cube.ide.mcu.externaltools.gnu-tools-for-stm32.11.3.rel1.win32_1.1.0.202305231506/tools/bin/../lib/gcc/arm-none-eabi/11.3.1/../../../../arm-none-eabi/lib/thumb/v7e-m+dp/hard\libc_nano.a(libc_a-sbrkr.o)
 .ARM.attributes
                0x00000000000006fa       0x1c C:/ST/STM32CubeIDE_1.13.0/STM32CubeIDE/plugins/com.st.stm32cube.ide.mcu.externaltools.gnu-tools-for-stm32.11.3.rel1.win32_1.1.0.202305231506/tools/bin/../lib/gcc/arm-none-eabi/11.3.1/../../../../arm-none-eabi/lib/thumb/v7e-m+dp/hard\libc_nano.a(libc_a-memchr.o)
 .ARM.attributes
                0x0000000000000716       0x32 C:/ST/STM32CubeIDE_1.13.0/STM32CubeIDE/plugins/com.st.stm32cube.ide.mcu.externaltools.gnu-tools-for-stm32.11.3.rel1.win32_1.1.0.202305231506/tools/bin/../lib/gcc/arm-none-eabi/11.3.1/../../../../arm-none-eabi/lib/thumb/v7e-m+dp/hard\libc_nano.a(libc_a-memcpy-stub.o)
 .ARM.attributes
                0x0000000000000748       0x32 C:/ST/STM32CubeIDE_1.13.0/STM32CubeIDE/plugins/com.st.stm32cube.ide.mcu.externaltools.gnu-tools-for-stm32.11.3.rel1.win32_1.1.0.202305231506/tools/bin/../lib/gcc/arm-none-eabi/11.3.1/../../../../arm-none-eabi/lib/thumb/v7e-m+dp/hard\libc_nano.a(libc_a-reallocr.o)
 .ARM.attributes
                0x000000000000077a       0x32 C:/ST/STM32CubeIDE_1.13.0/STM32CubeIDE/plugins/com.st.stm32cube.ide.mcu.externaltools.gnu-tools-for-stm32.11.3.rel1.win32_1.1.0.202305231506/tools/bin/../lib/gcc/arm-none-eabi/11.3.1/../../../../arm-none-eabi/lib/thumb/v7e-m+dp/hard\libc_nano.a(libc_a-msizer.o)
 .ARM.attributes
                0x00000000000007ac       0x1e C:/ST/STM32CubeIDE_1.13.0/STM32CubeIDE/plugins/com.st.stm32cube.ide.mcu.externaltools.gnu-tools-for-stm32.11.3.rel1.win32_1.1.0.202305231506/tools/bin/../lib/gcc/arm-none-eabi/11.3.1/thumb/v7e-m+dp/hard\libgcc.a(_aeabi_uldivmod.o)
 .ARM.attributes
                0x00000000000007ca       0x32 C:/ST/STM32CubeIDE_1.13.0/STM32CubeIDE/plugins/com.st.stm32cube.ide.mcu.externaltools.gnu-tools-for-stm32.11.3.rel1.win32_1.1.0.202305231506/tools/bin/../lib/gcc/arm-none-eabi/11.3.1/thumb/v7e-m+dp/hard\libgcc.a(_udivmoddi4.o)
 .ARM.attributes
                0x00000000000007fc       0x1e C:/ST/STM32CubeIDE_1.13.0/STM32CubeIDE/plugins/com.st.stm32cube.ide.mcu.externaltools.gnu-tools-for-stm32.11.3.rel1.win32_1.1.0.202305231506/tools/bin/../lib/gcc/arm-none-eabi/11.3.1/thumb/v7e-m+dp/hard\libgcc.a(_dvmd_tls.o)
 .ARM.attributes
                0x000000000000081a       0x1e C:/ST/STM32CubeIDE_1.13.0/STM32CubeIDE/plugins/com.st.stm32cube.ide.mcu.externaltools.gnu-tools-for-stm32.11.3.rel1.win32_1.1.0.202305231506/tools/bin/../lib/gcc/arm-none-eabi/11.3.1/thumb/v7e-m+dp/hard/crtn.o
OUTPUT(Lab5555.elf elf32-littlearm)
LOAD linker stubs
LOAD C:/ST/STM32CubeIDE_1.13.0/STM32CubeIDE/plugins/com.st.stm32cube.ide.mcu.externaltools.gnu-tools-for-stm32.11.3.rel1.win32_1.1.0.202305231506/tools/bin/../lib/gcc/arm-none-eabi/11.3.1/../../../../arm-none-eabi/lib/thumb/v7e-m+dp/hard\libc.a
LOAD C:/ST/STM32CubeIDE_1.13.0/STM32CubeIDE/plugins/com.st.stm32cube.ide.mcu.externaltools.gnu-tools-for-stm32.11.3.rel1.win32_1.1.0.202305231506/tools/bin/../lib/gcc/arm-none-eabi/11.3.1/../../../../arm-none-eabi/lib/thumb/v7e-m+dp/hard\libm.a
LOAD C:/ST/STM32CubeIDE_1.13.0/STM32CubeIDE/plugins/com.st.stm32cube.ide.mcu.externaltools.gnu-tools-for-stm32.11.3.rel1.win32_1.1.0.202305231506/tools/bin/../lib/gcc/arm-none-eabi/11.3.1/thumb/v7e-m+dp/hard\libgcc.a

.comment        0x0000000000000000       0x43
 .comment       0x0000000000000000       0x43 C:/ST/STM32CubeIDE_1.13.0/STM32CubeIDE/plugins/com.st.stm32cube.ide.mcu.externaltools.gnu-tools-for-stm32.11.3.rel1.win32_1.1.0.202305231506/tools/bin/../lib/gcc/arm-none-eabi/11.3.1/thumb/v7e-m+dp/hard/crtbegin.o
                                         0x44 (size before relaxing)
 .comment       0x0000000000000043       0x44 ./Core/Src/adc.o
 .comment       0x0000000000000043       0x44 ./Core/Src/dma.o
 .comment       0x0000000000000043       0x44 ./Core/Src/gpio.o
 .comment       0x0000000000000043       0x44 ./Core/Src/main.o
 .comment       0x0000000000000043       0x44 ./Core/Src/stm32f7xx_hal_msp.o
 .comment       0x0000000000000043       0x44 ./Core/Src/stm32f7xx_it.o
 .comment       0x0000000000000043       0x44 ./Core/Src/sysmem.o
 .comment       0x0000000000000043       0x44 ./Core/Src/system_stm32f7xx.o
 .comment       0x0000000000000043       0x44 ./Core/Src/usart.o
 .comment       0x0000000000000043       0x44 ./Drivers/STM32F7xx_HAL_Driver/stm32f7xx_hal.o
 .comment       0x0000000000000043       0x44 ./Drivers/STM32F7xx_HAL_Driver/stm32f7xx_hal_adc.o
 .comment       0x0000000000000043       0x44 ./Drivers/STM32F7xx_HAL_Driver/stm32f7xx_hal_cortex.o
 .comment       0x0000000000000043       0x44 ./Drivers/STM32F7xx_HAL_Driver/stm32f7xx_hal_dma.o
 .comment       0x0000000000000043       0x44 ./Drivers/STM32F7xx_HAL_Driver/stm32f7xx_hal_gpio.o
 .comment       0x0000000000000043       0x44 ./Drivers/STM32F7xx_HAL_Driver/stm32f7xx_hal_pwr_ex.o
 .comment       0x0000000000000043       0x44 ./Drivers/STM32F7xx_HAL_Driver/stm32f7xx_hal_rcc.o
 .comment       0x0000000000000043       0x44 ./Drivers/STM32F7xx_HAL_Driver/stm32f7xx_hal_rcc_ex.o
 .comment       0x0000000000000043       0x44 ./Drivers/STM32F7xx_HAL_Driver/stm32f7xx_hal_uart.o

.debug_info     0x0000000000000000     0xc93e
 .debug_info    0x0000000000000000      0xa31 ./Core/Src/adc.o
 .debug_info    0x0000000000000a31      0x573 ./Core/Src/dma.o
 .debug_info    0x0000000000000fa4      0x42d ./Core/Src/gpio.o
 .debug_info    0x00000000000013d1     0x10a5 ./Core/Src/main.o
 .debug_info    0x0000000000002476      0x2a0 ./Core/Src/stm32f7xx_hal_msp.o
 .debug_info    0x0000000000002716      0x3a9 ./Core/Src/stm32f7xx_it.o
 .debug_info    0x0000000000002abf      0x168 ./Core/Src/sysmem.o
 .debug_info    0x0000000000002c27      0x6ed ./Core/Src/system_stm32f7xx.o
 .debug_info    0x0000000000003314      0xc81 ./Core/Src/usart.o
 .debug_info    0x0000000000003f95       0x23 ./Core/Startup/startup_stm32f767zitx.o
 .debug_info    0x0000000000003fb8      0xa4c ./Drivers/STM32F7xx_HAL_Driver/stm32f7xx_hal.o
 .debug_info    0x0000000000004a04      0xc83 ./Drivers/STM32F7xx_HAL_Driver/stm32f7xx_hal_adc.o
 .debug_info    0x0000000000005687      0xf8b ./Drivers/STM32F7xx_HAL_Driver/stm32f7xx_hal_cortex.o
 .debug_info    0x0000000000006612      0x8e7 ./Drivers/STM32F7xx_HAL_Driver/stm32f7xx_hal_dma.o
 .debug_info    0x0000000000006ef9      0x6f3 ./Drivers/STM32F7xx_HAL_Driver/stm32f7xx_hal_gpio.o
 .debug_info    0x00000000000075ec      0x8cd ./Drivers/STM32F7xx_HAL_Driver/stm32f7xx_hal_pwr_ex.o
 .debug_info    0x0000000000007eb9      0x937 ./Drivers/STM32F7xx_HAL_Driver/stm32f7xx_hal_rcc.o
 .debug_info    0x00000000000087f0      0x6e1 ./Drivers/STM32F7xx_HAL_Driver/stm32f7xx_hal_rcc_ex.o
 .debug_info    0x0000000000008ed1     0x3a6d ./Drivers/STM32F7xx_HAL_Driver/stm32f7xx_hal_uart.o

.debug_abbrev   0x0000000000000000     0x22d7
 .debug_abbrev  0x0000000000000000      0x205 ./Core/Src/adc.o
 .debug_abbrev  0x0000000000000205      0x10e ./Core/Src/dma.o
 .debug_abbrev  0x0000000000000313      0x152 ./Core/Src/gpio.o
 .debug_abbrev  0x0000000000000465      0x2eb ./Core/Src/main.o
 .debug_abbrev  0x0000000000000750       0xf4 ./Core/Src/stm32f7xx_hal_msp.o
 .debug_abbrev  0x0000000000000844      0x169 ./Core/Src/stm32f7xx_it.o
 .debug_abbrev  0x00000000000009ad       0xbc ./Core/Src/sysmem.o
 .debug_abbrev  0x0000000000000a69      0x13b ./Core/Src/system_stm32f7xx.o
 .debug_abbrev  0x0000000000000ba4      0x1f9 ./Core/Src/usart.o
 .debug_abbrev  0x0000000000000d9d       0x12 ./Core/Startup/startup_stm32f767zitx.o
 .debug_abbrev  0x0000000000000daf      0x213 ./Drivers/STM32F7xx_HAL_Driver/stm32f7xx_hal.o
 .debug_abbrev  0x0000000000000fc2      0x252 ./Drivers/STM32F7xx_HAL_Driver/stm32f7xx_hal_adc.o
 .debug_abbrev  0x0000000000001214      0x329 ./Drivers/STM32F7xx_HAL_Driver/stm32f7xx_hal_cortex.o
 .debug_abbrev  0x000000000000153d      0x264 ./Drivers/STM32F7xx_HAL_Driver/stm32f7xx_hal_dma.o
 .debug_abbrev  0x00000000000017a1      0x1d4 ./Drivers/STM32F7xx_HAL_Driver/stm32f7xx_hal_gpio.o
 .debug_abbrev  0x0000000000001975      0x1d5 ./Drivers/STM32F7xx_HAL_Driver/stm32f7xx_hal_pwr_ex.o
 .debug_abbrev  0x0000000000001b4a      0x2de ./Drivers/STM32F7xx_HAL_Driver/stm32f7xx_hal_rcc.o
 .debug_abbrev  0x0000000000001e28      0x1c9 ./Drivers/STM32F7xx_HAL_Driver/stm32f7xx_hal_rcc_ex.o
 .debug_abbrev  0x0000000000001ff1      0x2e6 ./Drivers/STM32F7xx_HAL_Driver/stm32f7xx_hal_uart.o

.debug_aranges  0x0000000000000000      0x960
 .debug_aranges
                0x0000000000000000       0x30 ./Core/Src/adc.o
 .debug_aranges
                0x0000000000000030       0x20 ./Core/Src/dma.o
 .debug_aranges
                0x0000000000000050       0x20 ./Core/Src/gpio.o
 .debug_aranges
                0x0000000000000070       0x48 ./Core/Src/main.o
 .debug_aranges
                0x00000000000000b8       0x20 ./Core/Src/stm32f7xx_hal_msp.o
 .debug_aranges
                0x00000000000000d8       0x68 ./Core/Src/stm32f7xx_it.o
 .debug_aranges
                0x0000000000000140       0x20 ./Core/Src/sysmem.o
 .debug_aranges
                0x0000000000000160       0x28 ./Core/Src/system_stm32f7xx.o
 .debug_aranges
                0x0000000000000188       0x30 ./Core/Src/usart.o
 .debug_aranges
                0x00000000000001b8       0x28 ./Core/Startup/startup_stm32f767zitx.o
 .debug_aranges
                0x00000000000001e0      0x110 ./Drivers/STM32F7xx_HAL_Driver/stm32f7xx_hal.o
 .debug_aranges
                0x00000000000002f0       0xe8 ./Drivers/STM32F7xx_HAL_Driver/stm32f7xx_hal_adc.o
 .debug_aranges
                0x00000000000003d8      0x118 ./Drivers/STM32F7xx_HAL_Driver/stm32f7xx_hal_cortex.o
 .debug_aranges
                0x00000000000004f0       0x90 ./Drivers/STM32F7xx_HAL_Driver/stm32f7xx_hal_dma.o
 .debug_aranges
                0x0000000000000580       0x58 ./Drivers/STM32F7xx_HAL_Driver/stm32f7xx_hal_gpio.o
 .debug_aranges
                0x00000000000005d8       0x80 ./Drivers/STM32F7xx_HAL_Driver/stm32f7xx_hal_pwr_ex.o
 .debug_aranges
                0x0000000000000658       0x88 ./Drivers/STM32F7xx_HAL_Driver/stm32f7xx_hal_rcc.o
 .debug_aranges
                0x00000000000006e0       0x50 ./Drivers/STM32F7xx_HAL_Driver/stm32f7xx_hal_rcc_ex.o
 .debug_aranges
                0x0000000000000730      0x230 ./Drivers/STM32F7xx_HAL_Driver/stm32f7xx_hal_uart.o

.debug_rnglists
                0x0000000000000000      0x718
 .debug_rnglists
                0x0000000000000000       0x21 ./Core/Src/adc.o
 .debug_rnglists
                0x0000000000000021       0x13 ./Core/Src/dma.o
 .debug_rnglists
                0x0000000000000034       0x14 ./Core/Src/gpio.o
 .debug_rnglists
                0x0000000000000048       0x33 ./Core/Src/main.o
 .debug_rnglists
                0x000000000000007b       0x13 ./Core/Src/stm32f7xx_hal_msp.o
 .debug_rnglists
                0x000000000000008e       0x49 ./Core/Src/stm32f7xx_it.o
 .debug_rnglists
                0x00000000000000d7       0x13 ./Core/Src/sysmem.o
 .debug_rnglists
                0x00000000000000ea       0x1a ./Core/Src/system_stm32f7xx.o
 .debug_rnglists
                0x0000000000000104       0x20 ./Core/Src/usart.o
 .debug_rnglists
                0x0000000000000124       0x19 ./Core/Startup/startup_stm32f767zitx.o
 .debug_rnglists
                0x000000000000013d       0xc7 ./Drivers/STM32F7xx_HAL_Driver/stm32f7xx_hal.o
 .debug_rnglists
                0x0000000000000204       0xb5 ./Drivers/STM32F7xx_HAL_Driver/stm32f7xx_hal_adc.o
 .debug_rnglists
                0x00000000000002b9       0xce ./Drivers/STM32F7xx_HAL_Driver/stm32f7xx_hal_cortex.o
 .debug_rnglists
                0x0000000000000387       0x70 ./Drivers/STM32F7xx_HAL_Driver/stm32f7xx_hal_dma.o
 .debug_rnglists
                0x00000000000003f7       0x3f ./Drivers/STM32F7xx_HAL_Driver/stm32f7xx_hal_gpio.o
 .debug_rnglists
                0x0000000000000436       0x5f ./Drivers/STM32F7xx_HAL_Driver/stm32f7xx_hal_pwr_ex.o
 .debug_rnglists
                0x0000000000000495       0x67 ./Drivers/STM32F7xx_HAL_Driver/stm32f7xx_hal_rcc.o
 .debug_rnglists
                0x00000000000004fc       0x3c ./Drivers/STM32F7xx_HAL_Driver/stm32f7xx_hal_rcc_ex.o
 .debug_rnglists
                0x0000000000000538      0x1e0 ./Drivers/STM32F7xx_HAL_Driver/stm32f7xx_hal_uart.o

.debug_macro    0x0000000000000000    0x274d3
 .debug_macro   0x0000000000000000      0x1fc ./Core/Src/adc.o
 .debug_macro   0x00000000000001fc      0xac0 ./Core/Src/adc.o
 .debug_macro   0x0000000000000cbc      0x293 ./Core/Src/adc.o
 .debug_macro   0x0000000000000f4f       0x2e ./Core/Src/adc.o
 .debug_macro   0x0000000000000f7d       0x3b ./Core/Src/adc.o
 .debug_macro   0x0000000000000fb8       0x22 ./Core/Src/adc.o
 .debug_macro   0x0000000000000fda       0x8e ./Core/Src/adc.o
 .debug_macro   0x0000000000001068       0x51 ./Core/Src/adc.o
 .debug_macro   0x00000000000010b9      0x103 ./Core/Src/adc.o
 .debug_macro   0x00000000000011bc       0x6a ./Core/Src/adc.o
 .debug_macro   0x0000000000001226      0x1df ./Core/Src/adc.o
 .debug_macro   0x0000000000001405       0x1c ./Core/Src/adc.o
 .debug_macro   0x0000000000001421       0x22 ./Core/Src/adc.o
 .debug_macro   0x0000000000001443       0xd9 ./Core/Src/adc.o
 .debug_macro   0x000000000000151c     0x12cd ./Core/Src/adc.o
 .debug_macro   0x00000000000027e9      0x11f ./Core/Src/adc.o
 .debug_macro   0x0000000000002908       0x19 ./Core/Src/adc.o
 .debug_macro   0x0000000000002921    0x1aa0d ./Core/Src/adc.o
 .debug_macro   0x000000000001d32e       0x6d ./Core/Src/adc.o
 .debug_macro   0x000000000001d39b     0x3749 ./Core/Src/adc.o
 .debug_macro   0x0000000000020ae4      0x174 ./Core/Src/adc.o
 .debug_macro   0x0000000000020c58       0x63 ./Core/Src/adc.o
 .debug_macro   0x0000000000020cbb     0x1add ./Core/Src/adc.o
 .debug_macro   0x0000000000022798      0x6c4 ./Core/Src/adc.o
 .debug_macro   0x0000000000022e5c      0x18b ./Core/Src/adc.o
 .debug_macro   0x0000000000022fe7      0x115 ./Core/Src/adc.o
 .debug_macro   0x00000000000230fc      0x26e ./Core/Src/adc.o
 .debug_macro   0x000000000002336a       0xa5 ./Core/Src/adc.o
 .debug_macro   0x000000000002340f      0x24f ./Core/Src/adc.o
 .debug_macro   0x000000000002365e       0x71 ./Core/Src/adc.o
 .debug_macro   0x00000000000236cf       0x58 ./Core/Src/adc.o
 .debug_macro   0x0000000000023727      0x236 ./Core/Src/adc.o
 .debug_macro   0x000000000002395d      0x416 ./Core/Src/adc.o
 .debug_macro   0x0000000000023d73      0x153 ./Core/Src/adc.o
 .debug_macro   0x0000000000023ec6      0x107 ./Core/Src/adc.o
 .debug_macro   0x0000000000023fcd      0x14e ./Core/Src/adc.o
 .debug_macro   0x000000000002411b      0x3db ./Core/Src/adc.o
 .debug_macro   0x00000000000244f6       0x12 ./Core/Src/adc.o
 .debug_macro   0x0000000000024508      0x22c ./Core/Src/adc.o
 .debug_macro   0x0000000000024734       0x61 ./Core/Src/adc.o
 .debug_macro   0x0000000000024795       0xa5 ./Core/Src/adc.o
 .debug_macro   0x000000000002483a      0x12e ./Core/Src/adc.o
 .debug_macro   0x0000000000024968      0x108 ./Core/Src/adc.o
 .debug_macro   0x0000000000024a70       0x35 ./Core/Src/adc.o
 .debug_macro   0x0000000000024aa5      0x5ba ./Core/Src/adc.o
 .debug_macro   0x000000000002505f       0x44 ./Core/Src/adc.o
 .debug_macro   0x00000000000250a3      0x15b ./Core/Src/adc.o
 .debug_macro   0x00000000000251fe      0x1fc ./Core/Src/dma.o
 .debug_macro   0x00000000000253fa      0x1fc ./Core/Src/gpio.o
 .debug_macro   0x00000000000255f6      0x21e ./Core/Src/main.o
 .debug_macro   0x0000000000025814      0x1f2 ./Core/Src/stm32f7xx_hal_msp.o
 .debug_macro   0x0000000000025a06      0x1fc ./Core/Src/stm32f7xx_it.o
 .debug_macro   0x0000000000025c02       0xff ./Core/Src/sysmem.o
 .debug_macro   0x0000000000025d01      0x23c ./Core/Src/sysmem.o
 .debug_macro   0x0000000000025f3d      0x1e8 ./Core/Src/system_stm32f7xx.o
 .debug_macro   0x0000000000026125      0x1fc ./Core/Src/usart.o
 .debug_macro   0x0000000000026321      0x20c ./Drivers/STM32F7xx_HAL_Driver/stm32f7xx_hal.o
 .debug_macro   0x000000000002652d      0x1e9 ./Drivers/STM32F7xx_HAL_Driver/stm32f7xx_hal_adc.o
 .debug_macro   0x0000000000026716      0x1e8 ./Drivers/STM32F7xx_HAL_Driver/stm32f7xx_hal_cortex.o
 .debug_macro   0x00000000000268fe      0x1ee ./Drivers/STM32F7xx_HAL_Driver/stm32f7xx_hal_dma.o
 .debug_macro   0x0000000000026aec      0x1ee ./Drivers/STM32F7xx_HAL_Driver/stm32f7xx_hal_gpio.o
 .debug_macro   0x0000000000026cda      0x200 ./Drivers/STM32F7xx_HAL_Driver/stm32f7xx_hal_pwr_ex.o
 .debug_macro   0x0000000000026eda      0x20c ./Drivers/STM32F7xx_HAL_Driver/stm32f7xx_hal_rcc.o
 .debug_macro   0x00000000000270e6      0x1e8 ./Drivers/STM32F7xx_HAL_Driver/stm32f7xx_hal_rcc_ex.o
 .debug_macro   0x00000000000272ce      0x205 ./Drivers/STM32F7xx_HAL_Driver/stm32f7xx_hal_uart.o

.debug_line     0x0000000000000000     0xf656
 .debug_line    0x0000000000000000      0x981 ./Core/Src/adc.o
 .debug_line    0x0000000000000981      0x851 ./Core/Src/dma.o
 .debug_line    0x00000000000011d2      0x865 ./Core/Src/gpio.o
 .debug_line    0x0000000000001a37      0x9ae ./Core/Src/main.o
 .debug_line    0x00000000000023e5      0x857 ./Core/Src/stm32f7xx_hal_msp.o
 .debug_line    0x0000000000002c3c      0x930 ./Core/Src/stm32f7xx_it.o
 .debug_line    0x000000000000356c      0x579 ./Core/Src/sysmem.o
 .debug_line    0x0000000000003ae5      0x8d5 ./Core/Src/system_stm32f7xx.o
 .debug_line    0x00000000000043ba      0x8d7 ./Core/Src/usart.o
 .debug_line    0x0000000000004c91       0x7a ./Core/Startup/startup_stm32f767zitx.o
 .debug_line    0x0000000000004d0b      0xbcf ./Drivers/STM32F7xx_HAL_Driver/stm32f7xx_hal.o
 .debug_line    0x00000000000058da     0x13cb ./Drivers/STM32F7xx_HAL_Driver/stm32f7xx_hal_adc.o
 .debug_line    0x0000000000006ca5      0xe25 ./Drivers/STM32F7xx_HAL_Driver/stm32f7xx_hal_cortex.o
 .debug_line    0x0000000000007aca     0x10ee ./Drivers/STM32F7xx_HAL_Driver/stm32f7xx_hal_dma.o
 .debug_line    0x0000000000008bb8      0xd13 ./Drivers/STM32F7xx_HAL_Driver/stm32f7xx_hal_gpio.o
 .debug_line    0x00000000000098cb      0xb0b ./Drivers/STM32F7xx_HAL_Driver/stm32f7xx_hal_pwr_ex.o
 .debug_line    0x000000000000a3d6     0x100c ./Drivers/STM32F7xx_HAL_Driver/stm32f7xx_hal_rcc.o
 .debug_line    0x000000000000b3e2      0xfe5 ./Drivers/STM32F7xx_HAL_Driver/stm32f7xx_hal_rcc_ex.o
 .debug_line    0x000000000000c3c7     0x328f ./Drivers/STM32F7xx_HAL_Driver/stm32f7xx_hal_uart.o

.debug_str      0x0000000000000000    0xf4c3f
 .debug_str     0x0000000000000000    0xefd18 ./Core/Src/adc.o
                                      0xf0458 (size before relaxing)
 .debug_str     0x00000000000efd18      0x685 ./Core/Src/dma.o
                                      0xf0563 (size before relaxing)
 .debug_str     0x00000000000f039d       0x68 ./Core/Src/gpio.o
                                      0xeffc0 (size before relaxing)
 .debug_str     0x00000000000f0405      0x523 ./Core/Src/main.o
                                      0xf0938 (size before relaxing)
 .debug_str     0x00000000000f0928       0x49 ./Core/Src/stm32f7xx_hal_msp.o
                                      0xeff12 (size before relaxing)
 .debug_str     0x00000000000f0971       0xf4 ./Core/Src/stm32f7xx_it.o
                                      0xf00f3 (size before relaxing)
 .debug_str     0x00000000000f0a65     0x2044 ./Core/Src/sysmem.o
                                       0x60a6 (size before relaxing)
 .debug_str     0x00000000000f2aa9      0x1a4 ./Core/Src/system_stm32f7xx.o
                                      0xf006e (size before relaxing)
 .debug_str     0x00000000000f2c4d      0x2df ./Core/Src/usart.o
                                      0xf077f (size before relaxing)
 .debug_str     0x00000000000f2f2c       0x34 ./Core/Startup/startup_stm32f767zitx.o
                                         0x6f (size before relaxing)
 .debug_str     0x00000000000f2f60      0x463 ./Drivers/STM32F7xx_HAL_Driver/stm32f7xx_hal.o
                                      0xf0ae7 (size before relaxing)
 .debug_str     0x00000000000f33c3      0x2ae ./Drivers/STM32F7xx_HAL_Driver/stm32f7xx_hal_adc.o
                                      0xf05a0 (size before relaxing)
 .debug_str     0x00000000000f3671      0x2be ./Drivers/STM32F7xx_HAL_Driver/stm32f7xx_hal_cortex.o
                                      0xf0a97 (size before relaxing)
 .debug_str     0x00000000000f392f      0x319 ./Drivers/STM32F7xx_HAL_Driver/stm32f7xx_hal_dma.o
                                      0xf03e6 (size before relaxing)
 .debug_str     0x00000000000f3c48      0x13e ./Drivers/STM32F7xx_HAL_Driver/stm32f7xx_hal_gpio.o
                                      0xf0165 (size before relaxing)
 .debug_str     0x00000000000f3d86      0x20a ./Drivers/STM32F7xx_HAL_Driver/stm32f7xx_hal_pwr_ex.o
                                      0xf0316 (size before relaxing)
 .debug_str     0x00000000000f3f90      0x299 ./Drivers/STM32F7xx_HAL_Driver/stm32f7xx_hal_rcc.o
                                      0xf0422 (size before relaxing)
 .debug_str     0x00000000000f4229      0x180 ./Drivers/STM32F7xx_HAL_Driver/stm32f7xx_hal_rcc_ex.o
                                      0xf0385 (size before relaxing)
 .debug_str     0x00000000000f43a9      0x896 ./Drivers/STM32F7xx_HAL_Driver/stm32f7xx_hal_uart.o
                                      0xf0d70 (size before relaxing)

.debug_frame    0x0000000000000000     0x2910
 .debug_frame   0x0000000000000000       0x7c ./Core/Src/adc.o
 .debug_frame   0x000000000000007c       0x34 ./Core/Src/dma.o
 .debug_frame   0x00000000000000b0       0x34 ./Core/Src/gpio.o
 .debug_frame   0x00000000000000e4       0xdc ./Core/Src/main.o
 .debug_frame   0x00000000000001c0       0x34 ./Core/Src/stm32f7xx_hal_msp.o
 .debug_frame   0x00000000000001f4      0x120 ./Core/Src/stm32f7xx_it.o
 .debug_frame   0x0000000000000314       0x34 ./Core/Src/sysmem.o
 .debug_frame   0x0000000000000348       0x58 ./Core/Src/system_stm32f7xx.o
 .debug_frame   0x00000000000003a0       0x78 ./Core/Src/usart.o
 .debug_frame   0x0000000000000418      0x3f4 ./Drivers/STM32F7xx_HAL_Driver/stm32f7xx_hal.o
 .debug_frame   0x000000000000080c      0x3fc ./Drivers/STM32F7xx_HAL_Driver/stm32f7xx_hal_adc.o
 .debug_frame   0x0000000000000c08      0x498 ./Drivers/STM32F7xx_HAL_Driver/stm32f7xx_hal_cortex.o
 .debug_frame   0x00000000000010a0      0x250 ./Drivers/STM32F7xx_HAL_Driver/stm32f7xx_hal_dma.o
 .debug_frame   0x00000000000012f0      0x14c ./Drivers/STM32F7xx_HAL_Driver/stm32f7xx_hal_gpio.o
 .debug_frame   0x000000000000143c      0x1c8 ./Drivers/STM32F7xx_HAL_Driver/stm32f7xx_hal_pwr_ex.o
 .debug_frame   0x0000000000001604      0x1f8 ./Drivers/STM32F7xx_HAL_Driver/stm32f7xx_hal_rcc.o
 .debug_frame   0x00000000000017fc      0x118 ./Drivers/STM32F7xx_HAL_Driver/stm32f7xx_hal_rcc_ex.o
 .debug_frame   0x0000000000001914      0xa10 ./Drivers/STM32F7xx_HAL_Driver/stm32f7xx_hal_uart.o
 .debug_frame   0x0000000000002324      0x13c C:/ST/STM32CubeIDE_1.13.0/STM32CubeIDE/plugins/com.st.stm32cube.ide.mcu.externaltools.gnu-tools-for-stm32.11.3.rel1.win32_1.1.0.202305231506/tools/bin/../lib/gcc/arm-none-eabi/11.3.1/../../../../arm-none-eabi/lib/thumb/v7e-m+dp/hard\libc_nano.a(libc_a-findfp.o)
 .debug_frame   0x0000000000002460       0x7c C:/ST/STM32CubeIDE_1.13.0/STM32CubeIDE/plugins/com.st.stm32cube.ide.mcu.externaltools.gnu-tools-for-stm32.11.3.rel1.win32_1.1.0.202305231506/tools/bin/../lib/gcc/arm-none-eabi/11.3.1/../../../../arm-none-eabi/lib/thumb/v7e-m+dp/hard\libc_nano.a(libc_a-snprintf.o)
 .debug_frame   0x00000000000024dc       0x20 C:/ST/STM32CubeIDE_1.13.0/STM32CubeIDE/plugins/com.st.stm32cube.ide.mcu.externaltools.gnu-tools-for-stm32.11.3.rel1.win32_1.1.0.202305231506/tools/bin/../lib/gcc/arm-none-eabi/11.3.1/../../../../arm-none-eabi/lib/thumb/v7e-m+dp/hard\libc_nano.a(libc_a-memset.o)
 .debug_frame   0x00000000000024fc       0x38 C:/ST/STM32CubeIDE_1.13.0/STM32CubeIDE/plugins/com.st.stm32cube.ide.mcu.externaltools.gnu-tools-for-stm32.11.3.rel1.win32_1.1.0.202305231506/tools/bin/../lib/gcc/arm-none-eabi/11.3.1/../../../../arm-none-eabi/lib/thumb/v7e-m+dp/hard\libc_nano.a(libc_a-reent.o)
 .debug_frame   0x0000000000002534       0x20 C:/ST/STM32CubeIDE_1.13.0/STM32CubeIDE/plugins/com.st.stm32cube.ide.mcu.externaltools.gnu-tools-for-stm32.11.3.rel1.win32_1.1.0.202305231506/tools/bin/../lib/gcc/arm-none-eabi/11.3.1/../../../../arm-none-eabi/lib/thumb/v7e-m+dp/hard\libc_nano.a(libc_a-errno.o)
 .debug_frame   0x0000000000002554       0x2c C:/ST/STM32CubeIDE_1.13.0/STM32CubeIDE/plugins/com.st.stm32cube.ide.mcu.externaltools.gnu-tools-for-stm32.11.3.rel1.win32_1.1.0.202305231506/tools/bin/../lib/gcc/arm-none-eabi/11.3.1/../../../../arm-none-eabi/lib/thumb/v7e-m+dp/hard\libc_nano.a(libc_a-init.o)
 .debug_frame   0x0000000000002580       0xb0 C:/ST/STM32CubeIDE_1.13.0/STM32CubeIDE/plugins/com.st.stm32cube.ide.mcu.externaltools.gnu-tools-for-stm32.11.3.rel1.win32_1.1.0.202305231506/tools/bin/../lib/gcc/arm-none-eabi/11.3.1/../../../../arm-none-eabi/lib/thumb/v7e-m+dp/hard\libc_nano.a(libc_a-lock.o)
 .debug_frame   0x0000000000002630       0x38 C:/ST/STM32CubeIDE_1.13.0/STM32CubeIDE/plugins/com.st.stm32cube.ide.mcu.externaltools.gnu-tools-for-stm32.11.3.rel1.win32_1.1.0.202305231506/tools/bin/../lib/gcc/arm-none-eabi/11.3.1/../../../../arm-none-eabi/lib/thumb/v7e-m+dp/hard\libc_nano.a(libc_a-freer.o)
 .debug_frame   0x0000000000002668       0x50 C:/ST/STM32CubeIDE_1.13.0/STM32CubeIDE/plugins/com.st.stm32cube.ide.mcu.externaltools.gnu-tools-for-stm32.11.3.rel1.win32_1.1.0.202305231506/tools/bin/../lib/gcc/arm-none-eabi/11.3.1/../../../../arm-none-eabi/lib/thumb/v7e-m+dp/hard\libc_nano.a(libc_a-mallocr.o)
 .debug_frame   0x00000000000026b8       0x30 C:/ST/STM32CubeIDE_1.13.0/STM32CubeIDE/plugins/com.st.stm32cube.ide.mcu.externaltools.gnu-tools-for-stm32.11.3.rel1.win32_1.1.0.202305231506/tools/bin/../lib/gcc/arm-none-eabi/11.3.1/../../../../arm-none-eabi/lib/thumb/v7e-m+dp/hard\libc_nano.a(libc_a-mlock.o)
 .debug_frame   0x00000000000026e8       0x90 C:/ST/STM32CubeIDE_1.13.0/STM32CubeIDE/plugins/com.st.stm32cube.ide.mcu.externaltools.gnu-tools-for-stm32.11.3.rel1.win32_1.1.0.202305231506/tools/bin/../lib/gcc/arm-none-eabi/11.3.1/../../../../arm-none-eabi/lib/thumb/v7e-m+dp/hard\libc_nano.a(libc_a-nano-svfprintf.o)
 .debug_frame   0x0000000000002778       0x60 C:/ST/STM32CubeIDE_1.13.0/STM32CubeIDE/plugins/com.st.stm32cube.ide.mcu.externaltools.gnu-tools-for-stm32.11.3.rel1.win32_1.1.0.202305231506/tools/bin/../lib/gcc/arm-none-eabi/11.3.1/../../../../arm-none-eabi/lib/thumb/v7e-m+dp/hard\libc_nano.a(libc_a-nano-vfprintf_i.o)
 .debug_frame   0x00000000000027d8       0x28 C:/ST/STM32CubeIDE_1.13.0/STM32CubeIDE/plugins/com.st.stm32cube.ide.mcu.externaltools.gnu-tools-for-stm32.11.3.rel1.win32_1.1.0.202305231506/tools/bin/../lib/gcc/arm-none-eabi/11.3.1/../../../../arm-none-eabi/lib/thumb/v7e-m+dp/hard\libc_nano.a(libc_a-memmove.o)
 .debug_frame   0x0000000000002800       0x2c C:/ST/STM32CubeIDE_1.13.0/STM32CubeIDE/plugins/com.st.stm32cube.ide.mcu.externaltools.gnu-tools-for-stm32.11.3.rel1.win32_1.1.0.202305231506/tools/bin/../lib/gcc/arm-none-eabi/11.3.1/../../../../arm-none-eabi/lib/thumb/v7e-m+dp/hard\libc_nano.a(libc_a-sbrkr.o)
 .debug_frame   0x000000000000282c       0x28 C:/ST/STM32CubeIDE_1.13.0/STM32CubeIDE/plugins/com.st.stm32cube.ide.mcu.externaltools.gnu-tools-for-stm32.11.3.rel1.win32_1.1.0.202305231506/tools/bin/../lib/gcc/arm-none-eabi/11.3.1/../../../../arm-none-eabi/lib/thumb/v7e-m+dp/hard\libc_nano.a(libc_a-memcpy-stub.o)
 .debug_frame   0x0000000000002854       0x3c C:/ST/STM32CubeIDE_1.13.0/STM32CubeIDE/plugins/com.st.stm32cube.ide.mcu.externaltools.gnu-tools-for-stm32.11.3.rel1.win32_1.1.0.202305231506/tools/bin/../lib/gcc/arm-none-eabi/11.3.1/../../../../arm-none-eabi/lib/thumb/v7e-m+dp/hard\libc_nano.a(libc_a-reallocr.o)
 .debug_frame   0x0000000000002890       0x20 C:/ST/STM32CubeIDE_1.13.0/STM32CubeIDE/plugins/com.st.stm32cube.ide.mcu.externaltools.gnu-tools-for-stm32.11.3.rel1.win32_1.1.0.202305231506/tools/bin/../lib/gcc/arm-none-eabi/11.3.1/../../../../arm-none-eabi/lib/thumb/v7e-m+dp/hard\libc_nano.a(libc_a-msizer.o)
 .debug_frame   0x00000000000028b0       0x2c C:/ST/STM32CubeIDE_1.13.0/STM32CubeIDE/plugins/com.st.stm32cube.ide.mcu.externaltools.gnu-tools-for-stm32.11.3.rel1.win32_1.1.0.202305231506/tools/bin/../lib/gcc/arm-none-eabi/11.3.1/thumb/v7e-m+dp/hard\libgcc.a(_aeabi_uldivmod.o)
 .debug_frame   0x00000000000028dc       0x34 C:/ST/STM32CubeIDE_1.13.0/STM32CubeIDE/plugins/com.st.stm32cube.ide.mcu.externaltools.gnu-tools-for-stm32.11.3.rel1.win32_1.1.0.202305231506/tools/bin/../lib/gcc/arm-none-eabi/11.3.1/thumb/v7e-m+dp/hard\libgcc.a(_udivmoddi4.o)

.debug_line_str
                0x0000000000000000       0x63
 .debug_line_str
                0x0000000000000000       0x63 ./Core/Startup/startup_stm32f767zitx.o
                                         0x7b (size before relaxing)
