14:08:19 **** Incremental Build of configuration Debug for project Lab6 ****
make -j16 all 
arm-none-eabi-gcc "../Core/Src/main.c" -mcpu=cortex-m7 -std=gnu11 -g3 -DDEBUG -DUSE_HAL_DRIVER -DSTM32F767xx -c -I../Core/Inc -IC:/Users/honho/STM32Cube/Repository/STM32Cube_FW_F7_V1.17.1/Drivers/STM32F7xx_HAL_Driver/Inc -IC:/Users/honho/STM32Cube/Repository/STM32Cube_FW_F7_V1.17.1/Drivers/STM32F7xx_HAL_Driver/Inc/Legacy -IC:/Users/honho/STM32Cube/Repository/STM32Cube_FW_F7_V1.17.1/Drivers/CMSIS/Device/ST/STM32F7xx/Include -IC:/Users/honho/STM32Cube/Repository/STM32Cube_FW_F7_V1.17.1/Drivers/CMSIS/Include -O0 -ffunction-sections -fdata-sections -Wall -fstack-usage -fcyclomatic-complexity -MMD -MP -MF"Core/Src/main.d" -MT"Core/Src/main.o" --specs=nano.specs -mfpu=fpv5-d16 -mfloat-abi=hard -mthumb -o "Core/Src/main.o"
../Core/Src/main.c: In function 'displaynumber':
../Core/Src/main.c:54:9: warning: implicit declaration of function 'sprintf' [-Wimplicit-function-declaration]
   54 |         sprintf(countnum, "%d" , countnum);
      |         ^~~~~~~
../Core/Src/main.c:22:1: note: include '<stdio.h>' or provide a declaration of 'sprintf'
   21 | #include "tim.h"
  +++ |+#include <stdio.h>
   22 | 
../Core/Src/main.c:54:9: warning: incompatible implicit declaration of built-in function 'sprintf' [-Wbuiltin-declaration-mismatch]
   54 |         sprintf(countnum, "%d" , countnum);
      |         ^~~~~~~
../Core/Src/main.c:54:9: note: include '<stdio.h>' or provide a declaration of 'sprintf'
../Core/Src/main.c:54:17: warning: passing argument 1 of 'sprintf' makes pointer from integer without a cast [-Wint-conversion]
   54 |         sprintf(countnum, "%d" , countnum);
      |                 ^~~~~~~~
      |                 |
      |                 int
../Core/Src/main.c:54:17: note: expected 'char *' but argument is of type 'int'
../Core/Src/main.c:56:9: warning: implicit declaration of function 'HAL_UART_Transmit' [-Wimplicit-function-declaration]
   56 |         HAL_UART_Transmit(&huart3, (uint8_t*) &countnum,strlen(countnum),1000);
      |         ^~~~~~~~~~~~~~~~~
../Core/Src/main.c:56:28: error: 'huart3' undeclared (first use in this function)
   56 |         HAL_UART_Transmit(&huart3, (uint8_t*) &countnum,strlen(countnum),1000);
      |                            ^~~~~~
../Core/Src/main.c:56:28: note: each undeclared identifier is reported only once for each function it appears in
../Core/Src/main.c:56:57: warning: implicit declaration of function 'strlen' [-Wimplicit-function-declaration]
   56 |         HAL_UART_Transmit(&huart3, (uint8_t*) &countnum,strlen(countnum),1000);
      |                                                         ^~~~~~
../Core/Src/main.c:22:1: note: include '<string.h>' or provide a declaration of 'strlen'
   21 | #include "tim.h"
  +++ |+#include <string.h>
   22 | 
../Core/Src/main.c:56:57: warning: incompatible implicit declaration of built-in function 'strlen' [-Wbuiltin-declaration-mismatch]
   56 |         HAL_UART_Transmit(&huart3, (uint8_t*) &countnum,strlen(countnum),1000);
      |                                                         ^~~~~~
../Core/Src/main.c:56:57: note: include '<string.h>' or provide a declaration of 'strlen'
../Core/Src/main.c:56:64: warning: passing argument 1 of 'strlen' makes pointer from integer without a cast [-Wint-conversion]
   56 |         HAL_UART_Transmit(&huart3, (uint8_t*) &countnum,strlen(countnum),1000);
      |                                                                ^~~~~~~~
      |                                                                |
      |                                                                int
../Core/Src/main.c:56:64: note: expected 'const char *' but argument is of type 'int'
../Core/Src/main.c: In function 'main':
../Core/Src/main.c:101:3: warning: implicit declaration of function 'HAL_TIM_BASE_Start_IT'; did you mean 'HAL_TIM_Base_Start_IT'? [-Wimplicit-function-declaration]
  101 |   HAL_TIM_BASE_Start_IT (&htim1);
      |   ^~~~~~~~~~~~~~~~~~~~~
      |   HAL_TIM_Base_Start_IT
../Core/Src/main.c:111:11: warning: implicit declaration of function 'displayNumber'; did you mean 'displaynumber'? [-Wimplicit-function-declaration]
  111 |           displayNumber(count);
      |           ^~~~~~~~~~~~~
      |           displaynumber
../Core/Src/main.c: At top level:
../Core/Src/main.c:51:13: warning: 'MPU_Initialize' declared 'static' but never defined [-Wunused-function]
   51 | static void MPU_Initialize(void);
      |             ^~~~~~~~~~~~~~
../Core/Src/main.c: In function 'displaynumber':
../Core/Src/main.c:57:1: warning: control reaches end of non-void function [-Wreturn-type]
   57 | }
      | ^
make: *** [Core/Src/subdir.mk:37: Core/Src/main.o] Error 1
"make -j16 all" terminated with exit code 2. Build might be incomplete.
14:12:57 **** Incremental Build of configuration Debug for project Lab6 ****
make -j16 all 
arm-none-eabi-gcc "../Core/Src/main.c" -mcpu=cortex-m7 -std=gnu11 -g3 -DDEBUG -DUSE_HAL_DRIVER -DSTM32F767xx -c -I../Core/Inc -IC:/Users/honho/STM32Cube/Repository/STM32Cube_FW_F7_V1.17.1/Drivers/STM32F7xx_HAL_Driver/Inc -IC:/Users/honho/STM32Cube/Repository/STM32Cube_FW_F7_V1.17.1/Drivers/STM32F7xx_HAL_Driver/Inc/Legacy -IC:/Users/honho/STM32Cube/Repository/STM32Cube_FW_F7_V1.17.1/Drivers/CMSIS/Device/ST/STM32F7xx/Include -IC:/Users/honho/STM32Cube/Repository/STM32Cube_FW_F7_V1.17.1/Drivers/CMSIS/Include -O0 -ffunction-sections -fdata-sections -Wall -fstack-usage -fcyclomatic-complexity -MMD -MP -MF"Core/Src/main.d" -MT"Core/Src/main.o" --specs=nano.specs -mfpu=fpv5-d16 -mfloat-abi=hard -mthumb -o "Core/Src/main.o"
../Core/Src/main.c: In function 'displaynumber':
../Core/Src/main.c:54:9: warning: implicit declaration of function 'sprintf' [-Wimplicit-function-declaration]
   54 |         sprintf(countnum, "%d" , countnum);
      |         ^~~~~~~
../Core/Src/main.c:22:1: note: include '<stdio.h>' or provide a declaration of 'sprintf'
   21 | #include "tim.h"
  +++ |+#include <stdio.h>
   22 | 
../Core/Src/main.c:54:9: warning: incompatible implicit declaration of built-in function 'sprintf' [-Wbuiltin-declaration-mismatch]
   54 |         sprintf(countnum, "%d" , countnum);
      |         ^~~~~~~
../Core/Src/main.c:54:9: note: include '<stdio.h>' or provide a declaration of 'sprintf'
../Core/Src/main.c:54:17: warning: passing argument 1 of 'sprintf' makes pointer from integer without a cast [-Wint-conversion]
   54 |         sprintf(countnum, "%d" , countnum);
      |                 ^~~~~~~~
      |                 |
      |                 int
../Core/Src/main.c:54:17: note: expected 'char *' but argument is of type 'int'
../Core/Src/main.c:56:9: warning: implicit declaration of function 'HAL_UART_Transmit' [-Wimplicit-function-declaration]
   56 |         HAL_UART_Transmit(&huart3, (uint8_t*) &countnum,strlen(countnum),1000);
      |         ^~~~~~~~~~~~~~~~~
../Core/Src/main.c:56:28: error: 'huart3' undeclared (first use in this function)
   56 |         HAL_UART_Transmit(&huart3, (uint8_t*) &countnum,strlen(countnum),1000);
      |                            ^~~~~~
../Core/Src/main.c:56:28: note: each undeclared identifier is reported only once for each function it appears in
../Core/Src/main.c:56:57: warning: implicit declaration of function 'strlen' [-Wimplicit-function-declaration]
   56 |         HAL_UART_Transmit(&huart3, (uint8_t*) &countnum,strlen(countnum),1000);
      |                                                         ^~~~~~
../Core/Src/main.c:22:1: note: include '<string.h>' or provide a declaration of 'strlen'
   21 | #include "tim.h"
  +++ |+#include <string.h>
   22 | 
../Core/Src/main.c:56:57: warning: incompatible implicit declaration of built-in function 'strlen' [-Wbuiltin-declaration-mismatch]
   56 |         HAL_UART_Transmit(&huart3, (uint8_t*) &countnum,strlen(countnum),1000);
      |                                                         ^~~~~~
../Core/Src/main.c:56:57: note: include '<string.h>' or provide a declaration of 'strlen'
../Core/Src/main.c:56:64: warning: passing argument 1 of 'strlen' makes pointer from integer without a cast [-Wint-conversion]
   56 |         HAL_UART_Transmit(&huart3, (uint8_t*) &countnum,strlen(countnum),1000);
      |                                                                ^~~~~~~~
      |                                                                |
      |                                                                int
../Core/Src/main.c:56:64: note: expected 'const char *' but argument is of type 'int'
../Core/Src/main.c: In function 'main':
../Core/Src/main.c:101:3: warning: implicit declaration of function 'HAL_TIM_BASE_Start_IT'; did you mean 'HAL_TIM_Base_Start_IT'? [-Wimplicit-function-declaration]
  101 |   HAL_TIM_BASE_Start_IT (&htim1);
      |   ^~~~~~~~~~~~~~~~~~~~~
      |   HAL_TIM_Base_Start_IT
../Core/Src/main.c:111:11: warning: implicit declaration of function 'displayNumber'; did you mean 'displaynumber'? [-Wimplicit-function-declaration]
  111 |           displayNumber(count);
      |           ^~~~~~~~~~~~~
      |           displaynumber
../Core/Src/main.c: At top level:
../Core/Src/main.c:51:13: warning: 'MPU_Initialize' declared 'static' but never defined [-Wunused-function]
   51 | static void MPU_Initialize(void);
      |             ^~~~~~~~~~~~~~
../Core/Src/main.c: In function 'displaynumber':
../Core/Src/main.c:57:1: warning: control reaches end of non-void function [-Wreturn-type]
   57 | }
      | ^
make: *** [Core/Src/subdir.mk:37: Core/Src/main.o] Error 1
"make -j16 all" terminated with exit code 2. Build might be incomplete.
14:13:36 **** Incremental Build of configuration Debug for project Lab6 ****
make -j16 all 
arm-none-eabi-gcc "../Core/Src/main.c" -mcpu=cortex-m7 -std=gnu11 -g3 -DDEBUG -DUSE_HAL_DRIVER -DSTM32F767xx -c -I../Core/Inc -IC:/Users/honho/STM32Cube/Repository/STM32Cube_FW_F7_V1.17.1/Drivers/STM32F7xx_HAL_Driver/Inc -IC:/Users/honho/STM32Cube/Repository/STM32Cube_FW_F7_V1.17.1/Drivers/STM32F7xx_HAL_Driver/Inc/Legacy -IC:/Users/honho/STM32Cube/Repository/STM32Cube_FW_F7_V1.17.1/Drivers/CMSIS/Device/ST/STM32F7xx/Include -IC:/Users/honho/STM32Cube/Repository/STM32Cube_FW_F7_V1.17.1/Drivers/CMSIS/Include -O0 -ffunction-sections -fdata-sections -Wall -fstack-usage -fcyclomatic-complexity -MMD -MP -MF"Core/Src/main.d" -MT"Core/Src/main.o" --specs=nano.specs -mfpu=fpv5-d16 -mfloat-abi=hard -mthumb -o "Core/Src/main.o"
../Core/Src/main.c: In function 'displaynumber':
../Core/Src/main.c:55:26: error: expected ')' before string constant
   55 |         sprintf(countnum, "%d" , countnum);
      |                          ^~~~~
      |                          )
../Core/Src/main.c:57:9: warning: implicit declaration of function 'HAL_UART_Transmit' [-Wimplicit-function-declaration]
   57 |         HAL_UART_Transmit(&huart3, (uint8_t*) &countnum,strlen(countnum),1000);
      |         ^~~~~~~~~~~~~~~~~
../Core/Src/main.c:57:28: error: 'huart3' undeclared (first use in this function)
   57 |         HAL_UART_Transmit(&huart3, (uint8_t*) &countnum,strlen(countnum),1000);
      |                            ^~~~~~
../Core/Src/main.c:57:28: note: each undeclared identifier is reported only once for each function it appears in
../Core/Src/main.c:57:57: warning: implicit declaration of function 'strlen' [-Wimplicit-function-declaration]
   57 |         HAL_UART_Transmit(&huart3, (uint8_t*) &countnum,strlen(countnum),1000);
      |                                                         ^~~~~~
../Core/Src/main.c:22:1: note: include '<string.h>' or provide a declaration of 'strlen'
   21 | #include "tim.h"
  +++ |+#include <string.h>
   22 | 
../Core/Src/main.c:57:57: warning: incompatible implicit declaration of built-in function 'strlen' [-Wbuiltin-declaration-mismatch]
   57 |         HAL_UART_Transmit(&huart3, (uint8_t*) &countnum,strlen(countnum),1000);
      |                                                         ^~~~~~
../Core/Src/main.c:57:57: note: include '<string.h>' or provide a declaration of 'strlen'
../Core/Src/main.c:57:64: warning: passing argument 1 of 'strlen' makes pointer from integer without a cast [-Wint-conversion]
   57 |         HAL_UART_Transmit(&huart3, (uint8_t*) &countnum,strlen(countnum),1000);
      |                                                                ^~~~~~~~
      |                                                                |
      |                                                                int
../Core/Src/main.c:57:64: note: expected 'const char *' but argument is of type 'int'
../Core/Src/main.c: In function 'main':
../Core/Src/main.c:102:3: warning: implicit declaration of function 'HAL_TIM_BASE_Start_IT'; did you mean 'HAL_TIM_Base_Start_IT'? [-Wimplicit-function-declaration]
  102 |   HAL_TIM_BASE_Start_IT (&htim1);
      |   ^~~~~~~~~~~~~~~~~~~~~
      |   HAL_TIM_Base_Start_IT
../Core/Src/main.c: At top level:
../Core/Src/main.c:51:13: warning: 'MPU_Initialize' declared 'static' but never defined [-Wunused-function]
   51 | static void MPU_Initialize(void);
      |             ^~~~~~~~~~~~~~
../Core/Src/main.c: In function 'displaynumber':
../Core/Src/main.c:58:1: warning: control reaches end of non-void function [-Wreturn-type]
   58 | }
      | ^
make: *** [Core/Src/subdir.mk:37: Core/Src/main.o] Error 1
"make -j16 all" terminated with exit code 2. Build might be incomplete.
14:15:50 **** Incremental Build of configuration Debug for project Lab6 ****
make -j16 all 
arm-none-eabi-gcc "../Core/Src/main.c" -mcpu=cortex-m7 -std=gnu11 -g3 -DDEBUG -DUSE_HAL_DRIVER -DSTM32F767xx -c -I../Core/Inc -IC:/Users/honho/STM32Cube/Repository/STM32Cube_FW_F7_V1.17.1/Drivers/STM32F7xx_HAL_Driver/Inc -IC:/Users/honho/STM32Cube/Repository/STM32Cube_FW_F7_V1.17.1/Drivers/STM32F7xx_HAL_Driver/Inc/Legacy -IC:/Users/honho/STM32Cube/Repository/STM32Cube_FW_F7_V1.17.1/Drivers/CMSIS/Device/ST/STM32F7xx/Include -IC:/Users/honho/STM32Cube/Repository/STM32Cube_FW_F7_V1.17.1/Drivers/CMSIS/Include -O0 -ffunction-sections -fdata-sections -Wall -fstack-usage -fcyclomatic-complexity -MMD -MP -MF"Core/Src/main.d" -MT"Core/Src/main.o" --specs=nano.specs -mfpu=fpv5-d16 -mfloat-abi=hard -mthumb -o "Core/Src/main.o"
../Core/Src/main.c: In function 'displaynumber':
../Core/Src/main.c:55:26: error: expected ')' before string constant
   55 |         sprintf(countnum, "%d" , countnum);
      |                          ^~~~~
      |                          )
../Core/Src/main.c:57:9: warning: implicit declaration of function 'HAL_UART_Transmit' [-Wimplicit-function-declaration]
   57 |         HAL_UART_Transmit(&huart3, (uint8_t*) &countnum,strlen(countnum),1000);
      |         ^~~~~~~~~~~~~~~~~
../Core/Src/main.c:57:28: error: 'huart3' undeclared (first use in this function)
   57 |         HAL_UART_Transmit(&huart3, (uint8_t*) &countnum,strlen(countnum),1000);
      |                            ^~~~~~
../Core/Src/main.c:57:28: note: each undeclared identifier is reported only once for each function it appears in
../Core/Src/main.c:57:57: warning: implicit declaration of function 'strlen' [-Wimplicit-function-declaration]
   57 |         HAL_UART_Transmit(&huart3, (uint8_t*) &countnum,strlen(countnum),1000);
      |                                                         ^~~~~~
../Core/Src/main.c:22:1: note: include '<string.h>' or provide a declaration of 'strlen'
   21 | #include "tim.h"
  +++ |+#include <string.h>
   22 | 
../Core/Src/main.c:57:57: warning: incompatible implicit declaration of built-in function 'strlen' [-Wbuiltin-declaration-mismatch]
   57 |         HAL_UART_Transmit(&huart3, (uint8_t*) &countnum,strlen(countnum),1000);
      |                                                         ^~~~~~
../Core/Src/main.c:57:57: note: include '<string.h>' or provide a declaration of 'strlen'
../Core/Src/main.c:57:64: warning: passing argument 1 of 'strlen' makes pointer from integer without a cast [-Wint-conversion]
   57 |         HAL_UART_Transmit(&huart3, (uint8_t*) &countnum,strlen(countnum),1000);
      |                                                                ^~~~~~~~
      |                                                                |
      |                                                                int
../Core/Src/main.c:57:64: note: expected 'const char *' but argument is of type 'int'
../Core/Src/main.c: In function 'main':
../Core/Src/main.c:102:3: warning: implicit declaration of function 'HAL_TIM_BASE_Start_IT'; did you mean 'HAL_TIM_Base_Start_IT'? [-Wimplicit-function-declaration]
  102 |   HAL_TIM_BASE_Start_IT (&htim1);
      |   ^~~~~~~~~~~~~~~~~~~~~
      |   HAL_TIM_Base_Start_IT
../Core/Src/main.c: At top level:
../Core/Src/main.c:51:13: warning: 'MPU_Initialize' declared 'static' but never defined [-Wunused-function]
   51 | static void MPU_Initialize(void);
      |             ^~~~~~~~~~~~~~
../Core/Src/main.c: In function 'displaynumber':
../Core/Src/main.c:58:1: warning: control reaches end of non-void function [-Wreturn-type]
   58 | }
      | ^
make: *** [Core/Src/subdir.mk:37: Core/Src/main.o] Error 1
"make -j16 all" terminated with exit code 2. Build might be incomplete.
14:16:17 **** Incremental Build of configuration Debug for project Lab6 ****
make -j16 all 
arm-none-eabi-gcc "../Core/Src/main.c" -mcpu=cortex-m7 -std=gnu11 -g3 -DDEBUG -DUSE_HAL_DRIVER -DSTM32F767xx -c -I../Core/Inc -IC:/Users/honho/STM32Cube/Repository/STM32Cube_FW_F7_V1.17.1/Drivers/STM32F7xx_HAL_Driver/Inc -IC:/Users/honho/STM32Cube/Repository/STM32Cube_FW_F7_V1.17.1/Drivers/STM32F7xx_HAL_Driver/Inc/Legacy -IC:/Users/honho/STM32Cube/Repository/STM32Cube_FW_F7_V1.17.1/Drivers/CMSIS/Device/ST/STM32F7xx/Include -IC:/Users/honho/STM32Cube/Repository/STM32Cube_FW_F7_V1.17.1/Drivers/CMSIS/Include -O0 -ffunction-sections -fdata-sections -Wall -fstack-usage -fcyclomatic-complexity -MMD -MP -MF"Core/Src/main.d" -MT"Core/Src/main.o" --specs=nano.specs -mfpu=fpv5-d16 -mfloat-abi=hard -mthumb -o "Core/Src/main.o"
../Core/Src/main.c: In function 'displayNumber':
../Core/Src/main.c:55:9: warning: implicit declaration of function 'sprintf' [-Wimplicit-function-declaration]
   55 |         sprintf(str, "%d" , countnum);
      |         ^~~~~~~
../Core/Src/main.c:22:1: note: include '<stdio.h>' or provide a declaration of 'sprintf'
   21 | #include "tim.h"
  +++ |+#include <stdio.h>
   22 | 
../Core/Src/main.c:55:9: warning: incompatible implicit declaration of built-in function 'sprintf' [-Wbuiltin-declaration-mismatch]
   55 |         sprintf(str, "%d" , countnum);
      |         ^~~~~~~
../Core/Src/main.c:55:9: note: include '<stdio.h>' or provide a declaration of 'sprintf'
../Core/Src/main.c:55:24: warning: format '%d' expects argument of type 'int', but argument 3 has type 'uint32_t' {aka 'long unsigned int'} [-Wformat=]
   55 |         sprintf(str, "%d" , countnum);
      |                       ~^    ~~~~~~~~
      |                        |    |
      |                        int  uint32_t {aka long unsigned int}
      |                       %ld
../Core/Src/main.c:57:9: warning: implicit declaration of function 'HAL_UART_Transmit' [-Wimplicit-function-declaration]
   57 |         HAL_UART_Transmit(&huart3, (uint8_t*) &str,strlen(str),1000);
      |         ^~~~~~~~~~~~~~~~~
../Core/Src/main.c:57:28: error: 'huart3' undeclared (first use in this function)
   57 |         HAL_UART_Transmit(&huart3, (uint8_t*) &str,strlen(str),1000);
      |                            ^~~~~~
../Core/Src/main.c:57:28: note: each undeclared identifier is reported only once for each function it appears in
../Core/Src/main.c:57:52: warning: implicit declaration of function 'strlen' [-Wimplicit-function-declaration]
   57 |         HAL_UART_Transmit(&huart3, (uint8_t*) &str,strlen(str),1000);
      |                                                    ^~~~~~
../Core/Src/main.c:22:1: note: include '<string.h>' or provide a declaration of 'strlen'
   21 | #include "tim.h"
  +++ |+#include <string.h>
   22 | 
../Core/Src/main.c:57:52: warning: incompatible implicit declaration of built-in function 'strlen' [-Wbuiltin-declaration-mismatch]
   57 |         HAL_UART_Transmit(&huart3, (uint8_t*) &str,strlen(str),1000);
      |                                                    ^~~~~~
../Core/Src/main.c:57:52: note: include '<string.h>' or provide a declaration of 'strlen'
../Core/Src/main.c: In function 'main':
../Core/Src/main.c:102:3: warning: implicit declaration of function 'HAL_TIM_BASE_Start_IT'; did you mean 'HAL_TIM_Base_Start_IT'? [-Wimplicit-function-declaration]
  102 |   HAL_TIM_BASE_Start_IT (&htim1);
      |   ^~~~~~~~~~~~~~~~~~~~~
      |   HAL_TIM_Base_Start_IT
../Core/Src/main.c: At top level:
../Core/Src/main.c:51:13: warning: 'MPU_Initialize' declared 'static' but never defined [-Wunused-function]
   51 | static void MPU_Initialize(void);
      |             ^~~~~~~~~~~~~~
../Core/Src/main.c: In function 'displayNumber':
../Core/Src/main.c:58:1: warning: control reaches end of non-void function [-Wreturn-type]
   58 | }
      | ^
make: *** [Core/Src/subdir.mk:37: Core/Src/main.o] Error 1
"make -j16 all" terminated with exit code 2. Build might be incomplete.
14:20:04 **** Incremental Build of configuration Debug for project Lab6 ****
make -j16 all 
arm-none-eabi-gcc "C:/Users/honho/STM32Cube/Repository/STM32Cube_FW_F7_V1.17.1/Drivers/STM32F7xx_HAL_Driver/Src/stm32f7xx_hal.c" -mcpu=cortex-m7 -std=gnu11 -g3 -DDEBUG -DUSE_HAL_DRIVER -DSTM32F767xx -c -I../Core/Inc -IC:/Users/honho/STM32Cube/Repository/STM32Cube_FW_F7_V1.17.1/Drivers/STM32F7xx_HAL_Driver/Inc -IC:/Users/honho/STM32Cube/Repository/STM32Cube_FW_F7_V1.17.1/Drivers/STM32F7xx_HAL_Driver/Inc/Legacy -IC:/Users/honho/STM32Cube/Repository/STM32Cube_FW_F7_V1.17.1/Drivers/CMSIS/Device/ST/STM32F7xx/Include -IC:/Users/honho/STM32Cube/Repository/STM32Cube_FW_F7_V1.17.1/Drivers/CMSIS/Include -O0 -ffunction-sections -fdata-sections -Wall -fstack-usage -fcyclomatic-complexity -MMD -MP -MF"Drivers/STM32F7xx_HAL_Driver/stm32f7xx_hal.d" -MT"Drivers/STM32F7xx_HAL_Driver/stm32f7xx_hal.o" --specs=nano.specs -mfpu=fpv5-d16 -mfloat-abi=hard -mthumb -o "Drivers/STM32F7xx_HAL_Driver/stm32f7xx_hal.o"
arm-none-eabi-gcc "C:/Users/honho/STM32Cube/Repository/STM32Cube_FW_F7_V1.17.1/Drivers/STM32F7xx_HAL_Driver/Src/stm32f7xx_hal_cortex.c" -mcpu=cortex-m7 -std=gnu11 -g3 -DDEBUG -DUSE_HAL_DRIVER -DSTM32F767xx -c -I../Core/Inc -IC:/Users/honho/STM32Cube/Repository/STM32Cube_FW_F7_V1.17.1/Drivers/STM32F7xx_HAL_Driver/Inc -IC:/Users/honho/STM32Cube/Repository/STM32Cube_FW_F7_V1.17.1/Drivers/STM32F7xx_HAL_Driver/Inc/Legacy -IC:/Users/honho/STM32Cube/Repository/STM32Cube_FW_F7_V1.17.1/Drivers/CMSIS/Device/ST/STM32F7xx/Include -IC:/Users/honho/STM32Cube/Repository/STM32Cube_FW_F7_V1.17.1/Drivers/CMSIS/Include -O0 -ffunction-sections -fdata-sections -Wall -fstack-usage -fcyclomatic-complexity -MMD -MP -MF"Drivers/STM32F7xx_HAL_Driver/stm32f7xx_hal_cortex.d" -MT"Drivers/STM32F7xx_HAL_Driver/stm32f7xx_hal_cortex.o" --specs=nano.specs -mfpu=fpv5-d16 -mfloat-abi=hard -mthumb -o "Drivers/STM32F7xx_HAL_Driver/stm32f7xx_hal_cortex.o"
arm-none-eabi-gcc "C:/Users/honho/STM32Cube/Repository/STM32Cube_FW_F7_V1.17.1/Drivers/STM32F7xx_HAL_Driver/Src/stm32f7xx_hal_dma.c" -mcpu=cortex-m7 -std=gnu11 -g3 -DDEBUG -DUSE_HAL_DRIVER -DSTM32F767xx -c -I../Core/Inc -IC:/Users/honho/STM32Cube/Repository/STM32Cube_FW_F7_V1.17.1/Drivers/STM32F7xx_HAL_Driver/Inc -IC:/Users/honho/STM32Cube/Repository/STM32Cube_FW_F7_V1.17.1/Drivers/STM32F7xx_HAL_Driver/Inc/Legacy -IC:/Users/honho/STM32Cube/Repository/STM32Cube_FW_F7_V1.17.1/Drivers/CMSIS/Device/ST/STM32F7xx/Include -IC:/Users/honho/STM32Cube/Repository/STM32Cube_FW_F7_V1.17.1/Drivers/CMSIS/Include -O0 -ffunction-sections -fdata-sections -Wall -fstack-usage -fcyclomatic-complexity -MMD -MP -MF"Drivers/STM32F7xx_HAL_Driver/stm32f7xx_hal_dma.d" -MT"Drivers/STM32F7xx_HAL_Driver/stm32f7xx_hal_dma.o" --specs=nano.specs -mfpu=fpv5-d16 -mfloat-abi=hard -mthumb -o "Drivers/STM32F7xx_HAL_Driver/stm32f7xx_hal_dma.o"
arm-none-eabi-gcc "C:/Users/honho/STM32Cube/Repository/STM32Cube_FW_F7_V1.17.1/Drivers/STM32F7xx_HAL_Driver/Src/stm32f7xx_hal_dma_ex.c" -mcpu=cortex-m7 -std=gnu11 -g3 -DDEBUG -DUSE_HAL_DRIVER -DSTM32F767xx -c -I../Core/Inc -IC:/Users/honho/STM32Cube/Repository/STM32Cube_FW_F7_V1.17.1/Drivers/STM32F7xx_HAL_Driver/Inc -IC:/Users/honho/STM32Cube/Repository/STM32Cube_FW_F7_V1.17.1/Drivers/STM32F7xx_HAL_Driver/Inc/Legacy -IC:/Users/honho/STM32Cube/Repository/STM32Cube_FW_F7_V1.17.1/Drivers/CMSIS/Device/ST/STM32F7xx/Include -IC:/Users/honho/STM32Cube/Repository/STM32Cube_FW_F7_V1.17.1/Drivers/CMSIS/Include -O0 -ffunction-sections -fdata-sections -Wall -fstack-usage -fcyclomatic-complexity -MMD -MP -MF"Drivers/STM32F7xx_HAL_Driver/stm32f7xx_hal_dma_ex.d" -MT"Drivers/STM32F7xx_HAL_Driver/stm32f7xx_hal_dma_ex.o" --specs=nano.specs -mfpu=fpv5-d16 -mfloat-abi=hard -mthumb -o "Drivers/STM32F7xx_HAL_Driver/stm32f7xx_hal_dma_ex.o"
arm-none-eabi-gcc "C:/Users/honho/STM32Cube/Repository/STM32Cube_FW_F7_V1.17.1/Drivers/STM32F7xx_HAL_Driver/Src/stm32f7xx_hal_exti.c" -mcpu=cortex-m7 -std=gnu11 -g3 -DDEBUG -DUSE_HAL_DRIVER -DSTM32F767xx -c -I../Core/Inc -IC:/Users/honho/STM32Cube/Repository/STM32Cube_FW_F7_V1.17.1/Drivers/STM32F7xx_HAL_Driver/Inc -IC:/Users/honho/STM32Cube/Repository/STM32Cube_FW_F7_V1.17.1/Drivers/STM32F7xx_HAL_Driver/Inc/Legacy -IC:/Users/honho/STM32Cube/Repository/STM32Cube_FW_F7_V1.17.1/Drivers/CMSIS/Device/ST/STM32F7xx/Include -IC:/Users/honho/STM32Cube/Repository/STM32Cube_FW_F7_V1.17.1/Drivers/CMSIS/Include -O0 -ffunction-sections -fdata-sections -Wall -fstack-usage -fcyclomatic-complexity -MMD -MP -MF"Drivers/STM32F7xx_HAL_Driver/stm32f7xx_hal_exti.d" -MT"Drivers/STM32F7xx_HAL_Driver/stm32f7xx_hal_exti.o" --specs=nano.specs -mfpu=fpv5-d16 -mfloat-abi=hard -mthumb -o "Drivers/STM32F7xx_HAL_Driver/stm32f7xx_hal_exti.o"
arm-none-eabi-gcc "C:/Users/honho/STM32Cube/Repository/STM32Cube_FW_F7_V1.17.1/Drivers/STM32F7xx_HAL_Driver/Src/stm32f7xx_hal_flash.c" -mcpu=cortex-m7 -std=gnu11 -g3 -DDEBUG -DUSE_HAL_DRIVER -DSTM32F767xx -c -I../Core/Inc -IC:/Users/honho/STM32Cube/Repository/STM32Cube_FW_F7_V1.17.1/Drivers/STM32F7xx_HAL_Driver/Inc -IC:/Users/honho/STM32Cube/Repository/STM32Cube_FW_F7_V1.17.1/Drivers/STM32F7xx_HAL_Driver/Inc/Legacy -IC:/Users/honho/STM32Cube/Repository/STM32Cube_FW_F7_V1.17.1/Drivers/CMSIS/Device/ST/STM32F7xx/Include -IC:/Users/honho/STM32Cube/Repository/STM32Cube_FW_F7_V1.17.1/Drivers/CMSIS/Include -O0 -ffunction-sections -fdata-sections -Wall -fstack-usage -fcyclomatic-complexity -MMD -MP -MF"Drivers/STM32F7xx_HAL_Driver/stm32f7xx_hal_flash.d" -MT"Drivers/STM32F7xx_HAL_Driver/stm32f7xx_hal_flash.o" --specs=nano.specs -mfpu=fpv5-d16 -mfloat-abi=hard -mthumb -o "Drivers/STM32F7xx_HAL_Driver/stm32f7xx_hal_flash.o"
arm-none-eabi-gcc "C:/Users/honho/STM32Cube/Repository/STM32Cube_FW_F7_V1.17.1/Drivers/STM32F7xx_HAL_Driver/Src/stm32f7xx_hal_flash_ex.c" -mcpu=cortex-m7 -std=gnu11 -g3 -DDEBUG -DUSE_HAL_DRIVER -DSTM32F767xx -c -I../Core/Inc -IC:/Users/honho/STM32Cube/Repository/STM32Cube_FW_F7_V1.17.1/Drivers/STM32F7xx_HAL_Driver/Inc -IC:/Users/honho/STM32Cube/Repository/STM32Cube_FW_F7_V1.17.1/Drivers/STM32F7xx_HAL_Driver/Inc/Legacy -IC:/Users/honho/STM32Cube/Repository/STM32Cube_FW_F7_V1.17.1/Drivers/CMSIS/Device/ST/STM32F7xx/Include -IC:/Users/honho/STM32Cube/Repository/STM32Cube_FW_F7_V1.17.1/Drivers/CMSIS/Include -O0 -ffunction-sections -fdata-sections -Wall -fstack-usage -fcyclomatic-complexity -MMD -MP -MF"Drivers/STM32F7xx_HAL_Driver/stm32f7xx_hal_flash_ex.d" -MT"Drivers/STM32F7xx_HAL_Driver/stm32f7xx_hal_flash_ex.o" --specs=nano.specs -mfpu=fpv5-d16 -mfloat-abi=hard -mthumb -o "Drivers/STM32F7xx_HAL_Driver/stm32f7xx_hal_flash_ex.o"
arm-none-eabi-gcc "C:/Users/honho/STM32Cube/Repository/STM32Cube_FW_F7_V1.17.1/Drivers/STM32F7xx_HAL_Driver/Src/stm32f7xx_hal_gpio.c" -mcpu=cortex-m7 -std=gnu11 -g3 -DDEBUG -DUSE_HAL_DRIVER -DSTM32F767xx -c -I../Core/Inc -IC:/Users/honho/STM32Cube/Repository/STM32Cube_FW_F7_V1.17.1/Drivers/STM32F7xx_HAL_Driver/Inc -IC:/Users/honho/STM32Cube/Repository/STM32Cube_FW_F7_V1.17.1/Drivers/STM32F7xx_HAL_Driver/Inc/Legacy -IC:/Users/honho/STM32Cube/Repository/STM32Cube_FW_F7_V1.17.1/Drivers/CMSIS/Device/ST/STM32F7xx/Include -IC:/Users/honho/STM32Cube/Repository/STM32Cube_FW_F7_V1.17.1/Drivers/CMSIS/Include -O0 -ffunction-sections -fdata-sections -Wall -fstack-usage -fcyclomatic-complexity -MMD -MP -MF"Drivers/STM32F7xx_HAL_Driver/stm32f7xx_hal_gpio.d" -MT"Drivers/STM32F7xx_HAL_Driver/stm32f7xx_hal_gpio.o" --specs=nano.specs -mfpu=fpv5-d16 -mfloat-abi=hard -mthumb -o "Drivers/STM32F7xx_HAL_Driver/stm32f7xx_hal_gpio.o"
arm-none-eabi-gcc "C:/Users/honho/STM32Cube/Repository/STM32Cube_FW_F7_V1.17.1/Drivers/STM32F7xx_HAL_Driver/Src/stm32f7xx_hal_i2c.c" -mcpu=cortex-m7 -std=gnu11 -g3 -DDEBUG -DUSE_HAL_DRIVER -DSTM32F767xx -c -I../Core/Inc -IC:/Users/honho/STM32Cube/Repository/STM32Cube_FW_F7_V1.17.1/Drivers/STM32F7xx_HAL_Driver/Inc -IC:/Users/honho/STM32Cube/Repository/STM32Cube_FW_F7_V1.17.1/Drivers/STM32F7xx_HAL_Driver/Inc/Legacy -IC:/Users/honho/STM32Cube/Repository/STM32Cube_FW_F7_V1.17.1/Drivers/CMSIS/Device/ST/STM32F7xx/Include -IC:/Users/honho/STM32Cube/Repository/STM32Cube_FW_F7_V1.17.1/Drivers/CMSIS/Include -O0 -ffunction-sections -fdata-sections -Wall -fstack-usage -fcyclomatic-complexity -MMD -MP -MF"Drivers/STM32F7xx_HAL_Driver/stm32f7xx_hal_i2c.d" -MT"Drivers/STM32F7xx_HAL_Driver/stm32f7xx_hal_i2c.o" --specs=nano.specs -mfpu=fpv5-d16 -mfloat-abi=hard -mthumb -o "Drivers/STM32F7xx_HAL_Driver/stm32f7xx_hal_i2c.o"
arm-none-eabi-gcc "C:/Users/honho/STM32Cube/Repository/STM32Cube_FW_F7_V1.17.1/Drivers/STM32F7xx_HAL_Driver/Src/stm32f7xx_hal_i2c_ex.c" -mcpu=cortex-m7 -std=gnu11 -g3 -DDEBUG -DUSE_HAL_DRIVER -DSTM32F767xx -c -I../Core/Inc -IC:/Users/honho/STM32Cube/Repository/STM32Cube_FW_F7_V1.17.1/Drivers/STM32F7xx_HAL_Driver/Inc -IC:/Users/honho/STM32Cube/Repository/STM32Cube_FW_F7_V1.17.1/Drivers/STM32F7xx_HAL_Driver/Inc/Legacy -IC:/Users/honho/STM32Cube/Repository/STM32Cube_FW_F7_V1.17.1/Drivers/CMSIS/Device/ST/STM32F7xx/Include -IC:/Users/honho/STM32Cube/Repository/STM32Cube_FW_F7_V1.17.1/Drivers/CMSIS/Include -O0 -ffunction-sections -fdata-sections -Wall -fstack-usage -fcyclomatic-complexity -MMD -MP -MF"Drivers/STM32F7xx_HAL_Driver/stm32f7xx_hal_i2c_ex.d" -MT"Drivers/STM32F7xx_HAL_Driver/stm32f7xx_hal_i2c_ex.o" --specs=nano.specs -mfpu=fpv5-d16 -mfloat-abi=hard -mthumb -o "Drivers/STM32F7xx_HAL_Driver/stm32f7xx_hal_i2c_ex.o"
arm-none-eabi-gcc "C:/Users/honho/STM32Cube/Repository/STM32Cube_FW_F7_V1.17.1/Drivers/STM32F7xx_HAL_Driver/Src/stm32f7xx_hal_pwr.c" -mcpu=cortex-m7 -std=gnu11 -g3 -DDEBUG -DUSE_HAL_DRIVER -DSTM32F767xx -c -I../Core/Inc -IC:/Users/honho/STM32Cube/Repository/STM32Cube_FW_F7_V1.17.1/Drivers/STM32F7xx_HAL_Driver/Inc -IC:/Users/honho/STM32Cube/Repository/STM32Cube_FW_F7_V1.17.1/Drivers/STM32F7xx_HAL_Driver/Inc/Legacy -IC:/Users/honho/STM32Cube/Repository/STM32Cube_FW_F7_V1.17.1/Drivers/CMSIS/Device/ST/STM32F7xx/Include -IC:/Users/honho/STM32Cube/Repository/STM32Cube_FW_F7_V1.17.1/Drivers/CMSIS/Include -O0 -ffunction-sections -fdata-sections -Wall -fstack-usage -fcyclomatic-complexity -MMD -MP -MF"Drivers/STM32F7xx_HAL_Driver/stm32f7xx_hal_pwr.d" -MT"Drivers/STM32F7xx_HAL_Driver/stm32f7xx_hal_pwr.o" --specs=nano.specs -mfpu=fpv5-d16 -mfloat-abi=hard -mthumb -o "Drivers/STM32F7xx_HAL_Driver/stm32f7xx_hal_pwr.o"
arm-none-eabi-gcc "C:/Users/honho/STM32Cube/Repository/STM32Cube_FW_F7_V1.17.1/Drivers/STM32F7xx_HAL_Driver/Src/stm32f7xx_hal_pwr_ex.c" -mcpu=cortex-m7 -std=gnu11 -g3 -DDEBUG -DUSE_HAL_DRIVER -DSTM32F767xx -c -I../Core/Inc -IC:/Users/honho/STM32Cube/Repository/STM32Cube_FW_F7_V1.17.1/Drivers/STM32F7xx_HAL_Driver/Inc -IC:/Users/honho/STM32Cube/Repository/STM32Cube_FW_F7_V1.17.1/Drivers/STM32F7xx_HAL_Driver/Inc/Legacy -IC:/Users/honho/STM32Cube/Repository/STM32Cube_FW_F7_V1.17.1/Drivers/CMSIS/Device/ST/STM32F7xx/Include -IC:/Users/honho/STM32Cube/Repository/STM32Cube_FW_F7_V1.17.1/Drivers/CMSIS/Include -O0 -ffunction-sections -fdata-sections -Wall -fstack-usage -fcyclomatic-complexity -MMD -MP -MF"Drivers/STM32F7xx_HAL_Driver/stm32f7xx_hal_pwr_ex.d" -MT"Drivers/STM32F7xx_HAL_Driver/stm32f7xx_hal_pwr_ex.o" --specs=nano.specs -mfpu=fpv5-d16 -mfloat-abi=hard -mthumb -o "Drivers/STM32F7xx_HAL_Driver/stm32f7xx_hal_pwr_ex.o"
arm-none-eabi-gcc "C:/Users/honho/STM32Cube/Repository/STM32Cube_FW_F7_V1.17.1/Drivers/STM32F7xx_HAL_Driver/Src/stm32f7xx_hal_rcc.c" -mcpu=cortex-m7 -std=gnu11 -g3 -DDEBUG -DUSE_HAL_DRIVER -DSTM32F767xx -c -I../Core/Inc -IC:/Users/honho/STM32Cube/Repository/STM32Cube_FW_F7_V1.17.1/Drivers/STM32F7xx_HAL_Driver/Inc -IC:/Users/honho/STM32Cube/Repository/STM32Cube_FW_F7_V1.17.1/Drivers/STM32F7xx_HAL_Driver/Inc/Legacy -IC:/Users/honho/STM32Cube/Repository/STM32Cube_FW_F7_V1.17.1/Drivers/CMSIS/Device/ST/STM32F7xx/Include -IC:/Users/honho/STM32Cube/Repository/STM32Cube_FW_F7_V1.17.1/Drivers/CMSIS/Include -O0 -ffunction-sections -fdata-sections -Wall -fstack-usage -fcyclomatic-complexity -MMD -MP -MF"Drivers/STM32F7xx_HAL_Driver/stm32f7xx_hal_rcc.d" -MT"Drivers/STM32F7xx_HAL_Driver/stm32f7xx_hal_rcc.o" --specs=nano.specs -mfpu=fpv5-d16 -mfloat-abi=hard -mthumb -o "Drivers/STM32F7xx_HAL_Driver/stm32f7xx_hal_rcc.o"
arm-none-eabi-gcc "C:/Users/honho/STM32Cube/Repository/STM32Cube_FW_F7_V1.17.1/Drivers/STM32F7xx_HAL_Driver/Src/stm32f7xx_hal_rcc_ex.c" -mcpu=cortex-m7 -std=gnu11 -g3 -DDEBUG -DUSE_HAL_DRIVER -DSTM32F767xx -c -I../Core/Inc -IC:/Users/honho/STM32Cube/Repository/STM32Cube_FW_F7_V1.17.1/Drivers/STM32F7xx_HAL_Driver/Inc -IC:/Users/honho/STM32Cube/Repository/STM32Cube_FW_F7_V1.17.1/Drivers/STM32F7xx_HAL_Driver/Inc/Legacy -IC:/Users/honho/STM32Cube/Repository/STM32Cube_FW_F7_V1.17.1/Drivers/CMSIS/Device/ST/STM32F7xx/Include -IC:/Users/honho/STM32Cube/Repository/STM32Cube_FW_F7_V1.17.1/Drivers/CMSIS/Include -O0 -ffunction-sections -fdata-sections -Wall -fstack-usage -fcyclomatic-complexity -MMD -MP -MF"Drivers/STM32F7xx_HAL_Driver/stm32f7xx_hal_rcc_ex.d" -MT"Drivers/STM32F7xx_HAL_Driver/stm32f7xx_hal_rcc_ex.o" --specs=nano.specs -mfpu=fpv5-d16 -mfloat-abi=hard -mthumb -o "Drivers/STM32F7xx_HAL_Driver/stm32f7xx_hal_rcc_ex.o"
arm-none-eabi-gcc "C:/Users/honho/STM32Cube/Repository/STM32Cube_FW_F7_V1.17.1/Drivers/STM32F7xx_HAL_Driver/Src/stm32f7xx_hal_tim.c" -mcpu=cortex-m7 -std=gnu11 -g3 -DDEBUG -DUSE_HAL_DRIVER -DSTM32F767xx -c -I../Core/Inc -IC:/Users/honho/STM32Cube/Repository/STM32Cube_FW_F7_V1.17.1/Drivers/STM32F7xx_HAL_Driver/Inc -IC:/Users/honho/STM32Cube/Repository/STM32Cube_FW_F7_V1.17.1/Drivers/STM32F7xx_HAL_Driver/Inc/Legacy -IC:/Users/honho/STM32Cube/Repository/STM32Cube_FW_F7_V1.17.1/Drivers/CMSIS/Device/ST/STM32F7xx/Include -IC:/Users/honho/STM32Cube/Repository/STM32Cube_FW_F7_V1.17.1/Drivers/CMSIS/Include -O0 -ffunction-sections -fdata-sections -Wall -fstack-usage -fcyclomatic-complexity -MMD -MP -MF"Drivers/STM32F7xx_HAL_Driver/stm32f7xx_hal_tim.d" -MT"Drivers/STM32F7xx_HAL_Driver/stm32f7xx_hal_tim.o" --specs=nano.specs -mfpu=fpv5-d16 -mfloat-abi=hard -mthumb -o "Drivers/STM32F7xx_HAL_Driver/stm32f7xx_hal_tim.o"
arm-none-eabi-gcc "C:/Users/honho/STM32Cube/Repository/STM32Cube_FW_F7_V1.17.1/Drivers/STM32F7xx_HAL_Driver/Src/stm32f7xx_hal_tim_ex.c" -mcpu=cortex-m7 -std=gnu11 -g3 -DDEBUG -DUSE_HAL_DRIVER -DSTM32F767xx -c -I../Core/Inc -IC:/Users/honho/STM32Cube/Repository/STM32Cube_FW_F7_V1.17.1/Drivers/STM32F7xx_HAL_Driver/Inc -IC:/Users/honho/STM32Cube/Repository/STM32Cube_FW_F7_V1.17.1/Drivers/STM32F7xx_HAL_Driver/Inc/Legacy -IC:/Users/honho/STM32Cube/Repository/STM32Cube_FW_F7_V1.17.1/Drivers/CMSIS/Device/ST/STM32F7xx/Include -IC:/Users/honho/STM32Cube/Repository/STM32Cube_FW_F7_V1.17.1/Drivers/CMSIS/Include -O0 -ffunction-sections -fdata-sections -Wall -fstack-usage -fcyclomatic-complexity -MMD -MP -MF"Drivers/STM32F7xx_HAL_Driver/stm32f7xx_hal_tim_ex.d" -MT"Drivers/STM32F7xx_HAL_Driver/stm32f7xx_hal_tim_ex.o" --specs=nano.specs -mfpu=fpv5-d16 -mfloat-abi=hard -mthumb -o "Drivers/STM32F7xx_HAL_Driver/stm32f7xx_hal_tim_ex.o"
arm-none-eabi-gcc "C:/Users/honho/STM32Cube/Repository/STM32Cube_FW_F7_V1.17.1/Drivers/STM32F7xx_HAL_Driver/Src/stm32f7xx_hal_uart.c" -mcpu=cortex-m7 -std=gnu11 -g3 -DDEBUG -DUSE_HAL_DRIVER -DSTM32F767xx -c -I../Core/Inc -IC:/Users/honho/STM32Cube/Repository/STM32Cube_FW_F7_V1.17.1/Drivers/STM32F7xx_HAL_Driver/Inc -IC:/Users/honho/STM32Cube/Repository/STM32Cube_FW_F7_V1.17.1/Drivers/STM32F7xx_HAL_Driver/Inc/Legacy -IC:/Users/honho/STM32Cube/Repository/STM32Cube_FW_F7_V1.17.1/Drivers/CMSIS/Device/ST/STM32F7xx/Include -IC:/Users/honho/STM32Cube/Repository/STM32Cube_FW_F7_V1.17.1/Drivers/CMSIS/Include -O0 -ffunction-sections -fdata-sections -Wall -fstack-usage -fcyclomatic-complexity -MMD -MP -MF"Drivers/STM32F7xx_HAL_Driver/stm32f7xx_hal_uart.d" -MT"Drivers/STM32F7xx_HAL_Driver/stm32f7xx_hal_uart.o" --specs=nano.specs -mfpu=fpv5-d16 -mfloat-abi=hard -mthumb -o "Drivers/STM32F7xx_HAL_Driver/stm32f7xx_hal_uart.o"
arm-none-eabi-gcc "C:/Users/honho/STM32Cube/Repository/STM32Cube_FW_F7_V1.17.1/Drivers/STM32F7xx_HAL_Driver/Src/stm32f7xx_hal_uart_ex.c" -mcpu=cortex-m7 -std=gnu11 -g3 -DDEBUG -DUSE_HAL_DRIVER -DSTM32F767xx -c -I../Core/Inc -IC:/Users/honho/STM32Cube/Repository/STM32Cube_FW_F7_V1.17.1/Drivers/STM32F7xx_HAL_Driver/Inc -IC:/Users/honho/STM32Cube/Repository/STM32Cube_FW_F7_V1.17.1/Drivers/STM32F7xx_HAL_Driver/Inc/Legacy -IC:/Users/honho/STM32Cube/Repository/STM32Cube_FW_F7_V1.17.1/Drivers/CMSIS/Device/ST/STM32F7xx/Include -IC:/Users/honho/STM32Cube/Repository/STM32Cube_FW_F7_V1.17.1/Drivers/CMSIS/Include -O0 -ffunction-sections -fdata-sections -Wall -fstack-usage -fcyclomatic-complexity -MMD -MP -MF"Drivers/STM32F7xx_HAL_Driver/stm32f7xx_hal_uart_ex.d" -MT"Drivers/STM32F7xx_HAL_Driver/stm32f7xx_hal_uart_ex.o" --specs=nano.specs -mfpu=fpv5-d16 -mfloat-abi=hard -mthumb -o "Drivers/STM32F7xx_HAL_Driver/stm32f7xx_hal_uart_ex.o"
arm-none-eabi-gcc "../Core/Src/gpio.c" -mcpu=cortex-m7 -std=gnu11 -g3 -DDEBUG -DUSE_HAL_DRIVER -DSTM32F767xx -c -I../Core/Inc -IC:/Users/honho/STM32Cube/Repository/STM32Cube_FW_F7_V1.17.1/Drivers/STM32F7xx_HAL_Driver/Inc -IC:/Users/honho/STM32Cube/Repository/STM32Cube_FW_F7_V1.17.1/Drivers/STM32F7xx_HAL_Driver/Inc/Legacy -IC:/Users/honho/STM32Cube/Repository/STM32Cube_FW_F7_V1.17.1/Drivers/CMSIS/Device/ST/STM32F7xx/Include -IC:/Users/honho/STM32Cube/Repository/STM32Cube_FW_F7_V1.17.1/Drivers/CMSIS/Include -O0 -ffunction-sections -fdata-sections -Wall -fstack-usage -fcyclomatic-complexity -MMD -MP -MF"Core/Src/gpio.d" -MT"Core/Src/gpio.o" --specs=nano.specs -mfpu=fpv5-d16 -mfloat-abi=hard -mthumb -o "Core/Src/gpio.o"
arm-none-eabi-gcc "../Core/Src/main.c" -mcpu=cortex-m7 -std=gnu11 -g3 -DDEBUG -DUSE_HAL_DRIVER -DSTM32F767xx -c -I../Core/Inc -IC:/Users/honho/STM32Cube/Repository/STM32Cube_FW_F7_V1.17.1/Drivers/STM32F7xx_HAL_Driver/Inc -IC:/Users/honho/STM32Cube/Repository/STM32Cube_FW_F7_V1.17.1/Drivers/STM32F7xx_HAL_Driver/Inc/Legacy -IC:/Users/honho/STM32Cube/Repository/STM32Cube_FW_F7_V1.17.1/Drivers/CMSIS/Device/ST/STM32F7xx/Include -IC:/Users/honho/STM32Cube/Repository/STM32Cube_FW_F7_V1.17.1/Drivers/CMSIS/Include -O0 -ffunction-sections -fdata-sections -Wall -fstack-usage -fcyclomatic-complexity -MMD -MP -MF"Core/Src/main.d" -MT"Core/Src/main.o" --specs=nano.specs -mfpu=fpv5-d16 -mfloat-abi=hard -mthumb -o "Core/Src/main.o"
arm-none-eabi-gcc "../Core/Src/stm32f7xx_hal_msp.c" -mcpu=cortex-m7 -std=gnu11 -g3 -DDEBUG -DUSE_HAL_DRIVER -DSTM32F767xx -c -I../Core/Inc -IC:/Users/honho/STM32Cube/Repository/STM32Cube_FW_F7_V1.17.1/Drivers/STM32F7xx_HAL_Driver/Inc -IC:/Users/honho/STM32Cube/Repository/STM32Cube_FW_F7_V1.17.1/Drivers/STM32F7xx_HAL_Driver/Inc/Legacy -IC:/Users/honho/STM32Cube/Repository/STM32Cube_FW_F7_V1.17.1/Drivers/CMSIS/Device/ST/STM32F7xx/Include -IC:/Users/honho/STM32Cube/Repository/STM32Cube_FW_F7_V1.17.1/Drivers/CMSIS/Include -O0 -ffunction-sections -fdata-sections -Wall -fstack-usage -fcyclomatic-complexity -MMD -MP -MF"Core/Src/stm32f7xx_hal_msp.d" -MT"Core/Src/stm32f7xx_hal_msp.o" --specs=nano.specs -mfpu=fpv5-d16 -mfloat-abi=hard -mthumb -o "Core/Src/stm32f7xx_hal_msp.o"
arm-none-eabi-gcc "../Core/Src/stm32f7xx_it.c" -mcpu=cortex-m7 -std=gnu11 -g3 -DDEBUG -DUSE_HAL_DRIVER -DSTM32F767xx -c -I../Core/Inc -IC:/Users/honho/STM32Cube/Repository/STM32Cube_FW_F7_V1.17.1/Drivers/STM32F7xx_HAL_Driver/Inc -IC:/Users/honho/STM32Cube/Repository/STM32Cube_FW_F7_V1.17.1/Drivers/STM32F7xx_HAL_Driver/Inc/Legacy -IC:/Users/honho/STM32Cube/Repository/STM32Cube_FW_F7_V1.17.1/Drivers/CMSIS/Device/ST/STM32F7xx/Include -IC:/Users/honho/STM32Cube/Repository/STM32Cube_FW_F7_V1.17.1/Drivers/CMSIS/Include -O0 -ffunction-sections -fdata-sections -Wall -fstack-usage -fcyclomatic-complexity -MMD -MP -MF"Core/Src/stm32f7xx_it.d" -MT"Core/Src/stm32f7xx_it.o" --specs=nano.specs -mfpu=fpv5-d16 -mfloat-abi=hard -mthumb -o "Core/Src/stm32f7xx_it.o"
arm-none-eabi-gcc "../Core/Src/syscalls.c" -mcpu=cortex-m7 -std=gnu11 -g3 -DDEBUG -DUSE_HAL_DRIVER -DSTM32F767xx -c -I../Core/Inc -IC:/Users/honho/STM32Cube/Repository/STM32Cube_FW_F7_V1.17.1/Drivers/STM32F7xx_HAL_Driver/Inc -IC:/Users/honho/STM32Cube/Repository/STM32Cube_FW_F7_V1.17.1/Drivers/STM32F7xx_HAL_Driver/Inc/Legacy -IC:/Users/honho/STM32Cube/Repository/STM32Cube_FW_F7_V1.17.1/Drivers/CMSIS/Device/ST/STM32F7xx/Include -IC:/Users/honho/STM32Cube/Repository/STM32Cube_FW_F7_V1.17.1/Drivers/CMSIS/Include -O0 -ffunction-sections -fdata-sections -Wall -fstack-usage -fcyclomatic-complexity -MMD -MP -MF"Core/Src/syscalls.d" -MT"Core/Src/syscalls.o" --specs=nano.specs -mfpu=fpv5-d16 -mfloat-abi=hard -mthumb -o "Core/Src/syscalls.o"
arm-none-eabi-gcc "../Core/Src/sysmem.c" -mcpu=cortex-m7 -std=gnu11 -g3 -DDEBUG -DUSE_HAL_DRIVER -DSTM32F767xx -c -I../Core/Inc -IC:/Users/honho/STM32Cube/Repository/STM32Cube_FW_F7_V1.17.1/Drivers/STM32F7xx_HAL_Driver/Inc -IC:/Users/honho/STM32Cube/Repository/STM32Cube_FW_F7_V1.17.1/Drivers/STM32F7xx_HAL_Driver/Inc/Legacy -IC:/Users/honho/STM32Cube/Repository/STM32Cube_FW_F7_V1.17.1/Drivers/CMSIS/Device/ST/STM32F7xx/Include -IC:/Users/honho/STM32Cube/Repository/STM32Cube_FW_F7_V1.17.1/Drivers/CMSIS/Include -O0 -ffunction-sections -fdata-sections -Wall -fstack-usage -fcyclomatic-complexity -MMD -MP -MF"Core/Src/sysmem.d" -MT"Core/Src/sysmem.o" --specs=nano.specs -mfpu=fpv5-d16 -mfloat-abi=hard -mthumb -o "Core/Src/sysmem.o"
arm-none-eabi-gcc "../Core/Src/system_stm32f7xx.c" -mcpu=cortex-m7 -std=gnu11 -g3 -DDEBUG -DUSE_HAL_DRIVER -DSTM32F767xx -c -I../Core/Inc -IC:/Users/honho/STM32Cube/Repository/STM32Cube_FW_F7_V1.17.1/Drivers/STM32F7xx_HAL_Driver/Inc -IC:/Users/honho/STM32Cube/Repository/STM32Cube_FW_F7_V1.17.1/Drivers/STM32F7xx_HAL_Driver/Inc/Legacy -IC:/Users/honho/STM32Cube/Repository/STM32Cube_FW_F7_V1.17.1/Drivers/CMSIS/Device/ST/STM32F7xx/Include -IC:/Users/honho/STM32Cube/Repository/STM32Cube_FW_F7_V1.17.1/Drivers/CMSIS/Include -O0 -ffunction-sections -fdata-sections -Wall -fstack-usage -fcyclomatic-complexity -MMD -MP -MF"Core/Src/system_stm32f7xx.d" -MT"Core/Src/system_stm32f7xx.o" --specs=nano.specs -mfpu=fpv5-d16 -mfloat-abi=hard -mthumb -o "Core/Src/system_stm32f7xx.o"
arm-none-eabi-gcc "../Core/Src/tim.c" -mcpu=cortex-m7 -std=gnu11 -g3 -DDEBUG -DUSE_HAL_DRIVER -DSTM32F767xx -c -I../Core/Inc -IC:/Users/honho/STM32Cube/Repository/STM32Cube_FW_F7_V1.17.1/Drivers/STM32F7xx_HAL_Driver/Inc -IC:/Users/honho/STM32Cube/Repository/STM32Cube_FW_F7_V1.17.1/Drivers/STM32F7xx_HAL_Driver/Inc/Legacy -IC:/Users/honho/STM32Cube/Repository/STM32Cube_FW_F7_V1.17.1/Drivers/CMSIS/Device/ST/STM32F7xx/Include -IC:/Users/honho/STM32Cube/Repository/STM32Cube_FW_F7_V1.17.1/Drivers/CMSIS/Include -O0 -ffunction-sections -fdata-sections -Wall -fstack-usage -fcyclomatic-complexity -MMD -MP -MF"Core/Src/tim.d" -MT"Core/Src/tim.o" --specs=nano.specs -mfpu=fpv5-d16 -mfloat-abi=hard -mthumb -o "Core/Src/tim.o"
arm-none-eabi-gcc "../Core/Src/usart.c" -mcpu=cortex-m7 -std=gnu11 -g3 -DDEBUG -DUSE_HAL_DRIVER -DSTM32F767xx -c -I../Core/Inc -IC:/Users/honho/STM32Cube/Repository/STM32Cube_FW_F7_V1.17.1/Drivers/STM32F7xx_HAL_Driver/Inc -IC:/Users/honho/STM32Cube/Repository/STM32Cube_FW_F7_V1.17.1/Drivers/STM32F7xx_HAL_Driver/Inc/Legacy -IC:/Users/honho/STM32Cube/Repository/STM32Cube_FW_F7_V1.17.1/Drivers/CMSIS/Device/ST/STM32F7xx/Include -IC:/Users/honho/STM32Cube/Repository/STM32Cube_FW_F7_V1.17.1/Drivers/CMSIS/Include -O0 -ffunction-sections -fdata-sections -Wall -fstack-usage -fcyclomatic-complexity -MMD -MP -MF"Core/Src/usart.d" -MT"Core/Src/usart.o" --specs=nano.specs -mfpu=fpv5-d16 -mfloat-abi=hard -mthumb -o "Core/Src/usart.o"
../Core/Src/main.c: In function 'main':
../Core/Src/main.c:95:3: warning: implicit declaration of function 'HAL_TIM_BASE_Start_IT'; did you mean 'HAL_TIM_Base_Start_IT'? [-Wimplicit-function-declaration]
   95 |   HAL_TIM_BASE_Start_IT (&htim1);
      |   ^~~~~~~~~~~~~~~~~~~~~
      |   HAL_TIM_Base_Start_IT
../Core/Src/main.c:105:11: warning: implicit declaration of function 'displayNumber' [-Wimplicit-function-declaration]
  105 |           displayNumber(count);
      |           ^~~~~~~~~~~~~
arm-none-eabi-gcc -o "Lab6.elf" @"objects.list"   -mcpu=cortex-m7 -T"C:\Users\honho\STM32CubeIDE\MAD_Lab\Lab6\STM32F767ZITX_FLASH.ld" --specs=nosys.specs -Wl,-Map="Lab6.map" -Wl,--gc-sections -static --specs=nano.specs -mfpu=fpv5-d16 -mfloat-abi=hard -mthumb -Wl,--start-group -lc -lm -Wl,--end-group
C:/ST/STM32CubeIDE_1.13.0/STM32CubeIDE/plugins/com.st.stm32cube.ide.mcu.externaltools.gnu-tools-for-stm32.11.3.rel1.win32_1.1.0.202305231506/tools/bin/../lib/gcc/arm-none-eabi/11.3.1/../../../../arm-none-eabi/bin/ld.exe: ./Core/Src/main.o: in function `main':
C:/Users/honho/STM32CubeIDE/MAD_Lab/Lab6/Debug/../Core/Src/main.c:95: undefined reference to `HAL_TIM_BASE_Start_IT'
C:/ST/STM32CubeIDE_1.13.0/STM32CubeIDE/plugins/com.st.stm32cube.ide.mcu.externaltools.gnu-tools-for-stm32.11.3.rel1.win32_1.1.0.202305231506/tools/bin/../lib/gcc/arm-none-eabi/11.3.1/../../../../arm-none-eabi/bin/ld.exe: C:/Users/honho/STM32CubeIDE/MAD_Lab/Lab6/Debug/../Core/Src/main.c:105: undefined reference to `displayNumber'
C:/ST/STM32CubeIDE_1.13.0/STM32CubeIDE/plugins/com.st.stm32cube.ide.mcu.externaltools.gnu-tools-for-stm32.11.3.rel1.win32_1.1.0.202305231506/tools/bin/../lib/gcc/arm-none-eabi/11.3.1/../../../../arm-none-eabi/bin/ld.exe: C:/Users/honho/STM32CubeIDE/MAD_Lab/Lab6/Debug/../Core/Src/main.c:101: undefined reference to `count'
C:/ST/STM32CubeIDE_1.13.0/STM32CubeIDE/plugins/com.st.stm32cube.ide.mcu.externaltools.gnu-tools-for-stm32.11.3.rel1.win32_1.1.0.202305231506/tools/bin/../lib/gcc/arm-none-eabi/11.3.1/../../../../arm-none-eabi/bin/ld.exe: ./Core/Src/stm32f7xx_it.o: in function `TIM1_UP_TIM10_IRQHandler':
C:/Users/honho/STM32CubeIDE/MAD_Lab/Lab6/Debug/../Core/Src/stm32f7xx_it.c:214: undefined reference to `count'
collect2.exe: error: ld returned 1 exit status
make: *** [makefile:64: Lab6.elf] Error 1
"make -j16 all" terminated with exit code 2. Build might be incomplete.
14:21:06 **** Incremental Build of configuration Debug for project Lab6 ****
make -j16 all 
arm-none-eabi-gcc -o "Lab6.elf" @"objects.list"   -mcpu=cortex-m7 -T"C:\Users\honho\STM32CubeIDE\MAD_Lab\Lab6\STM32F767ZITX_FLASH.ld" --specs=nosys.specs -Wl,-Map="Lab6.map" -Wl,--gc-sections -static --specs=nano.specs -mfpu=fpv5-d16 -mfloat-abi=hard -mthumb -Wl,--start-group -lc -lm -Wl,--end-group
C:/ST/STM32CubeIDE_1.13.0/STM32CubeIDE/plugins/com.st.stm32cube.ide.mcu.externaltools.gnu-tools-for-stm32.11.3.rel1.win32_1.1.0.202305231506/tools/bin/../lib/gcc/arm-none-eabi/11.3.1/../../../../arm-none-eabi/bin/ld.exe: ./Core/Src/main.o: in function `main':
C:/Users/honho/STM32CubeIDE/MAD_Lab/Lab6/Debug/../Core/Src/main.c:95: undefined reference to `HAL_TIM_BASE_Start_IT'
C:/ST/STM32CubeIDE_1.13.0/STM32CubeIDE/plugins/com.st.stm32cube.ide.mcu.externaltools.gnu-tools-for-stm32.11.3.rel1.win32_1.1.0.202305231506/tools/bin/../lib/gcc/arm-none-eabi/11.3.1/../../../../arm-none-eabi/bin/ld.exe: C:/Users/honho/STM32CubeIDE/MAD_Lab/Lab6/Debug/../Core/Src/main.c:105: undefined reference to `displayNumber'
C:/ST/STM32CubeIDE_1.13.0/STM32CubeIDE/plugins/com.st.stm32cube.ide.mcu.externaltools.gnu-tools-for-stm32.11.3.rel1.win32_1.1.0.202305231506/tools/bin/../lib/gcc/arm-none-eabi/11.3.1/../../../../arm-none-eabi/bin/ld.exe: C:/Users/honho/STM32CubeIDE/MAD_Lab/Lab6/Debug/../Core/Src/main.c:101: undefined reference to `count'
C:/ST/STM32CubeIDE_1.13.0/STM32CubeIDE/plugins/com.st.stm32cube.ide.mcu.externaltools.gnu-tools-for-stm32.11.3.rel1.win32_1.1.0.202305231506/tools/bin/../lib/gcc/arm-none-eabi/11.3.1/../../../../arm-none-eabi/bin/ld.exe: ./Core/Src/stm32f7xx_it.o: in function `TIM1_UP_TIM10_IRQHandler':
C:/Users/honho/STM32CubeIDE/MAD_Lab/Lab6/Debug/../Core/Src/stm32f7xx_it.c:214: undefined reference to `count'
collect2.exe: error: ld returned 1 exit status
make: *** [makefile:64: Lab6.elf] Error 1
"make -j16 all" terminated with exit code 2. Build might be incomplete.
14:21:45 **** Incremental Build of configuration Debug for project Lab6 ****
make -j16 all 
arm-none-eabi-gcc -o "Lab6.elf" @"objects.list"   -mcpu=cortex-m7 -T"C:\Users\honho\STM32CubeIDE\MAD_Lab\Lab6\STM32F767ZITX_FLASH.ld" --specs=nosys.specs -Wl,-Map="Lab6.map" -Wl,--gc-sections -static --specs=nano.specs -mfpu=fpv5-d16 -mfloat-abi=hard -mthumb -Wl,--start-group -lc -lm -Wl,--end-group
C:/ST/STM32CubeIDE_1.13.0/STM32CubeIDE/plugins/com.st.stm32cube.ide.mcu.externaltools.gnu-tools-for-stm32.11.3.rel1.win32_1.1.0.202305231506/tools/bin/../lib/gcc/arm-none-eabi/11.3.1/../../../../arm-none-eabi/bin/ld.exe: ./Core/Src/main.o: in function `main':
C:/Users/honho/STM32CubeIDE/MAD_Lab/Lab6/Debug/../Core/Src/main.c:95: undefined reference to `HAL_TIM_BASE_Start_IT'
C:/ST/STM32CubeIDE_1.13.0/STM32CubeIDE/plugins/com.st.stm32cube.ide.mcu.externaltools.gnu-tools-for-stm32.11.3.rel1.win32_1.1.0.202305231506/tools/bin/../lib/gcc/arm-none-eabi/11.3.1/../../../../arm-none-eabi/bin/ld.exe: C:/Users/honho/STM32CubeIDE/MAD_Lab/Lab6/Debug/../Core/Src/main.c:105: undefined reference to `displayNumber'
C:/ST/STM32CubeIDE_1.13.0/STM32CubeIDE/plugins/com.st.stm32cube.ide.mcu.externaltools.gnu-tools-for-stm32.11.3.rel1.win32_1.1.0.202305231506/tools/bin/../lib/gcc/arm-none-eabi/11.3.1/../../../../arm-none-eabi/bin/ld.exe: C:/Users/honho/STM32CubeIDE/MAD_Lab/Lab6/Debug/../Core/Src/main.c:101: undefined reference to `count'
C:/ST/STM32CubeIDE_1.13.0/STM32CubeIDE/plugins/com.st.stm32cube.ide.mcu.externaltools.gnu-tools-for-stm32.11.3.rel1.win32_1.1.0.202305231506/tools/bin/../lib/gcc/arm-none-eabi/11.3.1/../../../../arm-none-eabi/bin/ld.exe: ./Core/Src/stm32f7xx_it.o: in function `TIM1_UP_TIM10_IRQHandler':
C:/Users/honho/STM32CubeIDE/MAD_Lab/Lab6/Debug/../Core/Src/stm32f7xx_it.c:214: undefined reference to `count'
collect2.exe: error: ld returned 1 exit status
make: *** [makefile:64: Lab6.elf] Error 1
"make -j16 all" terminated with exit code 2. Build might be incomplete.
14:21:50 **** Incremental Build of configuration Debug for project Lab6 ****
make -j16 all 
arm-none-eabi-gcc -o "Lab6.elf" @"objects.list"   -mcpu=cortex-m7 -T"C:\Users\honho\STM32CubeIDE\MAD_Lab\Lab6\STM32F767ZITX_FLASH.ld" --specs=nosys.specs -Wl,-Map="Lab6.map" -Wl,--gc-sections -static --specs=nano.specs -mfpu=fpv5-d16 -mfloat-abi=hard -mthumb -Wl,--start-group -lc -lm -Wl,--end-group
C:/ST/STM32CubeIDE_1.13.0/STM32CubeIDE/plugins/com.st.stm32cube.ide.mcu.externaltools.gnu-tools-for-stm32.11.3.rel1.win32_1.1.0.202305231506/tools/bin/../lib/gcc/arm-none-eabi/11.3.1/../../../../arm-none-eabi/bin/ld.exe: ./Core/Src/main.o: in function `main':
C:/Users/honho/STM32CubeIDE/MAD_Lab/Lab6/Debug/../Core/Src/main.c:95: undefined reference to `HAL_TIM_BASE_Start_IT'
C:/ST/STM32CubeIDE_1.13.0/STM32CubeIDE/plugins/com.st.stm32cube.ide.mcu.externaltools.gnu-tools-for-stm32.11.3.rel1.win32_1.1.0.202305231506/tools/bin/../lib/gcc/arm-none-eabi/11.3.1/../../../../arm-none-eabi/bin/ld.exe: C:/Users/honho/STM32CubeIDE/MAD_Lab/Lab6/Debug/../Core/Src/main.c:105: undefined reference to `displayNumber'
C:/ST/STM32CubeIDE_1.13.0/STM32CubeIDE/plugins/com.st.stm32cube.ide.mcu.externaltools.gnu-tools-for-stm32.11.3.rel1.win32_1.1.0.202305231506/tools/bin/../lib/gcc/arm-none-eabi/11.3.1/../../../../arm-none-eabi/bin/ld.exe: C:/Users/honho/STM32CubeIDE/MAD_Lab/Lab6/Debug/../Core/Src/main.c:101: undefined reference to `count'
C:/ST/STM32CubeIDE_1.13.0/STM32CubeIDE/plugins/com.st.stm32cube.ide.mcu.externaltools.gnu-tools-for-stm32.11.3.rel1.win32_1.1.0.202305231506/tools/bin/../lib/gcc/arm-none-eabi/11.3.1/../../../../arm-none-eabi/bin/ld.exe: ./Core/Src/stm32f7xx_it.o: in function `TIM1_UP_TIM10_IRQHandler':
C:/Users/honho/STM32CubeIDE/MAD_Lab/Lab6/Debug/../Core/Src/stm32f7xx_it.c:214: undefined reference to `count'
collect2.exe: error: ld returned 1 exit status
make: *** [makefile:64: Lab6.elf] Error 1
"make -j16 all" terminated with exit code 2. Build might be incomplete.
14:21:54 **** Incremental Build of configuration Debug for project Lab6 ****
make -j16 all 
arm-none-eabi-gcc "../Core/Src/main.c" -mcpu=cortex-m7 -std=gnu11 -g3 -DDEBUG -DUSE_HAL_DRIVER -DSTM32F767xx -c -I../Core/Inc -IC:/Users/honho/STM32Cube/Repository/STM32Cube_FW_F7_V1.17.1/Drivers/STM32F7xx_HAL_Driver/Inc -IC:/Users/honho/STM32Cube/Repository/STM32Cube_FW_F7_V1.17.1/Drivers/STM32F7xx_HAL_Driver/Inc/Legacy -IC:/Users/honho/STM32Cube/Repository/STM32Cube_FW_F7_V1.17.1/Drivers/CMSIS/Device/ST/STM32F7xx/Include -IC:/Users/honho/STM32Cube/Repository/STM32Cube_FW_F7_V1.17.1/Drivers/CMSIS/Include -O0 -ffunction-sections -fdata-sections -Wall -fstack-usage -fcyclomatic-complexity -MMD -MP -MF"Core/Src/main.d" -MT"Core/Src/main.o" --specs=nano.specs -mfpu=fpv5-d16 -mfloat-abi=hard -mthumb -o "Core/Src/main.o"
../Core/Src/main.c: In function 'main':
../Core/Src/main.c:105:11: warning: implicit declaration of function 'displayNumber' [-Wimplicit-function-declaration]
  105 |           displayNumber(count);
      |           ^~~~~~~~~~~~~
arm-none-eabi-gcc -o "Lab6.elf" @"objects.list"   -mcpu=cortex-m7 -T"C:\Users\honho\STM32CubeIDE\MAD_Lab\Lab6\STM32F767ZITX_FLASH.ld" --specs=nosys.specs -Wl,-Map="Lab6.map" -Wl,--gc-sections -static --specs=nano.specs -mfpu=fpv5-d16 -mfloat-abi=hard -mthumb -Wl,--start-group -lc -lm -Wl,--end-group
C:/ST/STM32CubeIDE_1.13.0/STM32CubeIDE/plugins/com.st.stm32cube.ide.mcu.externaltools.gnu-tools-for-stm32.11.3.rel1.win32_1.1.0.202305231506/tools/bin/../lib/gcc/arm-none-eabi/11.3.1/../../../../arm-none-eabi/bin/ld.exe: ./Core/Src/main.o: in function `main':
C:/Users/honho/STM32CubeIDE/MAD_Lab/Lab6/Debug/../Core/Src/main.c:105: undefined reference to `displayNumber'
C:/ST/STM32CubeIDE_1.13.0/STM32CubeIDE/plugins/com.st.stm32cube.ide.mcu.externaltools.gnu-tools-for-stm32.11.3.rel1.win32_1.1.0.202305231506/tools/bin/../lib/gcc/arm-none-eabi/11.3.1/../../../../arm-none-eabi/bin/ld.exe: C:/Users/honho/STM32CubeIDE/MAD_Lab/Lab6/Debug/../Core/Src/main.c:101: undefined reference to `count'
C:/ST/STM32CubeIDE_1.13.0/STM32CubeIDE/plugins/com.st.stm32cube.ide.mcu.externaltools.gnu-tools-for-stm32.11.3.rel1.win32_1.1.0.202305231506/tools/bin/../lib/gcc/arm-none-eabi/11.3.1/../../../../arm-none-eabi/bin/ld.exe: ./Core/Src/stm32f7xx_it.o: in function `TIM1_UP_TIM10_IRQHandler':
C:/Users/honho/STM32CubeIDE/MAD_Lab/Lab6/Debug/../Core/Src/stm32f7xx_it.c:214: undefined reference to `count'
collect2.exe: error: ld returned 1 exit status
make: *** [makefile:64: Lab6.elf] Error 1
"make -j16 all" terminated with exit code 2. Build might be incomplete.
14:22:31 **** Incremental Build of configuration Debug for project Lab6 ****
make -j16 all 
arm-none-eabi-gcc -o "Lab6.elf" @"objects.list"   -mcpu=cortex-m7 -T"C:\Users\honho\STM32CubeIDE\MAD_Lab\Lab6\STM32F767ZITX_FLASH.ld" --specs=nosys.specs -Wl,-Map="Lab6.map" -Wl,--gc-sections -static --specs=nano.specs -mfpu=fpv5-d16 -mfloat-abi=hard -mthumb -Wl,--start-group -lc -lm -Wl,--end-group
C:/ST/STM32CubeIDE_1.13.0/STM32CubeIDE/plugins/com.st.stm32cube.ide.mcu.externaltools.gnu-tools-for-stm32.11.3.rel1.win32_1.1.0.202305231506/tools/bin/../lib/gcc/arm-none-eabi/11.3.1/../../../../arm-none-eabi/bin/ld.exe: ./Core/Src/main.o: in function `main':
C:/Users/honho/STM32CubeIDE/MAD_Lab/Lab6/Debug/../Core/Src/main.c:105: undefined reference to `displayNumber'
C:/ST/STM32CubeIDE_1.13.0/STM32CubeIDE/plugins/com.st.stm32cube.ide.mcu.externaltools.gnu-tools-for-stm32.11.3.rel1.win32_1.1.0.202305231506/tools/bin/../lib/gcc/arm-none-eabi/11.3.1/../../../../arm-none-eabi/bin/ld.exe: C:/Users/honho/STM32CubeIDE/MAD_Lab/Lab6/Debug/../Core/Src/main.c:101: undefined reference to `count'
C:/ST/STM32CubeIDE_1.13.0/STM32CubeIDE/plugins/com.st.stm32cube.ide.mcu.externaltools.gnu-tools-for-stm32.11.3.rel1.win32_1.1.0.202305231506/tools/bin/../lib/gcc/arm-none-eabi/11.3.1/../../../../arm-none-eabi/bin/ld.exe: ./Core/Src/stm32f7xx_it.o: in function `TIM1_UP_TIM10_IRQHandler':
C:/Users/honho/STM32CubeIDE/MAD_Lab/Lab6/Debug/../Core/Src/stm32f7xx_it.c:214: undefined reference to `count'
collect2.exe: error: ld returned 1 exit status
make: *** [makefile:64: Lab6.elf] Error 1
"make -j16 all" terminated with exit code 2. Build might be incomplete.
14:23:42 **** Incremental Build of configuration Debug for project Lab6 ****
make -j16 all 
arm-none-eabi-gcc -o "Lab6.elf" @"objects.list"   -mcpu=cortex-m7 -T"C:\Users\honho\STM32CubeIDE\MAD_Lab\Lab6\STM32F767ZITX_FLASH.ld" --specs=nosys.specs -Wl,-Map="Lab6.map" -Wl,--gc-sections -static --specs=nano.specs -mfpu=fpv5-d16 -mfloat-abi=hard -mthumb -Wl,--start-group -lc -lm -Wl,--end-group
C:/ST/STM32CubeIDE_1.13.0/STM32CubeIDE/plugins/com.st.stm32cube.ide.mcu.externaltools.gnu-tools-for-stm32.11.3.rel1.win32_1.1.0.202305231506/tools/bin/../lib/gcc/arm-none-eabi/11.3.1/../../../../arm-none-eabi/bin/ld.exe: ./Core/Src/main.o: in function `main':
C:/Users/honho/STM32CubeIDE/MAD_Lab/Lab6/Debug/../Core/Src/main.c:105: undefined reference to `displayNumber'
C:/ST/STM32CubeIDE_1.13.0/STM32CubeIDE/plugins/com.st.stm32cube.ide.mcu.externaltools.gnu-tools-for-stm32.11.3.rel1.win32_1.1.0.202305231506/tools/bin/../lib/gcc/arm-none-eabi/11.3.1/../../../../arm-none-eabi/bin/ld.exe: C:/Users/honho/STM32CubeIDE/MAD_Lab/Lab6/Debug/../Core/Src/main.c:101: undefined reference to `count'
C:/ST/STM32CubeIDE_1.13.0/STM32CubeIDE/plugins/com.st.stm32cube.ide.mcu.externaltools.gnu-tools-for-stm32.11.3.rel1.win32_1.1.0.202305231506/tools/bin/../lib/gcc/arm-none-eabi/11.3.1/../../../../arm-none-eabi/bin/ld.exe: ./Core/Src/stm32f7xx_it.o: in function `TIM1_UP_TIM10_IRQHandler':
C:/Users/honho/STM32CubeIDE/MAD_Lab/Lab6/Debug/../Core/Src/stm32f7xx_it.c:214: undefined reference to `count'
collect2.exe: error: ld returned 1 exit status
make: *** [makefile:64: Lab6.elf] Error 1
"make -j16 all" terminated with exit code 2. Build might be incomplete.
14:23:57 **** Incremental Build of configuration Debug for project Lab6 ****
make -j16 all 
arm-none-eabi-gcc -o "Lab6.elf" @"objects.list"   -mcpu=cortex-m7 -T"C:\Users\honho\STM32CubeIDE\MAD_Lab\Lab6\STM32F767ZITX_FLASH.ld" --specs=nosys.specs -Wl,-Map="Lab6.map" -Wl,--gc-sections -static --specs=nano.specs -mfpu=fpv5-d16 -mfloat-abi=hard -mthumb -Wl,--start-group -lc -lm -Wl,--end-group
C:/ST/STM32CubeIDE_1.13.0/STM32CubeIDE/plugins/com.st.stm32cube.ide.mcu.externaltools.gnu-tools-for-stm32.11.3.rel1.win32_1.1.0.202305231506/tools/bin/../lib/gcc/arm-none-eabi/11.3.1/../../../../arm-none-eabi/bin/ld.exe: ./Core/Src/main.o: in function `main':
C:/Users/honho/STM32CubeIDE/MAD_Lab/Lab6/Debug/../Core/Src/main.c:105: undefined reference to `displayNumber'
C:/ST/STM32CubeIDE_1.13.0/STM32CubeIDE/plugins/com.st.stm32cube.ide.mcu.externaltools.gnu-tools-for-stm32.11.3.rel1.win32_1.1.0.202305231506/tools/bin/../lib/gcc/arm-none-eabi/11.3.1/../../../../arm-none-eabi/bin/ld.exe: C:/Users/honho/STM32CubeIDE/MAD_Lab/Lab6/Debug/../Core/Src/main.c:101: undefined reference to `count'
C:/ST/STM32CubeIDE_1.13.0/STM32CubeIDE/plugins/com.st.stm32cube.ide.mcu.externaltools.gnu-tools-for-stm32.11.3.rel1.win32_1.1.0.202305231506/tools/bin/../lib/gcc/arm-none-eabi/11.3.1/../../../../arm-none-eabi/bin/ld.exe: ./Core/Src/stm32f7xx_it.o: in function `TIM1_UP_TIM10_IRQHandler':
C:/Users/honho/STM32CubeIDE/MAD_Lab/Lab6/Debug/../Core/Src/stm32f7xx_it.c:214: undefined reference to `count'
collect2.exe: error: ld returned 1 exit status
make: *** [makefile:64: Lab6.elf] Error 1
"make -j16 all" terminated with exit code 2. Build might be incomplete.
14:25:10 **** Incremental Build of configuration Debug for project Lab6 ****
make -j16 all 
arm-none-eabi-gcc "../Core/Src/main.c" -mcpu=cortex-m7 -std=gnu11 -g3 -DDEBUG -DUSE_HAL_DRIVER -DSTM32F767xx -c -I../Core/Inc -IC:/Users/honho/STM32Cube/Repository/STM32Cube_FW_F7_V1.17.1/Drivers/STM32F7xx_HAL_Driver/Inc -IC:/Users/honho/STM32Cube/Repository/STM32Cube_FW_F7_V1.17.1/Drivers/STM32F7xx_HAL_Driver/Inc/Legacy -IC:/Users/honho/STM32Cube/Repository/STM32Cube_FW_F7_V1.17.1/Drivers/CMSIS/Device/ST/STM32F7xx/Include -IC:/Users/honho/STM32Cube/Repository/STM32Cube_FW_F7_V1.17.1/Drivers/CMSIS/Include -O0 -ffunction-sections -fdata-sections -Wall -fstack-usage -fcyclomatic-complexity -MMD -MP -MF"Core/Src/main.d" -MT"Core/Src/main.o" --specs=nano.specs -mfpu=fpv5-d16 -mfloat-abi=hard -mthumb -o "Core/Src/main.o"
../Core/Src/main.c: In function 'main':
../Core/Src/main.c:105:11: warning: implicit declaration of function 'displayNumber' [-Wimplicit-function-declaration]
  105 |           displayNumber(count);
      |           ^~~~~~~~~~~~~
../Core/Src/main.c: At top level:
../Core/Src/main.c:167:20: error: unknown type name 'uint_32'
  167 | void displayNumber(uint_32 count){
      |                    ^~~~~~~
make: *** [Core/Src/subdir.mk:43: Core/Src/main.o] Error 1
"make -j16 all" terminated with exit code 2. Build might be incomplete.
14:26:25 **** Incremental Build of configuration Debug for project Lab6 ****
make -j16 all 
arm-none-eabi-gcc "../Core/Src/main.c" -mcpu=cortex-m7 -std=gnu11 -g3 -DDEBUG -DUSE_HAL_DRIVER -DSTM32F767xx -c -I../Core/Inc -IC:/Users/honho/STM32Cube/Repository/STM32Cube_FW_F7_V1.17.1/Drivers/STM32F7xx_HAL_Driver/Inc -IC:/Users/honho/STM32Cube/Repository/STM32Cube_FW_F7_V1.17.1/Drivers/STM32F7xx_HAL_Driver/Inc/Legacy -IC:/Users/honho/STM32Cube/Repository/STM32Cube_FW_F7_V1.17.1/Drivers/CMSIS/Device/ST/STM32F7xx/Include -IC:/Users/honho/STM32Cube/Repository/STM32Cube_FW_F7_V1.17.1/Drivers/CMSIS/Include -O0 -ffunction-sections -fdata-sections -Wall -fstack-usage -fcyclomatic-complexity -MMD -MP -MF"Core/Src/main.d" -MT"Core/Src/main.o" --specs=nano.specs -mfpu=fpv5-d16 -mfloat-abi=hard -mthumb -o "Core/Src/main.o"
../Core/Src/main.c: In function 'main':
../Core/Src/main.c:105:11: warning: implicit declaration of function 'displayNumber' [-Wimplicit-function-declaration]
  105 |           displayNumber(count);
      |           ^~~~~~~~~~~~~
../Core/Src/main.c: At top level:
../Core/Src/main.c:167:20: error: unknown type name 'uint_32'
  167 | void displayNumber(uint_32 count){
      |                    ^~~~~~~
make: *** [Core/Src/subdir.mk:43: Core/Src/main.o] Error 1
"make -j16 all" terminated with exit code 2. Build might be incomplete.
14:26:39 **** Incremental Build of configuration Debug for project Lab6 ****
make -j16 all 
arm-none-eabi-gcc "../Core/Src/main.c" -mcpu=cortex-m7 -std=gnu11 -g3 -DDEBUG -DUSE_HAL_DRIVER -DSTM32F767xx -c -I../Core/Inc -IC:/Users/honho/STM32Cube/Repository/STM32Cube_FW_F7_V1.17.1/Drivers/STM32F7xx_HAL_Driver/Inc -IC:/Users/honho/STM32Cube/Repository/STM32Cube_FW_F7_V1.17.1/Drivers/STM32F7xx_HAL_Driver/Inc/Legacy -IC:/Users/honho/STM32Cube/Repository/STM32Cube_FW_F7_V1.17.1/Drivers/CMSIS/Device/ST/STM32F7xx/Include -IC:/Users/honho/STM32Cube/Repository/STM32Cube_FW_F7_V1.17.1/Drivers/CMSIS/Include -O0 -ffunction-sections -fdata-sections -Wall -fstack-usage -fcyclomatic-complexity -MMD -MP -MF"Core/Src/main.d" -MT"Core/Src/main.o" --specs=nano.specs -mfpu=fpv5-d16 -mfloat-abi=hard -mthumb -o "Core/Src/main.o"
../Core/Src/main.c: In function 'main':
../Core/Src/main.c:105:11: warning: implicit declaration of function 'displayNumber' [-Wimplicit-function-declaration]
  105 |           displayNumber(count);
      |           ^~~~~~~~~~~~~
../Core/Src/main.c: At top level:
../Core/Src/main.c:167:6: warning: conflicting types for 'displayNumber'; have 'void(uint32_t)' {aka 'void(long unsigned int)'}
  167 | void displayNumber(uint32_t count){
      |      ^~~~~~~~~~~~~
../Core/Src/main.c:105:11: note: previous implicit declaration of 'displayNumber' with type 'void(uint32_t)' {aka 'void(long unsigned int)'}
  105 |           displayNumber(count);
      |           ^~~~~~~~~~~~~
arm-none-eabi-gcc -o "Lab6.elf" @"objects.list"   -mcpu=cortex-m7 -T"C:\Users\honho\STM32CubeIDE\MAD_Lab\Lab6\STM32F767ZITX_FLASH.ld" --specs=nosys.specs -Wl,-Map="Lab6.map" -Wl,--gc-sections -static --specs=nano.specs -mfpu=fpv5-d16 -mfloat-abi=hard -mthumb -Wl,--start-group -lc -lm -Wl,--end-group
Finished building target: Lab6.elf
 
arm-none-eabi-size   Lab6.elf 
arm-none-eabi-objdump -h -S  Lab6.elf  > "Lab6.list"
   text	   data	    bss	    dec	    hex	filename
  13924	     20	   1860	  15804	   3dbc	Lab6.elf
Finished building: default.size.stdout
 
Finished building: Lab6.list
 
14:28:36 **** Incremental Build of configuration Debug for project Lab6 ****
make -j16 all 
arm-none-eabi-gcc "../Core/Src/main.c" -mcpu=cortex-m7 -std=gnu11 -g3 -DDEBUG -DUSE_HAL_DRIVER -DSTM32F767xx -c -I../Core/Inc -IC:/Users/honho/STM32Cube/Repository/STM32Cube_FW_F7_V1.17.1/Drivers/STM32F7xx_HAL_Driver/Inc -IC:/Users/honho/STM32Cube/Repository/STM32Cube_FW_F7_V1.17.1/Drivers/STM32F7xx_HAL_Driver/Inc/Legacy -IC:/Users/honho/STM32Cube/Repository/STM32Cube_FW_F7_V1.17.1/Drivers/CMSIS/Device/ST/STM32F7xx/Include -IC:/Users/honho/STM32Cube/Repository/STM32Cube_FW_F7_V1.17.1/Drivers/CMSIS/Include -O0 -ffunction-sections -fdata-sections -Wall -fstack-usage -fcyclomatic-complexity -MMD -MP -MF"Core/Src/main.d" -MT"Core/Src/main.o" --specs=nano.specs -mfpu=fpv5-d16 -mfloat-abi=hard -mthumb -o "Core/Src/main.o"
../Core/Src/main.c: In function 'main':
../Core/Src/main.c:105:11: warning: implicit declaration of function 'displayNumber' [-Wimplicit-function-declaration]
  105 |           displayNumber(count);
      |           ^~~~~~~~~~~~~
../Core/Src/main.c: At top level:
../Core/Src/main.c:167:6: warning: conflicting types for 'displayNumber'; have 'void(uint32_t)' {aka 'void(long unsigned int)'}
  167 | void displayNumber(uint32_t count){
      |      ^~~~~~~~~~~~~
../Core/Src/main.c:105:11: note: previous implicit declaration of 'displayNumber' with type 'void(uint32_t)' {aka 'void(long unsigned int)'}
  105 |           displayNumber(count);
      |           ^~~~~~~~~~~~~
../Core/Src/main.c: In function 'displayNumber':
../Core/Src/main.c:170:17: warning: implicit declaration of function 'sprintf' [-Wimplicit-function-declaration]
  170 |                 sprintf(Str, "%d" , count);
      |                 ^~~~~~~
../Core/Src/main.c:24:1: note: include '<stdio.h>' or provide a declaration of 'sprintf'
   23 | #include "gpio.h"
  +++ |+#include <stdio.h>
   24 | 
../Core/Src/main.c:170:17: warning: incompatible implicit declaration of built-in function 'sprintf' [-Wbuiltin-declaration-mismatch]
  170 |                 sprintf(Str, "%d" , count);
      |                 ^~~~~~~
../Core/Src/main.c:170:17: note: include '<stdio.h>' or provide a declaration of 'sprintf'
../Core/Src/main.c:170:32: warning: format '%d' expects argument of type 'int', but argument 3 has type 'uint32_t' {aka 'long unsigned int'} [-Wformat=]
  170 |                 sprintf(Str, "%d" , count);
      |                               ~^    ~~~~~
      |                                |    |
      |                                int  uint32_t {aka long unsigned int}
      |                               %ld
../Core/Src/main.c:172:60: warning: implicit declaration of function 'strlen' [-Wimplicit-function-declaration]
  172 |                 HAL_UART_Transmit(&huart3, (uint8_t*) &Str,strlen(Str),1000);
      |                                                            ^~~~~~
../Core/Src/main.c:24:1: note: include '<string.h>' or provide a declaration of 'strlen'
   23 | #include "gpio.h"
  +++ |+#include <string.h>
   24 | 
../Core/Src/main.c:172:60: warning: incompatible implicit declaration of built-in function 'strlen' [-Wbuiltin-declaration-mismatch]
  172 |                 HAL_UART_Transmit(&huart3, (uint8_t*) &Str,strlen(Str),1000);
      |                                                            ^~~~~~
../Core/Src/main.c:172:60: note: include '<string.h>' or provide a declaration of 'strlen'
arm-none-eabi-gcc -o "Lab6.elf" @"objects.list"   -mcpu=cortex-m7 -T"C:\Users\honho\STM32CubeIDE\MAD_Lab\Lab6\STM32F767ZITX_FLASH.ld" --specs=nosys.specs -Wl,-Map="Lab6.map" -Wl,--gc-sections -static --specs=nano.specs -mfpu=fpv5-d16 -mfloat-abi=hard -mthumb -Wl,--start-group -lc -lm -Wl,--end-group
Finished building target: Lab6.elf
 
arm-none-eabi-size   Lab6.elf 
arm-none-eabi-objdump -h -S  Lab6.elf  > "Lab6.list"
   text	   data	    bss	    dec	    hex	filename
  16864	    100	   2196	  19160	   4ad8	Lab6.elf
Finished building: default.size.stdout
 
Finished building: Lab6.list
 
14:32:43 **** Incremental Build of configuration Debug for project Lab6 ****
make -j16 all 
arm-none-eabi-gcc "../Core/Src/main.c" -mcpu=cortex-m7 -std=gnu11 -g3 -DDEBUG -DUSE_HAL_DRIVER -DSTM32F767xx -c -I../Core/Inc -IC:/Users/honho/STM32Cube/Repository/STM32Cube_FW_F7_V1.17.1/Drivers/STM32F7xx_HAL_Driver/Inc -IC:/Users/honho/STM32Cube/Repository/STM32Cube_FW_F7_V1.17.1/Drivers/STM32F7xx_HAL_Driver/Inc/Legacy -IC:/Users/honho/STM32Cube/Repository/STM32Cube_FW_F7_V1.17.1/Drivers/CMSIS/Device/ST/STM32F7xx/Include -IC:/Users/honho/STM32Cube/Repository/STM32Cube_FW_F7_V1.17.1/Drivers/CMSIS/Include -O0 -ffunction-sections -fdata-sections -Wall -fstack-usage -fcyclomatic-complexity -MMD -MP -MF"Core/Src/main.d" -MT"Core/Src/main.o" --specs=nano.specs -mfpu=fpv5-d16 -mfloat-abi=hard -mthumb -o "Core/Src/main.o"
../Core/Src/main.c: In function 'main':
../Core/Src/main.c:105:11: warning: implicit declaration of function 'displayNumber' [-Wimplicit-function-declaration]
  105 |           displayNumber(count);
      |           ^~~~~~~~~~~~~
../Core/Src/main.c: At top level:
../Core/Src/main.c:167:6: warning: conflicting types for 'displayNumber'; have 'void(uint32_t)' {aka 'void(long unsigned int)'}
  167 | void displayNumber(uint32_t count){
      |      ^~~~~~~~~~~~~
../Core/Src/main.c:105:11: note: previous implicit declaration of 'displayNumber' with type 'void(uint32_t)' {aka 'void(long unsigned int)'}
  105 |           displayNumber(count);
      |           ^~~~~~~~~~~~~
../Core/Src/main.c: In function 'displayNumber':
../Core/Src/main.c:170:17: warning: implicit declaration of function 'sprintf' [-Wimplicit-function-declaration]
  170 |                 sprintf(Str, "%d\n" , count);
      |                 ^~~~~~~
../Core/Src/main.c:24:1: note: include '<stdio.h>' or provide a declaration of 'sprintf'
   23 | #include "gpio.h"
  +++ |+#include <stdio.h>
   24 | 
../Core/Src/main.c:170:17: warning: incompatible implicit declaration of built-in function 'sprintf' [-Wbuiltin-declaration-mismatch]
  170 |                 sprintf(Str, "%d\n" , count);
      |                 ^~~~~~~
../Core/Src/main.c:170:17: note: include '<stdio.h>' or provide a declaration of 'sprintf'
../Core/Src/main.c:170:32: warning: format '%d' expects argument of type 'int', but argument 3 has type 'uint32_t' {aka 'long unsigned int'} [-Wformat=]
  170 |                 sprintf(Str, "%d\n" , count);
      |                               ~^      ~~~~~
      |                                |      |
      |                                int    uint32_t {aka long unsigned int}
      |                               %ld
../Core/Src/main.c:172:60: warning: implicit declaration of function 'strlen' [-Wimplicit-function-declaration]
  172 |                 HAL_UART_Transmit(&huart3, (uint8_t*) &Str,strlen(Str),1000);
      |                                                            ^~~~~~
../Core/Src/main.c:24:1: note: include '<string.h>' or provide a declaration of 'strlen'
   23 | #include "gpio.h"
  +++ |+#include <string.h>
   24 | 
../Core/Src/main.c:172:60: warning: incompatible implicit declaration of built-in function 'strlen' [-Wbuiltin-declaration-mismatch]
  172 |                 HAL_UART_Transmit(&huart3, (uint8_t*) &Str,strlen(Str),1000);
      |                                                            ^~~~~~
../Core/Src/main.c:172:60: note: include '<string.h>' or provide a declaration of 'strlen'
arm-none-eabi-gcc -o "Lab6.elf" @"objects.list"   -mcpu=cortex-m7 -T"C:\Users\honho\STM32CubeIDE\MAD_Lab\Lab6\STM32F767ZITX_FLASH.ld" --specs=nosys.specs -Wl,-Map="Lab6.map" -Wl,--gc-sections -static --specs=nano.specs -mfpu=fpv5-d16 -mfloat-abi=hard -mthumb -Wl,--start-group -lc -lm -Wl,--end-group
Finished building target: Lab6.elf
 
arm-none-eabi-size   Lab6.elf 
arm-none-eabi-objdump -h -S  Lab6.elf  > "Lab6.list"
   text	   data	    bss	    dec	    hex	filename
  16864	    100	   2196	  19160	   4ad8	Lab6.elf
Finished building: default.size.stdout
 
Finished building: Lab6.list
 
14:33:20 **** Incremental Build of configuration Debug for project Lab6 ****
make -j16 all 
arm-none-eabi-gcc "../Core/Src/main.c" -mcpu=cortex-m7 -std=gnu11 -g3 -DDEBUG -DUSE_HAL_DRIVER -DSTM32F767xx -c -I../Core/Inc -IC:/Users/honho/STM32Cube/Repository/STM32Cube_FW_F7_V1.17.1/Drivers/STM32F7xx_HAL_Driver/Inc -IC:/Users/honho/STM32Cube/Repository/STM32Cube_FW_F7_V1.17.1/Drivers/STM32F7xx_HAL_Driver/Inc/Legacy -IC:/Users/honho/STM32Cube/Repository/STM32Cube_FW_F7_V1.17.1/Drivers/CMSIS/Device/ST/STM32F7xx/Include -IC:/Users/honho/STM32Cube/Repository/STM32Cube_FW_F7_V1.17.1/Drivers/CMSIS/Include -O0 -ffunction-sections -fdata-sections -Wall -fstack-usage -fcyclomatic-complexity -MMD -MP -MF"Core/Src/main.d" -MT"Core/Src/main.o" --specs=nano.specs -mfpu=fpv5-d16 -mfloat-abi=hard -mthumb -o "Core/Src/main.o"
../Core/Src/main.c: In function 'main':
../Core/Src/main.c:105:11: warning: implicit declaration of function 'displayNumber' [-Wimplicit-function-declaration]
  105 |           displayNumber(count);
      |           ^~~~~~~~~~~~~
../Core/Src/main.c: At top level:
../Core/Src/main.c:167:6: warning: conflicting types for 'displayNumber'; have 'void(uint32_t)' {aka 'void(long unsigned int)'}
  167 | void displayNumber(uint32_t count){
      |      ^~~~~~~~~~~~~
../Core/Src/main.c:105:11: note: previous implicit declaration of 'displayNumber' with type 'void(uint32_t)' {aka 'void(long unsigned int)'}
  105 |           displayNumber(count);
      |           ^~~~~~~~~~~~~
../Core/Src/main.c: In function 'displayNumber':
../Core/Src/main.c:170:17: warning: implicit declaration of function 'sprintf' [-Wimplicit-function-declaration]
  170 |                 sprintf(Str, "%d\n\r" , count);
      |                 ^~~~~~~
../Core/Src/main.c:24:1: note: include '<stdio.h>' or provide a declaration of 'sprintf'
   23 | #include "gpio.h"
  +++ |+#include <stdio.h>
   24 | 
../Core/Src/main.c:170:17: warning: incompatible implicit declaration of built-in function 'sprintf' [-Wbuiltin-declaration-mismatch]
  170 |                 sprintf(Str, "%d\n\r" , count);
      |                 ^~~~~~~
../Core/Src/main.c:170:17: note: include '<stdio.h>' or provide a declaration of 'sprintf'
../Core/Src/main.c:170:32: warning: format '%d' expects argument of type 'int', but argument 3 has type 'uint32_t' {aka 'long unsigned int'} [-Wformat=]
  170 |                 sprintf(Str, "%d\n\r" , count);
      |                               ~^        ~~~~~
      |                                |        |
      |                                int      uint32_t {aka long unsigned int}
      |                               %ld
../Core/Src/main.c:172:60: warning: implicit declaration of function 'strlen' [-Wimplicit-function-declaration]
  172 |                 HAL_UART_Transmit(&huart3, (uint8_t*) &Str,strlen(Str),1000);
      |                                                            ^~~~~~
../Core/Src/main.c:24:1: note: include '<string.h>' or provide a declaration of 'strlen'
   23 | #include "gpio.h"
  +++ |+#include <string.h>
   24 | 
../Core/Src/main.c:172:60: warning: incompatible implicit declaration of built-in function 'strlen' [-Wbuiltin-declaration-mismatch]
  172 |                 HAL_UART_Transmit(&huart3, (uint8_t*) &Str,strlen(Str),1000);
      |                                                            ^~~~~~
../Core/Src/main.c:172:60: note: include '<string.h>' or provide a declaration of 'strlen'
arm-none-eabi-gcc -o "Lab6.elf" @"objects.list"   -mcpu=cortex-m7 -T"C:\Users\honho\STM32CubeIDE\MAD_Lab\Lab6\STM32F767ZITX_FLASH.ld" --specs=nosys.specs -Wl,-Map="Lab6.map" -Wl,--gc-sections -static --specs=nano.specs -mfpu=fpv5-d16 -mfloat-abi=hard -mthumb -Wl,--start-group -lc -lm -Wl,--end-group
Finished building target: Lab6.elf
 
arm-none-eabi-size   Lab6.elf 
arm-none-eabi-objdump -h -S  Lab6.elf  > "Lab6.list"
   text	   data	    bss	    dec	    hex	filename
  16868	    100	   2196	  19164	   4adc	Lab6.elf
Finished building: default.size.stdout
 
Finished building: Lab6.list
 
15:26:39 **** Build of configuration Debug for project Lab602 ****
make -j16 all 
arm-none-eabi-gcc "C:/Users/honho/STM32Cube/Repository/STM32Cube_FW_F7_V1.17.1/Drivers/STM32F7xx_HAL_Driver/Src/stm32f7xx_hal.c" -mcpu=cortex-m7 -std=gnu11 -g3 -DDEBUG -DUSE_HAL_DRIVER -DSTM32F767xx -c -I../Core/Inc -IC:/Users/honho/STM32Cube/Repository/STM32Cube_FW_F7_V1.17.1/Drivers/STM32F7xx_HAL_Driver/Inc -IC:/Users/honho/STM32Cube/Repository/STM32Cube_FW_F7_V1.17.1/Drivers/STM32F7xx_HAL_Driver/Inc/Legacy -IC:/Users/honho/STM32Cube/Repository/STM32Cube_FW_F7_V1.17.1/Drivers/CMSIS/Device/ST/STM32F7xx/Include -IC:/Users/honho/STM32Cube/Repository/STM32Cube_FW_F7_V1.17.1/Drivers/CMSIS/Include -O0 -ffunction-sections -fdata-sections -Wall -fstack-usage -fcyclomatic-complexity -MMD -MP -MF"Drivers/STM32F7xx_HAL_Driver/stm32f7xx_hal.d" -MT"Drivers/STM32F7xx_HAL_Driver/stm32f7xx_hal.o" --specs=nano.specs -mfpu=fpv5-d16 -mfloat-abi=hard -mthumb -o "Drivers/STM32F7xx_HAL_Driver/stm32f7xx_hal.o"
arm-none-eabi-gcc "C:/Users/honho/STM32Cube/Repository/STM32Cube_FW_F7_V1.17.1/Drivers/STM32F7xx_HAL_Driver/Src/stm32f7xx_hal_cortex.c" -mcpu=cortex-m7 -std=gnu11 -g3 -DDEBUG -DUSE_HAL_DRIVER -DSTM32F767xx -c -I../Core/Inc -IC:/Users/honho/STM32Cube/Repository/STM32Cube_FW_F7_V1.17.1/Drivers/STM32F7xx_HAL_Driver/Inc -IC:/Users/honho/STM32Cube/Repository/STM32Cube_FW_F7_V1.17.1/Drivers/STM32F7xx_HAL_Driver/Inc/Legacy -IC:/Users/honho/STM32Cube/Repository/STM32Cube_FW_F7_V1.17.1/Drivers/CMSIS/Device/ST/STM32F7xx/Include -IC:/Users/honho/STM32Cube/Repository/STM32Cube_FW_F7_V1.17.1/Drivers/CMSIS/Include -O0 -ffunction-sections -fdata-sections -Wall -fstack-usage -fcyclomatic-complexity -MMD -MP -MF"Drivers/STM32F7xx_HAL_Driver/stm32f7xx_hal_cortex.d" -MT"Drivers/STM32F7xx_HAL_Driver/stm32f7xx_hal_cortex.o" --specs=nano.specs -mfpu=fpv5-d16 -mfloat-abi=hard -mthumb -o "Drivers/STM32F7xx_HAL_Driver/stm32f7xx_hal_cortex.o"
[...]
      |                 ^~
../Core/Src/main.c:196:17: warning: comparison with string literal results in unspecified behavior [-Waddress]
../Core/Src/main.c: At top level:
../Core/Src/main.c:60:13: warning: 'MPU_Initialize' declared 'static' but never defined [-Wunused-function]
   60 | static void MPU_Initialize(void);
      |             ^~~~~~~~~~~~~~
arm-none-eabi-gcc -o "Lab7.elf" @"objects.list"   -mcpu=cortex-m7 -T"C:\Users\honho\STM32CubeIDE\MAD_Lab\Lab7\STM32F767ZITX_FLASH.ld" --specs=nosys.specs -Wl,-Map="Lab7.map" -Wl,--gc-sections -static --specs=nano.specs -mfpu=fpv5-d16 -mfloat-abi=hard -mthumb -Wl,--start-group -lc -lm -Wl,--end-group
Finished building target: Lab7.elf
 
arm-none-eabi-size   Lab7.elf 
arm-none-eabi-objdump -h -S  Lab7.elf  > "Lab7.list"
   text	   data	    bss	    dec	    hex	filename
  17456	     20	   1924	  19400	   4bc8	Lab7.elf
Finished building: default.size.stdout
 
Finished building: Lab7.list
 
14:10:35 **** Incremental Build of configuration Debug for project Lab7 ****
make -j16 all 
arm-none-eabi-gcc "../Core/Src/main.c" -mcpu=cortex-m7 -std=gnu11 -g3 -DDEBUG -DUSE_HAL_DRIVER -DSTM32F767xx -c -I../Core/Inc -IC:/Users/honho/STM32Cube/Repository/STM32Cube_FW_F7_V1.17.1/Drivers/STM32F7xx_HAL_Driver/Inc -IC:/Users/honho/STM32Cube/Repository/STM32Cube_FW_F7_V1.17.1/Drivers/STM32F7xx_HAL_Driver/Inc/Legacy -IC:/Users/honho/STM32Cube/Repository/STM32Cube_FW_F7_V1.17.1/Drivers/CMSIS/Device/ST/STM32F7xx/Include -IC:/Users/honho/STM32Cube/Repository/STM32Cube_FW_F7_V1.17.1/Drivers/CMSIS/Include -O0 -ffunction-sections -fdata-sections -Wall -fstack-usage -fcyclomatic-complexity -MMD -MP -MF"Core/Src/main.d" -MT"Core/Src/main.o" --specs=nano.specs -mfpu=fpv5-d16 -mfloat-abi=hard -mthumb -o "Core/Src/main.o"
../Core/Src/main.c: In function 'HAL_UART_RxCpltCallback':
../Core/Src/main.c:196:17: warning: comparison between pointer and integer
  196 |           if(ch1=="r"){
      |                 ^~
../Core/Src/main.c:196:17: warning: comparison with string literal results in unspecified behavior [-Waddress]
../Core/Src/main.c: At top level:
../Core/Src/main.c:60:13: warning: 'MPU_Initialize' declared 'static' but never defined [-Wunused-function]
   60 | static void MPU_Initialize(void);
      |             ^~~~~~~~~~~~~~
arm-none-eabi-gcc -o "Lab7.elf" @"objects.list"   -mcpu=cortex-m7 -T"C:\Users\honho\STM32CubeIDE\MAD_Lab\Lab7\STM32F767ZITX_FLASH.ld" --specs=nosys.specs -Wl,-Map="Lab7.map" -Wl,--gc-sections -static --specs=nano.specs -mfpu=fpv5-d16 -mfloat-abi=hard -mthumb -Wl,--start-group -lc -lm -Wl,--end-group
Finished building target: Lab7.elf
 
arm-none-eabi-size   Lab7.elf 
arm-none-eabi-objdump -h -S  Lab7.elf  > "Lab7.list"
   text	   data	    bss	    dec	    hex	filename
  17448	     20	   1924	  19392	   4bc0	Lab7.elf
Finished building: default.size.stdout
 
Finished building: Lab7.list
 
14:11:07 **** Incremental Build of configuration Debug for project Lab7 ****
make -j16 all 
arm-none-eabi-gcc "../Core/Src/main.c" -mcpu=cortex-m7 -std=gnu11 -g3 -DDEBUG -DUSE_HAL_DRIVER -DSTM32F767xx -c -I../Core/Inc -IC:/Users/honho/STM32Cube/Repository/STM32Cube_FW_F7_V1.17.1/Drivers/STM32F7xx_HAL_Driver/Inc -IC:/Users/honho/STM32Cube/Repository/STM32Cube_FW_F7_V1.17.1/Drivers/STM32F7xx_HAL_Driver/Inc/Legacy -IC:/Users/honho/STM32Cube/Repository/STM32Cube_FW_F7_V1.17.1/Drivers/CMSIS/Device/ST/STM32F7xx/Include -IC:/Users/honho/STM32Cube/Repository/STM32Cube_FW_F7_V1.17.1/Drivers/CMSIS/Include -O0 -ffunction-sections -fdata-sections -Wall -fstack-usage -fcyclomatic-complexity -MMD -MP -MF"Core/Src/main.d" -MT"Core/Src/main.o" --specs=nano.specs -mfpu=fpv5-d16 -mfloat-abi=hard -mthumb -o "Core/Src/main.o"
../Core/Src/main.c:60:13: warning: 'MPU_Initialize' declared 'static' but never defined [-Wunused-function]
   60 | static void MPU_Initialize(void);
      |             ^~~~~~~~~~~~~~
arm-none-eabi-gcc -o "Lab7.elf" @"objects.list"   -mcpu=cortex-m7 -T"C:\Users\honho\STM32CubeIDE\MAD_Lab\Lab7\STM32F767ZITX_FLASH.ld" --specs=nosys.specs -Wl,-Map="Lab7.map" -Wl,--gc-sections -static --specs=nano.specs -mfpu=fpv5-d16 -mfloat-abi=hard -mthumb -Wl,--start-group -lc -lm -Wl,--end-group
Finished building target: Lab7.elf
 
arm-none-eabi-size   Lab7.elf 
arm-none-eabi-objdump -h -S  Lab7.elf  > "Lab7.list"
   text	   data	    bss	    dec	    hex	filename
  17432	     20	   1924	  19376	   4bb0	Lab7.elf
Finished building: default.size.stdout
 
Finished building: Lab7.list
 
14:13:25 **** Incremental Build of configuration Debug for project Lab7 ****
make -j16 all 
arm-none-eabi-gcc "../Core/Src/main.c" -mcpu=cortex-m7 -std=gnu11 -g3 -DDEBUG -DUSE_HAL_DRIVER -DSTM32F767xx -c -I../Core/Inc -IC:/Users/honho/STM32Cube/Repository/STM32Cube_FW_F7_V1.17.1/Drivers/STM32F7xx_HAL_Driver/Inc -IC:/Users/honho/STM32Cube/Repository/STM32Cube_FW_F7_V1.17.1/Drivers/STM32F7xx_HAL_Driver/Inc/Legacy -IC:/Users/honho/STM32Cube/Repository/STM32Cube_FW_F7_V1.17.1/Drivers/CMSIS/Device/ST/STM32F7xx/Include -IC:/Users/honho/STM32Cube/Repository/STM32Cube_FW_F7_V1.17.1/Drivers/CMSIS/Include -O0 -ffunction-sections -fdata-sections -Wall -fstack-usage -fcyclomatic-complexity -MMD -MP -MF"Core/Src/main.d" -MT"Core/Src/main.o" --specs=nano.specs -mfpu=fpv5-d16 -mfloat-abi=hard -mthumb -o "Core/Src/main.o"
arm-none-eabi-gcc "../Core/Src/stm32f7xx_it.c" -mcpu=cortex-m7 -std=gnu11 -g3 -DDEBUG -DUSE_HAL_DRIVER -DSTM32F767xx -c -I../Core/Inc -IC:/Users/honho/STM32Cube/Repository/STM32Cube_FW_F7_V1.17.1/Drivers/STM32F7xx_HAL_Driver/Inc -IC:/Users/honho/STM32Cube/Repository/STM32Cube_FW_F7_V1.17.1/Drivers/STM32F7xx_HAL_Driver/Inc/Legacy -IC:/Users/honho/STM32Cube/Repository/STM32Cube_FW_F7_V1.17.1/Drivers/CMSIS/Device/ST/STM32F7xx/Include -IC:/Users/honho/STM32Cube/Repository/STM32Cube_FW_F7_V1.17.1/Drivers/CMSIS/Include -O0 -ffunction-sections -fdata-sections -Wall -fstack-usage -fcyclomatic-complexity -MMD -MP -MF"Core/Src/stm32f7xx_it.d" -MT"Core/Src/stm32f7xx_it.o" --specs=nano.specs -mfpu=fpv5-d16 -mfloat-abi=hard -mthumb -o "Core/Src/stm32f7xx_it.o"
arm-none-eabi-gcc "../Core/Src/usart.c" -mcpu=cortex-m7 -std=gnu11 -g3 -DDEBUG -DUSE_HAL_DRIVER -DSTM32F767xx -c -I../Core/Inc -IC:/Users/honho/STM32Cube/Repository/STM32Cube_FW_F7_V1.17.1/Drivers/STM32F7xx_HAL_Driver/Inc -IC:/Users/honho/STM32Cube/Repository/STM32Cube_FW_F7_V1.17.1/Drivers/STM32F7xx_HAL_Driver/Inc/Legacy -IC:/Users/honho/STM32Cube/Repository/STM32Cube_FW_F7_V1.17.1/Drivers/CMSIS/Device/ST/STM32F7xx/Include -IC:/Users/honho/STM32Cube/Repository/STM32Cube_FW_F7_V1.17.1/Drivers/CMSIS/Include -O0 -ffunction-sections -fdata-sections -Wall -fstack-usage -fcyclomatic-complexity -MMD -MP -MF"Core/Src/usart.d" -MT"Core/Src/usart.o" --specs=nano.specs -mfpu=fpv5-d16 -mfloat-abi=hard -mthumb -o "Core/Src/usart.o"
arm-none-eabi-gcc -o "Lab7.elf" @"objects.list"   -mcpu=cortex-m7 -T"C:\Users\honho\STM32CubeIDE\MAD_Lab\Lab7\STM32F767ZITX_FLASH.ld" --specs=nosys.specs -Wl,-Map="Lab7.map" -Wl,--gc-sections -static --specs=nano.specs -mfpu=fpv5-d16 -mfloat-abi=hard -mthumb -Wl,--start-group -lc -lm -Wl,--end-group
Finished building target: Lab7.elf
 
arm-none-eabi-size   Lab7.elf 
arm-none-eabi-objdump -h -S  Lab7.elf  > "Lab7.list"
   text	   data	    bss	    dec	    hex	filename
  19244	     20	   1924	  21188	   52c4	Lab7.elf
Finished building: default.size.stdout
 
Finished building: Lab7.list
 
14:14:33 **** Incremental Build of configuration Debug for project Lab7 ****
make -j16 all 
arm-none-eabi-gcc "../Core/Src/main.c" -mcpu=cortex-m7 -std=gnu11 -g3 -DDEBUG -DUSE_HAL_DRIVER -DSTM32F767xx -c -I../Core/Inc -IC:/Users/honho/STM32Cube/Repository/STM32Cube_FW_F7_V1.17.1/Drivers/STM32F7xx_HAL_Driver/Inc -IC:/Users/honho/STM32Cube/Repository/STM32Cube_FW_F7_V1.17.1/Drivers/STM32F7xx_HAL_Driver/Inc/Legacy -IC:/Users/honho/STM32Cube/Repository/STM32Cube_FW_F7_V1.17.1/Drivers/CMSIS/Device/ST/STM32F7xx/Include -IC:/Users/honho/STM32Cube/Repository/STM32Cube_FW_F7_V1.17.1/Drivers/CMSIS/Include -O0 -ffunction-sections -fdata-sections -Wall -fstack-usage -fcyclomatic-complexity -MMD -MP -MF"Core/Src/main.d" -MT"Core/Src/main.o" --specs=nano.specs -mfpu=fpv5-d16 -mfloat-abi=hard -mthumb -o "Core/Src/main.o"
arm-none-eabi-gcc -o "Lab7.elf" @"objects.list"   -mcpu=cortex-m7 -T"C:\Users\honho\STM32CubeIDE\MAD_Lab\Lab7\STM32F767ZITX_FLASH.ld" --specs=nosys.specs -Wl,-Map="Lab7.map" -Wl,--gc-sections -static --specs=nano.specs -mfpu=fpv5-d16 -mfloat-abi=hard -mthumb -Wl,--start-group -lc -lm -Wl,--end-group
Finished building target: Lab7.elf
 
arm-none-eabi-size   Lab7.elf 
arm-none-eabi-objdump -h -S  Lab7.elf  > "Lab7.list"
   text	   data	    bss	    dec	    hex	filename
  19276	     20	   1924	  21220	   52e4	Lab7.elf
Finished building: default.size.stdout
 
Finished building: Lab7.list
 
14:15:14 **** Incremental Build of configuration Debug for project Lab7 ****
make -j16 all 
arm-none-eabi-gcc "../Core/Src/main.c" -mcpu=cortex-m7 -std=gnu11 -g3 -DDEBUG -DUSE_HAL_DRIVER -DSTM32F767xx -c -I../Core/Inc -IC:/Users/honho/STM32Cube/Repository/STM32Cube_FW_F7_V1.17.1/Drivers/STM32F7xx_HAL_Driver/Inc -IC:/Users/honho/STM32Cube/Repository/STM32Cube_FW_F7_V1.17.1/Drivers/STM32F7xx_HAL_Driver/Inc/Legacy -IC:/Users/honho/STM32Cube/Repository/STM32Cube_FW_F7_V1.17.1/Drivers/CMSIS/Device/ST/STM32F7xx/Include -IC:/Users/honho/STM32Cube/Repository/STM32Cube_FW_F7_V1.17.1/Drivers/CMSIS/Include -O0 -ffunction-sections -fdata-sections -Wall -fstack-usage -fcyclomatic-complexity -MMD -MP -MF"Core/Src/main.d" -MT"Core/Src/main.o" --specs=nano.specs -mfpu=fpv5-d16 -mfloat-abi=hard -mthumb -o "Core/Src/main.o"
arm-none-eabi-gcc -o "Lab7.elf" @"objects.list"   -mcpu=cortex-m7 -T"C:\Users\honho\STM32CubeIDE\MAD_Lab\Lab7\STM32F767ZITX_FLASH.ld" --specs=nosys.specs -Wl,-Map="Lab7.map" -Wl,--gc-sections -static --specs=nano.specs -mfpu=fpv5-d16 -mfloat-abi=hard -mthumb -Wl,--start-group -lc -lm -Wl,--end-group
Finished building target: Lab7.elf
 
arm-none-eabi-size   Lab7.elf 
arm-none-eabi-objdump -h -S  Lab7.elf  > "Lab7.list"
   text	   data	    bss	    dec	    hex	filename
  19300	     20	   1924	  21244	   52fc	Lab7.elf
Finished building: default.size.stdout
 
Finished building: Lab7.list
 
14:16:38 **** Incremental Build of configuration Debug for project Lab7 ****
make -j16 all 
arm-none-eabi-gcc "../Core/Src/tim.c" -mcpu=cortex-m7 -std=gnu11 -g3 -DDEBUG -DUSE_HAL_DRIVER -DSTM32F767xx -c -I../Core/Inc -IC:/Users/honho/STM32Cube/Repository/STM32Cube_FW_F7_V1.17.1/Drivers/STM32F7xx_HAL_Driver/Inc -IC:/Users/honho/STM32Cube/Repository/STM32Cube_FW_F7_V1.17.1/Drivers/STM32F7xx_HAL_Driver/Inc/Legacy -IC:/Users/honho/STM32Cube/Repository/STM32Cube_FW_F7_V1.17.1/Drivers/CMSIS/Device/ST/STM32F7xx/Include -IC:/Users/honho/STM32Cube/Repository/STM32Cube_FW_F7_V1.17.1/Drivers/CMSIS/Include -O0 -ffunction-sections -fdata-sections -Wall -fstack-usage -fcyclomatic-complexity -MMD -MP -MF"Core/Src/tim.d" -MT"Core/Src/tim.o" --specs=nano.specs -mfpu=fpv5-d16 -mfloat-abi=hard -mthumb -o "Core/Src/tim.o"
arm-none-eabi-gcc -o "Lab7.elf" @"objects.list"   -mcpu=cortex-m7 -T"C:\Users\honho\STM32CubeIDE\MAD_Lab\Lab7\STM32F767ZITX_FLASH.ld" --specs=nosys.specs -Wl,-Map="Lab7.map" -Wl,--gc-sections -static --specs=nano.specs -mfpu=fpv5-d16 -mfloat-abi=hard -mthumb -Wl,--start-group -lc -lm -Wl,--end-group
Finished building target: Lab7.elf
 
arm-none-eabi-size   Lab7.elf 
arm-none-eabi-objdump -h -S  Lab7.elf  > "Lab7.list"
   text	   data	    bss	    dec	    hex	filename
  19300	     20	   1924	  21244	   52fc	Lab7.elf
Finished building: default.size.stdout
 
Finished building: Lab7.list
 
14:18:15 **** Incremental Build of configuration Debug for project Lab7 ****
make -j16 all 
arm-none-eabi-gcc "../Core/Src/main.c" -mcpu=cortex-m7 -std=gnu11 -g3 -DDEBUG -DUSE_HAL_DRIVER -DSTM32F767xx -c -I../Core/Inc -IC:/Users/honho/STM32Cube/Repository/STM32Cube_FW_F7_V1.17.1/Drivers/STM32F7xx_HAL_Driver/Inc -IC:/Users/honho/STM32Cube/Repository/STM32Cube_FW_F7_V1.17.1/Drivers/STM32F7xx_HAL_Driver/Inc/Legacy -IC:/Users/honho/STM32Cube/Repository/STM32Cube_FW_F7_V1.17.1/Drivers/CMSIS/Device/ST/STM32F7xx/Include -IC:/Users/honho/STM32Cube/Repository/STM32Cube_FW_F7_V1.17.1/Drivers/CMSIS/Include -O0 -ffunction-sections -fdata-sections -Wall -fstack-usage -fcyclomatic-complexity -MMD -MP -MF"Core/Src/main.d" -MT"Core/Src/main.o" --specs=nano.specs -mfpu=fpv5-d16 -mfloat-abi=hard -mthumb -o "Core/Src/main.o"
../Core/Src/main.c: In function 'main':
../Core/Src/main.c:115:19: error: 'rduyCycle' undeclared (first use in this function); did you mean 'rdutyCycle'?
  115 |                   rduyCycle=0.00;
      |                   ^~~~~~~~~
      |                   rdutyCycle
../Core/Src/main.c:115:19: note: each undeclared identifier is reported only once for each function it appears in
make: *** [Core/Src/subdir.mk:43: Core/Src/main.o] Error 1
"make -j16 all" terminated with exit code 2. Build might be incomplete.
14:19:23 **** Incremental Build of configuration Debug for project Lab7 ****
make -j16 all 
arm-none-eabi-gcc "../Core/Src/main.c" -mcpu=cortex-m7 -std=gnu11 -g3 -DDEBUG -DUSE_HAL_DRIVER -DSTM32F767xx -c -I../Core/Inc -IC:/Users/honho/STM32Cube/Repository/STM32Cube_FW_F7_V1.17.1/Drivers/STM32F7xx_HAL_Driver/Inc -IC:/Users/honho/STM32Cube/Repository/STM32Cube_FW_F7_V1.17.1/Drivers/STM32F7xx_HAL_Driver/Inc/Legacy -IC:/Users/honho/STM32Cube/Repository/STM32Cube_FW_F7_V1.17.1/Drivers/CMSIS/Device/ST/STM32F7xx/Include -IC:/Users/honho/STM32Cube/Repository/STM32Cube_FW_F7_V1.17.1/Drivers/CMSIS/Include -O0 -ffunction-sections -fdata-sections -Wall -fstack-usage -fcyclomatic-complexity -MMD -MP -MF"Core/Src/main.d" -MT"Core/Src/main.o" --specs=nano.specs -mfpu=fpv5-d16 -mfloat-abi=hard -mthumb -o "Core/Src/main.o"
arm-none-eabi-gcc -o "Lab7.elf" @"objects.list"   -mcpu=cortex-m7 -T"C:\Users\honho\STM32CubeIDE\MAD_Lab\Lab7\STM32F767ZITX_FLASH.ld" --specs=nosys.specs -Wl,-Map="Lab7.map" -Wl,--gc-sections -static --specs=nano.specs -mfpu=fpv5-d16 -mfloat-abi=hard -mthumb -Wl,--start-group -lc -lm -Wl,--end-group
Finished building target: Lab7.elf
 
arm-none-eabi-size   Lab7.elf 
arm-none-eabi-objdump -h -S  Lab7.elf  > "Lab7.list"
   text	   data	    bss	    dec	    hex	filename
  19452	     20	   1932	  21404	   539c	Lab7.elf
Finished building: default.size.stdout
 
Finished building: Lab7.list
 
14:20:23 **** Incremental Build of configuration Debug for project Lab7 ****
make -j16 all 
arm-none-eabi-gcc "../Core/Src/main.c" -mcpu=cortex-m7 -std=gnu11 -g3 -DDEBUG -DUSE_HAL_DRIVER -DSTM32F767xx -c -I../Core/Inc -IC:/Users/honho/STM32Cube/Repository/STM32Cube_FW_F7_V1.17.1/Drivers/STM32F7xx_HAL_Driver/Inc -IC:/Users/honho/STM32Cube/Repository/STM32Cube_FW_F7_V1.17.1/Drivers/STM32F7xx_HAL_Driver/Inc/Legacy -IC:/Users/honho/STM32Cube/Repository/STM32Cube_FW_F7_V1.17.1/Drivers/CMSIS/Device/ST/STM32F7xx/Include -IC:/Users/honho/STM32Cube/Repository/STM32Cube_FW_F7_V1.17.1/Drivers/CMSIS/Include -O0 -ffunction-sections -fdata-sections -Wall -fstack-usage -fcyclomatic-complexity -MMD -MP -MF"Core/Src/main.d" -MT"Core/Src/main.o" --specs=nano.specs -mfpu=fpv5-d16 -mfloat-abi=hard -mthumb -o "Core/Src/main.o"
arm-none-eabi-gcc -o "Lab7.elf" @"objects.list"   -mcpu=cortex-m7 -T"C:\Users\honho\STM32CubeIDE\MAD_Lab\Lab7\STM32F767ZITX_FLASH.ld" --specs=nosys.specs -Wl,-Map="Lab7.map" -Wl,--gc-sections -static --specs=nano.specs -mfpu=fpv5-d16 -mfloat-abi=hard -mthumb -Wl,--start-group -lc -lm -Wl,--end-group
Finished building target: Lab7.elf
 
arm-none-eabi-size   Lab7.elf 
arm-none-eabi-objdump -h -S  Lab7.elf  > "Lab7.list"
   text	   data	    bss	    dec	    hex	filename
  19516	     20	   1932	  21468	   53dc	Lab7.elf
Finished building: default.size.stdout
 
Finished building: Lab7.list
 
14:21:00 **** Incremental Build of configuration Debug for project Lab7 ****
make -j16 all 
arm-none-eabi-gcc "../Core/Src/main.c" -mcpu=cortex-m7 -std=gnu11 -g3 -DDEBUG -DUSE_HAL_DRIVER -DSTM32F767xx -c -I../Core/Inc -IC:/Users/honho/STM32Cube/Repository/STM32Cube_FW_F7_V1.17.1/Drivers/STM32F7xx_HAL_Driver/Inc -IC:/Users/honho/STM32Cube/Repository/STM32Cube_FW_F7_V1.17.1/Drivers/STM32F7xx_HAL_Driver/Inc/Legacy -IC:/Users/honho/STM32Cube/Repository/STM32Cube_FW_F7_V1.17.1/Drivers/CMSIS/Device/ST/STM32F7xx/Include -IC:/Users/honho/STM32Cube/Repository/STM32Cube_FW_F7_V1.17.1/Drivers/CMSIS/Include -O0 -ffunction-sections -fdata-sections -Wall -fstack-usage -fcyclomatic-complexity -MMD -MP -MF"Core/Src/main.d" -MT"Core/Src/main.o" --specs=nano.specs -mfpu=fpv5-d16 -mfloat-abi=hard -mthumb -o "Core/Src/main.o"
arm-none-eabi-gcc -o "Lab7.elf" @"objects.list"   -mcpu=cortex-m7 -T"C:\Users\honho\STM32CubeIDE\MAD_Lab\Lab7\STM32F767ZITX_FLASH.ld" --specs=nosys.specs -Wl,-Map="Lab7.map" -Wl,--gc-sections -static --specs=nano.specs -mfpu=fpv5-d16 -mfloat-abi=hard -mthumb -Wl,--start-group -lc -lm -Wl,--end-group
Finished building target: Lab7.elf
 
arm-none-eabi-size   Lab7.elf 
arm-none-eabi-objdump -h -S  Lab7.elf  > "Lab7.list"
   text	   data	    bss	    dec	    hex	filename
  19532	     20	   1932	  21484	   53ec	Lab7.elf
Finished building: default.size.stdout
 
Finished building: Lab7.list
 
14:25:49 **** Incremental Build of configuration Debug for project Lab7 ****
make -j16 all 
arm-none-eabi-gcc "../Core/Src/main.c" -mcpu=cortex-m7 -std=gnu11 -g3 -DDEBUG -DUSE_HAL_DRIVER -DSTM32F767xx -c -I../Core/Inc -IC:/Users/honho/STM32Cube/Repository/STM32Cube_FW_F7_V1.17.1/Drivers/STM32F7xx_HAL_Driver/Inc -IC:/Users/honho/STM32Cube/Repository/STM32Cube_FW_F7_V1.17.1/Drivers/STM32F7xx_HAL_Driver/Inc/Legacy -IC:/Users/honho/STM32Cube/Repository/STM32Cube_FW_F7_V1.17.1/Drivers/CMSIS/Device/ST/STM32F7xx/Include -IC:/Users/honho/STM32Cube/Repository/STM32Cube_FW_F7_V1.17.1/Drivers/CMSIS/Include -O0 -ffunction-sections -fdata-sections -Wall -fstack-usage -fcyclomatic-complexity -MMD -MP -MF"Core/Src/main.d" -MT"Core/Src/main.o" --specs=nano.specs -mfpu=fpv5-d16 -mfloat-abi=hard -mthumb -o "Core/Src/main.o"
arm-none-eabi-gcc -o "Lab7.elf" @"objects.list"   -mcpu=cortex-m7 -T"C:\Users\honho\STM32CubeIDE\MAD_Lab\Lab7\STM32F767ZITX_FLASH.ld" --specs=nosys.specs -Wl,-Map="Lab7.map" -Wl,--gc-sections -static --specs=nano.specs -mfpu=fpv5-d16 -mfloat-abi=hard -mthumb -Wl,--start-group -lc -lm -Wl,--end-group
Finished building target: Lab7.elf
 
arm-none-eabi-size   Lab7.elf 
arm-none-eabi-objdump -h -S  Lab7.elf  > "Lab7.list"
   text	   data	    bss	    dec	    hex	filename
  19596	     20	   1932	  21548	   542c	Lab7.elf
Finished building: default.size.stdout
 
Finished building: Lab7.list
 
14:32:13 **** Incremental Build of configuration Debug for project Lab7 ****
make -j16 all 
arm-none-eabi-gcc "../Core/Src/main.c" -mcpu=cortex-m7 -std=gnu11 -g3 -DDEBUG -DUSE_HAL_DRIVER -DSTM32F767xx -c -I../Core/Inc -IC:/Users/honho/STM32Cube/Repository/STM32Cube_FW_F7_V1.17.1/Drivers/STM32F7xx_HAL_Driver/Inc -IC:/Users/honho/STM32Cube/Repository/STM32Cube_FW_F7_V1.17.1/Drivers/STM32F7xx_HAL_Driver/Inc/Legacy -IC:/Users/honho/STM32Cube/Repository/STM32Cube_FW_F7_V1.17.1/Drivers/CMSIS/Device/ST/STM32F7xx/Include -IC:/Users/honho/STM32Cube/Repository/STM32Cube_FW_F7_V1.17.1/Drivers/CMSIS/Include -O0 -ffunction-sections -fdata-sections -Wall -fstack-usage -fcyclomatic-complexity -MMD -MP -MF"Core/Src/main.d" -MT"Core/Src/main.o" --specs=nano.specs -mfpu=fpv5-d16 -mfloat-abi=hard -mthumb -o "Core/Src/main.o"
arm-none-eabi-gcc -o "Lab7.elf" @"objects.list"   -mcpu=cortex-m7 -T"C:\Users\honho\STM32CubeIDE\MAD_Lab\Lab7\STM32F767ZITX_FLASH.ld" --specs=nosys.specs -Wl,-Map="Lab7.map" -Wl,--gc-sections -static --specs=nano.specs -mfpu=fpv5-d16 -mfloat-abi=hard -mthumb -Wl,--start-group -lc -lm -Wl,--end-group
Finished building target: Lab7.elf
 
arm-none-eabi-size   Lab7.elf 
arm-none-eabi-objdump -h -S  Lab7.elf  > "Lab7.list"
   text	   data	    bss	    dec	    hex	filename
  19596	     20	   1932	  21548	   542c	Lab7.elf
Finished building: default.size.stdout
 
Finished building: Lab7.list
 
